[19:54:30] 进局中(全自动)...
[19:56:27] {"kind": "start", "policy": "ra2web-jev-player/1.0", "maxDecisions": 999999, "micro": {"events": [{"kind": "micro", "t": 1, "what": "start"}], "loopN": 1, "on": true, "outcome": null, "stall": false}, "ts": "19:56:27"}
[19:56:27] === ra2web-jev-player start (tick=1.5s, max_decisions=999999) ===
[19:56:27] t=1 DEPLOY mcv
[19:56:27] {"kind": "action", "what": "deploy", "ids": [1042], "ts": "19:56:27"}
[19:56:27] {"kind": "action", "what": "deploy", "name": null, "qty": null, "tid": null, "ts": "19:56:27"}
[19:56:30] t=3 jev BUILD NAPOWR HOLD (开局序列前置位保护: 等 NAREFN)
[19:56:30] t=3 jev STANCE defend->develop (conf 0.91)
[19:56:31] t=5 jev BUILD NAPOWR HOLD (开局序列前置位保护: 等 NAREFN)
[19:56:33] t=8 jev BUILD NAPOWR HOLD (开局序列前置位保护: 等 NAREFN)
[19:56:34] t=10 jev BUILD NAPOWR HOLD (开局序列前置位保护: 等 NAREFN)
[19:56:36] t=12 jev BUILD NAPOWR HOLD (开局序列前置位保护: 等 NAREFN)
[19:56:37] t=14 jev BUILD NAPOWR HOLD (开局序列前置位保护: 等 NAREFN)
[19:56:39] t=16 jev BUILD NAPOWR HOLD (开局序列前置位保护: 等 NAREFN)
[19:56:40] t=18 jev BUILD NAPOWR HOLD (开局序列前置位保护: 等 NAREFN)
[19:56:42] t=20 jev BUILD NAPOWR HOLD (开局序列前置位保护: 等 NAREFN)
[19:56:43] t=22 jev BUILD NAPOWR HOLD (开局序列前置位保护: 等 NAREFN)
[19:56:45] t=24 jev BUILD NAPOWR HOLD (开局序列前置位保护: 等 NAREFN)
[19:56:46] t=26 jev BUILD NAPOWR HOLD (开局序列前置位保护: 等 NAREFN)
[19:56:48] t=28 jev BUILD NAPOWR HOLD (开局序列前置位保护: 等 NAREFN)
[19:56:49] t=30 jev BUILD NAPOWR HOLD (开局序列前置位保护: 等 NAREFN)
[19:56:51] t=32 jev BUILD NAPOWR HOLD (开局序列前置位保护: 等 NAREFN)
[19:56:52] t=34 jev BUILD NAPOWR HOLD (开局序列前置位保护: 等 NAREFN)
[19:56:54] t=36 jev BUILD NAPOWR HOLD (开局序列前置位保护: 等 NAREFN)
[19:56:55] t=38 jev BUILD NAPOWR HOLD (开局序列前置位保护: 等 NAREFN)
[19:56:57] t=40 jev BUILD NAPOWR HOLD (开局序列前置位保护: 等 NAREFN)
[19:56:57] t=42 OPENING REJECT NAREFN (40gs 无进展, 拉黑)
[19:56:57] t=42 OPENING FALLBACK -> legacy NAPOWR-first
[19:56:57] {"kind": "action", "what": "produce", "name": "NAPOWR", "qty": 1, "tid": null, "ts": "19:56:57"}
[19:56:57] t=42 OPENING BUILD NAPOWR
[19:57:04] t=50 tick#25 credits=8875 stance=develop | jev 25 decisions p50=901ms
[19:57:17] {"kind": "action", "what": "produce", "name": "NAREFN", "qty": 1, "tid": null, "ts": "19:57:17"}
[19:57:17] t=68 OPENING BUILD NAREFN
[19:57:43] t=101 tick#50 credits=7713 stance=develop | jev 50 decisions p50=959ms
[19:58:21] t=152 tick#75 credits=6500 stance=develop | jev 75 decisions p50=963ms
[19:58:25] {"kind": "action", "what": "produce", "name": "NAHAND", "qty": 1, "tid": null, "ts": "19:58:25"}
[19:58:25] t=158 OPENING BUILD NAHAND
[19:58:44] t=183 GARRISON E2 x2 (坦克真空期常驻驻军, have 0)
[19:58:44] t=183 DEFLINE NALASR (have 0)
[19:58:44] {"kind": "action", "what": "produce", "name": "E2", "qty": 2, "tid": null, "ts": "19:58:44"}
[19:58:44] {"kind": "action", "what": "produce", "name": "NALASR", "qty": 1, "tid": null, "ts": "19:58:44"}
[19:58:44] {"kind": "action", "what": "produce", "name": "NAWEAP", "qty": 1, "tid": null, "ts": "19:58:44"}
[19:58:44] t=183 OPENING BUILD NAWEAP
[19:58:52] t=192 jev INF E2 (conf 0.60)
[19:58:53] t=194 jev INF E2 (conf 0.60)
[19:58:55] t=196 jev INF E2 (conf 0.61)
[19:58:57] t=199 jev INF E2 (conf 0.63)
[19:58:59] t=201 jev INF E2 (conf 0.58)
[19:59:01] t=203 jev INF E2 (conf 0.57)
[19:59:02] t=206 jev INF E2 (conf 0.57)
[19:59:03] t=208 DEFLINE NALASR (have 1)
[19:59:05] t=208 jev INF E2 (conf 0.61)
[19:59:06] t=211 jev INF E2 (conf 0.63)
[19:59:06] t=211 tick#100 credits=4657 stance=defend | jev 100 decisions p50=980ms
[19:59:06] t=213 GARRISON E2 x2 (坦克真空期常驻驻军, have 0)
[19:59:08] t=213 jev INF E2 (conf 0.61)
[19:59:09] t=215 jev INF E2 (conf 0.60)
[19:59:09] {"kind": "action", "what": "produce", "name": "E2", "qty": 1, "tid": null, "ts": "19:59:09"}
[19:59:13] t=222 GARRISON E2 x2 (坦克真空期常驻驻军, have 1)
[19:59:14] t=222 jev INF E2 (conf 0.50)
[19:59:14] t=222 MOVE hold_a x1 -> (72,128)
[19:59:14] {"kind": "action", "what": "attack_move", "name": null, "qty": null, "tid": null, "ts": "19:59:14"}
[19:59:16] t=224 jev INF E2 (conf 0.47)
[19:59:17] t=226 jev INF E2 (conf 0.48)
[19:59:19] t=228 jev INF E2 (conf 0.49)
[19:59:21] t=230 jev INF E2 (conf 0.49)
[19:59:22] t=232 jev INF E2 (conf 0.47)
[19:59:24] t=235 jev INF E2 (conf 0.48)
[19:59:25] t=237 jev INF E2 (conf 0.50)
[19:59:27] t=239 jev INF E2 (conf 0.49)
[19:59:28] t=241 jev INF E2 (conf 0.48)
[19:59:30] t=243 jev INF E2 (conf 0.49)
[19:59:32] t=245 jev INF E2 (conf 0.47)
[19:59:33] t=247 jev INF E2 (conf 0.48)
[19:59:35] t=249 jev INF E2 (conf 0.48)
[19:59:35] {"kind": "action", "what": "produce", "name": "E2", "qty": 1, "tid": null, "ts": "19:59:35"}
[19:59:38] t=255 GARRISON E2 x2 (坦克真空期常驻驻军, have 2)
[19:59:39] t=255 jev INF E2 (conf 0.58)
[19:59:39] t=255 MOVE hold_b x1 -> (61,125)
[19:59:39] {"kind": "action", "what": "attack_move", "name": null, "qty": null, "tid": null, "ts": "19:59:39"}
[19:59:41] t=258 jev INF E2 (conf 0.58)
[19:59:43] t=260 jev INF E2 (conf 0.57)
[19:59:44] t=262 jev INF E2 (conf 0.58)
[19:59:46] t=264 jev INF E2 (conf 0.58)
[19:59:46] t=264 tick#125 credits=3203 stance=defend | jev 125 decisions p50=1147ms
[19:59:48] t=266 jev INF E2 (conf 0.57)
[19:59:48] t=269 DEFLINE NALASR (have 1)
[19:59:48] {"kind": "action", "what": "produce", "name": "NALASR", "qty": 1, "tid": null, "ts": "19:59:48"}
[19:59:50] t=269 jev INF E2 (conf 0.54)
[19:59:52] t=272 jev INF E2 (conf 0.55)
[19:59:52] t=274 ECON harv#2
[19:59:52] t=274 TANK HTNK x3
[19:59:53] {"kind": "action", "what": "produce", "name": "HARV", "qty": 1, "tid": null, "ts": "19:59:53"}
[19:59:53] {"kind": "action", "what": "produce", "name": "HTNK", "qty": 3, "tid": null, "ts": "19:59:53"}
[19:59:53] t=274 DEBT-GATE NAHAND x1 (debt=4100 eff=8 < 500)
[20:00:00] t=274 jev BUILD NAREFN (conf 0.22)
[20:00:00] t=274 jev INF E2 (conf 0.51)
[20:00:00] t=274 DEBT-GATE NAREFN x1 (debt=4100 eff=8 < 2000)
[20:00:00] t=274 DEBT-GATE E2 x1 (debt=4100 eff=8 < 90)
[20:00:00] t=285 GARRISON E2 x2 (坦克真空期常驻驻军, have 2)
[20:00:00] {"kind": "action", "what": "produce", "name": "E2", "qty": 2, "tid": null, "ts": "20:00:00"}
[20:00:00] {"kind": "action", "what": "produce", "name": "NAHAND", "qty": 1, "tid": null, "ts": "20:00:00"}
[20:00:00] t=285 OPENING BUILD NAHAND
[20:00:05] t=291 INSURE AA building
[20:00:05] t=291 DEFLINE NALASR (have 2)
[20:00:05] {"kind": "action", "what": "produce", "name": "NAFLAK", "qty": 1, "tid": null, "ts": "20:00:05"}
[20:00:07] t=294 GARRISON E2 x2 (坦克真空期常驻驻军, have 4)
[20:00:09] t=294 jev INF E2 (conf 0.53)
[20:00:10] t=296 jev INF E2 (conf 0.50)
[20:00:12] t=298 jev INF E2 (conf 0.51)
[20:00:14] t=301 jev INF E2 (conf 0.50)
[20:00:16] t=303 jev INF E2 (conf 0.52)
[20:00:16] t=303 MOVE hold_a x2 -> (72,128)
[20:00:16] {"kind": "action", "what": "attack_move", "name": null, "qty": null, "tid": null, "ts": "20:00:16"}
[20:00:16] t=306 POWER plant (reserve 55)
[20:00:16] {"kind": "action", "what": "produce", "name": "NAPOWR", "qty": 1, "tid": null, "ts": "20:00:16"}
[20:00:18] t=306 jev INF E2 (conf 0.51)
[20:00:19] t=308 jev INF E2 (conf 0.51)
[20:00:21] t=310 jev INF E2 (conf 0.53)
[20:00:23] t=313 jev INF E2 (conf 0.53)
[20:00:25] t=315 jev INF E2 (conf 0.54)
[20:00:26] t=317 jev INF E2 (conf 0.56)
[20:00:26] {"kind": "action", "what": "produce", "name": "E2", "qty": 1, "tid": null, "ts": "20:00:26"}
[20:00:27] t=320 ALARM enemy approaching -> counter 4 vs 1 -> [81, 114]
[20:00:27] {"kind": "action", "what": "attack_move", "name": null, "qty": null, "tid": null, "ts": "20:00:27"}
[20:00:29] t=323 GARRISON E2 x2 (坦克真空期常驻驻军, have 5)
[20:00:32] t=323 jev INF E2 HOLD (预算保护 gate=False e2=5)
[20:00:32] t=327 RUSH-DEFENSE ON (敌5压门 vs 守5) 动员兵爆产
[20:00:32] t=327 RUSH-DEFENSE E2 x1 (敌5压门 守5, 资金地板续兵)
[20:00:34] t=327 jev INF E2 (conf 0.67)
[20:00:35] t=330 ALARM NAREFN under attack -> TURTLE (5 v 5, 守塔阵不打野战)
[20:00:35] {"kind": "action", "what": "attack_move", "name": null, "qty": null, "tid": null, "ts": "20:00:35"}
[20:00:36] t=330 jev BUILD NAWEAP HOLD (资金闸门: 坦克优先, cash=53)
[20:00:36] t=330 jev INF E2 (conf 0.60)
[20:00:39] t=333 jev BUILD NAWEAP HOLD (资金闸门: 坦克优先, cash=0)
[20:00:39] t=333 jev INF E2 (conf 0.71)
[20:00:42] t=336 jev INF E2 (conf 0.72)
[20:00:44] t=340 jev INF E2 (conf 0.72)
[20:00:44] t=340 MOVE hold_a x3 -> (80,111); hold_b x2 -> (80,122)
[20:00:44] {"kind": "action", "what": "attack_move", "name": null, "qty": null, "tid": null, "ts": "20:00:44"}
[20:00:44] {"kind": "action", "what": "attack_move", "name": null, "qty": null, "tid": null, "ts": "20:00:44"}
[20:00:44] t=340 tick#150 credits=0 stance=defend | jev 150 decisions p50=1324ms
[20:00:45] t=343 ALARM NAREFN under attack -> TURTLE (5 v 10, 守塔阵不打野战)
[20:00:45] {"kind": "action", "what": "attack_move", "name": null, "qty": null, "tid": null, "ts": "20:00:45"}
[20:00:47] t=343 jev BUILD NAWEAP HOLD (资金闸门: 坦克优先, cash=0)
[20:00:47] t=343 jev INF E2 (conf 0.73)
[20:00:49] t=347 jev INF E2 (conf 0.75)
[20:00:51] t=349 jev INF E2 (conf 0.75)
[20:00:51] t=352 RUSH-DEFENSE E2 x4 (敌10压门 守6)
[20:00:51] t=352 DEFLINE NALASR (have 2)
[20:00:51] {"kind": "action", "what": "produce", "name": "NALASR", "qty": 1, "tid": null, "ts": "20:00:51"}
[20:00:51] {"kind": "action", "what": "produce", "name": "NAREFN", "qty": 1, "tid": null, "ts": "20:00:51"}
[20:00:51] t=352 OPENING BUILD NAREFN
[20:00:53] t=352 jev INF E2 (conf 0.64)
[20:00:53] t=352 DEBT-GATE E2 x1 (debt=2500 eff=-1143 < 90)
[20:00:53] t=352 MOVE hold_a x3 -> (77,107); hold_b x3 -> (81,118)
[20:00:53] {"kind": "action", "what": "attack_move", "name": null, "qty": null, "tid": null, "ts": "20:00:53"}
[20:00:53] {"kind": "action", "what": "attack_move", "name": null, "qty": null, "tid": null, "ts": "20:00:53"}
[20:00:53] t=355 ALARM enemy approaching -> TURTLE (5 v 10, 守塔阵不打野战)
[20:00:53] {"kind": "action", "what": "attack_move", "name": null, "qty": null, "tid": null, "ts": "20:00:53"}
[20:00:53] t=355 RETREAT E2(4%)
[20:00:53] {"kind": "action", "what": "move", "name": null, "qty": null, "tid": null, "ts": "20:00:53"}
[20:00:55] t=355 jev INF E2 (conf 0.65)
[20:00:55] {"kind": "action", "what": "produce", "name": "E2", "qty": 1, "tid": null, "ts": "20:00:55"}
[20:01:00] t=362 jev INF E2 (conf 0.69)
[20:01:01] t=364 RETREAT E2(33%)
[20:01:01] {"kind": "action", "what": "move", "name": null, "qty": null, "tid": null, "ts": "20:01:01"}
[20:01:02] t=364 jev INF E2 (conf 0.72)
[20:01:02] t=364 MOVE hold_a x3 -> (73,105); hold_b x3 -> (81,113)
[20:01:02] {"kind": "action", "what": "attack_move", "name": null, "qty": null, "tid": null, "ts": "20:01:02"}
[20:01:02] {"kind": "action", "what": "attack_move", "name": null, "qty": null, "tid": null, "ts": "20:01:02"}
[20:01:03] t=367 ALARM NAHAND under attack -> TURTLE (4 v 15, 守塔阵不打野战)
[20:01:03] {"kind": "action", "what": "attack_move", "name": null, "qty": null, "tid": null, "ts": "20:01:03"}
[20:01:03] t=367 RETREAT E2(2%)
[20:01:03] {"kind": "action", "what": "move", "name": null, "qty": null, "tid": null, "ts": "20:01:03"}
[20:01:04] t=367 jev INF E2 (conf 0.67)
[20:01:06] t=370 jev INF E2 (conf 0.76)
[20:01:06] t=372 RETREAT E2(6%)
[20:01:06] {"kind": "action", "what": "move", "name": null, "qty": null, "tid": null, "ts": "20:01:06"}
[20:01:08] t=372 jev INF E2 (conf 0.75)
[20:01:08] t=375 RETREAT E2(36%)
[20:01:08] {"kind": "action", "what": "move", "name": null, "qty": null, "tid": null, "ts": "20:01:08"}
[20:01:10] t=375 jev INF E2 (conf 0.78)
[20:01:12] t=377 jev INF E2 (conf 0.77)
[20:01:12] t=379 ALARM NAHAND under attack -> TURTLE (1 v 19, 守塔阵不打野战)
[20:01:12] {"kind": "action", "what": "attack_move", "name": null, "qty": null, "tid": null, "ts": "20:01:12"}
[20:01:13] t=379 jev INF E2 (conf 0.75)
[20:01:15] t=382 jev INF E2 (conf 0.74)
[20:01:17] t=384 jev INF E2 (conf 0.76)
[20:01:19] t=387 jev INF E2 (conf 0.73)
[20:01:21] t=389 jev INF E2 (conf 0.74)
[20:01:21] t=389 DEBT-GATE E2 x1 (debt=0 eff=0 < 90)
[20:01:21] t=389 MOVE hold_a x1 -> (80,111)
[20:01:21] {"kind": "action", "what": "attack_move", "name": null, "qty": null, "tid": null, "ts": "20:01:21"}
[20:01:21] t=392 ALARM NACNST under attack -> TURTLE (1 v 19, 守塔阵不打野战)
[20:01:21] {"kind": "action", "what": "attack_move", "name": null, "qty": null, "tid": null, "ts": "20:01:21"}
[20:01:23] t=392 jev INF E2 (conf 0.71)
[20:01:23] t=392 DEBT-GATE E2 x1 (debt=0 eff=0 < 90)
[20:01:23] t=394 RETREAT E2(23%)
[20:01:23] {"kind": "action", "what": "move", "name": null, "qty": null, "tid": null, "ts": "20:01:23"}
[20:01:25] t=394 jev INF E2 (conf 0.72)
[20:01:25] t=394 DEBT-GATE E2 x1 (debt=0 eff=0 < 90)
[20:01:27] t=397 jev INF E2 (conf 0.71)
[20:01:27] t=397 DEBT-GATE E2 x1 (debt=0 eff=0 < 90)
[20:01:28] t=399 jev INF E2 (conf 0.72)
[20:01:28] t=399 DEBT-GATE E2 x1 (debt=0 eff=0 < 90)
[20:01:30] t=402 jev INF E2 (conf 0.82)
[20:01:30] t=402 DEBT-GATE E2 x1 (debt=0 eff=0 < 90)
[20:01:32] t=404 jev INF E2 (conf 0.83)
[20:01:32] t=404 DEBT-GATE E2 x1 (debt=0 eff=0 < 90)
[20:01:32] t=404 tick#175 credits=0 stance=defend | jev 175 decisions p50=1345ms
[20:01:34] t=407 jev INF E2 (conf 0.85)
[20:01:34] t=407 DEBT-GATE E2 x1 (debt=0 eff=0 < 90)
[20:01:36] t=409 jev INF E2 (conf 0.84)
[20:01:36] t=409 DEBT-GATE E2 x1 (debt=0 eff=0 < 90)
[20:01:38] t=412 jev INF E2 (conf 0.84)
[20:01:38] t=412 DEBT-GATE E2 x1 (debt=0 eff=0 < 90)
[20:01:40] t=414 jev INF E2 (conf 0.84)
[20:01:40] t=414 DEBT-GATE E2 x1 (debt=0 eff=0 < 90)
[20:01:41] t=417 jev INF E2 (conf 0.84)
[20:01:41] t=417 DEBT-GATE E2 x1 (debt=0 eff=0 < 90)
[20:01:43] t=419 jev INF E2 (conf 0.84)
[20:01:43] t=419 DEBT-GATE E2 x1 (debt=0 eff=0 < 90)
[20:01:45] t=422 jev INF E2 (conf 0.84)
[20:01:45] t=422 DEBT-GATE E2 x1 (debt=0 eff=0 < 90)
[20:01:47] t=424 jev INF E2 (conf 0.84)
[20:01:47] t=424 DEBT-GATE E2 x1 (debt=0 eff=0 < 90)
[20:01:49] t=427 jev INF E2 (conf 0.84)
[20:01:49] t=427 DEBT-GATE E2 x1 (debt=0 eff=0 < 90)
[20:01:51] t=429 jev INF E2 (conf 0.84)
[20:01:51] t=429 DEBT-GATE E2 x1 (debt=0 eff=0 < 90)
[20:01:51] t=431 ALARM NAWEAP under attack -> TURTLE (5 v 19, 守塔阵不打野战)
[20:01:51] t=431 RUSH-DEFENSE OFF (威胁解除) 恢复原公式
[20:01:51] t=431 GARRISON E2 x2 (坦克真空期常驻驻军, have 4)
[20:01:51] {"kind": "action", "what": "produce", "name": "E2", "qty": 2, "tid": null, "ts": "20:01:51"}
[20:01:58] t=441 GARRISON E2 x2 (坦克真空期常驻驻军, have 3)
[20:01:59] t=441 jev INF E2 HOLD (预算保护 gate=False e2=3)
[20:01:59] t=443 ALARM NAWEAP under attack -> TURTLE (1 v 18, 守塔阵不打野战)
[20:02:01] t=443 jev INF E2 HOLD (预算保护 gate=False e2=3)
[20:02:01] t=445 GARRISON E2 x2 (坦克真空期常驻驻军, have 1)
[20:02:03] t=445 jev INF E2 HOLD (预算保护 gate=False e2=1)
[20:02:03] t=447 GARRISON E2 x2 (坦克真空期常驻驻军, have 0)
[20:02:04] t=447 jev INF E2 HOLD (预算保护 gate=False e2=0)
[20:02:06] t=450 jev INF E2 HOLD (预算保护 gate=False e2=0)
[20:02:08] t=452 jev INF E2 HOLD (预算保护 gate=False e2=0)
[20:02:08] t=452 MOVE assault x1 -> 攻击目标#1079@(74,120); t=452 FOCUS-FIRE x1 -> #1079@(74,120)(敌步兵优先)
[20:02:08] {"kind": "action", "what": "attack_obj", "name": null, "qty": null, "tid": 1079, "ts": "20:02:08"}
[20:02:08] t=454 ALARM NAPOWR under attack -> TURTLE (1 v 15, 守塔阵不打野战)
[20:02:09] t=454 jev INF E2 HOLD (预算保护 gate=False e2=0)
[20:02:11] t=456 jev INF E2 HOLD (预算保护 gate=False e2=0)
[20:02:13] t=459 jev INF E2 HOLD (预算保护 gate=False e2=0)
[20:02:14] t=461 jev INF E2 HOLD (预算保护 gate=False e2=0)
[20:02:16] t=463 jev INF E2 HOLD (预算保护 gate=False e2=0)
[20:02:16] t=463 tick#200 credits=0 stance=defend | jev 200 decisions p50=1384ms
[20:02:17] t=466 ALARM NAPOWR under attack -> TURTLE (5 v 12, 守塔阵不打野战)
[20:02:18] t=466 jev INF E2 (conf 0.62)
[20:02:18] {"kind": "action", "what": "produce", "name": "E2", "qty": 1, "tid": null, "ts": "20:02:18"}
[20:02:20] t=470 OPENING REJECT NAREFN (40gs 无进展, 拉黑)
[20:02:26] t=476 jev INF E2 (conf 0.59)
[20:02:26] t=476 MOVE assault x1 -> 攻击目标#1059@(75,119); t=476 FOCUS-FIRE x1 -> #1059@(75,119)(敌步兵优先)
[20:02:26] {"kind": "action", "what": "attack_obj", "name": null, "qty": null, "tid": 1059, "ts": "20:02:26"}
[20:02:26] t=478 ALARM NAPOWR under attack -> TURTLE (3 v 9, 守塔阵不打野战)
[20:02:27] t=478 jev INF E2 (conf 0.60)
[20:02:29] t=480 jev INF E2 (conf 0.59)
[20:02:30] t=482 jev INF E2 (conf 0.58)
[20:02:32] t=484 jev INF E2 (conf 0.52)
[20:02:33] t=486 jev INF E2 (conf 0.55)
[20:02:35] t=488 jev INF E2 (conf 0.55)
[20:02:35] t=490 ALARM NAPOWR under attack -> TURTLE (1 v 7, 守塔阵不打野战)
[20:02:36] t=490 jev INF E2 (conf 0.61)
[20:02:38] t=492 jev INF E2 (conf 0.61)
[20:02:39] t=494 jev INF E2 (conf 0.62)
[20:02:41] t=496 jev INF E2 (conf 0.72)
[20:02:42] t=498 jev INF E2 (conf 0.75)
[20:02:44] t=501 jev INF E2 (conf 0.77)
[20:02:44] t=501 DEBT-GATE E2 x1 (debt=0 eff=81 < 90)
[20:02:44] t=503 ALARM NAFLAK under attack -> TURTLE (1 v 7, 守塔阵不打野战)
[20:02:46] t=503 jev INF E2 (conf 0.61)
[20:02:46] t=503 DEBT-GATE E2 x1 (debt=0 eff=81 < 90)
[20:02:47] t=505 jev INF E2 (conf 0.64)
[20:02:47] t=505 DEBT-GATE E2 x1 (debt=0 eff=81 < 90)
[20:02:49] t=507 jev INF E2 (conf 0.67)
[20:02:49] t=507 DEBT-GATE E2 x1 (debt=0 eff=81 < 90)
[20:02:50] t=509 jev INF E2 (conf 0.66)
[20:02:50] t=509 DEBT-GATE E2 x1 (debt=0 eff=81 < 90)
[20:02:51] t=511 OPENING REJECT NAWEAP (40gs 无进展, 拉黑)
[20:02:52] t=511 jev INF E2 (conf 0.68)
[20:02:52] t=511 DEBT-GATE E2 x1 (debt=0 eff=81 < 90)
[20:02:53] t=513 jev INF E2 (conf 0.65)
[20:02:53] t=513 DEBT-GATE E2 x1 (debt=0 eff=81 < 90)
[20:02:55] t=515 jev INF E2 (conf 0.67)
[20:02:55] t=515 DEBT-GATE E2 x1 (debt=0 eff=81 < 90)
[20:02:55] t=515 tick#225 credits=81 stance=defend | jev 225 decisions p50=1347ms
[20:02:57] t=517 jev INF E2 (conf 0.76)
[20:02:57] t=517 DEBT-GATE E2 x1 (debt=0 eff=81 < 90)
[20:02:58] t=519 jev INF E2 (conf 0.79)
[20:02:58] t=519 DEBT-GATE E2 x1 (debt=0 eff=81 < 90)
[20:03:00] t=521 jev INF E2 (conf 0.77)
[20:03:00] t=521 DEBT-GATE E2 x1 (debt=0 eff=81 < 90)
[20:03:01] t=523 jev INF E2 (conf 0.73)
[20:03:01] t=523 DEBT-GATE E2 x1 (debt=0 eff=81 < 90)
[20:03:03] t=525 jev INF E2 (conf 0.73)
[20:03:03] t=525 DEBT-GATE E2 x1 (debt=0 eff=81 < 90)
[20:03:04] t=527 jev INF E2 (conf 0.72)
[20:03:04] t=527 DEBT-GATE E2 x1 (debt=0 eff=81 < 90)
[20:03:06] t=530 jev INF E2 (conf 0.74)
[20:03:06] t=530 DEBT-GATE E2 x1 (debt=0 eff=81 < 90)
[20:03:07] t=532 jev INF E2 (conf 0.73)
[20:03:07] t=532 DEBT-GATE E2 x1 (debt=0 eff=81 < 90)
[20:03:09] t=534 jev INF E2 (conf 0.74)
[20:03:09] t=534 DEBT-GATE E2 x1 (debt=0 eff=81 < 90)
[20:03:10] t=536 jev INF E2 (conf 0.72)
[20:03:10] t=536 DEBT-GATE E2 x1 (debt=0 eff=81 < 90)
[20:03:12] t=538 jev INF E2 (conf 0.73)
[20:03:12] t=538 DEBT-GATE E2 x1 (debt=0 eff=81 < 90)
[20:03:13] t=540 jev INF E2 (conf 0.72)
[20:03:13] t=540 DEBT-GATE E2 x1 (debt=0 eff=81 < 90)
[20:03:15] t=542 jev INF E2 (conf 0.73)
[20:03:15] t=542 DEBT-GATE E2 x1 (debt=0 eff=81 < 90)
[20:03:16] t=544 jev INF E2 (conf 0.73)
[20:03:16] t=544 DEBT-GATE E2 x1 (debt=0 eff=81 < 90)
[20:03:18] t=546 jev INF E2 (conf 0.72)
[20:03:18] t=546 DEBT-GATE E2 x1 (debt=0 eff=81 < 90)
[20:03:19] t=548 jev INF E2 (conf 0.68)
[20:03:19] t=548 DEBT-GATE E2 x1 (debt=0 eff=81 < 90)
[20:03:21] t=550 jev INF E2 (conf 0.71)
[20:03:21] t=550 DEBT-GATE E2 x1 (debt=0 eff=81 < 90)
[20:03:21] t=552 OPENING REJECT NAPOWR (40gs 无进展, 拉黑)
[20:03:22] t=552 jev INF E2 (conf 0.73)
[20:03:22] t=552 DEBT-GATE E2 x1 (debt=0 eff=81 < 90)
[20:03:24] t=554 jev INF E2 (conf 0.76)
[20:03:24] t=554 DEBT-GATE E2 x1 (debt=0 eff=81 < 90)
[20:03:25] t=556 jev INF E2 (conf 0.76)
[20:03:25] t=556 DEBT-GATE E2 x1 (debt=0 eff=81 < 90)
[20:03:27] t=558 jev INF E2 (conf 0.76)
[20:03:27] t=558 DEBT-GATE E2 x1 (debt=0 eff=81 < 90)
[20:03:28] t=560 jev INF E2 (conf 0.75)
[20:03:28] t=560 DEBT-GATE E2 x1 (debt=0 eff=81 < 90)
[20:03:30] t=562 jev INF E2 (conf 0.77)
[20:03:30] t=562 DEBT-GATE E2 x1 (debt=0 eff=81 < 90)
[20:03:31] t=564 jev INF E2 (conf 0.78)
[20:03:31] t=564 DEBT-GATE E2 x1 (debt=0 eff=81 < 90)
[20:03:33] t=566 jev INF E2 (conf 0.76)
[20:03:33] t=566 DEBT-GATE E2 x1 (debt=0 eff=81 < 90)
[20:03:33] t=566 tick#250 credits=81 stance=defend | jev 250 decisions p50=1331ms
[20:03:34] t=568 jev INF E2 (conf 0.78)
[20:03:34] t=568 DEBT-GATE E2 x1 (debt=0 eff=81 < 90)
[20:03:36] t=570 jev INF E2 (conf 0.77)
[20:03:36] t=570 DEBT-GATE E2 x1 (debt=0 eff=81 < 90)
[20:03:37] t=572 jev INF E2 (conf 0.78)
[20:03:37] t=572 DEBT-GATE E2 x1 (debt=0 eff=81 < 90)
[20:03:39] t=574 jev INF E2 (conf 0.77)
[20:03:39] t=574 DEBT-GATE E2 x1 (debt=0 eff=81 < 90)
[20:03:40] t=576 jev INF E2 (conf 0.78)
[20:03:40] t=576 DEBT-GATE E2 x1 (debt=0 eff=81 < 90)
[20:03:42] t=578 jev INF E2 (conf 0.78)
[20:03:42] t=578 DEBT-GATE E2 x1 (debt=0 eff=81 < 90)
[20:03:43] t=580 jev INF E2 (conf 0.77)
[20:03:43] t=580 DEBT-GATE E2 x1 (debt=0 eff=81 < 90)
[20:03:45] t=582 jev INF E2 (conf 0.77)
[20:03:45] t=582 DEBT-GATE E2 x1 (debt=0 eff=81 < 90)
[20:04:10] t=616 tick#275 credits=81 stance=defend | jev 275 decisions p50=1320ms
[20:04:15] t=624 OPENING REJECT NAHAND (40gs 无进展, 拉黑)
[2026-10-07 20:04:36] {"kind": "report", "result": "defeat", "t": 652, "ticks": 293, "crisis_ticks": 150, "stance": "defend", "jev": {"decisions": 292, "errors": 0, "input_tokens": 754893, "output_tokens": 0, "p50_ms": 1311, "p95_ms": 1943}, "enemy_base": null, "ts": "2026-10-07 20:04:36"}
[20:04:38] REVIEW game#87 defeat → game-0087-review.md | changes=0
{
  "result": "defeat",
  "t": 652,
  "ticks": 293,
  "crisis_ticks": 150,
  "stance": "defend",
  "jev": {
    "decisions": 292,
    "errors": 0,
    "input_tokens": 754893,
    "output_tokens": 0,
    "p50_ms": 1311,
    "p95_ms": 1943
  },
  "enemy_base": null,
  "ts": "2026-10-07 20:04:36",
  "review": {
    "game_no": 87,
    "rootcause": "no_target",
    "auto_tuned": 0
  }
}
