[20:25:28] 进局中(全自动)...
[20:25:58] {"kind": "start", "policy": "ra2web-jev-player/1.0", "maxDecisions": 999999, "micro": {"events": [{"kind": "micro", "t": 2, "what": "start"}], "loopN": 1, "on": true, "outcome": null, "stall": false}, "ts": "20:25:58"}
[20:25:58] === ra2web-jev-player start (tick=1.5s, max_decisions=999999) ===
[20:25:58] t=2 DEPLOY mcv
[20:25:58] {"kind": "action", "what": "deploy", "ids": [1042], "ts": "20:25:58"}
[20:25:58] {"kind": "action", "what": "deploy", "name": null, "qty": null, "tid": null, "ts": "20:25:58"}
[20:26:01] t=4 jev BUILD NAPOWR HOLD (开局序列前置位保护: 等 NAREFN)
[20:26:01] t=4 jev STANCE defend->develop (conf 0.93)
[20:26:02] t=6 jev BUILD NAPOWR HOLD (开局序列前置位保护: 等 NAREFN)
[20:26:04] t=8 jev BUILD NAPOWR HOLD (开局序列前置位保护: 等 NAREFN)
[20:26:05] t=10 jev BUILD NAPOWR HOLD (开局序列前置位保护: 等 NAREFN)
[20:26:07] t=12 jev BUILD NAPOWR HOLD (开局序列前置位保护: 等 NAREFN)
[20:26:08] t=14 jev BUILD NAPOWR HOLD (开局序列前置位保护: 等 NAREFN)
[20:26:10] t=16 jev BUILD NAPOWR HOLD (开局序列前置位保护: 等 NAREFN)
[20:26:11] t=18 jev BUILD NAPOWR HOLD (开局序列前置位保护: 等 NAREFN)
[20:26:13] t=20 jev BUILD NAPOWR HOLD (开局序列前置位保护: 等 NAREFN)
[20:26:14] t=22 jev BUILD NAPOWR HOLD (开局序列前置位保护: 等 NAREFN)
[20:26:16] t=24 jev BUILD NAPOWR HOLD (开局序列前置位保护: 等 NAREFN)
[20:26:17] t=26 jev BUILD NAPOWR HOLD (开局序列前置位保护: 等 NAREFN)
[20:26:19] t=28 jev BUILD NAPOWR HOLD (开局序列前置位保护: 等 NAREFN)
[20:26:20] t=30 jev BUILD NAPOWR HOLD (开局序列前置位保护: 等 NAREFN)
[20:26:22] t=32 jev BUILD NAPOWR HOLD (开局序列前置位保护: 等 NAREFN)
[20:26:23] t=34 jev BUILD NAPOWR HOLD (开局序列前置位保护: 等 NAREFN)
[20:26:25] t=36 jev BUILD NAPOWR HOLD (开局序列前置位保护: 等 NAREFN)
[20:26:26] t=38 jev BUILD NAPOWR HOLD (开局序列前置位保护: 等 NAREFN)
[20:26:28] t=40 jev BUILD NAPOWR HOLD (开局序列前置位保护: 等 NAREFN)
[20:26:28] t=42 OPENING REJECT NAREFN (40gs 无进展, 拉黑)
[20:26:28] t=42 OPENING FALLBACK -> legacy NAPOWR-first
[20:26:28] {"kind": "action", "what": "produce", "name": "NAPOWR", "qty": 1, "tid": null, "ts": "20:26:28"}
[20:26:28] t=42 OPENING BUILD NAPOWR
[20:26:35] t=50 tick#25 credits=9778 stance=develop | jev 25 decisions p50=724ms
[20:26:48] {"kind": "action", "what": "produce", "name": "NAREFN", "qty": 1, "tid": null, "ts": "20:26:48"}
[20:26:48] t=68 OPENING BUILD NAREFN
[20:27:13] t=100 tick#50 credits=8629 stance=develop | jev 50 decisions p50=738ms
[20:27:50] t=150 tick#75 credits=7420 stance=develop | jev 75 decisions p50=783ms
[20:27:55] {"kind": "action", "what": "produce", "name": "NAHAND", "qty": 1, "tid": null, "ts": "20:27:55"}
[20:27:55] t=158 OPENING BUILD NAHAND
[20:28:15] t=184 DEFLINE NALASR (have 0)
[20:28:15] {"kind": "action", "what": "produce", "name": "NALASR", "qty": 1, "tid": null, "ts": "20:28:15"}
[20:28:15] {"kind": "action", "what": "produce", "name": "NAWEAP", "qty": 1, "tid": null, "ts": "20:28:15"}
[20:28:15] t=184 OPENING BUILD NAWEAP
[20:28:26] t=197 jev INF E2 (conf 0.34)
[20:28:26] {"kind": "action", "what": "produce", "name": "E2", "qty": 1, "tid": null, "ts": "20:28:26"}
[20:28:30] t=205 ALARM enemy approaching -> counter 1 vs 1 -> [67, 119]
[20:28:30] {"kind": "action", "what": "attack_move", "name": null, "qty": null, "tid": null, "ts": "20:28:30"}
[20:28:32] t=205 jev INF E2 (conf 0.37)
[20:28:32] t=205 tick#100 credits=5827 stance=defend | jev 100 decisions p50=800ms
[20:28:34] t=207 jev INF E2 (conf 0.35)
[20:28:34] t=210 DEFLINE NALASR (have 1)
[20:28:35] t=210 jev INF E2 (conf 0.46)
[20:28:36] t=212 DEFLINE NALASR (have 1)
[20:28:37] t=212 jev INF E2 (conf 0.47)
[20:28:37] t=214 DEFLINE NALASR (have 1)
[20:28:38] t=214 jev INF E2 (conf 0.50)
[20:28:39] t=216 DEFLINE NALASR (have 1)
[20:28:40] t=218 DEFLINE NALASR (have 1)
[20:28:40] {"kind": "action", "what": "produce", "name": "NALASR", "qty": 1, "tid": null, "ts": "20:28:40"}
[20:29:10] t=256 tick#125 credits=4091 stance=defend | jev 125 decisions p50=818ms
[20:29:22] t=274 ECON harv#2
[20:29:22] t=274 TANK HTNK x3
[20:29:22] {"kind": "action", "what": "produce", "name": "HARV", "qty": 1, "tid": null, "ts": "20:29:22"}
[20:29:22] {"kind": "action", "what": "produce", "name": "HTNK", "qty": 3, "tid": null, "ts": "20:29:22"}
[20:29:24] t=274 jev BUILD NAREFN (conf 0.29)
[20:29:24] {"kind": "action", "what": "produce", "name": "NAREFN", "qty": 1, "tid": null, "ts": "20:29:24"}
[20:29:25] t=277 INSURE AA building
[20:29:25] {"kind": "action", "what": "produce", "name": "NAFLAK", "qty": 1, "tid": null, "ts": "20:29:25"}
[20:29:52] t=312 tick#150 credits=2266 stance=defend | jev 150 decisions p50=843ms
[20:30:21] t=349 jev INF E2 HOLD (预算保护 gate=False e2=0)
[20:30:23] t=352 jev INF E2 HOLD (预算保护 gate=False e2=0)
[20:30:28] t=358 jev INF E2 HOLD (预算保护 gate=False e2=0)
[20:30:30] t=361 jev INF E2 HOLD (预算保护 gate=False e2=0)
[20:30:33] t=364 jev INF E2 HOLD (预算保护 gate=False e2=0)
[20:30:37] t=370 jev INF E2 HOLD (预算保护 gate=False e2=0)
[20:30:38] t=373 jev INF E2 HOLD (预算保护 gate=False e2=0)
[20:30:38] t=373 tick#175 credits=0 stance=defend | jev 175 decisions p50=898ms
[20:30:40] t=375 jev INF E2 HOLD (预算保护 gate=False e2=0)
[20:30:42] t=377 jev INF E2 HOLD (预算保护 gate=False e2=0)
[20:30:43] t=379 jev INF E2 HOLD (预算保护 gate=False e2=0)
[20:30:45] t=381 jev INF E2 (conf 0.39)
[20:30:45] {"kind": "action", "what": "produce", "name": "E2", "qty": 1, "tid": null, "ts": "20:30:45"}
[20:30:49] t=389 ALARM NAREFN under attack -> TURTLE (1 v 3, 守塔阵不打野战)
[20:30:49] {"kind": "action", "what": "attack_move", "name": null, "qty": null, "tid": null, "ts": "20:30:49"}
[20:30:49] t=389 POWER plant (reserve -35)
[20:30:49] {"kind": "action", "what": "produce", "name": "NAPOWR", "qty": 1, "tid": null, "ts": "20:30:49"}
[20:30:51] t=389 jev INF E2 HOLD (预算保护 gate=False e2=1)
[20:30:52] t=391 jev INF E2 HOLD (预算保护 gate=False e2=1)
[20:30:54] t=394 jev INF E2 HOLD (预算保护 gate=False e2=1)
[20:30:54] t=396 SCOUT #1222->[185, 117]
[20:30:54] {"kind": "action", "what": "attack_move", "name": null, "qty": null, "tid": null, "ts": "20:30:54"}
[20:30:56] t=396 jev INF E2 HOLD (预算保护 gate=False e2=1)
[20:30:56] t=398 SCOUT* #1222->[173, 13]
[20:30:56] {"kind": "action", "what": "attack_move", "name": null, "qty": null, "tid": null, "ts": "20:30:56"}
[20:30:57] t=398 jev INF E2 HOLD (预算保护 gate=False e2=1)
[20:30:57] t=398 MOVE hold_a x1 -> (68,109)
[20:30:57] {"kind": "action", "what": "attack_move", "name": null, "qty": null, "tid": null, "ts": "20:30:57"}
[20:30:58] t=400 ALARM enemy approaching -> counter 1 vs 2 -> [79, 115]
[20:30:58] {"kind": "action", "what": "attack_move", "name": null, "qty": null, "tid": null, "ts": "20:30:58"}
[20:30:59] t=400 jev INF E2 HOLD (预算保护 gate=False e2=1)
[20:31:01] t=403 jev INF E2 HOLD (预算保护 gate=False e2=1)
[20:31:02] t=405 jev INF E2 HOLD (预算保护 gate=False e2=1)
[20:31:04] t=407 jev INF E2 HOLD (预算保护 gate=False e2=1)
[20:31:06] t=409 jev INF E2 HOLD (预算保护 gate=False e2=1)
[20:31:06] t=411 ALARM enemy approaching -> counter 1 vs 2 -> [79, 116]
[20:31:06] {"kind": "action", "what": "attack_move", "name": null, "qty": null, "tid": null, "ts": "20:31:06"}
[20:31:07] t=411 jev INF E2 HOLD (预算保护 gate=False e2=1)
[20:31:09] t=414 jev INF E2 HOLD (预算保护 gate=False e2=1)
[20:31:11] t=416 jev INF E2 HOLD (预算保护 gate=False e2=1)
[20:31:12] t=418 jev INF E2 HOLD (预算保护 gate=False e2=1)
[20:31:14] t=420 jev INF E2 HOLD (预算保护 gate=False e2=1)
[20:31:14] t=422 ALARM NAREFN under attack -> counter 1 vs 1 -> [74, 117]
[20:31:14] {"kind": "action", "what": "attack_move", "name": null, "qty": null, "tid": null, "ts": "20:31:14"}
[20:31:16] t=422 jev INF E2 HOLD (预算保护 gate=False e2=1)
[20:31:17] t=424 jev INF E2 HOLD (预算保护 gate=False e2=1)
[20:31:19] t=427 jev INF E2 HOLD (预算保护 gate=False e2=1)
[20:31:20] t=429 jev INF E2 HOLD (预算保护 gate=False e2=1)
[20:31:20] t=429 tick#200 credits=0 stance=defend | jev 200 decisions p50=1134ms
[20:31:22] t=431 jev INF E2 HOLD (预算保护 gate=False e2=1)
[20:31:22] t=433 ALARM NAREFN under attack -> counter 1 vs 1 -> [74, 117]
[20:31:22] {"kind": "action", "what": "attack_move", "name": null, "qty": null, "tid": null, "ts": "20:31:22"}
[20:31:24] t=433 jev INF E2 HOLD (预算保护 gate=False e2=1)
[20:31:25] t=435 jev INF E2 HOLD (预算保护 gate=False e2=1)
[20:31:27] t=437 jev INF E2 HOLD (预算保护 gate=False e2=2)
[20:31:32] t=444 MOVE hold_a x1 -> (71,109); hold_b x1 -> (76,121)
[20:31:32] {"kind": "action", "what": "attack_move", "name": null, "qty": null, "tid": null, "ts": "20:31:32"}
[20:31:32] {"kind": "action", "what": "attack_move", "name": null, "qty": null, "tid": null, "ts": "20:31:32"}
[20:31:41] t=459 SCOUT* #1222->[185, 73]
[20:31:41] {"kind": "action", "what": "attack_move", "name": null, "qty": null, "tid": null, "ts": "20:31:41"}
[20:31:53] t=472 jev BUILD NAHAND HOLD (资金闸门: 坦克优先, cash=450)
[20:31:54] t=474 jev BUILD NAHAND HOLD (资金闸门: 坦克优先, cash=399)
[20:31:56] t=476 jev BUILD NAHAND HOLD (资金闸门: 坦克优先, cash=347)
[20:31:57] t=478 jev BUILD NAHAND HOLD (资金闸门: 坦克优先, cash=295)
[20:31:59] t=480 jev BUILD NAHAND HOLD (资金闸门: 坦克优先, cash=242)
[20:32:00] t=482 jev BUILD NAHAND HOLD (资金闸门: 坦克优先, cash=189)
[20:32:00] t=482 MOVE assault x1 -> (73,120)
[20:32:00] {"kind": "action", "what": "attack_move", "name": null, "qty": null, "tid": null, "ts": "20:32:00"}
[20:32:00] t=482 tick#225 credits=189 stance=defend | jev 225 decisions p50=1143ms
[20:32:02] t=484 jev BUILD NAHAND HOLD (资金闸门: 坦克优先, cash=136)
[20:32:04] t=486 jev BUILD NAHAND HOLD (资金闸门: 坦克优先, cash=84)
[20:32:05] t=488 jev BUILD NAHAND HOLD (资金闸门: 坦克优先, cash=33)
[20:32:07] t=491 jev BUILD NAHAND HOLD (资金闸门: 坦克优先, cash=1106)
[20:32:08] t=493 jev BUILD NAHAND HOLD (资金闸门: 坦克优先, cash=1053)
[20:32:10] t=495 jev BUILD NAHAND HOLD (资金闸门: 坦克优先, cash=1001)
[20:32:11] t=497 jev BUILD NAHAND HOLD (资金闸门: 坦克优先, cash=949)
[20:32:13] t=499 jev BUILD NAHAND HOLD (资金闸门: 坦克优先, cash=898)
[20:32:13] t=499 MOVE assault x1 -> (73,120)
[20:32:13] {"kind": "action", "what": "attack_move", "name": null, "qty": null, "tid": null, "ts": "20:32:13"}
[20:32:15] t=501 jev BUILD NAHAND HOLD (资金闸门: 坦克优先, cash=844)
[20:32:16] t=503 jev BUILD NAHAND HOLD (资金闸门: 坦克优先, cash=791)
[20:32:18] t=505 jev BUILD NAHAND HOLD (资金闸门: 坦克优先, cash=739)
[20:32:19] t=507 jev BUILD NAHAND HOLD (资金闸门: 坦克优先, cash=686)
[20:32:21] t=509 jev BUILD NAHAND HOLD (资金闸门: 坦克优先, cash=633)
[20:32:22] t=512 jev BUILD NAHAND (conf 0.39)
[20:32:22] {"kind": "action", "what": "produce", "name": "NAHAND", "qty": 1, "tid": null, "ts": "20:32:22"}
[20:32:26] t=516 MOVE assault x1 -> (73,120)
[20:32:26] {"kind": "action", "what": "attack_move", "name": null, "qty": null, "tid": null, "ts": "20:32:26"}
[20:32:26] t=518 TANK HTNK x2
[20:32:26] {"kind": "action", "what": "produce", "name": "HTNK", "qty": 2, "tid": null, "ts": "20:32:26"}
[20:32:27] t=518 MOVE guard x1 -> (73,120)
[20:32:27] {"kind": "action", "what": "attack_move", "name": null, "qty": null, "tid": null, "ts": "20:32:27"}
[20:32:28] t=520 SCOUT* #1222->[185, 73]
[20:32:28] {"kind": "action", "what": "attack_move", "name": null, "qty": null, "tid": null, "ts": "20:32:28"}
[20:32:32] t=524 MOVE hold_a x1 -> (71,109); hold_b x1 -> (76,121)
[20:32:32] {"kind": "action", "what": "attack_move", "name": null, "qty": null, "tid": null, "ts": "20:32:32"}
[20:32:32] {"kind": "action", "what": "attack_move", "name": null, "qty": null, "tid": null, "ts": "20:32:32"}
[20:32:38] t=533 MOVE assault x1 -> (73,120)
[20:32:38] {"kind": "action", "what": "attack_move", "name": null, "qty": null, "tid": null, "ts": "20:32:38"}
[20:32:40] t=535 tick#250 credits=663 stance=defend | jev 250 decisions p50=1292ms
[20:32:42] t=537 jev BUILD NARADR HOLD (资金闸门: 坦克优先, cash=613)
[20:32:43] t=539 jev BUILD NARADR HOLD (资金闸门: 坦克优先, cash=561)
[20:32:45] t=541 jev BUILD NARADR HOLD (资金闸门: 坦克优先, cash=509)
[20:32:46] t=543 jev BUILD NARADR HOLD (资金闸门: 坦克优先, cash=458)
[20:32:48] t=545 jev BUILD NARADR HOLD (资金闸门: 坦克优先, cash=406)
[20:32:49] t=547 jev BUILD NARADR HOLD (资金闸门: 坦克优先, cash=353)
[20:32:51] t=550 jev BUILD NARADR HOLD (资金闸门: 坦克优先, cash=301)
[20:32:51] t=550 MOVE assault x1 -> (73,120)
[20:32:51] {"kind": "action", "what": "attack_move", "name": null, "qty": null, "tid": null, "ts": "20:32:51"}
[20:32:53] t=552 jev BUILD NARADR HOLD (资金闸门: 坦克优先, cash=248)
[20:32:54] t=554 jev BUILD NARADR HOLD (资金闸门: 坦克优先, cash=194)
[20:32:54] t=556 SCOUT2 #1311->[130, 83]
[20:32:54] {"kind": "action", "what": "attack_move", "name": null, "qty": null, "tid": null, "ts": "20:32:54"}
[20:32:56] t=556 jev BUILD NARADR HOLD (资金闸门: 坦克优先, cash=143)
[20:32:56] t=556 jev STANCE defend->rush (conf 0.52)
[20:32:56] t=556 MOVE assault x2 -> (130,83)
[20:32:56] {"kind": "action", "what": "attack_move", "name": null, "qty": null, "tid": null, "ts": "20:32:56"}
[20:32:57] t=558 jev BUILD NARADR HOLD (资金闸门: 坦克优先, cash=88)
[20:32:57] t=558 MOVE guard x1 -> (73,120)
[20:32:57] {"kind": "action", "what": "attack_move", "name": null, "qty": null, "tid": null, "ts": "20:32:57"}
[20:32:58] t=560 ALARM enemy approaching -> 攻势保持（塔阵守家, 前线 5 个单位继续进攻）
[20:32:59] t=560 jev BUILD NAREFN (conf 0.10)
[20:32:59] t=560 THREAT 0.56 -> force defend
[20:32:59] {"kind": "action", "what": "produce", "name": "NAREFN", "qty": 1, "tid": null, "ts": "20:32:59"}
[20:32:59] t=560 MOVE assault x2 -> (73,120); hold_a x1 -> (70,109); hold_b x1 -> (77,120)
[20:32:59] {"kind": "action", "what": "attack_move", "name": null, "qty": null, "tid": null, "ts": "20:32:59"}
[20:32:59] {"kind": "action", "what": "attack_move", "name": null, "qty": null, "tid": null, "ts": "20:32:59"}
[20:32:59] {"kind": "action", "what": "attack_move", "name": null, "qty": null, "tid": null, "ts": "20:32:59"}
[20:33:00] t=563 ALARM enemy approaching -> counter 5 vs 1 -> [77, 112]
[20:33:00] {"kind": "action", "what": "attack_move", "name": null, "qty": null, "tid": null, "ts": "20:33:00"}
[20:33:01] t=563 jev STANCE defend->rush (conf 0.53)
[20:33:01] t=563 THREAT 0.56 -> force defend
[20:33:03] t=565 jev STANCE defend->rush (conf 0.47)
[20:33:04] t=569 RETREAT E2(37%)
[20:33:05] {"kind": "action", "what": "move", "name": null, "qty": null, "tid": null, "ts": "20:33:05"}
[20:33:08] t=574 ALARM enemy approaching -> 攻势保持（塔阵守家, 前线 4 个单位继续进攻）
[20:33:09] t=574 THREAT 0.59 -> force defend
[20:33:09] t=574 MOVE hold_a x1 -> (71,109); hold_b x1 -> (76,121)
[20:33:09] {"kind": "action", "what": "attack_move", "name": null, "qty": null, "tid": null, "ts": "20:33:09"}
[20:33:09] {"kind": "action", "what": "attack_move", "name": null, "qty": null, "tid": null, "ts": "20:33:09"}
[20:33:10] t=576 ALARM enemy approaching -> counter 4 vs 2 -> [83, 112]
[20:33:10] {"kind": "action", "what": "attack_move", "name": null, "qty": null, "tid": null, "ts": "20:33:10"}
[20:33:11] t=576 jev STANCE defend->rush (conf 0.61)
[20:33:11] t=576 THREAT 0.65 -> force defend
[20:33:13] t=578 jev STANCE defend->rush (conf 0.62)
[20:33:13] t=581 SCOUT* #1222->[185, 72]
[20:33:13] {"kind": "action", "what": "attack_move", "name": null, "qty": null, "tid": null, "ts": "20:33:13"}
[20:33:18] t=585 MOVE assault x2 -> (82,112)
[20:33:18] {"kind": "action", "what": "attack_move", "name": null, "qty": null, "tid": null, "ts": "20:33:18"}
[20:33:18] t=587 ALARM enemy approaching -> 攻势保持（塔阵守家, 前线 4 个单位继续进攻）
[20:33:18] t=587 RETREAT HTNK(36%)
[20:33:18] {"kind": "action", "what": "move", "name": null, "qty": null, "tid": null, "ts": "20:33:18"}
[20:33:21] t=590 MOVE assault x2 -> (87,109)
[20:33:21] {"kind": "action", "what": "attack_move", "name": null, "qty": null, "tid": null, "ts": "20:33:21"}
[20:33:21] t=590 tick#275 credits=461 stance=rush | jev 275 decisions p50=1310ms
[20:33:21] t=592 ALARM enemy approaching -> 攻势保持（塔阵守家, 前线 4 个单位继续进攻）
[20:33:23] t=592 THREAT 0.55 -> force defend
[20:33:23] t=592 MOVE assault x2 -> (73,120)
[20:33:23] {"kind": "action", "what": "attack_move", "name": null, "qty": null, "tid": null, "ts": "20:33:23"}
[20:33:23] t=594 ALARM enemy approaching -> counter 4 vs 1 -> [85, 111]
[20:33:23] {"kind": "action", "what": "attack_move", "name": null, "qty": null, "tid": null, "ts": "20:33:23"}
[20:33:24] t=594 jev STANCE defend->rush (conf 0.63)
[20:33:32] t=605 MOVE assault x2 -> (130,83); guard x1 -> (73,120)
[20:33:32] {"kind": "action", "what": "attack_move", "name": null, "qty": null, "tid": null, "ts": "20:33:32"}
[20:33:32] {"kind": "action", "what": "attack_move", "name": null, "qty": null, "tid": null, "ts": "20:33:32"}
[20:33:39] t=615 TANK HTNK x1
[20:33:39] {"kind": "action", "what": "produce", "name": "HTNK", "qty": 1, "tid": null, "ts": "20:33:39"}
[20:33:45] t=622 MOVE assault x3 -> (93,103)
[20:33:45] {"kind": "action", "what": "attack_move", "name": null, "qty": null, "tid": null, "ts": "20:33:45"}
[20:33:47] t=624 MOVE assault x3 -> (92,103)
[20:33:47] {"kind": "action", "what": "attack_move", "name": null, "qty": null, "tid": null, "ts": "20:33:47"}
[20:33:50] t=630 RETREAT HTNK(35%)
[20:33:50] {"kind": "action", "what": "move", "name": null, "qty": null, "tid": null, "ts": "20:33:50"}
[20:33:57] t=639 ALARM unit lost -> 攻势保持（塔阵守家, 前线 3 个单位继续进攻）
[20:33:58] t=639 MOVE hold_a x1 -> (74,110)
[20:33:58] {"kind": "action", "what": "attack_move", "name": null, "qty": null, "tid": null, "ts": "20:33:58"}
[20:34:00] t=642 MOVE assault x3 -> (92,103)
[20:34:00] {"kind": "action", "what": "attack_move", "name": null, "qty": null, "tid": null, "ts": "20:34:00"}
[20:34:00] t=644 ALARM unit lost -> 攻势保持（塔阵守家, 前线 3 个单位继续进攻）
[20:34:02] t=644 tick#300 credits=0 stance=rush | jev 300 decisions p50=1314ms
[20:34:03] t=646 MOVE guard x1 -> (73,120)
[20:34:03] {"kind": "action", "what": "attack_move", "name": null, "qty": null, "tid": null, "ts": "20:34:03"}
[20:34:08] t=653 MOVE assault x3 -> (93,103)
[20:34:08] {"kind": "action", "what": "attack_move", "name": null, "qty": null, "tid": null, "ts": "20:34:08"}
[20:34:20] t=668 jev VEH DRON HOLD (预算保护 cash=172 aav帽=ok aav=0)
[20:34:20] t=668 ATTACK (tanks=6)
[20:34:22] t=670 MOVE assault x4 -> (130,83)
[20:34:22] {"kind": "action", "what": "attack_move", "name": null, "qty": null, "tid": null, "ts": "20:34:22"}
[20:34:23] t=673 jev VEH HARV HOLD (预算保护 cash=66 aav帽=ok aav=0)
[20:34:25] t=675 jev VEH HARV HOLD (预算保护 cash=12 aav帽=ok aav=0)
[20:34:25] t=675 jev STANCE attack->rush (conf 0.46)
[20:34:25] t=675 ATTACK (tanks=6)
[20:34:30] t=683 ESCORT 坦克#1515 -> 护航矿车@[91, 132]
[20:34:30] {"kind": "action", "what": "attack_move", "name": null, "qty": null, "tid": null, "ts": "20:34:30"}
[20:34:31] t=683 jev STANCE attack->rush (conf 0.45)
[20:34:31] t=683 ATTACK (tanks=6)
[20:34:35] t=688 jev STANCE attack->rush (conf 0.45)
[20:34:35] t=688 ATTACK (tanks=6)
[20:34:35] t=688 MOVE assault x4 -> (130,83); guard x1 -> (73,120)
[20:34:35] {"kind": "action", "what": "attack_move", "name": null, "qty": null, "tid": null, "ts": "20:34:35"}
[20:34:35] {"kind": "action", "what": "attack_move", "name": null, "qty": null, "tid": null, "ts": "20:34:35"}
[20:34:36] t=690 jev VEH HTNK HOLD (预算保护 cash=0 aav帽=ok aav=0)
[20:34:38] t=692 jev STANCE attack->rush (conf 0.45)
[20:34:38] t=692 ATTACK (tanks=6)
[20:34:40] t=694 jev VEH HTNK HOLD (预算保护 cash=0 aav帽=ok aav=0)
[20:34:40] t=694 jev STANCE attack->rush (conf 0.46)
[20:34:40] t=694 ATTACK (tanks=6)
[20:34:41] t=697 jev VEH HTNK HOLD (预算保护 cash=0 aav帽=ok aav=0)
[20:34:41] t=697 jev STANCE attack->rush (conf 0.46)
[20:34:41] t=697 ATTACK (tanks=6)
[20:34:43] t=699 jev VEH HTNK HOLD (预算保护 cash=0 aav帽=ok aav=0)
[20:34:43] t=699 jev STANCE attack->rush (conf 0.46)
[20:34:43] t=699 ATTACK (tanks=6)
[20:34:43] t=699 tick#325 credits=0 stance=attack | jev 325 decisions p50=1328ms
[20:34:45] t=701 jev VEH HTNK HOLD (预算保护 cash=0 aav帽=ok aav=0)
[20:34:45] t=701 jev STANCE attack->rush (conf 0.47)
[20:34:45] t=701 ATTACK (tanks=6)
[20:34:46] t=703 jev VEH HARV HOLD (预算保护 cash=0 aav帽=ok aav=0)
[20:34:46] t=703 jev STANCE attack->rush (conf 0.49)
[20:34:46] t=703 ATTACK (tanks=6)
[20:34:48] t=705 jev STANCE attack->rush (conf 0.48)
[20:34:48] t=705 ATTACK (tanks=6)
[20:34:48] t=705 MOVE assault x4 -> (130,83)
[20:34:48] {"kind": "action", "what": "attack_move", "name": null, "qty": null, "tid": null, "ts": "20:34:48"}
[20:34:49] t=708 jev VEH HTNK HOLD (预算保护 cash=0 aav帽=ok aav=0)
[20:34:49] t=708 jev STANCE attack->rush (conf 0.48)
[20:34:49] t=708 ATTACK (tanks=6)
[20:34:51] t=710 jev VEH HTNK HOLD (预算保护 cash=0 aav帽=ok aav=0)
[20:34:51] t=710 jev STANCE attack->rush (conf 0.46)
[20:34:51] t=710 ATTACK (tanks=6)
[20:34:53] t=712 jev VEH HTNK HOLD (预算保护 cash=0 aav帽=ok aav=0)
[20:34:53] t=712 jev STANCE attack->rush (conf 0.49)
[20:34:53] t=712 ATTACK (tanks=6)
[20:34:54] t=714 jev VEH HTNK HOLD (预算保护 cash=0 aav帽=ok aav=0)
[20:34:54] t=714 jev STANCE attack->rush (conf 0.51)
[20:34:54] t=714 ATTACK (tanks=6)
[20:34:56] t=716 jev VEH HTNK HOLD (预算保护 cash=0 aav帽=ok aav=0)
[20:34:56] t=716 jev STANCE attack->rush (conf 0.50)
[20:34:56] t=716 ATTACK (tanks=6)
[20:34:56] t=718 ENEMY BASE spotted @[125, 75]
[20:34:58] t=718 jev VEH DRON HOLD (预算保护 cash=0 aav帽=ok aav=0)
[20:34:58] t=718 MOVE raid x2 -> (121,74); assault x2 -> 攻击目标#1053@(125,75)
[20:34:58] {"kind": "action", "what": "attack_move", "name": null, "qty": null, "tid": null, "ts": "20:34:58"}
[20:34:58] {"kind": "action", "what": "attack_obj", "name": null, "qty": null, "tid": 1053, "ts": "20:34:58"}
[20:35:01] t=721 jev VEH DRON HOLD (预算保护 cash=0 aav帽=ok aav=0)
[20:35:01] t=725 ESCORT 坦克#1311 -> 护航矿车@[95, 134]
[20:35:01] t=725 RETREAT HTNK(38%)
[20:35:01] {"kind": "action", "what": "attack_move", "name": null, "qty": null, "tid": null, "ts": "20:35:01"}
[20:35:01] {"kind": "action", "what": "move", "name": null, "qty": null, "tid": null, "ts": "20:35:01"}
[20:35:03] t=725 jev VEH DRON HOLD (预算保护 cash=0 aav帽=ok aav=0)
[20:35:03] t=725 MOVE raid x2 -> (128,88)
[20:35:03] {"kind": "action", "what": "attack_move", "name": null, "qty": null, "tid": null, "ts": "20:35:03"}
[20:35:06] t=728 jev VEH DRON HOLD (预算保护 cash=0 aav帽=ok aav=0)
[20:35:06] t=728 MOVE raid x2 -> (125,91); guard x1 -> (73,120)
[20:35:06] {"kind": "action", "what": "attack_move", "name": null, "qty": null, "tid": null, "ts": "20:35:06"}
[20:35:06] {"kind": "action", "what": "attack_move", "name": null, "qty": null, "tid": null, "ts": "20:35:06"}
[20:35:09] t=732 jev VEH DRON HOLD (预算保护 cash=0 aav帽=ok aav=0)
[20:35:09] t=732 MOVE raid x2 -> (120,76)
[20:35:09] {"kind": "action", "what": "attack_move", "name": null, "qty": null, "tid": null, "ts": "20:35:09"}
[20:35:09] t=736 RETREAT HTNK(22%)
[20:35:09] {"kind": "action", "what": "move", "name": null, "qty": null, "tid": null, "ts": "20:35:09"}
[20:35:11] t=736 jev VEH DRON HOLD (预算保护 cash=0 aav帽=ok aav=0)
[20:35:11] t=736 MOVE assault x2 -> 攻击目标#1053@(125,75)
[20:35:11] {"kind": "action", "what": "attack_obj", "name": null, "qty": null, "tid": 1053, "ts": "20:35:11"}
[20:35:13] t=738 jev VEH DRON HOLD (预算保护 cash=0 aav帽=ok aav=0)
[20:35:13] t=741 ALARM unit lost -> 攻势保持（塔阵守家, 前线 1 个单位继续进攻）
[20:35:15] t=741 jev VEH DRON HOLD (预算保护 cash=0 aav帽=ok aav=0)
[20:35:15] t=743 HARASS DRON x2 (have 0)
[20:35:15] {"kind": "action", "what": "produce", "name": "DRON", "qty": 2, "tid": null, "ts": "20:35:15"}
[20:35:17] t=746 ALARM unit lost -> 攻势保持（塔阵守家, 前线 1 个单位继续进攻）
[20:35:24] t=753 MOVE assault x1 -> 攻击目标#1053@(125,75)
[20:35:24] {"kind": "action", "what": "attack_obj", "name": null, "qty": null, "tid": 1053, "ts": "20:35:24"}
[20:35:28] t=758 MOVE raid x1 -> (117,76)
[20:35:28] {"kind": "action", "what": "attack_move", "name": null, "qty": null, "tid": null, "ts": "20:35:28"}
[20:35:28] t=760 RETREAT HTNK(33%)
[20:35:28] {"kind": "action", "what": "move", "name": null, "qty": null, "tid": null, "ts": "20:35:28"}
[20:35:30] t=760 MOVE raid x1 -> (116,75)
[20:35:30] {"kind": "action", "what": "attack_move", "name": null, "qty": null, "tid": null, "ts": "20:35:30"}
[20:35:30] {"kind": "action", "what": "produce", "name": "NAREFN", "qty": 1, "tid": null, "ts": "20:35:30"}
[20:35:30] t=763 OPENING BUILD NAREFN
[20:35:32] t=763 tick#350 credits=343 stance=attack | jev 350 decisions p50=1343ms
[20:35:32] t=765 ALARM unit lost -> 攻势保持（塔阵守家, 前线 2 个单位继续进攻）
[20:35:33] t=765 MOVE raid x1 -> (125,91)
[20:35:33] {"kind": "action", "what": "attack_move", "name": null, "qty": null, "tid": null, "ts": "20:35:33"}
[20:35:35] t=768 MOVE raid x1 -> (123,93)
[20:35:35] {"kind": "action", "what": "attack_move", "name": null, "qty": null, "tid": null, "ts": "20:35:35"}
[20:35:37] t=771 MOVE raid x1 -> (116,75); assault x1 -> 攻击目标#1053@(125,75)
[20:35:37] {"kind": "action", "what": "attack_move", "name": null, "qty": null, "tid": null, "ts": "20:35:37"}
[20:35:37] {"kind": "action", "what": "attack_obj", "name": null, "qty": null, "tid": 1053, "ts": "20:35:37"}
[20:35:39] t=773 MOVE raid x1 -> (116,74)
[20:35:39] {"kind": "action", "what": "attack_move", "name": null, "qty": null, "tid": null, "ts": "20:35:39"}
[20:35:40] t=776 TANK HTNK x1
[20:35:40] t=776 ESCORT 坦克#1690 -> 护航矿车@[93, 128]
[20:35:40] {"kind": "action", "what": "produce", "name": "HTNK", "qty": 1, "tid": null, "ts": "20:35:40"}
[20:35:40] {"kind": "action", "what": "attack_move", "name": null, "qty": null, "tid": null, "ts": "20:35:40"}
[20:35:43] t=778 MOVE raid x2 -> (123,81)
[20:35:43] {"kind": "action", "what": "attack_move", "name": null, "qty": null, "tid": null, "ts": "20:35:43"}
[20:35:45] t=781 MOVE raid x2 -> (122,80)
[20:35:45] {"kind": "action", "what": "attack_move", "name": null, "qty": null, "tid": null, "ts": "20:35:45"}
[20:35:47] t=783 MOVE raid x2 -> (121,81)
[20:35:47] {"kind": "action", "what": "attack_move", "name": null, "qty": null, "tid": null, "ts": "20:35:47"}
[20:35:47] t=786 RETREAT HTNK(27%)
[20:35:47] {"kind": "action", "what": "move", "name": null, "qty": null, "tid": null, "ts": "20:35:47"}
[20:35:49] t=786 MOVE raid x2 -> (124,74)
[20:35:49] {"kind": "action", "what": "attack_move", "name": null, "qty": null, "tid": null, "ts": "20:35:49"}
[20:35:49] t=789 ALARM unit lost -> 攻势保持（塔阵守家, 前线 1 个单位继续进攻）
[20:35:51] t=789 MOVE raid x1 -> (121,74); assault x1 -> 攻击目标#1053@(125,75)
[20:35:51] {"kind": "action", "what": "attack_move", "name": null, "qty": null, "tid": null, "ts": "20:35:51"}
[20:35:51] {"kind": "action", "what": "attack_obj", "name": null, "qty": null, "tid": 1053, "ts": "20:35:51"}
[20:35:51] t=791 ALARM unit lost -> 攻势保持（塔阵守家, 前线 1 个单位继续进攻）
[20:35:53] t=791 RECOVER (only 2 tanks)
[20:35:53] t=791 MOVE raid x1 -> (118,74)
[20:35:53] {"kind": "action", "what": "attack_move", "name": null, "qty": null, "tid": null, "ts": "20:35:53"}
[20:35:55] t=794 MOVE raid x1 -> (116,74)
[20:35:55] {"kind": "action", "what": "attack_move", "name": null, "qty": null, "tid": null, "ts": "20:35:55"}
[20:36:01] t=802 MOVE raid x1 -> (126,89)
[20:36:01] {"kind": "action", "what": "attack_move", "name": null, "qty": null, "tid": null, "ts": "20:36:01"}
[20:36:02] t=804 MOVE raid x1 -> (125,91)
[20:36:02] {"kind": "action", "what": "attack_move", "name": null, "qty": null, "tid": null, "ts": "20:36:02"}
[20:36:19] t=826 tick#375 credits=0 stance=defend | jev 375 decisions p50=1373ms
[20:36:34] t=849 HARASS DRON x2 (have 0)
[20:36:34] {"kind": "action", "what": "produce", "name": "DRON", "qty": 2, "tid": null, "ts": "20:36:34"}
[20:36:36] t=849 MOVE assault x1 -> 攻击目标#1053@(125,75)
[20:36:36] {"kind": "action", "what": "attack_obj", "name": null, "qty": null, "tid": 1053, "ts": "20:36:36"}
[20:36:47] t=864 MOVE raid x1 -> (116,81)
[20:36:47] {"kind": "action", "what": "attack_move", "name": null, "qty": null, "tid": null, "ts": "20:36:47"}
[20:36:49] t=866 MOVE raid x1 -> (128,76); assault x1 -> 攻击目标#1053@(125,75)
[20:36:49] {"kind": "action", "what": "attack_move", "name": null, "qty": null, "tid": null, "ts": "20:36:49"}
[20:36:49] {"kind": "action", "what": "attack_obj", "name": null, "qty": null, "tid": 1053, "ts": "20:36:49"}
[20:36:53] t=871 MOVE raid x1 -> (128,78)
[20:36:53] {"kind": "action", "what": "attack_move", "name": null, "qty": null, "tid": null, "ts": "20:36:53"}
[20:36:55] t=874 MOVE raid x1 -> (128,81)
[20:36:55] {"kind": "action", "what": "attack_move", "name": null, "qty": null, "tid": null, "ts": "20:36:55"}
[20:36:55] t=877 AIR-DEFENSE 2nd AA
[20:36:55] {"kind": "action", "what": "produce", "name": "NAFLAK", "qty": 1, "tid": null, "ts": "20:36:55"}
[20:36:57] t=877 MOVE raid x1 -> (128,84)
[20:36:57] {"kind": "action", "what": "attack_move", "name": null, "qty": null, "tid": null, "ts": "20:36:57"}
[20:36:59] t=879 MOVE raid x1 -> (127,87)
[20:36:59] {"kind": "action", "what": "attack_move", "name": null, "qty": null, "tid": null, "ts": "20:36:59"}
[20:37:01] t=882 MOVE raid x1 -> (126,89)
[20:37:01] {"kind": "action", "what": "attack_move", "name": null, "qty": null, "tid": null, "ts": "20:37:01"}
[20:37:03] t=884 MOVE raid x1 -> (125,91); assault x1 -> 攻击目标#1053@(125,75)
[20:37:03] {"kind": "action", "what": "attack_move", "name": null, "qty": null, "tid": null, "ts": "20:37:03"}
[20:37:03] {"kind": "action", "what": "attack_obj", "name": null, "qty": null, "tid": 1053, "ts": "20:37:03"}
[20:37:05] t=887 MOVE raid x1 -> (123,94)
[20:37:05] {"kind": "action", "what": "attack_move", "name": null, "qty": null, "tid": null, "ts": "20:37:05"}
[20:37:05] t=890 TANK HTNK x2
[20:37:05] t=890 ESCORT 坦克#1755 -> 护航矿车@[97, 102]
[20:37:05] t=890 RETREAT HTNK(36%)
[20:37:05] {"kind": "action", "what": "produce", "name": "HTNK", "qty": 2, "tid": null, "ts": "20:37:05"}
[20:37:05] {"kind": "action", "what": "attack_move", "name": null, "qty": null, "tid": null, "ts": "20:37:05"}
[20:37:05] {"kind": "action", "what": "move", "name": null, "qty": null, "tid": null, "ts": "20:37:05"}
[20:37:07] t=890 MOVE raid x2 -> (121,73)
[20:37:07] {"kind": "action", "what": "attack_move", "name": null, "qty": null, "tid": null, "ts": "20:37:07"}
[20:37:07] t=890 tick#400 credits=1309 stance=defend | jev 400 decisions p50=1387ms
[20:37:09] t=892 MOVE raid x2 -> (117,73)
[20:37:09] {"kind": "action", "what": "attack_move", "name": null, "qty": null, "tid": null, "ts": "20:37:09"}
[20:37:10] t=895 MOVE raid x2 -> (115,82)
[20:37:10] {"kind": "action", "what": "attack_move", "name": null, "qty": null, "tid": null, "ts": "20:37:10"}
[20:37:11] t=897 ALARM unit lost -> TURTLE (2 v 17, 守塔阵不打野战)
[20:37:11] {"kind": "action", "what": "attack_move", "name": null, "qty": null, "tid": null, "ts": "20:37:11"}
[20:37:20] t=908 MOVE raid x1 -> (128,76); assault x1 -> 攻击目标#1053@(125,75)
[20:37:20] {"kind": "action", "what": "attack_move", "name": null, "qty": null, "tid": null, "ts": "20:37:20"}
[20:37:20] {"kind": "action", "what": "attack_obj", "name": null, "qty": null, "tid": 1053, "ts": "20:37:20"}
[20:37:22] t=910 MOVE raid x1 -> (117,72)
[20:37:22] {"kind": "action", "what": "attack_move", "name": null, "qty": null, "tid": null, "ts": "20:37:22"}
[20:37:28] t=918 MOVE raid x1 -> (118,72)
[20:37:28] {"kind": "action", "what": "attack_move", "name": null, "qty": null, "tid": null, "ts": "20:37:28"}
[20:37:30] t=920 MOVE raid x1 -> (128,88)
[20:37:30] {"kind": "action", "what": "attack_move", "name": null, "qty": null, "tid": null, "ts": "20:37:30"}
[20:37:30] t=923 ALARM unit lost -> TURTLE (1 v 21, 守塔阵不打野战)
[20:37:30] {"kind": "action", "what": "attack_move", "name": null, "qty": null, "tid": null, "ts": "20:37:30"}
[20:37:39] t=933 MOVE assault x1 -> 攻击目标#1053@(125,75)
[20:37:39] {"kind": "action", "what": "attack_obj", "name": null, "qty": null, "tid": 1053, "ts": "20:37:39"}
[20:37:43] t=940 ALARM unit lost -> TURTLE (1 v 19, 守塔阵不打野战)
[20:37:43] {"kind": "action", "what": "attack_move", "name": null, "qty": null, "tid": null, "ts": "20:37:43"}
[20:37:45] t=940 jev BUILD NARADR HOLD (资金闸门: 坦克优先, cash=0)
[20:37:52] t=950 MOVE assault x1 -> 攻击目标#1053@(125,75)
[20:37:52] {"kind": "action", "what": "attack_obj", "name": null, "qty": null, "tid": 1053, "ts": "20:37:52"}
[20:37:54] t=953 tick#425 credits=44 stance=defend | jev 425 decisions p50=1400ms
[20:38:05] t=967 MOVE assault x1 -> 攻击目标#1053@(125,75)
[20:38:05] {"kind": "action", "what": "attack_obj", "name": null, "qty": null, "tid": 1053, "ts": "20:38:05"}
[20:38:09] t=975 RETREAT HTNK(23%)
[20:38:09] {"kind": "action", "what": "move", "name": null, "qty": null, "tid": null, "ts": "20:38:09"}
[20:38:36] t=1012 POWER plant (reserve 5)
[20:38:36] {"kind": "action", "what": "produce", "name": "NAPOWR", "qty": 1, "tid": null, "ts": "20:38:36"}
[20:38:38] t=1012 MOVE assault x1 -> 攻击目标#1053@(125,75)
[20:38:38] {"kind": "action", "what": "attack_obj", "name": null, "qty": null, "tid": 1053, "ts": "20:38:38"}
[20:38:40] t=1014 tick#450 credits=2103 stance=defend | jev 450 decisions p50=1411ms
[20:38:40] t=1017 ALARM enemy approaching -> TURTLE (1 v 20, 守塔阵不打野战)
[20:38:40] {"kind": "action", "what": "attack_move", "name": null, "qty": null, "tid": null, "ts": "20:38:40"}
[20:38:50] t=1029 ALARM NAREFN under attack -> TURTLE (1 v 18, 守塔阵不打野战)
[20:38:50] {"kind": "action", "what": "attack_move", "name": null, "qty": null, "tid": null, "ts": "20:38:50"}
[20:38:59] t=1039 MOVE assault x1 -> 攻击目标#1053@(125,75)
[20:38:59] {"kind": "action", "what": "attack_obj", "name": null, "qty": null, "tid": 1053, "ts": "20:38:59"}
[20:38:59] t=1042 ALARM NAREFN under attack -> TURTLE (1 v 15, 守塔阵不打野战)
[20:38:59] {"kind": "action", "what": "attack_move", "name": null, "qty": null, "tid": null, "ts": "20:38:59"}
[20:39:03] t=1047 SCOUT #2108->[114, 13] (敌影)
[20:39:03] {"kind": "action", "what": "attack_move", "name": null, "qty": null, "tid": null, "ts": "20:39:03"}
[20:39:05] t=1050 HARASS DRON x2 (have 0)
[20:39:05] {"kind": "action", "what": "produce", "name": "DRON", "qty": 2, "tid": null, "ts": "20:39:05"}
[20:39:09] t=1055 ALARM NAREFN under attack -> TURTLE (1 v 16, 守塔阵不打野战)
[20:39:09] {"kind": "action", "what": "attack_move", "name": null, "qty": null, "tid": null, "ts": "20:39:09"}
[20:39:18] t=1065 MOVE raid x1 -> (116,76); assault x1 -> 攻击目标#1053@(125,75)
[20:39:18] {"kind": "action", "what": "attack_move", "name": null, "qty": null, "tid": null, "ts": "20:39:18"}
[20:39:18] {"kind": "action", "what": "attack_obj", "name": null, "qty": null, "tid": 1053, "ts": "20:39:18"}
[20:39:23] t=1072 MOVE raid x1 -> (125,91)
[20:39:23] {"kind": "action", "what": "attack_move", "name": null, "qty": null, "tid": null, "ts": "20:39:23"}
[20:39:25] t=1075 MOVE raid x1 -> (123,94)
[20:39:25] {"kind": "action", "what": "attack_move", "name": null, "qty": null, "tid": null, "ts": "20:39:25"}
[20:39:27] t=1077 MOVE raid x1 -> (123,96)
[20:39:27] {"kind": "action", "what": "attack_move", "name": null, "qty": null, "tid": null, "ts": "20:39:27"}
[20:39:27] t=1077 tick#475 credits=46 stance=defend | jev 475 decisions p50=1455ms
[20:39:29] t=1080 jev VEH HTNK HOLD (预算保护 cash=0 aav帽=ok aav=0)
[20:39:29] t=1080 MOVE raid x2 -> (123,99)
[20:39:29] {"kind": "action", "what": "attack_move", "name": null, "qty": null, "tid": null, "ts": "20:39:29"}
[20:39:31] t=1082 jev VEH HTNK HOLD (预算保护 cash=0 aav帽=ok aav=0)
[20:39:31] t=1082 MOVE raid x2 -> (128,81); assault x1 -> 攻击目标#1053@(125,75)
[20:39:31] {"kind": "action", "what": "attack_move", "name": null, "qty": null, "tid": null, "ts": "20:39:31"}
[20:39:31] {"kind": "action", "what": "attack_obj", "name": null, "qty": null, "tid": 1053, "ts": "20:39:31"}
[20:39:33] t=1085 jev VEH HTNK HOLD (预算保护 cash=0 aav帽=ok aav=0)
[20:39:33] t=1085 MOVE raid x2 -> (128,84)
[20:39:33] {"kind": "action", "what": "attack_move", "name": null, "qty": null, "tid": null, "ts": "20:39:33"}
[20:39:35] t=1087 jev VEH HTNK HOLD (预算保护 cash=150 aav帽=ok aav=0)
[20:39:35] t=1087 MOVE raid x2 -> (127,87)
[20:39:35] {"kind": "action", "what": "attack_move", "name": null, "qty": null, "tid": null, "ts": "20:39:35"}
[20:39:36] t=1090 jev VEH HTNK HOLD (预算保护 cash=150 aav帽=ok aav=0)
[20:39:36] t=1090 MOVE raid x2 -> (126,89)
[20:39:37] {"kind": "action", "what": "attack_move", "name": null, "qty": null, "tid": null, "ts": "20:39:37"}
[20:39:38] t=1092 jev VEH HTNK HOLD (预算保护 cash=150 aav帽=ok aav=0)
[20:39:38] t=1092 MOVE raid x2 -> (125,91)
[20:39:38] {"kind": "action", "what": "attack_move", "name": null, "qty": null, "tid": null, "ts": "20:39:38"}
[20:39:39] t=1095 ALARM unit lost -> TURTLE (2 v 12, 守塔阵不打野战)
[20:39:39] {"kind": "action", "what": "attack_move", "name": null, "qty": null, "tid": null, "ts": "20:39:39"}
[20:39:40] t=1095 jev VEH HTK HOLD (预算保护 cash=150 aav帽=ok aav=0)
[20:39:42] t=1097 jev VEH HTK HOLD (预算保护 cash=150 aav帽=ok aav=0)
[20:39:44] t=1100 jev VEH HTK HOLD (预算保护 cash=150 aav帽=ok aav=0)
[20:39:46] t=1102 jev VEH HTK HOLD (预算保护 cash=150 aav帽=ok aav=0)
[20:39:48] t=1105 jev VEH HTK HOLD (预算保护 cash=150 aav帽=ok aav=0)
[20:39:48] t=1105 MOVE raid x1 -> (123,83); assault x1 -> 攻击目标#1053@(125,75)
[20:39:48] {"kind": "action", "what": "attack_move", "name": null, "qty": null, "tid": null, "ts": "20:39:48"}
[20:39:48] {"kind": "action", "what": "attack_obj", "name": null, "qty": null, "tid": 1053, "ts": "20:39:48"}
[20:39:50] t=1107 jev VEH HTK HOLD (预算保护 cash=150 aav帽=ok aav=0)
[20:39:51] t=1110 jev VEH HTK HOLD (预算保护 cash=150 aav帽=ok aav=0)
[20:39:53] t=1112 jev VEH HTK HOLD (预算保护 cash=150 aav帽=ok aav=0)
[20:39:55] t=1114 jev VEH HTK HOLD (预算保护 cash=150 aav帽=ok aav=0)
[20:39:57] t=1117 jev VEH HTK HOLD (预算保护 cash=150 aav帽=ok aav=0)
[20:39:57] t=1119 ALARM unit lost -> TURTLE (1 v 14, 守塔阵不打野战)
[20:39:57] {"kind": "action", "what": "attack_move", "name": null, "qty": null, "tid": null, "ts": "20:39:57"}
[20:39:59] t=1119 jev VEH HTK HOLD (预算保护 cash=150 aav帽=ok aav=0)
[20:40:01] t=1122 jev VEH DRON HOLD (预算保护 cash=150 aav帽=ok aav=0)
[20:40:02] t=1124 jev VEH DRON HOLD (预算保护 cash=150 aav帽=ok aav=0)
[20:40:04] t=1127 jev VEH DRON HOLD (预算保护 cash=150 aav帽=ok aav=0)
[20:40:06] t=1129 jev VEH DRON HOLD (预算保护 cash=150 aav帽=ok aav=0)
[20:40:06] t=1129 MOVE assault x1 -> 攻击目标#1053@(125,75)
[20:40:06] {"kind": "action", "what": "attack_obj", "name": null, "qty": null, "tid": 1053, "ts": "20:40:06"}
[20:40:08] t=1132 jev VEH HTK HOLD (预算保护 cash=150 aav帽=ok aav=0)
[20:40:10] t=1134 jev VEH HTK HOLD (预算保护 cash=300 aav帽=ok aav=0)
[20:40:12] t=1137 jev VEH HTK HOLD (预算保护 cash=300 aav帽=ok aav=0)
[20:40:13] t=1139 jev VEH HTK HOLD (预算保护 cash=300 aav帽=ok aav=0)
[20:40:13] t=1139 tick#500 credits=300 stance=defend | jev 500 decisions p50=1539ms
[20:40:15] t=1141 jev VEH DRON HOLD (预算保护 cash=300 aav帽=ok aav=0)
[20:40:17] t=1144 jev VEH DRON HOLD (预算保护 cash=300 aav帽=ok aav=0)
[20:40:19] t=1146 jev VEH HTK HOLD (预算保护 cash=300 aav帽=ok aav=0)
[20:40:19] t=1146 MOVE assault x1 -> 攻击目标#1053@(125,75)
[20:40:19] {"kind": "action", "what": "attack_obj", "name": null, "qty": null, "tid": 1053, "ts": "20:40:19"}
[20:40:21] t=1149 jev VEH DRON HOLD (预算保护 cash=300 aav帽=ok aav=0)
[20:40:23] t=1151 jev VEH DRON HOLD (预算保护 cash=300 aav帽=ok aav=0)
[20:40:23] t=1154 ECON harv#3
[20:40:23] t=1154 HARASS DRON x2 (have 0)
[20:40:23] {"kind": "action", "what": "produce", "name": "HARV", "qty": 1, "tid": null, "ts": "20:40:23"}
[20:40:23] {"kind": "action", "what": "produce", "name": "DRON", "qty": 2, "tid": null, "ts": "20:40:23"}
[20:40:23] {"kind": "action", "what": "produce", "name": "NAWEAP", "qty": 1, "tid": null, "ts": "20:40:23"}
[20:40:23] t=1154 OPENING BUILD NAWEAP
[20:40:29] t=1161 RETREAT HTNK(20%)
[20:40:29] {"kind": "action", "what": "move", "name": null, "qty": null, "tid": null, "ts": "20:40:29"}
[20:41:00] t=1202 tick#525 credits=381 stance=defend | jev 525 decisions p50=1552ms
[20:41:48] t=1265 jev INF E2 HOLD (预算保护 gate=False e2=0)
[20:41:50] t=1268 tick#550 credits=0 stance=defend | jev 550 decisions p50=1561ms
[20:41:53] t=1270 jev INF E2 HOLD (预算保护 gate=False e2=0)
[20:41:55] t=1274 jev INF E2 HOLD (预算保护 gate=False e2=0)
[20:42:12] t=1299 ALARM enemy approaching -> TURTLE (1 v 16, 守塔阵不打野战)
[20:42:12] {"kind": "action", "what": "attack_move", "name": null, "qty": null, "tid": null, "ts": "20:42:12"}
[20:42:24] t=1315 ALARM NAREFN under attack -> TURTLE (1 v 16, 守塔阵不打野战)
[20:42:24] {"kind": "action", "what": "attack_move", "name": null, "qty": null, "tid": null, "ts": "20:42:24"}
[20:42:24] t=1315 ECON harv#3
[20:42:24] {"kind": "action", "what": "produce", "name": "HARV", "qty": 1, "tid": null, "ts": "20:42:24"}
[20:42:40] t=1334 tick#575 credits=288 stance=defend | jev 575 decisions p50=1571ms
[20:42:59] t=1359 jev VEH HTNK HOLD (预算保护 cash=46 aav帽=ok aav=0)
[20:42:59] t=1359 MOVE raid x1 -> (88,100)
[20:42:59] {"kind": "action", "what": "attack_move", "name": null, "qty": null, "tid": null, "ts": "20:42:59"}
[20:43:01] t=1362 jev VEH DRON HOLD (预算保护 cash=46 aav帽=ok aav=0)
[20:43:01] t=1362 MOVE raid x1 -> (86,99)
[20:43:01] {"kind": "action", "what": "attack_move", "name": null, "qty": null, "tid": null, "ts": "20:43:01"}
[20:43:03] t=1364 jev VEH DRON HOLD (预算保护 cash=46 aav帽=ok aav=0)
[20:43:03] t=1364 MOVE raid x1 -> (84,98)
[20:43:03] {"kind": "action", "what": "attack_move", "name": null, "qty": null, "tid": null, "ts": "20:43:03"}
[20:43:05] t=1367 jev VEH HTNK HOLD (预算保护 cash=46 aav帽=ok aav=0)
[20:43:05] t=1367 MOVE raid x1 -> (82,97)
[20:43:05] {"kind": "action", "what": "attack_move", "name": null, "qty": null, "tid": null, "ts": "20:43:05"}
[20:43:06] t=1369 jev VEH HTNK HOLD (预算保护 cash=46 aav帽=ok aav=0)
[20:43:06] t=1369 MOVE raid x1 -> (82,95)
[20:43:06] {"kind": "action", "what": "attack_move", "name": null, "qty": null, "tid": null, "ts": "20:43:06"}
[20:43:08] t=1372 jev BUILD NARADR HOLD (资金闸门: 坦克优先, cash=46)
[20:43:08] t=1372 jev VEH DRON HOLD (预算保护 cash=46 aav帽=ok aav=0)
[20:43:10] t=1374 jev BUILD NARADR HOLD (资金闸门: 坦克优先, cash=46)
[20:43:10] t=1374 jev VEH DRON HOLD (预算保护 cash=46 aav帽=ok aav=0)
[20:43:12] t=1376 jev BUILD NARADR HOLD (资金闸门: 坦克优先, cash=46)
[20:43:12] t=1376 jev VEH DRON HOLD (预算保护 cash=46 aav帽=ok aav=0)
[20:43:14] t=1379 jev BUILD NARADR HOLD (资金闸门: 坦克优先, cash=46)
[20:43:14] t=1379 jev VEH DRON HOLD (预算保护 cash=46 aav帽=ok aav=0)
[20:43:16] t=1381 jev BUILD NARADR HOLD (资金闸门: 坦克优先, cash=46)
[20:43:16] t=1381 jev VEH DRON HOLD (预算保护 cash=46 aav帽=ok aav=0)
[20:43:18] t=1384 jev BUILD NARADR HOLD (资金闸门: 坦克优先, cash=46)
[20:43:18] t=1384 jev VEH DRON HOLD (预算保护 cash=46 aav帽=ok aav=0)
[20:43:19] t=1386 jev VEH DRON HOLD (预算保护 cash=196 aav帽=ok aav=0)
[20:43:21] t=1389 jev VEH DRON HOLD (预算保护 cash=196 aav帽=ok aav=0)
[20:43:23] t=1391 jev VEH DRON HOLD (预算保护 cash=196 aav帽=ok aav=0)
[20:43:25] t=1394 jev VEH DRON HOLD (预算保护 cash=196 aav帽=ok aav=0)
[20:43:27] t=1396 jev VEH DRON HOLD (预算保护 cash=196 aav帽=ok aav=0)
[20:43:27] t=1396 tick#600 credits=196 stance=defend | jev 600 decisions p50=1580ms
[20:43:29] t=1399 jev BUILD NARADR HOLD (资金闸门: 坦克优先, cash=196)
[20:43:29] t=1399 jev VEH DRON HOLD (预算保护 cash=196 aav帽=ok aav=0)
[20:43:31] t=1401 jev BUILD NARADR HOLD (资金闸门: 坦克优先, cash=196)
[20:43:31] t=1401 jev VEH DRON HOLD (预算保护 cash=196 aav帽=ok aav=0)
[20:43:32] t=1404 jev BUILD NARADR HOLD (资金闸门: 坦克优先, cash=196)
[20:43:32] t=1404 jev VEH DRON HOLD (预算保护 cash=196 aav帽=ok aav=0)
[20:43:34] t=1406 jev BUILD NARADR HOLD (资金闸门: 坦克优先, cash=196)
[20:43:34] t=1406 jev VEH DRON HOLD (预算保护 cash=196 aav帽=ok aav=0)
[20:43:36] t=1409 jev BUILD NARADR HOLD (资金闸门: 坦克优先, cash=196)
[20:43:36] t=1409 jev VEH DRON HOLD (预算保护 cash=196 aav帽=ok aav=0)
[20:43:38] t=1411 jev BUILD NARADR HOLD (资金闸门: 坦克优先, cash=196)
[20:43:38] t=1411 jev VEH DRON HOLD (预算保护 cash=196 aav帽=ok aav=0)
[20:43:40] t=1413 jev BUILD NARADR HOLD (资金闸门: 坦克优先, cash=196)
[20:43:40] t=1413 jev VEH DRON HOLD (预算保护 cash=196 aav帽=ok aav=0)
[20:43:42] t=1416 jev BUILD NARADR HOLD (资金闸门: 坦克优先, cash=346)
[20:43:42] t=1416 jev VEH DRON HOLD (预算保护 cash=346 aav帽=ok aav=0)
[20:43:43] t=1418 jev VEH DRON HOLD (预算保护 cash=346 aav帽=ok aav=0)
[20:43:43] t=1418 MOVE raid x1 -> (96,102)
[20:43:43] {"kind": "action", "what": "attack_move", "name": null, "qty": null, "tid": null, "ts": "20:43:43"}
[20:43:45] t=1421 jev VEH DRON HOLD (预算保护 cash=346 aav帽=ok aav=0)
[20:43:47] t=1423 jev VEH DRON HOLD (预算保护 cash=346 aav帽=ok aav=0)
[20:43:49] t=1426 jev VEH DRON HOLD (预算保护 cash=346 aav帽=ok aav=0)
[20:43:49] t=1426 MOVE raid x1 -> (123,97)
[20:43:49] {"kind": "action", "what": "attack_move", "name": null, "qty": null, "tid": null, "ts": "20:43:49"}
[20:43:51] t=1428 jev VEH DRON HOLD (预算保护 cash=346 aav帽=ok aav=0)
[20:43:51] t=1428 MOVE raid x1 -> (123,100)
[20:43:51] {"kind": "action", "what": "attack_move", "name": null, "qty": null, "tid": null, "ts": "20:43:51"}
[20:43:52] t=1431 jev VEH HTK HOLD (预算保护 cash=346 aav帽=ok aav=0)
[20:43:52] t=1431 MOVE raid x1 -> (131,80)
[20:43:52] {"kind": "action", "what": "attack_move", "name": null, "qty": null, "tid": null, "ts": "20:43:52"}
[20:43:54] t=1433 jev VEH HTK HOLD (预算保护 cash=346 aav帽=ok aav=0)
[20:43:56] t=1435 jev VEH HTK HOLD (预算保护 cash=346 aav帽=ok aav=0)
[20:43:58] t=1438 jev VEH HTK HOLD (预算保护 cash=346 aav帽=ok aav=0)
[20:43:59] t=1440 jev VEH HTK HOLD (预算保护 cash=346 aav帽=ok aav=0)
[20:44:01] t=1442 jev BUILD NARADR HOLD (资金闸门: 坦克优先, cash=346)
[20:44:01] t=1442 jev VEH HTK HOLD (预算保护 cash=346 aav帽=ok aav=0)
[20:44:03] t=1445 jev BUILD NARADR HOLD (资金闸门: 坦克优先, cash=346)
[20:44:03] t=1445 jev VEH HTK HOLD (预算保护 cash=346 aav帽=ok aav=0)
[20:44:05] t=1447 jev BUILD NARADR HOLD (资金闸门: 坦克优先, cash=346)
[20:44:05] t=1447 jev VEH HTK HOLD (预算保护 cash=346 aav帽=ok aav=0)
[20:44:06] t=1449 jev BUILD NARADR HOLD (资金闸门: 坦克优先, cash=346)
[20:44:06] t=1449 jev VEH HTK HOLD (预算保护 cash=346 aav帽=ok aav=0)
[20:44:08] t=1452 jev BUILD NARADR HOLD (资金闸门: 坦克优先, cash=346)
[20:44:08] t=1452 jev VEH HTK HOLD (预算保护 cash=346 aav帽=ok aav=0)
[20:44:10] t=1454 jev VEH HTK HOLD (预算保护 cash=346 aav帽=ok aav=0)
[20:44:12] t=1456 jev BUILD NARADR HOLD (资金闸门: 坦克优先, cash=346)
[20:44:12] t=1456 jev VEH HTK HOLD (预算保护 cash=346 aav帽=ok aav=0)
[20:44:12] t=1456 tick#625 credits=346 stance=defend | jev 625 decisions p50=1580ms
[20:44:14] t=1461 RETREAT HTNK(20%)
[20:44:14] {"kind": "action", "what": "move", "name": null, "qty": null, "tid": null, "ts": "20:44:14"}
[20:44:19] t=1466 jev VEH HTK HOLD (预算保护 cash=496 aav帽=ok aav=0)
[20:44:21] t=1468 jev VEH HTK HOLD (预算保护 cash=496 aav帽=ok aav=0)
[20:44:23] t=1471 jev VEH HTK HOLD (预算保护 cash=496 aav帽=ok aav=0)
[20:44:24] t=1473 jev VEH DRON HOLD (预算保护 cash=496 aav帽=ok aav=0)
[20:44:26] t=1476 jev VEH DRON HOLD (预算保护 cash=496 aav帽=ok aav=0)
[20:44:28] t=1478 jev VEH DRON HOLD (预算保护 cash=496 aav帽=ok aav=0)
[20:44:30] t=1480 jev VEH DRON HOLD (预算保护 cash=496 aav帽=ok aav=0)
[20:44:32] t=1483 jev VEH DRON HOLD (预算保护 cash=496 aav帽=ok aav=0)
[20:44:33] t=1485 jev VEH DRON HOLD (预算保护 cash=496 aav帽=ok aav=0)
[20:44:35] t=1487 jev VEH DRON HOLD (预算保护 cash=496 aav帽=ok aav=0)
[20:44:37] t=1490 jev VEH DRON HOLD (预算保护 cash=496 aav帽=ok aav=0)
[20:44:39] t=1492 jev VEH DRON HOLD (预算保护 cash=496 aav帽=ok aav=0)
[20:44:41] t=1495 jev VEH DRON HOLD (预算保护 cash=496 aav帽=ok aav=0)
[20:44:42] t=1497 jev VEH DRON HOLD (预算保护 cash=496 aav帽=ok aav=0)
[20:44:44] t=1499 jev VEH DRON HOLD (预算保护 cash=496 aav帽=ok aav=0)
[20:44:46] t=1502 jev VEH DRON HOLD (预算保护 cash=496 aav帽=ok aav=0)
[20:44:48] t=1504 jev VEH HTK HOLD (预算保护 cash=496 aav帽=ok aav=0)
[20:44:50] t=1507 jev VEH DRON HOLD (预算保护 cash=496 aav帽=ok aav=0)
[20:44:50] t=1509 AA HTK x2 (enemy air, alive 0)
[20:44:50] {"kind": "action", "what": "produce", "name": "HTK", "qty": 2, "tid": null, "ts": "20:44:50"}
[20:44:57] t=1516 MOVE aahunt x1 -> (78,111)
[20:44:57] {"kind": "action", "what": "attack_move", "name": null, "qty": null, "tid": null, "ts": "20:44:57"}
[20:44:57] t=1516 tick#650 credits=137 stance=defend | jev 650 decisions p50=1576ms
[20:45:04] t=1528 AA HTK x2 (enemy air, alive 2)
[20:45:06] t=1528 jev VEH HTK HOLD (预算保护 cash=771 aav帽=ok aav=2)
[20:45:06] t=1531 AA HTK x2 (enemy air, alive 2)
[20:45:08] t=1531 jev VEH HTK HOLD (预算保护 cash=771 aav帽=ok aav=2)
[20:45:08] t=1533 AA HTK x2 (enemy air, alive 2)
[20:45:09] t=1533 jev VEH DRON HOLD (预算保护 cash=771 aav帽=ok aav=2)
[20:45:10] t=1536 AA HTK x2 (enemy air, alive 2)
[20:45:11] t=1536 jev VEH DRON HOLD (预算保护 cash=771 aav帽=ok aav=2)
[20:45:12] t=1538 AA HTK x2 (enemy air, alive 2)
[20:45:13] t=1538 jev VEH DRON HOLD (预算保护 cash=771 aav帽=ok aav=2)
[20:45:13] t=1540 AA HTK x2 (enemy air, alive 2)
[20:45:15] t=1540 jev VEH DRON HOLD (预算保护 cash=771 aav帽=ok aav=2)
[20:45:15] t=1543 AA HTK x2 (enemy air, alive 2)
[20:45:15] {"kind": "action", "what": "produce", "name": "HTK", "qty": 2, "tid": null, "ts": "20:45:15"}
[20:45:20] t=1548 jev BUILD NARADR HOLD (资金闸门: 坦克优先, cash=438)
[20:45:24] t=1553 jev BUILD NARADR HOLD (资金闸门: 坦克优先, cash=105)
[20:45:26] t=1555 jev BUILD NARADR HOLD (资金闸门: 坦克优先, cash=88)
[20:45:28] t=1557 MOVE aahunt x3 -> (78,111)
[20:45:28] {"kind": "action", "what": "attack_move", "name": null, "qty": null, "tid": null, "ts": "20:45:28"}
[20:45:35] t=1567 jev BUILD NARADR HOLD (资金闸门: 坦克优先, cash=0)
[20:45:36] t=1569 jev BUILD NARADR HOLD (资金闸门: 坦克优先, cash=0)
[20:45:42] t=1576 jev BUILD NARADR HOLD (资金闸门: 坦克优先, cash=0)
[20:45:42] t=1576 tick#675 credits=0 stance=defend | jev 675 decisions p50=1568ms
[20:45:58] t=1598 MOVE aahunt x3 -> (78,111)
[20:45:58] {"kind": "action", "what": "attack_move", "name": null, "qty": null, "tid": null, "ts": "20:45:58"}
[20:46:00] t=1600 jev BUILD NARADR HOLD (资金闸门: 坦克优先, cash=76)
[20:46:01] t=1602 jev BUILD NARADR HOLD (资金闸门: 坦克优先, cash=71)
[20:46:01] t=1602 jev VEH DRON HOLD (预算保护 cash=71 aav帽=ok aav=4)
[20:46:03] t=1605 jev BUILD NARADR HOLD (资金闸门: 坦克优先, cash=71)
[20:46:03] t=1605 jev VEH HTK HOLD (预算保护 cash=71 aav帽=hit aav=4)
[20:46:05] t=1607 jev BUILD NARADR HOLD (资金闸门: 坦克优先, cash=71)
[20:46:05] t=1607 jev VEH HTK HOLD (预算保护 cash=71 aav帽=hit aav=4)
[20:46:07] t=1610 jev VEH HTK HOLD (预算保护 cash=71 aav帽=hit aav=4)
[20:46:09] t=1612 jev BUILD NARADR HOLD (资金闸门: 坦克优先, cash=71)
[20:46:09] t=1612 jev VEH DRON HOLD (预算保护 cash=71 aav帽=ok aav=4)
[20:46:10] t=1614 jev BUILD NARADR HOLD (资金闸门: 坦克优先, cash=71)
[20:46:10] t=1614 jev VEH HTK HOLD (预算保护 cash=71 aav帽=hit aav=4)
[20:46:12] t=1617 jev BUILD NARADR HOLD (资金闸门: 坦克优先, cash=71)
[20:46:12] t=1617 jev VEH DRON HOLD (预算保护 cash=71 aav帽=ok aav=4)
[20:46:14] t=1619 jev BUILD NARADR HOLD (资金闸门: 坦克优先, cash=71)
[20:46:14] t=1619 jev VEH HTK HOLD (预算保护 cash=71 aav帽=hit aav=4)
[20:46:16] t=1622 jev BUILD NARADR HOLD (资金闸门: 坦克优先, cash=71)
[20:46:16] t=1622 jev VEH HTK HOLD (预算保护 cash=71 aav帽=hit aav=4)
[20:46:18] t=1624 jev VEH HTK HOLD (预算保护 cash=71 aav帽=hit aav=4)
[20:46:20] t=1627 jev VEH DRON HOLD (预算保护 cash=71 aav帽=ok aav=4)
[20:46:21] t=1629 jev VEH HTK HOLD (预算保护 cash=71 aav帽=hit aav=4)
[20:46:23] t=1631 jev BUILD NARADR HOLD (资金闸门: 坦克优先, cash=71)
[20:46:23] t=1631 jev VEH HTK HOLD (预算保护 cash=71 aav帽=hit aav=4)
[20:46:25] t=1634 jev VEH HTK HOLD (预算保护 cash=71 aav帽=hit aav=4)
[20:46:27] t=1636 jev VEH HTK HOLD (预算保护 cash=71 aav帽=hit aav=4)
[20:46:27] t=1636 tick#700 credits=71 stance=defend | jev 700 decisions p50=1559ms
[20:46:29] t=1639 jev BUILD NARADR HOLD (资金闸门: 坦克优先, cash=71)
[20:46:29] t=1639 jev VEH DRON HOLD (预算保护 cash=71 aav帽=ok aav=4)
[20:46:29] t=1639 MOVE aahunt x4 -> (78,111)
[20:46:29] {"kind": "action", "what": "attack_move", "name": null, "qty": null, "tid": null, "ts": "20:46:29"}
[20:46:30] t=1641 jev BUILD NARADR HOLD (资金闸门: 坦克优先, cash=71)
[20:46:30] t=1641 jev VEH DRON HOLD (预算保护 cash=71 aav帽=ok aav=4)
[20:46:32] t=1643 jev BUILD NARADR HOLD (资金闸门: 坦克优先, cash=71)
[20:46:32] t=1643 jev VEH DRON HOLD (预算保护 cash=71 aav帽=ok aav=4)
[20:46:34] t=1646 jev BUILD NARADR HOLD (资金闸门: 坦克优先, cash=221)
[20:46:34] t=1646 jev VEH DRON HOLD (预算保护 cash=221 aav帽=ok aav=4)
[20:46:36] t=1648 jev BUILD NARADR HOLD (资金闸门: 坦克优先, cash=221)
[20:46:36] t=1648 jev VEH DRON HOLD (预算保护 cash=221 aav帽=ok aav=4)
[20:46:38] t=1651 jev BUILD NARADR HOLD (资金闸门: 坦克优先, cash=221)
[20:46:38] t=1651 jev VEH DRON HOLD (预算保护 cash=221 aav帽=ok aav=4)
[20:46:39] t=1653 jev BUILD NARADR HOLD (资金闸门: 坦克优先, cash=221)
[20:46:39] t=1653 jev VEH DRON HOLD (预算保护 cash=221 aav帽=ok aav=4)
[20:46:41] t=1656 jev VEH DRON HOLD (预算保护 cash=221 aav帽=ok aav=4)
[20:46:43] t=1658 jev VEH DRON HOLD (预算保护 cash=221 aav帽=ok aav=4)
[20:46:45] t=1660 jev VEH DRON HOLD (预算保护 cash=221 aav帽=ok aav=4)
[20:46:47] t=1663 jev VEH DRON HOLD (预算保护 cash=221 aav帽=ok aav=4)
[20:46:48] t=1665 jev VEH DRON HOLD (预算保护 cash=221 aav帽=ok aav=4)
[20:46:50] t=1668 jev VEH DRON HOLD (预算保护 cash=221 aav帽=ok aav=4)
[20:46:52] t=1670 jev VEH DRON HOLD (预算保护 cash=221 aav帽=ok aav=4)
[20:46:54] t=1672 jev VEH DRON HOLD (预算保护 cash=221 aav帽=ok aav=4)
[20:46:56] t=1675 jev VEH DRON HOLD (预算保护 cash=221 aav帽=ok aav=4)
[20:46:57] t=1677 jev BUILD NARADR HOLD (资金闸门: 坦克优先, cash=221)
[20:46:57] t=1677 jev VEH DRON HOLD (预算保护 cash=221 aav帽=ok aav=4)
[20:46:59] t=1680 jev VEH DRON HOLD (预算保护 cash=221 aav帽=ok aav=4)
[20:46:59] t=1680 MOVE aahunt x4 -> (78,111)
[20:46:59] {"kind": "action", "what": "attack_move", "name": null, "qty": null, "tid": null, "ts": "20:46:59"}
[20:47:01] t=1682 jev VEH DRON HOLD (预算保护 cash=221 aav帽=ok aav=4)
[20:47:03] t=1684 jev VEH DRON HOLD (预算保护 cash=221 aav帽=ok aav=4)
[20:47:05] t=1687 jev BUILD NARADR HOLD (资金闸门: 坦克优先, cash=221)
[20:47:05] t=1687 jev VEH HTK HOLD (预算保护 cash=221 aav帽=hit aav=4)
[20:47:06] t=1689 jev BUILD NARADR HOLD (资金闸门: 坦克优先, cash=221)
[20:47:06] t=1689 jev VEH HTK HOLD (预算保护 cash=221 aav帽=hit aav=4)
[20:47:08] t=1692 jev BUILD NARADR HOLD (资金闸门: 坦克优先, cash=221)
[20:47:08] t=1692 jev VEH HTK HOLD (预算保护 cash=221 aav帽=hit aav=4)
[20:47:10] t=1694 jev BUILD NARADR HOLD (资金闸门: 坦克优先, cash=371)
[20:47:10] t=1694 jev VEH HTK HOLD (预算保护 cash=371 aav帽=hit aav=4)
[20:47:12] t=1696 jev BUILD NARADR HOLD (资金闸门: 坦克优先, cash=371)
[20:47:12] t=1696 jev VEH HTK HOLD (预算保护 cash=371 aav帽=hit aav=4)
[20:47:12] t=1696 tick#725 credits=371 stance=defend | jev 725 decisions p50=1554ms
[20:47:12] t=1699 ECON harv#3
[20:47:12] {"kind": "action", "what": "produce", "name": "HARV", "qty": 1, "tid": null, "ts": "20:47:12"}
[20:47:29] t=1720 MOVE aahunt x4 -> (78,111)
[20:47:29] {"kind": "action", "what": "attack_move", "name": null, "qty": null, "tid": null, "ts": "20:47:29"}
[20:47:37] t=1729 jev VEH DRON HOLD (预算保护 cash=96 aav帽=ok aav=4)
[20:47:39] t=1732 jev VEH DRON HOLD (预算保护 cash=96 aav帽=ok aav=4)
[20:47:40] t=1734 jev VEH DRON HOLD (预算保护 cash=96 aav帽=ok aav=4)
[20:47:42] t=1737 jev VEH DRON HOLD (预算保护 cash=96 aav帽=ok aav=4)
[20:47:44] t=1739 jev VEH DRON HOLD (预算保护 cash=96 aav帽=ok aav=4)
[20:47:46] t=1742 jev VEH DRON HOLD (预算保护 cash=246 aav帽=ok aav=4)
[20:47:48] t=1744 jev VEH DRON HOLD (预算保护 cash=246 aav帽=ok aav=4)
[20:47:49] t=1746 jev VEH DRON HOLD (预算保护 cash=246 aav帽=ok aav=4)
[20:47:51] t=1749 jev VEH DRON HOLD (预算保护 cash=246 aav帽=ok aav=4)
[20:47:53] t=1751 jev VEH DRON HOLD (预算保护 cash=246 aav帽=ok aav=4)
[20:47:55] t=1753 jev VEH DRON HOLD (预算保护 cash=246 aav帽=ok aav=4)
[20:47:57] t=1756 jev VEH DRON HOLD (预算保护 cash=246 aav帽=ok aav=4)
[20:47:57] t=1756 tick#750 credits=246 stance=defend | jev 750 decisions p50=1546ms
[20:47:58] t=1758 jev VEH DRON HOLD (预算保护 cash=246 aav帽=ok aav=4)
[20:48:00] t=1761 jev VEH DRON HOLD (预算保护 cash=246 aav帽=ok aav=4)
[20:48:00] t=1761 MOVE aahunt x4 -> (78,111)
[20:48:00] {"kind": "action", "what": "attack_move", "name": null, "qty": null, "tid": null, "ts": "20:48:00"}
[20:48:02] t=1763 jev VEH DRON HOLD (预算保护 cash=246 aav帽=ok aav=4)
[20:48:04] t=1766 jev VEH DRON HOLD (预算保护 cash=246 aav帽=ok aav=4)
[20:48:06] t=1768 jev VEH DRON HOLD (预算保护 cash=246 aav帽=ok aav=4)
[20:48:07] t=1770 jev VEH DRON HOLD (预算保护 cash=246 aav帽=ok aav=4)
[20:48:09] t=1773 jev VEH DRON HOLD (预算保护 cash=246 aav帽=ok aav=4)
[20:48:11] t=1775 jev VEH DRON HOLD (预算保护 cash=246 aav帽=ok aav=4)
[20:48:13] t=1778 jev VEH DRON HOLD (预算保护 cash=321 aav帽=ok aav=4)
[20:48:14] t=1780 jev VEH DRON HOLD (预算保护 cash=321 aav帽=ok aav=4)
[20:48:16] t=1782 jev VEH DRON HOLD (预算保护 cash=321 aav帽=ok aav=4)
[20:48:18] t=1785 jev VEH DRON HOLD (预算保护 cash=396 aav帽=ok aav=4)
[20:48:20] t=1787 jev VEH DRON HOLD (预算保护 cash=396 aav帽=ok aav=4)
[20:48:22] t=1789 jev VEH DRON HOLD (预算保护 cash=396 aav帽=ok aav=4)
[20:48:23] t=1792 jev VEH DRON HOLD (预算保护 cash=396 aav帽=ok aav=4)
[20:48:25] t=1794 jev VEH DRON HOLD (预算保护 cash=396 aav帽=ok aav=4)
[20:48:27] t=1797 jev VEH DRON HOLD (预算保护 cash=396 aav帽=ok aav=4)
[20:48:29] t=1799 jev VEH DRON HOLD (预算保护 cash=396 aav帽=ok aav=4)
[20:48:31] t=1801 jev VEH DRON HOLD (预算保护 cash=396 aav帽=ok aav=4)
[20:48:31] t=1801 MOVE aahunt x4 -> (78,111)
[20:48:31] {"kind": "action", "what": "attack_move", "name": null, "qty": null, "tid": null, "ts": "20:48:31"}
[20:48:32] t=1804 jev VEH DRON HOLD (预算保护 cash=396 aav帽=ok aav=4)
[20:48:34] t=1806 jev VEH DRON HOLD (预算保护 cash=396 aav帽=ok aav=4)
[20:48:36] t=1808 jev VEH DRON HOLD (预算保护 cash=396 aav帽=ok aav=4)
[20:48:38] t=1811 jev BUILD NARADR HOLD (资金闸门: 坦克优先, cash=396)
[20:48:38] t=1811 jev VEH HTK HOLD (预算保护 cash=396 aav帽=hit aav=4)
[20:48:39] t=1813 jev VEH HTK HOLD (预算保护 cash=396 aav帽=hit aav=4)
[20:48:41] t=1816 jev BUILD NARADR HOLD (资金闸门: 坦克优先, cash=396)
[20:48:41] t=1816 jev VEH HTK HOLD (预算保护 cash=396 aav帽=hit aav=4)
[20:48:41] t=1816 tick#775 credits=396 stance=defend | jev 775 decisions p50=1538ms
[20:48:43] t=1818 jev BUILD NARADR HOLD (资金闸门: 坦克优先, cash=396)
[20:48:43] t=1818 jev VEH HTK HOLD (预算保护 cash=396 aav帽=hit aav=4)
[20:48:45] t=1820 jev VEH HTK HOLD (预算保护 cash=471 aav帽=hit aav=4)
[20:48:46] t=1822 jev VEH HTK HOLD (预算保护 cash=471 aav帽=hit aav=4)
[20:48:48] t=1825 jev VEH HTK HOLD (预算保护 cash=471 aav帽=hit aav=4)
[20:48:50] t=1827 jev BUILD NARADR HOLD (资金闸门: 坦克优先, cash=546)
[20:48:50] t=1827 jev VEH HTK HOLD (预算保护 cash=546 aav帽=hit aav=4)
[20:48:52] t=1829 jev VEH HTK HOLD (预算保护 cash=546 aav帽=hit aav=4)
[20:48:53] t=1832 jev VEH HTK HOLD (预算保护 cash=546 aav帽=hit aav=4)
[20:48:55] t=1834 jev VEH HTK HOLD (预算保护 cash=546 aav帽=hit aav=4)
[20:48:57] t=1836 jev VEH HTK HOLD (预算保护 cash=546 aav帽=hit aav=4)
[20:48:59] t=1839 jev VEH HTK HOLD (预算保护 cash=546 aav帽=hit aav=4)
[20:49:00] t=1841 jev VEH HTK HOLD (预算保护 cash=546 aav帽=hit aav=4)
[20:49:02] t=1843 jev VEH DRON HOLD (预算保护 cash=546 aav帽=ok aav=4)
[20:49:02] t=1843 MOVE aahunt x4 -> (78,111)
[20:49:02] {"kind": "action", "what": "attack_move", "name": null, "qty": null, "tid": null, "ts": "20:49:02"}
[20:49:04] t=1846 jev VEH DRON HOLD (预算保护 cash=546 aav帽=ok aav=4)
[20:49:06] t=1848 jev VEH DRON HOLD (预算保护 cash=546 aav帽=ok aav=4)
[20:49:07] t=1851 jev VEH DRON HOLD (预算保护 cash=546 aav帽=ok aav=4)
[20:49:09] t=1853 jev VEH DRON HOLD (预算保护 cash=546 aav帽=ok aav=4)
[20:49:11] t=1855 jev VEH DRON HOLD (预算保护 cash=546 aav帽=ok aav=4)
[20:49:13] t=1858 jev VEH DRON HOLD (预算保护 cash=546 aav帽=ok aav=4)
[20:49:15] t=1860 jev VEH DRON HOLD (预算保护 cash=546 aav帽=ok aav=4)
[20:49:17] t=1863 jev VEH DRON HOLD (预算保护 cash=621 aav帽=ok aav=4)
[20:49:18] t=1865 jev VEH DRON HOLD (预算保护 cash=621 aav帽=ok aav=4)
[20:49:20] t=1867 jev VEH DRON HOLD (预算保护 cash=621 aav帽=ok aav=4)
[20:49:22] t=1870 jev VEH DRON HOLD (预算保护 cash=621 aav帽=ok aav=4)
[20:49:24] t=1872 jev VEH DRON HOLD (预算保护 cash=621 aav帽=ok aav=4)
[20:49:24] t=1875 ECON harv#4
[20:49:24] {"kind": "action", "what": "produce", "name": "HARV", "qty": 1, "tid": null, "ts": "20:49:24"}
[20:49:25] t=1875 jev BUILD NARADR (conf 0.15)
[20:49:26] {"kind": "action", "what": "produce", "name": "NARADR", "qty": 1, "tid": null, "ts": "20:49:26"}
[20:49:26] t=1875 tick#800 credits=1746 stance=defend | jev 800 decisions p50=1533ms
[20:49:33] t=1884 MOVE aahunt x4 -> (78,111)
[20:49:33] {"kind": "action", "what": "attack_move", "name": null, "qty": null, "tid": null, "ts": "20:49:33"}
[20:50:04] t=1925 MOVE aahunt x4 -> (78,111)
[20:50:04] {"kind": "action", "what": "attack_move", "name": null, "qty": null, "tid": null, "ts": "20:50:04"}
[20:50:11] t=1935 tick#825 credits=0 stance=defend | jev 825 decisions p50=1530ms
[20:50:17] t=1945 ALARM unit lost -> TURTLE (4 v 22, 守塔阵不打野战)
[20:50:17] {"kind": "action", "what": "attack_move", "name": null, "qty": null, "tid": null, "ts": "20:50:17"}
[20:50:35] t=1968 MOVE aahunt x4 -> (78,111)
[20:50:36] {"kind": "action", "what": "attack_move", "name": null, "qty": null, "tid": null, "ts": "20:50:36"}
[20:50:58] t=1997 tick#850 credits=0 stance=defend | jev 850 decisions p50=1530ms
[20:51:01] t=2002 jev VEH HTK HOLD (预算保护 cash=82 aav帽=hit aav=4)
[20:51:03] t=2005 jev VEH HTK HOLD (预算保护 cash=23 aav帽=hit aav=4)
[20:51:05] t=2007 jev VEH HTK HOLD (预算保护 cash=0 aav帽=hit aav=4)
[20:51:07] t=2010 jev VEH HTK HOLD (预算保护 cash=0 aav帽=hit aav=4)
[20:51:07] t=2010 MOVE aahunt x4 -> (78,111)
[20:51:07] {"kind": "action", "what": "attack_move", "name": null, "qty": null, "tid": null, "ts": "20:51:07"}
[20:51:09] t=2012 jev VEH HTK HOLD (预算保护 cash=0 aav帽=hit aav=4)
[20:51:11] t=2015 jev VEH HTK HOLD (预算保护 cash=0 aav帽=hit aav=4)
[20:51:12] t=2017 jev VEH HTK HOLD (预算保护 cash=0 aav帽=hit aav=4)
[20:51:14] t=2019 jev VEH HTK HOLD (预算保护 cash=0 aav帽=hit aav=4)
[20:51:16] t=2022 jev VEH HTK HOLD (预算保护 cash=0 aav帽=hit aav=4)
[20:51:18] t=2024 jev VEH HTK HOLD (预算保护 cash=0 aav帽=hit aav=4)
[20:51:20] t=2027 jev VEH HTK HOLD (预算保护 cash=0 aav帽=hit aav=4)
[20:51:21] t=2029 jev VEH HTK HOLD (预算保护 cash=0 aav帽=hit aav=4)
[20:51:23] t=2032 jev VEH HTK HOLD (预算保护 cash=0 aav帽=hit aav=4)
[20:51:25] t=2034 jev VEH HTK HOLD (预算保护 cash=0 aav帽=hit aav=4)
[20:51:27] t=2037 jev VEH HTK HOLD (预算保护 cash=0 aav帽=hit aav=4)
[20:51:29] t=2039 jev VEH HTK HOLD (预算保护 cash=0 aav帽=hit aav=4)
[20:51:31] t=2041 jev VEH HTK HOLD (预算保护 cash=0 aav帽=hit aav=4)
[20:51:32] t=2044 jev VEH HTK HOLD (预算保护 cash=0 aav帽=hit aav=4)
[20:51:34] t=2046 jev VEH DRON HOLD (预算保护 cash=149 aav帽=ok aav=4)
[20:51:35] t=2049 ECON harv#4
[20:51:35] {"kind": "action", "what": "produce", "name": "HARV", "qty": 1, "tid": null, "ts": "20:51:35"}
[20:51:38] t=2051 MOVE aahunt x4 -> (78,111)
[20:51:38] {"kind": "action", "what": "attack_move", "name": null, "qty": null, "tid": null, "ts": "20:51:38"}
[20:51:41] t=2054 jev INF FLAKT (conf 0.31)
[20:51:41] {"kind": "action", "what": "produce", "name": "FLAKT", "qty": 1, "tid": null, "ts": "20:51:41"}
[20:51:47] t=2061 jev INF FLAKT HOLD (预算保护 gate=False e2=0)
[20:51:47] t=2061 MOVE hold_a x1 -> (70,109)
[20:51:47] {"kind": "action", "what": "attack_move", "name": null, "qty": null, "tid": null, "ts": "20:51:47"}
[20:51:47] t=2061 tick#875 credits=409 stance=defend | jev 875 decisions p50=1530ms
[20:51:49] t=2065 jev INF FLAKT HOLD (预算保护 gate=False e2=0)
[20:51:51] t=2068 jev INF FLAKT HOLD (预算保护 gate=False e2=0)
[20:51:53] t=2071 jev INF FLAKT HOLD (预算保护 gate=False e2=0)
[20:51:55] t=2073 jev INF FLAKT HOLD (预算保护 gate=False e2=0)
[20:51:57] t=2076 jev INF FLAKT HOLD (预算保护 gate=False e2=0)
[20:51:59] t=2079 jev INF FLAKT HOLD (预算保护 gate=False e2=0)
[20:52:01] t=2081 jev INF FLAKT HOLD (预算保护 gate=False e2=0)
[20:52:03] t=2084 jev INF FLAKT HOLD (预算保护 gate=False e2=0)
[20:52:05] t=2087 jev INF FLAKT HOLD (预算保护 gate=False e2=0)
[20:52:07] t=2089 jev INF FLAKT HOLD (预算保护 gate=False e2=0)
[20:52:09] t=2092 jev INF FLAKT HOLD (预算保护 gate=False e2=0)
[20:52:09] t=2092 MOVE aahunt x4 -> (78,111)
[20:52:09] {"kind": "action", "what": "attack_move", "name": null, "qty": null, "tid": null, "ts": "20:52:09"}
[20:52:12] t=2095 jev INF FLAKT HOLD (预算保护 gate=False e2=0)
[20:52:14] t=2098 jev INF FLAKT HOLD (预算保护 gate=False e2=0)
[20:52:17] t=2101 jev INF FLAKT HOLD (预算保护 gate=False e2=0)
[20:52:20] t=2105 jev INF FLAKT HOLD (预算保护 gate=False e2=0)
[20:52:22] t=2108 jev INF FLAKT HOLD (预算保护 gate=False e2=0)
[20:52:25] t=2111 jev INF FLAKT HOLD (预算保护 gate=False e2=0)
[20:52:25] t=2115 ALARM unit lost -> TURTLE (5 v 23, 守塔阵不打野战)
[20:52:25] {"kind": "action", "what": "attack_move", "name": null, "qty": null, "tid": null, "ts": "20:52:25"}
[20:52:27] t=2115 jev INF FLAKT HOLD (预算保护 gate=False e2=0)
[20:52:29] t=2118 jev INF FLAKT HOLD (预算保护 gate=False e2=0)
[20:52:31] t=2120 jev INF FLAKT HOLD (预算保护 gate=False e2=0)
[20:52:33] t=2123 jev INF FLAKT HOLD (预算保护 gate=False e2=0)
[20:52:35] t=2126 jev INF FLAKT HOLD (预算保护 gate=False e2=0)
[20:52:37] t=2129 jev INF FLAKT HOLD (预算保护 gate=False e2=0)
[20:52:39] t=2131 jev INF FLAKT HOLD (预算保护 gate=False e2=0)
[20:52:41] t=2134 jev INF FLAKT HOLD (预算保护 gate=False e2=0)
[20:52:41] t=2134 MOVE aahunt x4 -> (78,111)
[20:52:41] {"kind": "action", "what": "attack_move", "name": null, "qty": null, "tid": null, "ts": "20:52:41"}
[20:52:41] t=2134 tick#900 credits=0 stance=defend | jev 900 decisions p50=1531ms
[20:52:44] t=2137 jev INF FLAKT HOLD (预算保护 gate=False e2=0)
[20:52:47] t=2141 jev INF FLAKT HOLD (预算保护 gate=False e2=0)
[20:52:49] t=2144 jev INF FLAKT HOLD (预算保护 gate=False e2=0)
[20:52:49] t=2144 MOVE hold_a x1 -> (70,109)
[20:52:49] {"kind": "action", "what": "attack_move", "name": null, "qty": null, "tid": null, "ts": "20:52:49"}
[20:52:51] t=2147 jev INF FLAKT HOLD (预算保护 gate=False e2=0)
[20:52:53] t=2150 jev INF FLAKT HOLD (预算保护 gate=False e2=0)
[20:52:55] t=2153 jev INF FLAKT HOLD (预算保护 gate=False e2=0)
[20:52:57] t=2155 jev INF FLAKT HOLD (预算保护 gate=False e2=0)
[20:52:59] t=2158 jev INF FLAKT HOLD (预算保护 gate=False e2=0)
[20:53:01] t=2161 jev INF FLAKT HOLD (预算保护 gate=False e2=0)
[20:53:03] t=2163 jev INF FLAKT HOLD (预算保护 gate=False e2=0)
[20:53:05] t=2166 jev INF FLAKT HOLD (预算保护 gate=False e2=0)
[20:53:07] t=2169 jev INF FLAKT HOLD (预算保护 gate=False e2=0)
[20:53:09] t=2172 jev INF FLAKT HOLD (预算保护 gate=False e2=0)
[20:53:11] t=2174 jev INF FLAKT HOLD (预算保护 gate=False e2=0)
[20:53:11] t=2174 MOVE aahunt x4 -> (78,111)
[20:53:11] {"kind": "action", "what": "attack_move", "name": null, "qty": null, "tid": null, "ts": "20:53:11"}
[20:53:13] t=2177 jev INF FLAKT HOLD (预算保护 gate=False e2=0)
[20:53:15] t=2180 jev INF FLAKT HOLD (预算保护 gate=False e2=0)
[20:53:17] t=2182 jev INF FLAKT HOLD (预算保护 gate=False e2=0)
[20:53:19] t=2185 jev INF FLAKT HOLD (预算保护 gate=False e2=0)
[20:53:21] t=2188 jev INF FLAKT HOLD (预算保护 gate=False e2=0)
[20:53:23] t=2191 jev INF FLAKT HOLD (预算保护 gate=False e2=0)
[20:53:23] t=2191 jev VEH DRON HOLD (预算保护 cash=71 aav帽=ok aav=4)
[20:53:26] t=2193 jev INF FLAKT HOLD (预算保护 gate=False e2=0)
[20:53:26] t=2193 jev VEH DRON HOLD (预算保护 cash=71 aav帽=ok aav=4)
[20:53:28] t=2196 jev INF FLAKT HOLD (预算保护 gate=False e2=0)
[20:53:28] t=2196 jev VEH DRON HOLD (预算保护 cash=71 aav帽=ok aav=4)
[20:53:30] t=2199 jev INF FLAKT HOLD (预算保护 gate=False e2=0)
[20:53:30] t=2199 jev VEH DRON HOLD (预算保护 cash=71 aav帽=ok aav=4)
[20:53:32] t=2201 jev INF FLAKT HOLD (预算保护 gate=False e2=0)
[20:53:32] t=2201 jev VEH DRON HOLD (预算保护 cash=71 aav帽=ok aav=4)
[20:53:34] t=2204 jev INF FLAKT HOLD (预算保护 gate=False e2=0)
[20:53:34] t=2204 jev VEH DRON HOLD (预算保护 cash=71 aav帽=ok aav=4)
[20:53:34] t=2204 tick#925 credits=71 stance=defend | jev 925 decisions p50=1534ms
[20:53:36] t=2207 jev INF FLAKT HOLD (预算保护 gate=False e2=0)
[20:53:36] t=2207 jev VEH DRON HOLD (预算保护 cash=71 aav帽=ok aav=4)
[20:53:38] t=2210 jev INF FLAKT HOLD (预算保护 gate=False e2=0)
[20:53:38] t=2210 jev VEH DRON HOLD (预算保护 cash=71 aav帽=ok aav=4)
[20:53:40] t=2212 jev INF FLAKT HOLD (预算保护 gate=False e2=0)
[20:53:40] t=2212 jev VEH DRON HOLD (预算保护 cash=71 aav帽=ok aav=4)
[20:53:42] t=2215 jev INF FLAKT HOLD (预算保护 gate=False e2=0)
[20:53:42] t=2215 jev VEH DRON HOLD (预算保护 cash=71 aav帽=ok aav=4)
[20:53:42] t=2215 MOVE aahunt x4 -> (78,111)
[20:53:42] {"kind": "action", "what": "attack_move", "name": null, "qty": null, "tid": null, "ts": "20:53:42"}
[20:53:44] t=2218 jev INF FLAKT HOLD (预算保护 gate=False e2=0)
[20:53:44] t=2218 jev VEH DRON HOLD (预算保护 cash=71 aav帽=ok aav=4)
[20:53:44] t=2221 HARASS DRON x2 (have 0)
[20:53:44] {"kind": "action", "what": "produce", "name": "DRON", "qty": 2, "tid": null, "ts": "20:53:44"}
[20:53:46] t=2221 jev INF FLAKT (conf 0.27)
[20:53:46] {"kind": "action", "what": "produce", "name": "FLAKT", "qty": 1, "tid": null, "ts": "20:53:46"}
[20:53:50] t=2226 MOVE hold_a x1 -> (70,109)
[20:53:50] {"kind": "action", "what": "attack_move", "name": null, "qty": null, "tid": null, "ts": "20:53:50"}
[20:53:50] t=2229 SCOUT #2959->[114, 13] (敌影)
[20:53:50] {"kind": "action", "what": "attack_move", "name": null, "qty": null, "tid": null, "ts": "20:53:50"}
[20:53:52] t=2229 jev INF FLAKT HOLD (预算保护 gate=False e2=0)
[20:53:52] t=2229 MOVE hold_b x1 -> (77,120)
[20:53:52] {"kind": "action", "what": "attack_move", "name": null, "qty": null, "tid": null, "ts": "20:53:52"}
[20:53:54] t=2232 jev INF FLAKT HOLD (预算保护 gate=False e2=0)
[20:53:56] t=2234 jev INF FLAKT HOLD (预算保护 gate=False e2=0)
[20:53:58] t=2237 jev INF FLAKT HOLD (预算保护 gate=False e2=0)
[20:53:58] t=2237 jev VEH DRON HOLD (预算保护 cash=221 aav帽=ok aav=4)
[20:53:58] t=2237 ATTACK (tanks=6)
[20:53:58] t=2237 MOVE raid x1 -> (89,118)
[20:53:58] {"kind": "action", "what": "attack_move", "name": null, "qty": null, "tid": null, "ts": "20:53:58"}
[20:53:59] t=2240 ESCORT 坦克#2963 -> 护航矿车@[80, 93]
[20:53:59] {"kind": "action", "what": "attack_move", "name": null, "qty": null, "tid": null, "ts": "20:53:59"}
[20:54:00] t=2240 jev INF FLAKT HOLD (预算保护 gate=False e2=0)
[20:54:00] t=2240 jev VEH DRON HOLD (预算保护 cash=221 aav帽=ok aav=4)
[20:54:00] t=2240 MOVE raid x1 -> (89,115)
[20:54:00] {"kind": "action", "what": "attack_move", "name": null, "qty": null, "tid": null, "ts": "20:54:00"}
[20:54:02] t=2243 jev INF FLAKT HOLD (预算保护 gate=False e2=0)
[20:54:02] t=2243 jev VEH DRON HOLD (预算保护 cash=221 aav帽=ok aav=4)
[20:54:02] t=2243 MOVE raid x1 -> (89,112)
[20:54:02] {"kind": "action", "what": "attack_move", "name": null, "qty": null, "tid": null, "ts": "20:54:02"}
[20:54:03] t=2245 ALARM unit lost -> 攻势保持（塔阵守家, 前线 7 个单位继续进攻）
[20:54:03] t=2245 SCOUT #2963->[100, 100]
[20:54:03] {"kind": "action", "what": "attack_move", "name": null, "qty": null, "tid": null, "ts": "20:54:03"}
[20:54:05] t=2245 jev INF FLAKT HOLD (预算保护 gate=False e2=0)
[20:54:05] t=2245 jev VEH DRON HOLD (预算保护 cash=371 aav帽=ok aav=4)
[20:54:07] t=2248 jev INF FLAKT HOLD (预算保护 gate=False e2=0)
[20:54:07] t=2248 jev VEH DRON HOLD (预算保护 cash=371 aav帽=ok aav=4)
[20:54:09] t=2251 jev INF FLAKT HOLD (预算保护 gate=False e2=0)
[20:54:09] t=2251 jev VEH DRON HOLD (预算保护 cash=371 aav帽=ok aav=4)
[20:54:11] t=2253 jev INF FLAKT HOLD (预算保护 gate=False e2=0)
[20:54:11] t=2253 jev VEH DRON HOLD (预算保护 cash=371 aav帽=ok aav=4)
[20:54:13] t=2256 jev INF FLAKT HOLD (预算保护 gate=False e2=0)
[20:54:13] t=2256 jev VEH DRON HOLD (预算保护 cash=371 aav帽=ok aav=4)
[20:54:13] t=2256 MOVE aahunt x4 -> (78,111)
[20:54:13] {"kind": "action", "what": "attack_move", "name": null, "qty": null, "tid": null, "ts": "20:54:13"}
[20:54:15] t=2259 jev INF FLAKT HOLD (预算保护 gate=False e2=0)
[20:54:15] t=2259 jev VEH DRON HOLD (预算保护 cash=371 aav帽=ok aav=4)
[20:54:17] t=2262 jev INF FLAKT HOLD (预算保护 gate=False e2=0)
[20:54:17] t=2262 jev VEH DRON HOLD (预算保护 cash=371 aav帽=ok aav=4)
[20:54:19] t=2264 jev INF FLAKT HOLD (预算保护 gate=False e2=0)
[20:54:19] t=2264 jev VEH DRON HOLD (预算保护 cash=371 aav帽=ok aav=4)
[20:54:21] t=2267 jev INF FLAKT HOLD (预算保护 gate=False e2=0)
[20:54:21] t=2267 jev VEH DRON HOLD (预算保护 cash=371 aav帽=ok aav=4)
[20:54:23] t=2270 jev INF FLAKT HOLD (预算保护 gate=False e2=0)
[20:54:23] t=2270 jev VEH DRON HOLD (预算保护 cash=371 aav帽=ok aav=4)
[20:54:25] t=2273 jev INF FLAKT HOLD (预算保护 gate=False e2=0)
[20:54:25] t=2273 jev VEH DRON HOLD (预算保护 cash=371 aav帽=ok aav=4)
[20:54:25] t=2273 tick#950 credits=371 stance=attack | jev 950 decisions p50=1543ms
[20:54:27] t=2275 jev INF FLAKT HOLD (预算保护 gate=False e2=0)
[20:54:27] t=2275 jev VEH DRON HOLD (预算保护 cash=371 aav帽=ok aav=4)
[20:54:29] t=2278 jev INF FLAKT HOLD (预算保护 gate=False e2=0)
[20:54:29] t=2278 jev VEH DRON HOLD (预算保护 cash=371 aav帽=ok aav=4)
[20:54:31] t=2281 jev INF FLAKT HOLD (预算保护 gate=False e2=0)
[20:54:31] t=2281 jev VEH DRON HOLD (预算保护 cash=371 aav帽=ok aav=4)
[20:54:33] t=2283 jev INF FLAKT HOLD (预算保护 gate=False e2=0)
[20:54:33] t=2283 jev VEH DRON HOLD (预算保护 cash=521 aav帽=ok aav=4)
[20:54:35] t=2286 jev INF FLAKT HOLD (预算保护 gate=False e2=0)
[20:54:35] t=2286 jev VEH DRON HOLD (预算保护 cash=521 aav帽=ok aav=4)
[20:54:37] t=2289 jev INF FLAKT HOLD (预算保护 gate=False e2=0)
[20:54:37] t=2289 jev VEH DRON HOLD (预算保护 cash=521 aav帽=ok aav=4)
[20:54:39] t=2291 jev INF FLAKT HOLD (预算保护 gate=False e2=0)
[20:54:39] t=2291 jev VEH DRON HOLD (预算保护 cash=521 aav帽=ok aav=4)
[20:54:42] t=2294 jev INF FLAKT HOLD (预算保护 gate=False e2=0)
[20:54:42] t=2294 jev VEH HTNK HOLD (预算保护 cash=521 aav帽=ok aav=4)
[20:54:42] t=2298 ALARM unit lost -> 攻势保持（塔阵守家, 前线 6 个单位继续进攻）
[20:54:44] t=2298 jev INF FLAKT HOLD (预算保护 gate=False e2=0)
[20:54:44] t=2298 jev VEH HTNK HOLD (预算保护 cash=521 aav帽=ok aav=4)
[20:54:44] t=2298 MOVE aahunt x4 -> (78,111)
[20:54:44] {"kind": "action", "what": "attack_move", "name": null, "qty": null, "tid": null, "ts": "20:54:44"}
[20:54:46] t=2301 jev INF FLAKT HOLD (预算保护 gate=False e2=0)
[20:54:46] t=2301 jev VEH HTNK HOLD (预算保护 cash=521 aav帽=ok aav=4)
[20:54:48] t=2303 jev INF FLAKT HOLD (预算保护 gate=False e2=0)
[20:54:48] t=2303 jev VEH HTNK HOLD (预算保护 cash=521 aav帽=ok aav=4)
[20:54:50] t=2306 jev INF FLAKT HOLD (预算保护 gate=False e2=0)
[20:54:50] t=2306 jev VEH HTNK HOLD (预算保护 cash=521 aav帽=ok aav=4)
[20:54:50] t=2306 MOVE hold_a x1 -> (70,109)
[20:54:50] {"kind": "action", "what": "attack_move", "name": null, "qty": null, "tid": null, "ts": "20:54:50"}
[20:54:52] t=2309 jev INF FLAKT HOLD (预算保护 gate=False e2=0)
[20:54:52] t=2309 jev VEH HTNK HOLD (预算保护 cash=521 aav帽=ok aav=4)
[20:54:52] t=2309 MOVE hold_b x1 -> (77,120)
[20:54:52] {"kind": "action", "what": "attack_move", "name": null, "qty": null, "tid": null, "ts": "20:54:52"}
[20:54:54] t=2312 jev INF FLAKT HOLD (预算保护 gate=False e2=0)
[20:54:54] t=2312 jev VEH HTNK HOLD (预算保护 cash=521 aav帽=ok aav=4)
[20:54:56] t=2314 jev INF FLAKT HOLD (预算保护 gate=False e2=0)
[20:54:56] t=2314 jev VEH DRON HOLD (预算保护 cash=521 aav帽=ok aav=4)
[20:54:57] t=2317 ALARM unit lost -> 攻势保持（塔阵守家, 前线 6 个单位继续进攻）
[20:54:59] t=2317 jev INF FLAKT HOLD (预算保护 gate=False e2=0)
[20:54:59] t=2317 jev VEH HTNK HOLD (预算保护 cash=521 aav帽=ok aav=4)
[20:55:01] t=2320 jev INF FLAKT HOLD (预算保护 gate=False e2=0)
[20:55:01] t=2320 jev VEH HTNK HOLD (预算保护 cash=521 aav帽=ok aav=4)
[20:55:03] t=2323 jev INF FLAKT HOLD (预算保护 gate=False e2=0)
[20:55:03] t=2323 jev VEH HTNK HOLD (预算保护 cash=521 aav帽=ok aav=4)
[20:55:05] t=2326 jev INF FLAKT HOLD (预算保护 gate=False e2=0)
[20:55:05] t=2326 jev VEH HTNK HOLD (预算保护 cash=521 aav帽=ok aav=4)
[20:55:05] t=2328 ESCORT 坦克#2959 -> 护航矿车@[77, 76]
[20:55:05] {"kind": "action", "what": "attack_move", "name": null, "qty": null, "tid": null, "ts": "20:55:05"}
[20:55:05] t=2328 SCOUT #2959->[12, 100]
[20:55:05] {"kind": "action", "what": "attack_move", "name": null, "qty": null, "tid": null, "ts": "20:55:05"}
[20:55:07] t=2328 jev INF FLAKT HOLD (预算保护 gate=False e2=0)
[20:55:07] t=2328 jev VEH HTK HOLD (预算保护 cash=671 aav帽=hit aav=4)
[20:55:07] t=2328 THREAT 0.59 -> force defend
[20:55:09] t=2331 jev INF FLAKT HOLD (预算保护 gate=False e2=0)
[20:55:09] t=2331 jev VEH HTK HOLD (预算保护 cash=671 aav帽=hit aav=4)
[20:55:09] t=2334 ALARM unit lost -> TURTLE (6 v 24, 守塔阵不打野战)
[20:55:09] {"kind": "action", "what": "attack_move", "name": null, "qty": null, "tid": null, "ts": "20:55:09"}
[20:55:11] t=2334 jev INF FLAKT HOLD (预算保护 gate=False e2=0)
[20:55:11] t=2334 jev VEH DRON HOLD (预算保护 cash=671 aav帽=ok aav=4)
[20:55:13] t=2337 jev INF FLAKT HOLD (预算保护 gate=False e2=0)
[20:55:13] t=2337 jev VEH HTK HOLD (预算保护 cash=671 aav帽=hit aav=4)
[20:55:15] t=2339 jev INF FLAKT HOLD (预算保护 gate=False e2=0)
[20:55:15] t=2339 jev VEH HTK HOLD (预算保护 cash=671 aav帽=hit aav=4)
[20:55:17] t=2342 jev INF FLAKT HOLD (预算保护 gate=False e2=0)
[20:55:17] t=2342 jev VEH HTK HOLD (预算保护 cash=671 aav帽=hit aav=4)
[20:55:17] t=2342 tick#975 credits=671 stance=defend | jev 975 decisions p50=1563ms
[20:55:19] t=2345 jev INF FLAKT HOLD (预算保护 gate=False e2=0)
[20:55:19] t=2345 jev VEH HTK HOLD (预算保护 cash=671 aav帽=hit aav=4)
[20:55:19] t=2345 MOVE aahunt x4 -> (78,111)
[20:55:19] {"kind": "action", "what": "attack_move", "name": null, "qty": null, "tid": null, "ts": "20:55:19"}
[20:55:19] t=2347 ALARM unit lost -> TURTLE (5 v 18, 守塔阵不打野战)
[20:55:19] {"kind": "action", "what": "attack_move", "name": null, "qty": null, "tid": null, "ts": "20:55:19"}
[20:55:19] t=2347 AA HTK x1 (enemy air, alive 3)
[20:55:19] {"kind": "action", "what": "produce", "name": "HTK", "qty": 1, "tid": null, "ts": "20:55:19"}
[20:55:21] t=2347 jev INF FLAKT HOLD (预算保护 gate=False e2=0)
[20:55:22] t=2350 RETREAT HTK(8%)
[20:55:22] {"kind": "action", "what": "move", "name": null, "qty": null, "tid": null, "ts": "20:55:22"}
[20:55:23] t=2350 jev INF FLAKT HOLD (预算保护 gate=False e2=0)
[20:55:25] t=2353 jev INF FLAKT HOLD (预算保护 gate=False e2=0)
[20:55:28] t=2356 jev INF FLAKT HOLD (预算保护 gate=False e2=0)
[20:55:28] t=2359 ALARM enemy approaching -> TURTLE (3 v 18, 守塔阵不打野战)
[20:55:28] {"kind": "action", "what": "attack_move", "name": null, "qty": null, "tid": null, "ts": "20:55:28"}
[20:55:30] t=2359 jev INF FLAKT HOLD (预算保护 gate=False e2=0)
[20:55:30] t=2359 jev VEH DRON HOLD (预算保护 cash=171 aav帽=ok aav=1)
[20:55:32] t=2361 jev INF FLAKT HOLD (预算保护 gate=False e2=0)
[20:55:32] t=2361 jev VEH DRON HOLD (预算保护 cash=171 aav帽=ok aav=1)
[20:55:34] t=2364 jev INF FLAKT HOLD (预算保护 gate=False e2=0)
[20:55:34] t=2364 jev VEH DRON HOLD (预算保护 cash=171 aav帽=ok aav=1)
[20:55:37] t=2367 jev INF FLAKT HOLD (预算保护 gate=False e2=0)
[20:55:37] t=2367 jev VEH DRON HOLD (预算保护 cash=171 aav帽=ok aav=1)
[20:55:37] t=2371 ALARM NAWEAP under attack -> TURTLE (2 v 19, 守塔阵不打野战)
[20:55:37] {"kind": "action", "what": "attack_move", "name": null, "qty": null, "tid": null, "ts": "20:55:37"}
[20:55:40] t=2371 jev INF FLAKT HOLD (预算保护 gate=False e2=0)
[20:55:40] t=2371 jev VEH HTNK HOLD (预算保护 cash=171 aav帽=ok aav=0)
[20:55:43] t=2375 jev INF FLAKT HOLD (预算保护 gate=False e2=0)
[20:55:43] t=2375 jev VEH HTNK HOLD (预算保护 cash=319 aav帽=ok aav=0)
[20:55:45] t=2378 jev INF FLAKT HOLD (预算保护 gate=False e2=0)
[20:55:45] t=2378 jev VEH DRON HOLD (预算保护 cash=311 aav帽=ok aav=0)
[20:55:48] t=2381 jev INF FLAKT HOLD (预算保护 gate=False e2=0)
[20:55:48] t=2381 jev VEH HTNK HOLD (预算保护 cash=305 aav帽=ok aav=0)
[20:55:48] t=2385 ALARM NAREFN under attack -> TURTLE (2 v 19, 守塔阵不打野战)
[20:55:48] {"kind": "action", "what": "attack_move", "name": null, "qty": null, "tid": null, "ts": "20:55:48"}
[20:55:48] t=2385 ECON harv#3
[20:55:48] {"kind": "action", "what": "produce", "name": "HARV", "qty": 1, "tid": null, "ts": "20:55:48"}
[20:55:50] t=2385 jev INF FLAKT (conf 0.41)
[20:55:50] {"kind": "action", "what": "produce", "name": "FLAKT", "qty": 1, "tid": null, "ts": "20:55:50"}
[20:55:53] t=2392 RETREAT E2(10%)
[20:55:53] {"kind": "action", "what": "move", "name": null, "qty": null, "tid": null, "ts": "20:55:53"}
[20:55:55] t=2392 jev INF FLAKT (conf 0.29)
[20:55:57] t=2395 jev INF FLAKT (conf 0.38)
[20:55:57] t=2395 MOVE hold_a x3 -> (70,109); hold_b x3 -> (77,120)
[20:55:57] {"kind": "action", "what": "attack_move", "name": null, "qty": null, "tid": null, "ts": "20:55:57"}
[20:55:57] {"kind": "action", "what": "attack_move", "name": null, "qty": null, "tid": null, "ts": "20:55:57"}
[20:55:57] t=2397 ALARM unit lost -> TURTLE (5 v 20, 守塔阵不打野战)
[20:55:57] {"kind": "action", "what": "attack_move", "name": null, "qty": null, "tid": null, "ts": "20:55:57"}
[20:55:59] t=2397 jev INF FLAKT HOLD (预算保护 gate=False e2=2)
[20:56:01] t=2400 jev INF FLAKT HOLD (预算保护 gate=False e2=2)
[20:56:01] t=2403 RETREAT E2(25%)
[20:56:02] {"kind": "action", "what": "move", "name": null, "qty": null, "tid": null, "ts": "20:56:02"}
[20:56:02] {"kind": "action", "what": "produce", "name": "NAWEAP", "qty": 1, "tid": null, "ts": "20:56:02"}
[20:56:02] t=2403 OPENING BUILD NAWEAP
[20:56:03] t=2403 jev INF FLAKT HOLD (预算保护 gate=False e2=2)
[20:56:04] t=2406 RETREAT E2(21%)
[20:56:04] {"kind": "action", "what": "move", "name": null, "qty": null, "tid": null, "ts": "20:56:04"}
[20:56:06] t=2406 jev INF FLAKT HOLD (预算保护 gate=False e2=2)
[20:56:06] t=2409 ALARM unit lost -> TURTLE (3 v 20, 守塔阵不打野战)
[20:56:06] {"kind": "action", "what": "attack_move", "name": null, "qty": null, "tid": null, "ts": "20:56:06"}
[20:56:08] t=2409 jev INF FLAKT HOLD (预算保护 gate=False e2=0)
[20:56:10] t=2412 jev INF FLAKT HOLD (预算保护 gate=False e2=0)
[20:56:13] t=2415 jev INF FLAKT HOLD (预算保护 gate=False e2=1)
[20:56:15] t=2418 jev INF FLAKT HOLD (预算保护 gate=False e2=0)
[20:56:15] t=2418 tick#1000 credits=0 stance=defend | jev 1000 decisions p50=1586ms
[20:56:15] t=2421 ALARM NAPOWR under attack -> TURTLE (2 v 19, 守塔阵不打野战)
[20:56:15] {"kind": "action", "what": "attack_move", "name": null, "qty": null, "tid": null, "ts": "20:56:15"}
[20:56:15] t=2421 RETREAT FLAKT(20%)
[20:56:15] {"kind": "action", "what": "move", "name": null, "qty": null, "tid": null, "ts": "20:56:15"}
[20:56:17] t=2421 jev INF FLAKT HOLD (预算保护 gate=False e2=0)
[20:56:19] t=2424 jev INF FLAKT HOLD (预算保护 gate=False e2=0)
[20:56:22] t=2427 jev INF FLAKT HOLD (预算保护 gate=False e2=0)
[20:56:25] t=2431 jev INF FLAKT HOLD (预算保护 gate=False e2=1)
[20:56:25] t=2435 ALARM NAPOWR under attack -> TURTLE (4 v 19, 守塔阵不打野战)
[20:56:25] {"kind": "action", "what": "attack_move", "name": null, "qty": null, "tid": null, "ts": "20:56:25"}
[20:56:28] t=2435 jev INF FLAKT HOLD (预算保护 gate=False e2=2)
[20:56:30] t=2439 jev INF FLAKT HOLD (预算保护 gate=False e2=1)
[20:56:32] t=2442 jev INF FLAKT HOLD (预算保护 gate=False e2=1)
[20:56:35] t=2444 jev INF FLAKT HOLD (预算保护 gate=False e2=1)
[20:56:35] t=2447 ALARM enemy approaching -> TURTLE (3 v 19, 守塔阵不打野战)
[20:56:35] {"kind": "action", "what": "attack_move", "name": null, "qty": null, "tid": null, "ts": "20:56:35"}
[20:56:37] t=2447 jev INF FLAKT HOLD (预算保护 gate=False e2=1)
[20:56:39] t=2450 jev INF FLAKT HOLD (预算保护 gate=False e2=1)
[20:56:41] t=2453 jev INF FLAKT HOLD (预算保护 gate=False e2=1)
[20:56:43] t=2456 jev INF FLAKT HOLD (预算保护 gate=False e2=1)
[20:56:43] t=2458 ALARM NACNST under attack -> TURTLE (3 v 18, 守塔阵不打野战)
[20:56:43] {"kind": "action", "what": "attack_move", "name": null, "qty": null, "tid": null, "ts": "20:56:43"}
[20:56:45] t=2458 jev INF FLAKT HOLD (预算保护 gate=False e2=1)
[20:56:47] t=2461 jev INF FLAKT HOLD (预算保护 gate=False e2=1)
[20:56:49] t=2464 jev INF FLAKT HOLD (预算保护 gate=False e2=1)
[20:56:51] t=2467 jev INF FLAKT HOLD (预算保护 gate=False e2=1)
[20:56:51] t=2469 ALARM NAREFN under attack -> TURTLE (3 v 18, 守塔阵不打野战)
[20:56:51] {"kind": "action", "what": "attack_move", "name": null, "qty": null, "tid": null, "ts": "20:56:51"}
[20:56:53] t=2469 jev INF FLAKT HOLD (预算保护 gate=False e2=1)
[20:56:53] t=2472 RETREAT E2(23%)
[20:56:53] {"kind": "action", "what": "move", "name": null, "qty": null, "tid": null, "ts": "20:56:53"}
[20:56:55] t=2472 jev INF FLAKT HOLD (预算保护 gate=False e2=2)
[20:56:56] t=2475 POWER plant (reserve 54)
[20:56:56] t=2475 AA HTK x2 (enemy air, alive 0)
[20:56:56] {"kind": "action", "what": "produce", "name": "NAPOWR", "qty": 1, "tid": null, "ts": "20:56:56"}
[20:56:56] {"kind": "action", "what": "produce", "name": "HTK", "qty": 2, "tid": null, "ts": "20:56:56"}
[20:56:57] t=2475 jev INF FLAKT (conf 0.43)
[20:56:57] {"kind": "action", "what": "produce", "name": "FLAKT", "qty": 1, "tid": null, "ts": "20:56:57"}
[20:56:58] t=2478 INSURE AA building
[20:56:58] {"kind": "action", "what": "produce", "name": "NAFLAK", "qty": 1, "tid": null, "ts": "20:56:58"}
[20:56:59] t=2478 MOVE hold_a x2 -> (70,109); hold_b x1 -> (77,120)
[20:56:59] {"kind": "action", "what": "attack_move", "name": null, "qty": null, "tid": null, "ts": "20:56:59"}
[20:56:59] {"kind": "action", "what": "attack_move", "name": null, "qty": null, "tid": null, "ts": "20:56:59"}
[20:57:02] t=2483 ALARM NAHAND under attack -> TURTLE (8 v 19, 守塔阵不打野战)
[20:57:03] t=2483 jev INF E2 (conf 0.20)
[20:57:03] {"kind": "action", "what": "produce", "name": "E2", "qty": 1, "tid": null, "ts": "20:57:03"}
[20:57:09] t=2490 tick#1025 credits=549 stance=defend | jev 1025 decisions p50=1619ms
[20:57:11] t=2493 jev INF E2 HOLD (预算保护 gate=False e2=2)
[20:57:11] t=2495 ALARM NAHAND under attack -> TURTLE (3 v 19, 守塔阵不打野战)
[20:57:23] t=2510 jev INF FLAKT HOLD (预算保护 gate=False e2=0)
[20:57:29] t=2519 OPENING REJECT NAREFN (40gs 无进展, 拉黑)
[20:57:30] t=2519 jev INF E2 (conf 0.23)
[20:57:30] {"kind": "action", "what": "produce", "name": "E2", "qty": 1, "tid": null, "ts": "20:57:30"}
[20:57:31] t=2521 ALARM NAHAND under attack -> TURTLE (3 v 17, 守塔阵不打野战)
[20:57:35] t=2526 jev INF E2 (conf 0.21)
[20:57:37] t=2528 jev INF FLAKT (conf 0.18)
[20:57:37] {"kind": "action", "what": "produce", "name": "FLAKT", "qty": 1, "tid": null, "ts": "20:57:37"}
[20:57:42] t=2536 ALARM NARADR under attack -> TURTLE (1 v 18, 守塔阵不打野战)
[20:57:44] t=2538 jev STANCE defend->recover (conf 0.50)
[20:57:44] t=2538 THREAT 0.56 -> force defend
[20:57:46] t=2540 jev STANCE defend->recover (conf 0.53)
[20:57:50] t=2546 tick#1050 credits=341 stance=defend | jev 1050 decisions p50=1619ms
[20:57:53] t=2550 jev STANCE defend->recover (conf 0.49)
[20:57:53] t=2550 THREAT 0.58 -> force defend
[20:57:55] t=2552 jev STANCE defend->recover (conf 0.46)
[20:57:55] t=2552 THREAT 0.64 -> force defend
[2026-10-04 20:57:57] {"kind": "report", "result": "defeat", "t": 2556, "ticks": 1055, "crisis_ticks": 216, "stance": "defend", "jev": {"decisions": 1054, "errors": 0, "input_tokens": 3406885, "output_tokens": 0, "p50_ms": 1619, "p95_ms": 2586}, "enemy_base": [131, 80], "ts": "2026-10-04 20:57:57"}
[20:57:58] REVIEW game#61 defeat → game-0061-review.md | changes=1
{
  "result": "defeat",
  "t": 2556,
  "ticks": 1055,
  "crisis_ticks": 216,
  "stance": "defend",
  "jev": {
    "decisions": 1054,
    "errors": 0,
    "input_tokens": 3406885,
    "output_tokens": 0,
    "p50_ms": 1619,
    "p95_ms": 2586
  },
  "enemy_base": [
    131,
    80
  ],
  "ts": "2026-10-04 20:57:57",
  "review": {
    "game_no": 61,
    "rootcause": "def overrun",
    "auto_tuned": 1
  }
}
