[21:17:38] 进局中(全自动)...
[21:18:05] {"kind": "start", "policy": "ra2web-jev-player/1.0", "maxDecisions": 999999, "micro": {"events": [{"kind": "micro", "t": 2, "what": "start"}], "loopN": 1, "on": true, "outcome": null, "stall": false}, "ts": "21:18:05"}
[21:18:05] === ra2web-jev-player start (tick=1.5s, max_decisions=999999) ===
[21:18:05] t=2 DEPLOY mcv
[21:18:05] {"kind": "action", "what": "deploy", "ids": [1042], "ts": "21:18:05"}
[21:18:05] {"kind": "action", "what": "deploy", "name": null, "qty": null, "tid": null, "ts": "21:18:05"}
[21:18:07] t=4 jev BUILD NAPOWR HOLD (开局序列前置位保护: 等 NAREFN)
[21:18:07] t=4 jev STANCE defend->develop (conf 0.93)
[21:18:08] t=6 jev BUILD NAPOWR HOLD (开局序列前置位保护: 等 NAREFN)
[21:18:10] t=8 jev BUILD NAPOWR HOLD (开局序列前置位保护: 等 NAREFN)
[21:18:11] t=10 jev BUILD NAPOWR HOLD (开局序列前置位保护: 等 NAREFN)
[21:18:13] t=12 jev BUILD NAPOWR HOLD (开局序列前置位保护: 等 NAREFN)
[21:18:14] t=14 jev BUILD NAPOWR HOLD (开局序列前置位保护: 等 NAREFN)
[21:18:16] t=16 jev BUILD NAPOWR HOLD (开局序列前置位保护: 等 NAREFN)
[21:18:17] t=18 jev BUILD NAPOWR HOLD (开局序列前置位保护: 等 NAREFN)
[21:18:19] t=20 jev BUILD NAPOWR HOLD (开局序列前置位保护: 等 NAREFN)
[21:18:20] t=22 jev BUILD NAPOWR HOLD (开局序列前置位保护: 等 NAREFN)
[21:18:22] t=24 jev BUILD NAPOWR HOLD (开局序列前置位保护: 等 NAREFN)
[21:18:23] t=26 jev BUILD NAPOWR HOLD (开局序列前置位保护: 等 NAREFN)
[21:18:25] t=28 jev BUILD NAPOWR HOLD (开局序列前置位保护: 等 NAREFN)
[21:18:26] t=30 jev BUILD NAPOWR HOLD (开局序列前置位保护: 等 NAREFN)
[21:18:28] t=32 jev BUILD NAPOWR HOLD (开局序列前置位保护: 等 NAREFN)
[21:18:29] t=34 jev BUILD NAPOWR HOLD (开局序列前置位保护: 等 NAREFN)
[21:18:31] t=36 jev BUILD NAPOWR HOLD (开局序列前置位保护: 等 NAREFN)
[21:18:32] t=38 jev BUILD NAPOWR HOLD (开局序列前置位保护: 等 NAREFN)
[21:18:34] t=40 jev BUILD NAPOWR HOLD (开局序列前置位保护: 等 NAREFN)
[21:18:35] t=42 OPENING REJECT NAREFN (40gs 无进展, 拉黑)
[21:18:35] t=42 OPENING FALLBACK -> legacy NAPOWR-first
[21:18:35] {"kind": "action", "what": "produce", "name": "NAPOWR", "qty": 1, "tid": null, "ts": "21:18:35"}
[21:18:35] t=42 OPENING BUILD NAPOWR
[21:18:41] t=50 tick#25 credits=9780 stance=develop | jev 25 decisions p50=729ms
[21:18:54] {"kind": "action", "what": "produce", "name": "NAREFN", "qty": 1, "tid": null, "ts": "21:18:54"}
[21:18:54] t=68 OPENING BUILD NAREFN
[21:19:19] t=100 tick#50 credits=8628 stance=develop | jev 50 decisions p50=738ms
[21:19:57] t=150 tick#75 credits=7420 stance=develop | jev 75 decisions p50=776ms
[21:20:03] {"kind": "action", "what": "produce", "name": "NAHAND", "qty": 1, "tid": null, "ts": "21:20:03"}
[21:20:03] t=160 OPENING BUILD NAHAND
[21:20:21] t=184 DEFLINE NALASR (have 0)
[21:20:21] {"kind": "action", "what": "produce", "name": "NALASR", "qty": 1, "tid": null, "ts": "21:20:21"}
[21:20:21] {"kind": "action", "what": "produce", "name": "NAWEAP", "qty": 1, "tid": null, "ts": "21:20:21"}
[21:20:21] t=184 OPENING BUILD NAWEAP
[21:20:34] t=200 tick#100 credits=6075 stance=develop | jev 100 decisions p50=800ms
[21:20:39] t=208 DEFLINE NALASR (have 1)
[21:20:41] t=210 DEFLINE NALASR (have 1)
[21:20:42] t=212 DEFLINE NALASR (have 1)
[21:20:44] t=214 DEFLINE NALASR (have 1)
[21:20:45] t=216 DEFLINE NALASR (have 1)
[21:20:47] t=218 DEFLINE NALASR (have 1)
[21:20:47] {"kind": "action", "what": "produce", "name": "NALASR", "qty": 1, "tid": null, "ts": "21:20:47"}
[21:21:09] t=246 jev INF E2 (conf 0.33)
[21:21:09] {"kind": "action", "what": "produce", "name": "E2", "qty": 1, "tid": null, "ts": "21:21:09"}
[21:21:12] t=250 tick#125 credits=4247 stance=defend | jev 125 decisions p50=818ms
[21:21:13] t=252 MOVE hold_a x1 -> (136,86)
[21:21:13] {"kind": "action", "what": "attack_move", "name": null, "qty": null, "tid": null, "ts": "21:21:13"}
[21:21:29] t=274 ECON harv#2
[21:21:29] t=274 TANK HTNK x2
[21:21:29] {"kind": "action", "what": "produce", "name": "HARV", "qty": 1, "tid": null, "ts": "21:21:29"}
[21:21:29] {"kind": "action", "what": "produce", "name": "HTNK", "qty": 2, "tid": null, "ts": "21:21:29"}
[21:21:30] t=274 jev BUILD NAREFN (conf 0.29)
[21:21:30] {"kind": "action", "what": "produce", "name": "NAREFN", "qty": 1, "tid": null, "ts": "21:21:30"}
[21:21:30] t=277 INSURE AA building
[21:21:31] {"kind": "action", "what": "produce", "name": "NAFLAK", "qty": 1, "tid": null, "ts": "21:21:31"}
[21:21:50] t=302 tick#150 credits=4168 stance=defend | jev 150 decisions p50=828ms
[21:22:14] t=333 MOVE hold_a x1 -> (136,86)
[21:22:14] {"kind": "action", "what": "attack_move", "name": null, "qty": null, "tid": null, "ts": "21:22:14"}
[21:22:29] t=353 tick#175 credits=1262 stance=defend | jev 175 decisions p50=901ms
[21:22:37] t=366 POWER plant (reserve -35)
[21:22:38] {"kind": "action", "what": "produce", "name": "NAPOWR", "qty": 1, "tid": null, "ts": "21:22:38"}
[21:22:42] t=372 SCOUT #1087->[62, 186]
[21:22:42] {"kind": "action", "what": "attack_move", "name": null, "qty": null, "tid": null, "ts": "21:22:42"}
[21:22:44] t=374 SCOUT* #1087->[62, 186]
[21:22:44] {"kind": "action", "what": "attack_move", "name": null, "qty": null, "tid": null, "ts": "21:22:44"}
[21:23:09] t=406 tick#200 credits=0 stance=defend | jev 200 decisions p50=1031ms
[21:23:15] t=414 MOVE hold_a x1 -> (136,86)
[21:23:15] {"kind": "action", "what": "attack_move", "name": null, "qty": null, "tid": null, "ts": "21:23:15"}
[21:23:40] t=448 jev BUILD NAHAND (conf 0.20)
[21:23:40] {"kind": "action", "what": "produce", "name": "NAHAND", "qty": 1, "tid": null, "ts": "21:23:40"}
[21:23:48] t=458 tick#225 credits=1340 stance=defend | jev 225 decisions p50=1060ms
[21:23:50] t=463 TANK HTNK x1
[21:23:50] {"kind": "action", "what": "produce", "name": "HTNK", "qty": 1, "tid": null, "ts": "21:23:50"}
[21:23:51] t=463 MOVE assault x1 -> (137,82)
[21:23:51] {"kind": "action", "what": "attack_move", "name": null, "qty": null, "tid": null, "ts": "21:23:51"}
[21:23:59] t=473 jev BUILD NAREFN (conf 0.32)
[21:23:59] {"kind": "action", "what": "produce", "name": "NAREFN", "qty": 1, "tid": null, "ts": "21:23:59"}
[21:24:04] t=479 MOVE assault x1 -> (137,82)
[21:24:04] {"kind": "action", "what": "attack_move", "name": null, "qty": null, "tid": null, "ts": "21:24:04"}
[21:24:17] t=496 MOVE assault x1 -> (137,82); hold_a x1 -> (136,86)
[21:24:17] {"kind": "action", "what": "attack_move", "name": null, "qty": null, "tid": null, "ts": "21:24:17"}
[21:24:17] {"kind": "action", "what": "attack_move", "name": null, "qty": null, "tid": null, "ts": "21:24:17"}
[21:24:18] t=501 ECON harv#4
[21:24:18] t=501 TANK HTNK x2
[21:24:18] {"kind": "action", "what": "produce", "name": "HARV", "qty": 1, "tid": null, "ts": "21:24:18"}
[21:24:18] {"kind": "action", "what": "produce", "name": "HTNK", "qty": 2, "tid": null, "ts": "21:24:18"}
[21:24:20] t=501 MOVE guard x1 -> (137,82)
[21:24:20] {"kind": "action", "what": "attack_move", "name": null, "qty": null, "tid": null, "ts": "21:24:20"}
[21:24:28] t=511 tick#250 credits=2378 stance=defend | jev 250 decisions p50=1125ms
[21:24:29] t=513 MOVE assault x1 -> (137,82)
[21:24:29] {"kind": "action", "what": "attack_move", "name": null, "qty": null, "tid": null, "ts": "21:24:29"}
[21:24:42] t=530 MOVE assault x1 -> (137,82)
[21:24:42] {"kind": "action", "what": "attack_move", "name": null, "qty": null, "tid": null, "ts": "21:24:42"}
[21:24:51] t=543 MOVE guard x1 -> (137,82)
[21:24:51] {"kind": "action", "what": "attack_move", "name": null, "qty": null, "tid": null, "ts": "21:24:51"}
[21:24:55] t=547 MOVE assault x1 -> (137,82)
[21:24:55] {"kind": "action", "what": "attack_move", "name": null, "qty": null, "tid": null, "ts": "21:24:55"}
[21:25:07] t=564 jev BUILD NARADR HOLD (资金闸门: 坦克优先, cash=0)
[21:25:07] t=564 MOVE assault x1 -> (137,82)
[21:25:07] {"kind": "action", "what": "attack_move", "name": null, "qty": null, "tid": null, "ts": "21:25:07"}
[21:25:07] t=564 tick#275 credits=0 stance=defend | jev 275 decisions p50=1300ms
[21:25:09] t=566 jev BUILD NARADR HOLD (资金闸门: 坦克优先, cash=0)
[21:25:10] t=568 jev BUILD NARADR HOLD (资金闸门: 坦克优先, cash=0)
[21:25:12] t=570 jev BUILD NARADR HOLD (资金闸门: 坦克优先, cash=0)
[21:25:13] t=572 jev BUILD NARADR HOLD (资金闸门: 坦克优先, cash=0)
[21:25:15] t=574 jev BUILD NARADR HOLD (资金闸门: 坦克优先, cash=0)
[21:25:15] t=576 SCOUT #1087->[14, 178] (敌影)
[21:25:15] {"kind": "action", "what": "attack_move", "name": null, "qty": null, "tid": null, "ts": "21:25:15"}
[21:25:16] t=576 jev BUILD NARADR HOLD (资金闸门: 坦克优先, cash=0)
[21:25:18] t=578 jev BUILD NARADR HOLD (资金闸门: 坦克优先, cash=0)
[21:25:18] t=578 MOVE hold_a x1 -> (136,86)
[21:25:18] {"kind": "action", "what": "attack_move", "name": null, "qty": null, "tid": null, "ts": "21:25:18"}
[21:25:20] t=580 jev BUILD NARADR HOLD (资金闸门: 坦克优先, cash=0)
[21:25:20] t=580 MOVE assault x1 -> (137,82)
[21:25:20] {"kind": "action", "what": "attack_move", "name": null, "qty": null, "tid": null, "ts": "21:25:20"}
[21:25:20] t=582 ALARM enemy approaching -> counter 3 vs 2 -> [118, 82]
[21:25:20] {"kind": "action", "what": "attack_move", "name": null, "qty": null, "tid": null, "ts": "21:25:20"}
[21:25:20] t=582 SCOUT* #1087->[14, 101]
[21:25:20] {"kind": "action", "what": "attack_move", "name": null, "qty": null, "tid": null, "ts": "21:25:20"}
[21:25:21] t=582 jev BUILD NAWEAP HOLD (资金闸门: 坦克优先, cash=0)
[21:25:23] t=585 jev BUILD NARADR HOLD (资金闸门: 坦克优先, cash=0)
[21:25:23] t=585 jev STANCE defend->rush (conf 0.46)
[21:25:25] t=587 jev BUILD NARADR HOLD (资金闸门: 坦克优先, cash=0)
[21:25:26] t=589 jev BUILD NARADR HOLD (资金闸门: 坦克优先, cash=0)
[21:25:28] t=591 jev BUILD NARADR HOLD (资金闸门: 坦克优先, cash=0)
[21:25:28] t=593 ALARM enemy approaching -> 攻势保持（塔阵守家, 前线 3 个单位继续进攻）
[21:25:29] t=593 jev BUILD NARADR HOLD (资金闸门: 坦克优先, cash=0)
[21:25:29] t=593 MOVE assault x1 -> (120,81); hold_a x1 -> (130,86); guard x1 -> (137,82)
[21:25:30] {"kind": "action", "what": "attack_move", "name": null, "qty": null, "tid": null, "ts": "21:25:30"}
[21:25:30] {"kind": "action", "what": "attack_move", "name": null, "qty": null, "tid": null, "ts": "21:25:30"}
[21:25:30] {"kind": "action", "what": "attack_move", "name": null, "qty": null, "tid": null, "ts": "21:25:30"}
[21:25:30] t=596 ALARM enemy approaching -> 攻势保持（塔阵守家, 前线 3 个单位继续进攻）
[21:25:31] t=596 jev BUILD NARADR HOLD (资金闸门: 坦克优先, cash=0)
[21:25:31] t=596 THREAT 0.65 -> force defend
[21:25:31] t=596 MOVE assault x1 -> (137,82)
[21:25:31] {"kind": "action", "what": "attack_move", "name": null, "qty": null, "tid": null, "ts": "21:25:31"}
[21:25:32] t=598 ALARM enemy approaching -> TURTLE (3 v 3, 守塔阵不打野战)
[21:25:32] {"kind": "action", "what": "attack_move", "name": null, "qty": null, "tid": null, "ts": "21:25:32"}
[21:25:33] t=598 jev BUILD NAWEAP HOLD (资金闸门: 坦克优先, cash=0)
[21:25:33] t=598 jev STANCE defend->rush (conf 0.53)
[21:25:33] t=598 THREAT 0.62 -> force defend
[21:25:35] t=600 jev BUILD NARADR HOLD (资金闸门: 坦克优先, cash=0)
[21:25:37] t=603 jev BUILD NAWEAP HOLD (资金闸门: 坦克优先, cash=0)
[21:25:38] t=605 jev BUILD NARADR HOLD (资金闸门: 坦克优先, cash=0)
[21:25:40] t=607 MOVE hold_a x1 -> (129,85)
[21:25:40] {"kind": "action", "what": "attack_move", "name": null, "qty": null, "tid": null, "ts": "21:25:40"}
[21:25:40] t=610 ALARM NALASR under attack -> TURTLE (3 v 5, 守塔阵不打野战)
[21:25:40] {"kind": "action", "what": "attack_move", "name": null, "qty": null, "tid": null, "ts": "21:25:40"}
[21:25:44] t=612 jev BUILD NAWEAP HOLD (资金闸门: 坦克优先, cash=0)
[21:25:45] t=615 jev BUILD NARADR HOLD (资金闸门: 坦克优先, cash=0)
[21:25:46] t=617 POWER plant (reserve 55)
[21:25:46] {"kind": "action", "what": "produce", "name": "NAPOWR", "qty": 1, "tid": null, "ts": "21:25:46"}
[21:25:49] t=619 MOVE assault x1 -> (137,82)
[21:25:49] {"kind": "action", "what": "attack_move", "name": null, "qty": null, "tid": null, "ts": "21:25:49"}
[21:25:49] t=619 tick#300 credits=978 stance=defend | jev 300 decisions p50=1307ms
[21:25:49] t=622 ALARM enemy approaching -> counter 3 vs 2 -> [120, 79]
[21:25:49] {"kind": "action", "what": "attack_move", "name": null, "qty": null, "tid": null, "ts": "21:25:49"}
[21:26:01] t=635 MOVE guard x1 -> (137,82)
[21:26:01] {"kind": "action", "what": "attack_move", "name": null, "qty": null, "tid": null, "ts": "21:26:01"}
[21:26:03] t=638 MOVE assault x1 -> (137,82)
[21:26:03] {"kind": "action", "what": "attack_move", "name": null, "qty": null, "tid": null, "ts": "21:26:03"}
[21:26:09] t=647 jev BUILD NARADR HOLD (资金闸门: 坦克优先, cash=1396)
[21:26:11] t=649 jev BUILD NARADR HOLD (资金闸门: 坦克优先, cash=1341)
[21:26:11] t=651 ESCORT 坦克#1099 -> 护航矿车@[126, 105]
[21:26:11] {"kind": "action", "what": "attack_move", "name": null, "qty": null, "tid": null, "ts": "21:26:11"}
[21:26:11] t=651 SCOUT2 #1099->[66, 121]
[21:26:11] {"kind": "action", "what": "attack_move", "name": null, "qty": null, "tid": null, "ts": "21:26:11"}
[21:26:13] t=651 jev BUILD NARADR HOLD (资金闸门: 坦克优先, cash=1285)
[21:26:13] t=653 ALARM enemy approaching -> counter 4 vs 1 -> [114, 79]
[21:26:13] {"kind": "action", "what": "attack_move", "name": null, "qty": null, "tid": null, "ts": "21:26:13"}
[21:26:13] t=653 SCOUT* #1087->[14, 79]
[21:26:13] {"kind": "action", "what": "attack_move", "name": null, "qty": null, "tid": null, "ts": "21:26:13"}
[21:26:14] t=653 jev BUILD NARADR HOLD (资金闸门: 坦克优先, cash=1225)
[21:26:15] {"kind": "action", "what": "produce", "name": "NAWEAP", "qty": 1, "tid": null, "ts": "21:26:15"}
[21:26:15] t=655 OPENING BUILD NAWEAP
[21:26:21] t=662 jev INF E2 (conf 0.27)
[21:26:21] {"kind": "action", "what": "produce", "name": "E2", "qty": 1, "tid": null, "ts": "21:26:21"}
[21:26:21] t=662 MOVE assault x2 -> (137,82)
[21:26:21] {"kind": "action", "what": "attack_move", "name": null, "qty": null, "tid": null, "ts": "21:26:21"}
[21:26:21] t=665 ALARM enemy approaching -> TURTLE (4 v 4, 守塔阵不打野战)
[21:26:21] {"kind": "action", "what": "attack_move", "name": null, "qty": null, "tid": null, "ts": "21:26:21"}
[21:26:30] t=674 MOVE hold_a x1 -> (128,85); hold_b x1 -> (130,72)
[21:26:30] {"kind": "action", "what": "attack_move", "name": null, "qty": null, "tid": null, "ts": "21:26:30"}
[21:26:30] {"kind": "action", "what": "attack_move", "name": null, "qty": null, "tid": null, "ts": "21:26:30"}
[21:26:30] t=676 ALARM enemy approaching -> counter 5 vs 3 -> [115, 77]
[21:26:30] {"kind": "action", "what": "attack_move", "name": null, "qty": null, "tid": null, "ts": "21:26:30"}
[21:26:32] t=676 tick#325 credits=1167 stance=defend | jev 325 decisions p50=1316ms
[21:26:37] t=685 V3-RESPONSE HTK x1 (alive 0, seen t1000000685 fire t56)
[21:26:37] {"kind": "action", "what": "produce", "name": "HTK", "qty": 1, "tid": null, "ts": "21:26:37"}
[21:26:38] t=685 MOVE assault x3 -> (137,82); hold_a x1 -> (128,84); hold_b x1 -> (130,71); guard x1 -> (137,82)
[21:26:38] {"kind": "action", "what": "attack_move", "name": null, "qty": null, "tid": null, "ts": "21:26:38"}
[21:26:38] {"kind": "action", "what": "attack_move", "name": null, "qty": null, "tid": null, "ts": "21:26:38"}
[21:26:39] {"kind": "action", "what": "attack_move", "name": null, "qty": null, "tid": null, "ts": "21:26:39"}
[21:26:39] {"kind": "action", "what": "attack_move", "name": null, "qty": null, "tid": null, "ts": "21:26:39"}
[21:26:40] t=688 jev STANCE defend->rush (conf 0.47)
[21:26:40] t=688 MOVE assault x3 -> (66,121)
[21:26:40] {"kind": "action", "what": "attack_move", "name": null, "qty": null, "tid": null, "ts": "21:26:40"}
[21:26:42] t=692 ESCORT 坦克#1251 -> 护航矿车@[128, 105]
[21:26:42] {"kind": "action", "what": "attack_move", "name": null, "qty": null, "tid": null, "ts": "21:26:42"}
[21:26:52] t=705 V3-RESPONSE HTK x1 (alive 1, seen t1000000705 fire t76)
[21:26:53] t=705 jev VEH HARV HOLD (预算保护 cash=848 aav帽=ok aav=1)
[21:26:53] t=705 ATTACK (tanks=6)
[21:26:53] t=705 MOVE assault x3 -> (66,121); aahunt x1 -> (124,77)
[21:26:53] {"kind": "action", "what": "attack_move", "name": null, "qty": null, "tid": null, "ts": "21:26:53"}
[21:26:53] {"kind": "action", "what": "attack_move", "name": null, "qty": null, "tid": null, "ts": "21:26:53"}
[21:26:54] t=708 V3-RESPONSE HTK x1 (alive 1, seen t1000000708 fire t79)
[21:26:55] t=708 jev VEH HTNK HOLD (预算保护 cash=791 aav帽=ok aav=1)
[21:26:55] t=710 V3-RESPONSE HTK x1 (alive 1, seen t1000000710 fire t81)
[21:26:57] t=710 jev VEH HTNK HOLD (预算保护 cash=740 aav帽=ok aav=1)
[21:26:57] t=712 V3-RESPONSE HTK x1 (alive 1, seen t1000000712 fire t83)
[21:26:58] t=712 jev VEH HARV HOLD (预算保护 cash=687 aav帽=ok aav=1)
[21:26:58] t=714 V3-RESPONSE HTK x1 (alive 1, seen t1000000714 fire t85)
[21:26:58] t=714 SCOUT* #1087->[14, 59]
[21:26:59] {"kind": "action", "what": "attack_move", "name": null, "qty": null, "tid": null, "ts": "21:26:59"}
[21:27:00] t=714 jev VEH HARV HOLD (预算保护 cash=635 aav帽=ok aav=1)
[21:27:00] t=716 V3-RESPONSE HTK x1 (alive 1, seen t1000000716 fire t87)
[21:27:02] t=716 jev VEH HARV HOLD (预算保护 cash=582 aav帽=ok aav=1)
[21:27:02] t=718 V3-RESPONSE HTK x1 (alive 1, seen t1000000718 fire t89)
[21:27:03] t=718 jev VEH HARV HOLD (预算保护 cash=529 aav帽=ok aav=1)
[21:27:05] t=721 jev VEH HTNK HOLD (预算保护 cash=476 aav帽=ok aav=1)
[21:27:06] t=723 jev VEH HTNK HOLD (预算保护 cash=424 aav帽=ok aav=1)
[21:27:06] t=723 MOVE assault x3 -> (66,121)
[21:27:06] {"kind": "action", "what": "attack_move", "name": null, "qty": null, "tid": null, "ts": "21:27:06"}
[21:27:08] t=725 jev VEH HTNK HOLD (预算保护 cash=371 aav帽=ok aav=1)
[21:27:08] t=727 V3-RESPONSE HTK x2 (alive 1, seen t1000000727 fire t98)
[21:27:08] {"kind": "action", "what": "produce", "name": "HTK", "qty": 2, "tid": null, "ts": "21:27:08"}
[21:27:10] t=727 MOVE guard x1 -> (137,82)
[21:27:10] {"kind": "action", "what": "attack_move", "name": null, "qty": null, "tid": null, "ts": "21:27:10"}
[21:27:13] t=732 tick#350 credits=1211 stance=attack | jev 350 decisions p50=1322ms
[21:27:13] t=734 ESCORT 坦克#1336 -> 护航矿车@[129, 106]
[21:27:13] {"kind": "action", "what": "attack_move", "name": null, "qty": null, "tid": null, "ts": "21:27:13"}
[21:27:20] t=740 MOVE assault x3 -> (86,119)
[21:27:20] {"kind": "action", "what": "attack_move", "name": null, "qty": null, "tid": null, "ts": "21:27:20"}
[21:27:20] t=743 ENEMY BASE spotted @[75, 117]
[21:27:22] t=743 MOVE assault x3 -> 攻击目标#1067@(75,117); hold_a x1 -> (133,86); hold_b x1 -> (126,75); aahunt x1 -> (125,84)
[21:27:22] {"kind": "action", "what": "attack_obj", "name": null, "qty": null, "tid": 1067, "ts": "21:27:22"}
[21:27:22] {"kind": "action", "what": "attack_move", "name": null, "qty": null, "tid": null, "ts": "21:27:22"}
[21:27:22] {"kind": "action", "what": "attack_move", "name": null, "qty": null, "tid": null, "ts": "21:27:22"}
[21:27:22] {"kind": "action", "what": "attack_move", "name": null, "qty": null, "tid": null, "ts": "21:27:22"}
[21:27:25] t=748 MOVE hold_b x1 -> (126,76)
[21:27:25] {"kind": "action", "what": "attack_move", "name": null, "qty": null, "tid": null, "ts": "21:27:25"}
[21:27:27] t=752 HARASS DRON x2 (have 0)
[21:27:27] {"kind": "action", "what": "produce", "name": "DRON", "qty": 2, "tid": null, "ts": "21:27:27"}
[21:27:29] t=752 MOVE raid x2 -> (79,110)
[21:27:29] {"kind": "action", "what": "attack_move", "name": null, "qty": null, "tid": null, "ts": "21:27:29"}
[21:27:31] t=755 MOVE raid x2 -> (78,109)
[21:27:31] {"kind": "action", "what": "attack_move", "name": null, "qty": null, "tid": null, "ts": "21:27:31"}
[21:27:32] t=757 MOVE raid x2 -> (75,120)
[21:27:32] {"kind": "action", "what": "attack_move", "name": null, "qty": null, "tid": null, "ts": "21:27:32"}
[21:27:34] t=759 MOVE raid x2 -> (71,114); assault x2 -> 攻击目标#1067@(75,117); hold_b x1 -> (126,75); aahunt x2 -> (125,83)
[21:27:34] {"kind": "action", "what": "attack_move", "name": null, "qty": null, "tid": null, "ts": "21:27:34"}
[21:27:34] {"kind": "action", "what": "attack_obj", "name": null, "qty": null, "tid": 1067, "ts": "21:27:34"}
[21:27:34] {"kind": "action", "what": "attack_move", "name": null, "qty": null, "tid": null, "ts": "21:27:34"}
[21:27:34] {"kind": "action", "what": "attack_move", "name": null, "qty": null, "tid": null, "ts": "21:27:34"}
[21:27:36] t=762 MOVE raid x2 -> (70,117); aahunt x2 -> (125,84)
[21:27:36] {"kind": "action", "what": "attack_move", "name": null, "qty": null, "tid": null, "ts": "21:27:36"}
[21:27:36] {"kind": "action", "what": "attack_move", "name": null, "qty": null, "tid": null, "ts": "21:27:36"}
[21:27:38] t=765 MOVE assault x2 -> (137,82); t=765 AIR-EVADE assault x2 -> home (坦克打不到空中, 等AA猎杀); aahunt x3 -> 攻击目标#1150@(72,116)
[21:27:38] {"kind": "action", "what": "attack_move", "name": null, "qty": null, "tid": null, "ts": "21:27:38"}
[21:27:38] {"kind": "action", "what": "attack_obj", "name": null, "qty": null, "tid": 1150, "ts": "21:27:38"}
[21:27:40] t=767 MOVE raid x2 -> (88,119); t=767 AIR-EVADE assault x2 -> home (坦克打不到空中, 等AA猎杀); guard x1 -> (137,82)
[21:27:40] {"kind": "action", "what": "attack_move", "name": null, "qty": null, "tid": null, "ts": "21:27:40"}
[21:27:40] {"kind": "action", "what": "attack_move", "name": null, "qty": null, "tid": null, "ts": "21:27:40"}
[21:27:42] t=769 jev VEH DRON HOLD (预算保护 cash=497 aav帽=ok aav=3)
[21:27:42] t=769 MOVE raid x2 -> (88,116); t=769 AIR-EVADE assault x3 -> home (坦克打不到空中, 等AA猎杀)
[21:27:42] {"kind": "action", "what": "attack_move", "name": null, "qty": null, "tid": null, "ts": "21:27:42"}
[21:27:43] t=772 jev VEH DRON HOLD (预算保护 cash=497 aav帽=ok aav=3)
[21:27:43] t=772 MOVE raid x2 -> (88,113); t=772 AIR-EVADE assault x3 -> home (坦克打不到空中, 等AA猎杀)
[21:27:44] {"kind": "action", "what": "attack_move", "name": null, "qty": null, "tid": null, "ts": "21:27:44"}
[21:27:44] t=774 ESCORT 坦克#1099 -> 护航矿车@[130, 104]
[21:27:44] {"kind": "action", "what": "attack_move", "name": null, "qty": null, "tid": null, "ts": "21:27:44"}
[21:27:45] t=774 jev VEH DRON HOLD (预算保护 cash=497 aav帽=ok aav=3)
[21:27:45] t=774 MOVE raid x2 -> (88,111); t=774 AIR-EVADE assault x3 -> home (坦克打不到空中, 等AA猎杀)
[21:27:45] {"kind": "action", "what": "attack_move", "name": null, "qty": null, "tid": null, "ts": "21:27:45"}
[21:27:47] t=777 jev VEH DRON HOLD (预算保护 cash=497 aav帽=ok aav=3)
[21:27:47] t=777 MOVE raid x2 -> (90,108); t=777 AIR-EVADE assault x3 -> home (坦克打不到空中, 等AA猎杀)
[21:27:47] {"kind": "action", "what": "attack_move", "name": null, "qty": null, "tid": null, "ts": "21:27:47"}
[21:27:49] t=779 jev VEH HTNK HOLD (预算保护 cash=497 aav帽=ok aav=3)
[21:27:49] t=779 MOVE raid x2 -> (90,106); t=779 AIR-EVADE assault x3 -> home (坦克打不到空中, 等AA猎杀)
[21:27:49] {"kind": "action", "what": "attack_move", "name": null, "qty": null, "tid": null, "ts": "21:27:49"}
[21:27:51] t=782 jev VEH HTNK HOLD (预算保护 cash=497 aav帽=ok aav=3)
[21:27:51] t=782 MOVE raid x2 -> (92,105); assault x3 -> (137,82); t=782 AIR-EVADE assault x3 -> home (坦克打不到空中, 等AA猎杀); aahunt x3 -> 攻击目标#1150@(72,116)
[21:27:51] {"kind": "action", "what": "attack_move", "name": null, "qty": null, "tid": null, "ts": "21:27:51"}
[21:27:51] {"kind": "action", "what": "attack_move", "name": null, "qty": null, "tid": null, "ts": "21:27:51"}
[21:27:51] {"kind": "action", "what": "attack_obj", "name": null, "qty": null, "tid": 1150, "ts": "21:27:51"}
[21:27:53] t=784 jev VEH HTNK HOLD (预算保护 cash=497 aav帽=ok aav=3)
[21:27:53] t=784 MOVE raid x2 -> (94,103); t=784 AIR-EVADE assault x3 -> home (坦克打不到空中, 等AA猎杀)
[21:27:53] {"kind": "action", "what": "attack_move", "name": null, "qty": null, "tid": null, "ts": "21:27:53"}
[21:27:55] t=787 jev VEH HTNK HOLD (预算保护 cash=497 aav帽=ok aav=3)
[21:27:55] t=787 MOVE raid x2 -> (95,102); t=787 AIR-EVADE assault x3 -> home (坦克打不到空中, 等AA猎杀)
[21:27:55] {"kind": "action", "what": "attack_move", "name": null, "qty": null, "tid": null, "ts": "21:27:55"}
[21:27:57] t=789 jev VEH HTNK HOLD (预算保护 cash=497 aav帽=ok aav=3)
[21:27:57] t=789 MOVE raid x2 -> (98,102); t=789 AIR-EVADE assault x3 -> home (坦克打不到空中, 等AA猎杀)
[21:27:57] {"kind": "action", "what": "attack_move", "name": null, "qty": null, "tid": null, "ts": "21:27:57"}
[21:27:58] t=792 jev VEH HTNK HOLD (预算保护 cash=497 aav帽=ok aav=3)
[21:27:58] t=792 MOVE raid x2 -> (100,101); t=792 AIR-EVADE assault x3 -> home (坦克打不到空中, 等AA猎杀)
[21:27:59] {"kind": "action", "what": "attack_move", "name": null, "qty": null, "tid": null, "ts": "21:27:59"}
[21:27:59] t=792 tick#375 credits=497 stance=attack | jev 375 decisions p50=1331ms
[21:27:59] t=794 TANK HTNK x2
[21:27:59] {"kind": "action", "what": "produce", "name": "HTNK", "qty": 2, "tid": null, "ts": "21:27:59"}
[21:28:01] t=798 AIR-DEFENSE 2nd AA
[21:28:02] {"kind": "action", "what": "produce", "name": "NAFLAK", "qty": 1, "tid": null, "ts": "21:28:02"}
[21:28:03] t=798 MOVE assault x3 -> (137,82); t=798 AIR-EVADE assault x3 -> home (坦克打不到空中, 等AA猎杀); aahunt x3 -> 攻击目标#1150@(72,116)
[21:28:03] {"kind": "action", "what": "attack_move", "name": null, "qty": null, "tid": null, "ts": "21:28:03"}
[21:28:03] {"kind": "action", "what": "attack_obj", "name": null, "qty": null, "tid": 1150, "ts": "21:28:03"}
[21:28:05] t=803 ALARM unit lost -> 攻势保持（塔阵守家, 前线 9 个单位继续进攻）
[21:28:07] t=803 MOVE assault x2 -> 攻击目标#1400@(75,114)
[21:28:07] {"kind": "action", "what": "attack_obj", "name": null, "qty": null, "tid": 1400, "ts": "21:28:07"}
[21:28:09] t=806 MOVE raid x2 -> (101,100)
[21:28:09] {"kind": "action", "what": "attack_move", "name": null, "qty": null, "tid": null, "ts": "21:28:09"}
[21:28:11] t=808 MOVE raid x2 -> (102,101); guard x1 -> (137,82)
[21:28:11] {"kind": "action", "what": "attack_move", "name": null, "qty": null, "tid": null, "ts": "21:28:11"}
[21:28:11] {"kind": "action", "what": "attack_move", "name": null, "qty": null, "tid": null, "ts": "21:28:11"}
[21:28:15] t=816 ESCORT 坦克#1099 -> 护航矿车@[131, 106]
[21:28:15] {"kind": "action", "what": "attack_move", "name": null, "qty": null, "tid": null, "ts": "21:28:15"}
[21:28:16] t=816 MOVE raid x2 -> (101,100); aahunt x2 -> (125,84)
[21:28:16] {"kind": "action", "what": "attack_move", "name": null, "qty": null, "tid": null, "ts": "21:28:16"}
[21:28:17] {"kind": "action", "what": "attack_move", "name": null, "qty": null, "tid": null, "ts": "21:28:17"}
[21:28:20] t=821 MOVE assault x3 -> 攻击目标#1400@(75,114); aahunt x3 -> 攻击目标#1426@(72,116)
[21:28:20] {"kind": "action", "what": "attack_obj", "name": null, "qty": null, "tid": 1400, "ts": "21:28:20"}
[21:28:20] {"kind": "action", "what": "attack_obj", "name": null, "qty": null, "tid": 1426, "ts": "21:28:20"}
[21:28:22] t=823 MOVE raid x2 -> (93,104); hold_a x1 -> (133,86)
[21:28:22] {"kind": "action", "what": "attack_move", "name": null, "qty": null, "tid": null, "ts": "21:28:22"}
[21:28:22] {"kind": "action", "what": "attack_move", "name": null, "qty": null, "tid": null, "ts": "21:28:22"}
[21:28:24] t=826 MOVE raid x2 -> (94,103); aahunt x3 -> 攻击目标#1247@(78,114)
[21:28:24] {"kind": "action", "what": "attack_move", "name": null, "qty": null, "tid": null, "ts": "21:28:24"}
[21:28:24] {"kind": "action", "what": "attack_obj", "name": null, "qty": null, "tid": 1247, "ts": "21:28:24"}
[21:28:26] t=829 MOVE aahunt x3 -> 攻击目标#1247@(78,113)
[21:28:26] {"kind": "action", "what": "attack_obj", "name": null, "qty": null, "tid": 1247, "ts": "21:28:26"}
[21:28:30] t=837 HARASS DRON x2 (have 1)
[21:28:30] t=837 RETREAT HTNK(32%)
[21:28:30] {"kind": "action", "what": "produce", "name": "DRON", "qty": 2, "tid": null, "ts": "21:28:30"}
[21:28:31] {"kind": "action", "what": "move", "name": null, "qty": null, "tid": null, "ts": "21:28:31"}
[21:28:34] t=839 MOVE assault x4 -> 攻击目标#1400@(75,114); hold_b x1 -> (126,75)
[21:28:34] {"kind": "action", "what": "attack_obj", "name": null, "qty": null, "tid": 1400, "ts": "21:28:34"}
[21:28:34] {"kind": "action", "what": "attack_move", "name": null, "qty": null, "tid": null, "ts": "21:28:34"}
[21:28:36] t=842 MOVE aahunt x3 -> 攻击目标#1247@(79,113)
[21:28:36] {"kind": "action", "what": "attack_obj", "name": null, "qty": null, "tid": 1247, "ts": "21:28:36"}
[21:28:38] t=845 MOVE aahunt x3 -> 攻击目标#1247@(82,112)
[21:28:38] {"kind": "action", "what": "attack_obj", "name": null, "qty": null, "tid": 1247, "ts": "21:28:38"}
[21:28:40] t=847 MOVE assault x4 -> (137,82); t=847 AIR-EVADE assault x4 -> home (坦克打不到空中, 等AA猎杀); aahunt x3 -> 攻击目标#1247@(85,110)
[21:28:40] {"kind": "action", "what": "attack_move", "name": null, "qty": null, "tid": null, "ts": "21:28:40"}
[21:28:40] {"kind": "action", "what": "attack_obj", "name": null, "qty": null, "tid": 1247, "ts": "21:28:40"}
[21:28:42] t=850 MOVE t=850 AIR-EVADE assault x4 -> home (坦克打不到空中, 等AA猎杀); guard x1 -> (137,82); aahunt x3 -> 攻击目标#1339@(85,108)
[21:28:42] {"kind": "action", "what": "attack_move", "name": null, "qty": null, "tid": null, "ts": "21:28:42"}
[21:28:42] {"kind": "action", "what": "attack_obj", "name": null, "qty": null, "tid": 1339, "ts": "21:28:42"}
[21:28:44] t=853 jev VEH DRON HOLD (预算保护 cash=272 aav帽=ok aav=3)
[21:28:44] t=853 MOVE t=853 AIR-EVADE assault x4 -> home (坦克打不到空中, 等AA猎杀); aahunt x3 -> 攻击目标#1150@(87,108)
[21:28:44] {"kind": "action", "what": "attack_obj", "name": null, "qty": null, "tid": 1150, "ts": "21:28:44"}
[21:28:44] t=855 ALARM unit lost -> 攻势保持（塔阵守家, 前线 13 个单位继续进攻）
[21:28:46] t=855 jev BUILD NARADR HOLD (资金闸门: 坦克优先, cash=272)
[21:28:46] t=855 jev VEH HTK HOLD (预算保护 cash=272 aav帽=ok aav=3)
[21:28:46] t=855 MOVE raid x3 -> (94,103); t=855 AIR-EVADE assault x4 -> home (坦克打不到空中, 等AA猎杀); aahunt x3 -> 攻击目标#1339@(88,107)
[21:28:46] {"kind": "action", "what": "attack_move", "name": null, "qty": null, "tid": null, "ts": "21:28:46"}
[21:28:46] {"kind": "action", "what": "attack_obj", "name": null, "qty": null, "tid": 1339, "ts": "21:28:46"}
[21:28:46] t=858 ESCORT 坦克#1475 -> 护航矿车@[129, 109]
[21:28:46] {"kind": "action", "what": "attack_move", "name": null, "qty": null, "tid": null, "ts": "21:28:46"}
[21:28:48] t=858 jev BUILD NARADR HOLD (资金闸门: 坦克优先, cash=272)
[21:28:48] t=858 jev VEH HTK HOLD (预算保护 cash=272 aav帽=ok aav=3)
[21:28:48] t=858 MOVE t=858 AIR-EVADE assault x4 -> home (坦克打不到空中, 等AA猎杀); aahunt x3 -> 攻击目标#1339@(92,105)
[21:28:48] {"kind": "action", "what": "attack_obj", "name": null, "qty": null, "tid": 1339, "ts": "21:28:48"}
[21:28:48] t=858 tick#400 credits=272 stance=attack | jev 400 decisions p50=1340ms
[21:28:50] t=861 jev VEH DRON HOLD (预算保护 cash=272 aav帽=ok aav=3)
[21:28:50] t=861 MOVE raid x3 -> (78,119); t=861 AIR-EVADE assault x4 -> home (坦克打不到空中, 等AA猎杀); aahunt x3 -> 攻击目标#1150@(92,104)
[21:28:50] {"kind": "action", "what": "attack_move", "name": null, "qty": null, "tid": null, "ts": "21:28:50"}
[21:28:50] {"kind": "action", "what": "attack_obj", "name": null, "qty": null, "tid": 1150, "ts": "21:28:50"}
[21:28:52] t=863 jev VEH DRON HOLD (预算保护 cash=272 aav帽=ok aav=3)
[21:28:52] t=863 MOVE raid x3 -> (78,116); t=863 AIR-EVADE assault x4 -> home (坦克打不到空中, 等AA猎杀); aahunt x3 -> 攻击目标#1247@(92,105)
[21:28:52] {"kind": "action", "what": "attack_move", "name": null, "qty": null, "tid": null, "ts": "21:28:52"}
[21:28:52] {"kind": "action", "what": "attack_obj", "name": null, "qty": null, "tid": 1247, "ts": "21:28:52"}
[21:28:54] t=866 jev VEH DRON HOLD (预算保护 cash=272 aav帽=ok aav=3)
[21:28:54] t=866 MOVE raid x3 -> (78,113); assault x4 -> 攻击目标#1400@(75,114); aahunt x3 -> 攻击目标#1426@(72,116)
[21:28:54] {"kind": "action", "what": "attack_move", "name": null, "qty": null, "tid": null, "ts": "21:28:54"}
[21:28:54] {"kind": "action", "what": "attack_obj", "name": null, "qty": null, "tid": 1400, "ts": "21:28:54"}
[21:28:54] {"kind": "action", "what": "attack_obj", "name": null, "qty": null, "tid": 1426, "ts": "21:28:54"}
[21:28:56] t=869 jev VEH DRON HOLD (预算保护 cash=272 aav帽=ok aav=3)
[21:28:56] t=869 MOVE raid x3 -> (78,110)
[21:28:56] {"kind": "action", "what": "attack_move", "name": null, "qty": null, "tid": null, "ts": "21:28:56"}
[21:28:58] t=871 jev VEH HTNK HOLD (预算保护 cash=272 aav帽=ok aav=3)
[21:28:58] t=871 MOVE raid x3 -> (78,107)
[21:28:58] {"kind": "action", "what": "attack_move", "name": null, "qty": null, "tid": null, "ts": "21:28:58"}
[21:29:00] t=874 jev VEH HTK HOLD (预算保护 cash=272 aav帽=ok aav=3)
[21:29:00] t=874 MOVE raid x3 -> (84,115)
[21:29:00] {"kind": "action", "what": "attack_move", "name": null, "qty": null, "tid": null, "ts": "21:29:00"}
[21:29:00] t=877 RETREAT HTK(35%)
[21:29:00] {"kind": "action", "what": "move", "name": null, "qty": null, "tid": null, "ts": "21:29:00"}
[21:29:02] t=877 jev VEH HTK HOLD (预算保护 cash=272 aav帽=ok aav=3)
[21:29:02] t=877 MOVE raid x3 -> (86,113)
[21:29:02] {"kind": "action", "what": "attack_move", "name": null, "qty": null, "tid": null, "ts": "21:29:02"}
[21:29:04] t=879 jev VEH HTK HOLD (预算保护 cash=272 aav帽=ok aav=3)
[21:29:04] t=882 ALARM unit lost -> 攻势保持（塔阵守家, 前线 10 个单位继续进攻）
[21:29:06] t=882 jev VEH DRON HOLD (预算保护 cash=272 aav帽=ok aav=3)
[21:29:06] t=882 MOVE raid x3 -> (78,121)
[21:29:06] {"kind": "action", "what": "attack_move", "name": null, "qty": null, "tid": null, "ts": "21:29:06"}
[21:29:06] t=884 TANK HTNK x2
[21:29:06] {"kind": "action", "what": "produce", "name": "HTNK", "qty": 2, "tid": null, "ts": "21:29:06"}
[21:29:08] t=884 MOVE assault x3 -> 攻击目标#1400@(75,114); aahunt x3 -> 攻击目标#1426@(72,116)
[21:29:08] {"kind": "action", "what": "attack_obj", "name": null, "qty": null, "tid": 1400, "ts": "21:29:08"}
[21:29:08] {"kind": "action", "what": "attack_obj", "name": null, "qty": null, "tid": 1426, "ts": "21:29:08"}
[21:29:10] t=887 MOVE raid x3 -> (78,119); aahunt x2 -> (125,84)
[21:29:10] {"kind": "action", "what": "attack_move", "name": null, "qty": null, "tid": null, "ts": "21:29:10"}
[21:29:10] {"kind": "action", "what": "attack_move", "name": null, "qty": null, "tid": null, "ts": "21:29:10"}
[21:29:12] t=889 MOVE raid x3 -> (78,117)
[21:29:12] {"kind": "action", "what": "attack_move", "name": null, "qty": null, "tid": null, "ts": "21:29:12"}
[21:29:13] t=892 MOVE raid x3 -> (78,114); guard x1 -> (137,82); aahunt x3 -> 攻击目标#1571@(72,116)
[21:29:14] {"kind": "action", "what": "attack_move", "name": null, "qty": null, "tid": null, "ts": "21:29:14"}
[21:29:14] {"kind": "action", "what": "attack_move", "name": null, "qty": null, "tid": null, "ts": "21:29:14"}
[21:29:14] {"kind": "action", "what": "attack_obj", "name": null, "qty": null, "tid": 1571, "ts": "21:29:14"}
[21:29:15] t=894 MOVE raid x3 -> (78,111)
[21:29:16] {"kind": "action", "what": "attack_move", "name": null, "qty": null, "tid": null, "ts": "21:29:16"}
[21:29:17] t=897 MOVE raid x3 -> (77,108); assault x3 -> (137,82); t=897 AIR-EVADE assault x3 -> home (坦克打不到空中, 等AA猎杀); aahunt x3 -> 攻击目标#1426@(76,115)
[21:29:18] {"kind": "action", "what": "attack_move", "name": null, "qty": null, "tid": null, "ts": "21:29:18"}
[21:29:18] {"kind": "action", "what": "attack_move", "name": null, "qty": null, "tid": null, "ts": "21:29:18"}
[21:29:18] {"kind": "action", "what": "attack_obj", "name": null, "qty": null, "tid": 1426, "ts": "21:29:18"}
[21:29:18] t=900 ESCORT 坦克#1475 -> 护航矿车@[126, 105]
[21:29:18] {"kind": "action", "what": "attack_move", "name": null, "qty": null, "tid": null, "ts": "21:29:18"}
[21:29:20] t=900 jev BUILD NARADR HOLD (资金闸门: 坦克优先, cash=621)
[21:29:20] t=900 MOVE raid x3 -> (75,106); t=900 AIR-EVADE assault x3 -> home (坦克打不到空中, 等AA猎杀)
[21:29:20] {"kind": "action", "what": "attack_move", "name": null, "qty": null, "tid": null, "ts": "21:29:20"}
[21:29:20] t=902 ALARM unit lost -> 攻势保持（塔阵守家, 前线 5 个单位继续进攻）
[21:29:21] t=902 MOVE raid x2 -> (73,104); t=902 AIR-EVADE assault x4 -> home (坦克打不到空中, 等AA猎杀)
[21:29:21] {"kind": "action", "what": "attack_move", "name": null, "qty": null, "tid": null, "ts": "21:29:21"}
[21:29:22] t=905 ALARM unit lost -> 攻势保持（塔阵守家, 前线 5 个单位继续进攻）
[21:29:23] t=905 MOVE raid x2 -> (71,102); assault x3 -> 攻击目标#1400@(75,114); hold_a x1 -> (133,86); aahunt x3 -> 攻击目标#1571@(72,116)
[21:29:23] {"kind": "action", "what": "attack_move", "name": null, "qty": null, "tid": null, "ts": "21:29:23"}
[21:29:23] {"kind": "action", "what": "attack_obj", "name": null, "qty": null, "tid": 1400, "ts": "21:29:23"}
[21:29:24] {"kind": "action", "what": "attack_move", "name": null, "qty": null, "tid": null, "ts": "21:29:24"}
[21:29:24] {"kind": "action", "what": "attack_obj", "name": null, "qty": null, "tid": 1571, "ts": "21:29:24"}
[21:29:25] t=908 MOVE raid x2 -> (69,100); aahunt x2 -> (125,84)
[21:29:25] {"kind": "action", "what": "attack_move", "name": null, "qty": null, "tid": null, "ts": "21:29:25"}
[21:29:25] {"kind": "action", "what": "attack_move", "name": null, "qty": null, "tid": null, "ts": "21:29:25"}
[21:29:27] t=910 MOVE raid x2 -> (70,117)
[21:29:27] {"kind": "action", "what": "attack_move", "name": null, "qty": null, "tid": null, "ts": "21:29:27"}
[21:29:29] t=913 MOVE raid x2 -> (69,95)
[21:29:29] {"kind": "action", "what": "attack_move", "name": null, "qty": null, "tid": null, "ts": "21:29:29"}
[21:29:35] t=920 MOVE raid x2 -> (68,96); hold_b x1 -> (126,75)
[21:29:35] {"kind": "action", "what": "attack_move", "name": null, "qty": null, "tid": null, "ts": "21:29:35"}
[21:29:35] {"kind": "action", "what": "attack_move", "name": null, "qty": null, "tid": null, "ts": "21:29:35"}
[21:29:37] t=923 jev VEH DRON HOLD (预算保护 cash=722 aav帽=ok aav=3)
[21:29:37] t=923 MOVE assault x5 -> 攻击目标#1400@(75,114)
[21:29:37] {"kind": "action", "what": "attack_obj", "name": null, "qty": null, "tid": 1400, "ts": "21:29:37"}
[21:29:37] t=923 tick#425 credits=722 stance=attack | jev 425 decisions p50=1349ms
[21:29:39] t=925 jev VEH DRON HOLD (预算保护 cash=722 aav帽=ok aav=3)
[21:29:40] t=928 jev VEH DRON HOLD (预算保护 cash=722 aav帽=ok aav=3)
[21:29:42] t=930 jev VEH DRON HOLD (预算保护 cash=722 aav帽=ok aav=3)
[21:29:42] t=930 MOVE raid x2 -> (69,97)
[21:29:42] {"kind": "action", "what": "attack_move", "name": null, "qty": null, "tid": null, "ts": "21:29:42"}
[21:29:44] t=933 jev VEH DRON HOLD (预算保护 cash=722 aav帽=ok aav=3)
[21:29:44] t=933 MOVE raid x2 -> (70,98); assault x5 -> 攻击目标#1067@(75,117); guard x1 -> (137,82)
[21:29:44] {"kind": "action", "what": "attack_move", "name": null, "qty": null, "tid": null, "ts": "21:29:44"}
[21:29:44] {"kind": "action", "what": "attack_obj", "name": null, "qty": null, "tid": 1067, "ts": "21:29:44"}
[21:29:44] {"kind": "action", "what": "attack_move", "name": null, "qty": null, "tid": null, "ts": "21:29:44"}
[21:29:46] t=935 jev VEH DRON HOLD (预算保护 cash=722 aav帽=ok aav=3)
[21:29:48] t=938 jev VEH DRON HOLD (预算保护 cash=722 aav帽=ok aav=3)
[21:29:48] t=940 ESCORT 坦克#1647 -> 护航矿车@[127, 105]
[21:29:48] t=940 RETREAT HTK(36%)
[21:29:48] {"kind": "action", "what": "attack_move", "name": null, "qty": null, "tid": null, "ts": "21:29:48"}
[21:29:48] {"kind": "action", "what": "move", "name": null, "qty": null, "tid": null, "ts": "21:29:48"}
[21:29:50] t=940 jev VEH DRON HOLD (预算保护 cash=722 aav帽=ok aav=3)
[21:29:50] t=940 MOVE raid x2 -> (69,99)
[21:29:50] {"kind": "action", "what": "attack_move", "name": null, "qty": null, "tid": null, "ts": "21:29:50"}
[21:29:52] t=943 jev VEH DRON HOLD (预算保护 cash=722 aav帽=ok aav=3)
[21:29:52] t=943 MOVE raid x2 -> (69,100)
[21:29:52] {"kind": "action", "what": "attack_move", "name": null, "qty": null, "tid": null, "ts": "21:29:52"}
[21:29:54] t=946 jev VEH DRON HOLD (预算保护 cash=722 aav帽=ok aav=3)
[21:29:56] t=948 jev VEH DRON HOLD (预算保护 cash=722 aav帽=ok aav=3)
[21:29:56] t=948 MOVE raid x2 -> (78,121); aahunt x2 -> (125,84)
[21:29:56] {"kind": "action", "what": "attack_move", "name": null, "qty": null, "tid": null, "ts": "21:29:56"}
[21:29:56] {"kind": "action", "what": "attack_move", "name": null, "qty": null, "tid": null, "ts": "21:29:56"}
[21:29:58] t=951 jev VEH DRON HOLD (预算保护 cash=722 aav帽=ok aav=3)
[21:29:58] t=951 MOVE assault x5 -> 攻击目标#1067@(75,117)
[21:29:58] {"kind": "action", "what": "attack_obj", "name": null, "qty": null, "tid": 1067, "ts": "21:29:58"}
[21:30:00] t=953 jev VEH DRON HOLD (预算保护 cash=722 aav帽=ok aav=3)
[21:30:00] t=953 MOVE raid x2 -> (78,120)
[21:30:00] {"kind": "action", "what": "attack_move", "name": null, "qty": null, "tid": null, "ts": "21:30:00"}
[21:30:01] t=956 jev VEH DRON HOLD (预算保护 cash=722 aav帽=ok aav=3)
[21:30:01] t=956 MOVE raid x2 -> (78,118)
[21:30:02] {"kind": "action", "what": "attack_move", "name": null, "qty": null, "tid": null, "ts": "21:30:02"}
[21:30:02] t=958 RETREAT HTNK(38%)
[21:30:02] {"kind": "action", "what": "move", "name": null, "qty": null, "tid": null, "ts": "21:30:02"}
[21:30:03] t=958 jev VEH DRON HOLD (预算保护 cash=722 aav帽=ok aav=3)
[21:30:03] t=958 MOVE raid x2 -> (78,116)
[21:30:03] {"kind": "action", "what": "attack_move", "name": null, "qty": null, "tid": null, "ts": "21:30:03"}
[21:30:05] t=961 jev VEH DRON HOLD (预算保护 cash=722 aav帽=ok aav=3)
[21:30:05] t=961 MOVE raid x2 -> (78,114)
[21:30:05] {"kind": "action", "what": "attack_move", "name": null, "qty": null, "tid": null, "ts": "21:30:05"}
[21:30:06] t=964 AA HTK x1 (enemy air, alive 3)
[21:30:06] {"kind": "action", "what": "produce", "name": "HTK", "qty": 1, "tid": null, "ts": "21:30:06"}
[21:30:07] t=964 MOVE raid x2 -> (78,112); assault x4 -> (137,82); t=964 AIR-EVADE assault x4 -> home (坦克打不到空中, 等AA猎杀); aahunt x3 -> 攻击目标#1882@(72,115)
[21:30:07] {"kind": "action", "what": "attack_move", "name": null, "qty": null, "tid": null, "ts": "21:30:07"}
[21:30:07] {"kind": "action", "what": "attack_move", "name": null, "qty": null, "tid": null, "ts": "21:30:07"}
[21:30:07] {"kind": "action", "what": "attack_obj", "name": null, "qty": null, "tid": 1882, "ts": "21:30:07"}
[21:30:09] t=966 MOVE raid x2 -> (78,110); t=966 AIR-EVADE assault x4 -> home (坦克打不到空中, 等AA猎杀)
[21:30:09] {"kind": "action", "what": "attack_move", "name": null, "qty": null, "tid": null, "ts": "21:30:09"}
[21:30:11] t=969 MOVE raid x2 -> (70,117); t=969 AIR-EVADE assault x4 -> home (坦克打不到空中, 等AA猎杀); aahunt x3 -> 攻击目标#1882@(72,116)
[21:30:11] {"kind": "action", "what": "attack_move", "name": null, "qty": null, "tid": null, "ts": "21:30:11"}
[21:30:11] {"kind": "action", "what": "attack_obj", "name": null, "qty": null, "tid": 1882, "ts": "21:30:11"}
[21:30:12] t=972 ALARM unit lost -> 攻势保持（塔阵守家, 前线 6 个单位继续进攻）
[21:30:12] t=972 HARASS DRON x2 (have 0)
[21:30:12] {"kind": "action", "what": "produce", "name": "DRON", "qty": 2, "tid": null, "ts": "21:30:12"}
[21:30:15] t=974 jev BUILD NARADR HOLD (资金闸门: 坦克优先, cash=1207)
[21:30:15] t=974 MOVE t=974 AIR-EVADE assault x3 -> home (坦克打不到空中, 等AA猎杀); guard x1 -> (137,82)
[21:30:15] {"kind": "action", "what": "attack_move", "name": null, "qty": null, "tid": null, "ts": "21:30:15"}
[21:30:17] t=977 jev BUILD NARADR HOLD (资金闸门: 坦克优先, cash=1066)
[21:30:17] t=979 RETREAT HTNK(32%)
[21:30:17] {"kind": "action", "what": "move", "name": null, "qty": null, "tid": null, "ts": "21:30:17"}
[21:30:19] t=979 jev BUILD NARADR HOLD (资金闸门: 坦克优先, cash=929)
[21:30:19] t=982 ESCORT 坦克#1647 -> 护航矿车@[128, 104]
[21:30:19] {"kind": "action", "what": "attack_move", "name": null, "qty": null, "tid": null, "ts": "21:30:19"}
[21:30:21] t=982 jev BUILD NARADR HOLD (资金闸门: 坦克优先, cash=788)
[21:30:21] t=982 MOVE assault x5 -> 攻击目标#1067@(75,117); aahunt x2 -> (125,84)
[21:30:21] {"kind": "action", "what": "attack_obj", "name": null, "qty": null, "tid": 1067, "ts": "21:30:21"}
[21:30:21] {"kind": "action", "what": "attack_move", "name": null, "qty": null, "tid": null, "ts": "21:30:21"}
[21:30:21] t=984 RETREAT HTNK(25%)
[21:30:21] t=984 RETREAT HTK(38%)
[21:30:21] {"kind": "action", "what": "move", "name": null, "qty": null, "tid": null, "ts": "21:30:21"}
[21:30:21] {"kind": "action", "what": "move", "name": null, "qty": null, "tid": null, "ts": "21:30:21"}
[21:30:23] t=984 jev BUILD NARADR HOLD (资金闸门: 坦克优先, cash=644)
[21:30:25] t=987 jev BUILD NARADR HOLD (资金闸门: 坦克优先, cash=547)
[21:30:25] t=987 jev VEH HARV HOLD (预算保护 cash=547 aav帽=ok aav=4)
[21:30:25] t=987 MOVE hold_a x1 -> (133,86)
[21:30:25] {"kind": "action", "what": "attack_move", "name": null, "qty": null, "tid": null, "ts": "21:30:25"}
[21:30:25] t=987 tick#450 credits=547 stance=attack | jev 450 decisions p50=1389ms
[21:30:25] t=989 ALARM unit lost -> 攻势保持（塔阵守家, 前线 8 个单位继续进攻）
[21:30:27] t=989 jev BUILD NARADR HOLD (资金闸门: 坦克优先, cash=547)
[21:30:27] t=989 jev INF E2 HOLD (预算保护 gate=False e2=2)
[21:30:27] t=989 jev VEH DRON HOLD (预算保护 cash=547 aav帽=ok aav=4)
[21:30:28] t=992 jev BUILD NARADR HOLD (资金闸门: 坦克优先, cash=547)
[21:30:28] t=992 jev INF E2 HOLD (预算保护 gate=False e2=2)
[21:30:28] t=992 jev VEH HARV HOLD (预算保护 cash=547 aav帽=ok aav=4)
[21:30:29] t=994 ALARM unit lost -> 攻势保持（塔阵守家, 前线 8 个单位继续进攻）
[21:30:30] t=994 jev BUILD NARADR HOLD (资金闸门: 坦克优先, cash=547)
[21:30:30] t=994 jev VEH HARV HOLD (预算保护 cash=547 aav帽=ok aav=3)
[21:30:32] t=997 jev BUILD NARADR HOLD (资金闸门: 坦克优先, cash=547)
[21:30:32] t=997 jev VEH HARV HOLD (预算保护 cash=547 aav帽=ok aav=3)
[21:30:34] t=999 jev BUILD NARADR HOLD (资金闸门: 坦克优先, cash=547)
[21:30:34] t=999 jev VEH HARV HOLD (预算保护 cash=547 aav帽=ok aav=3)
[21:30:34] t=999 MOVE assault x4 -> 攻击目标#1067@(75,117)
[21:30:34] {"kind": "action", "what": "attack_obj", "name": null, "qty": null, "tid": 1067, "ts": "21:30:34"}
[21:30:36] t=1001 jev BUILD NARADR HOLD (资金闸门: 坦克优先, cash=547)
[21:30:36] t=1001 jev VEH HARV HOLD (预算保护 cash=547 aav帽=ok aav=3)
[21:30:36] t=1001 MOVE hold_b x1 -> (126,75)
[21:30:36] {"kind": "action", "what": "attack_move", "name": null, "qty": null, "tid": null, "ts": "21:30:36"}
[21:30:37] t=1004 jev VEH HARV HOLD (预算保护 cash=547 aav帽=ok aav=3)
[21:30:38] t=1006 TANK HTNK x2
[21:30:38] {"kind": "action", "what": "produce", "name": "HTNK", "qty": 2, "tid": null, "ts": "21:30:38"}
[21:30:39] t=1006 jev BUILD NARADR (conf 0.14)
[21:30:39] {"kind": "action", "what": "produce", "name": "NARADR", "qty": 1, "tid": null, "ts": "21:30:39"}
[21:30:43] t=1011 MOVE raid x3 -> (70,117)
[21:30:43] {"kind": "action", "what": "attack_move", "name": null, "qty": null, "tid": null, "ts": "21:30:43"}
[21:30:46] t=1016 MOVE assault x4 -> 攻击目标#1067@(75,117); guard x1 -> (137,82)
[21:30:46] {"kind": "action", "what": "attack_obj", "name": null, "qty": null, "tid": 1067, "ts": "21:30:46"}
[21:30:47] {"kind": "action", "what": "attack_move", "name": null, "qty": null, "tid": null, "ts": "21:30:47"}
[21:30:48] t=1018 jev INF E2 (conf 0.26)
[21:30:48] {"kind": "action", "what": "produce", "name": "E2", "qty": 1, "tid": null, "ts": "21:30:48"}
[21:30:48] t=1018 MOVE assault x4 -> 攻击目标#1047@(71,114)
[21:30:48] {"kind": "action", "what": "attack_obj", "name": null, "qty": null, "tid": 1047, "ts": "21:30:48"}
[21:30:52] t=1023 MOVE aahunt x2 -> (125,84)
[21:30:52] {"kind": "action", "what": "attack_move", "name": null, "qty": null, "tid": null, "ts": "21:30:52"}
[21:30:54] t=1026 jev INF E2 HOLD (预算保护 gate=False e2=3)
[21:30:54] t=1026 MOVE assault x5 -> 攻击目标#1092@(80,124)
[21:30:54] {"kind": "action", "what": "attack_obj", "name": null, "qty": null, "tid": 1092, "ts": "21:30:54"}
[21:31:01] t=1038 ESCORT 坦克#2102 -> 护航矿车@[128, 105]
[21:31:01] {"kind": "action", "what": "attack_move", "name": null, "qty": null, "tid": null, "ts": "21:31:01"}
[21:31:05] t=1042 TANK HTNK x2
[21:31:05] {"kind": "action", "what": "produce", "name": "HTNK", "qty": 2, "tid": null, "ts": "21:31:05"}
[21:31:06] t=1042 MOVE assault x5 -> 攻击目标#1092@(80,124)
[21:31:06] {"kind": "action", "what": "attack_obj", "name": null, "qty": null, "tid": 1092, "ts": "21:31:06"}
[21:31:08] t=1045 jev INF FLAKT (conf 0.33)
[21:31:08] {"kind": "action", "what": "produce", "name": "FLAKT", "qty": 1, "tid": null, "ts": "21:31:08"}
[21:31:10] t=1047 tick#475 credits=934 stance=attack | jev 475 decisions p50=1418ms
[21:31:14] t=1053 MOVE raid x4 -> (70,117)
[21:31:14] {"kind": "action", "what": "attack_move", "name": null, "qty": null, "tid": null, "ts": "21:31:14"}
[21:31:18] t=1058 MOVE guard x1 -> (137,82)
[21:31:18] {"kind": "action", "what": "attack_move", "name": null, "qty": null, "tid": null, "ts": "21:31:18"}
[21:31:20] t=1060 MOVE assault x5 -> 攻击目标#1092@(80,124)
[21:31:20] {"kind": "action", "what": "attack_obj", "name": null, "qty": null, "tid": 1092, "ts": "21:31:20"}
[21:31:24] t=1066 MOVE aahunt x2 -> (125,84)
[21:31:24] {"kind": "action", "what": "attack_move", "name": null, "qty": null, "tid": null, "ts": "21:31:24"}
[21:31:26] t=1068 MOVE hold_a x2 -> (133,86)
[21:31:26] {"kind": "action", "what": "attack_move", "name": null, "qty": null, "tid": null, "ts": "21:31:26"}
[21:31:32] t=1079 ESCORT 坦克#2102 -> 护航矿车@[130, 117]
[21:31:32] {"kind": "action", "what": "attack_move", "name": null, "qty": null, "tid": null, "ts": "21:31:32"}
[21:31:34] t=1079 MOVE assault x6 -> 攻击目标#1092@(80,124)
[21:31:34] {"kind": "action", "what": "attack_obj", "name": null, "qty": null, "tid": 1092, "ts": "21:31:34"}
[21:31:36] t=1081 MOVE hold_b x1 -> (126,75)
[21:31:36] {"kind": "action", "what": "attack_move", "name": null, "qty": null, "tid": null, "ts": "21:31:36"}
[21:31:43] t=1092 MOVE assault x6 -> 攻击目标#1053@(75,120)
[21:31:43] {"kind": "action", "what": "attack_obj", "name": null, "qty": null, "tid": 1053, "ts": "21:31:43"}
[21:31:45] t=1094 MOVE raid x4 -> (70,117)
[21:31:45] {"kind": "action", "what": "attack_move", "name": null, "qty": null, "tid": null, "ts": "21:31:45"}
[21:31:49] t=1099 MOVE guard x1 -> (137,82)
[21:31:49] {"kind": "action", "what": "attack_move", "name": null, "qty": null, "tid": null, "ts": "21:31:49"}
[21:31:55] t=1107 MOVE assault x6 -> 攻击目标#1047@(71,114); aahunt x2 -> (125,84)
[21:31:55] {"kind": "action", "what": "attack_obj", "name": null, "qty": null, "tid": 1047, "ts": "21:31:55"}
[21:31:55] {"kind": "action", "what": "attack_move", "name": null, "qty": null, "tid": null, "ts": "21:31:55"}
[21:31:59] t=1112 tick#500 credits=1022 stance=attack | jev 500 decisions p50=1478ms
[21:32:03] t=1118 MOVE assault x6 -> 攻击目标#1044@(70,117)
[21:32:03] {"kind": "action", "what": "attack_obj", "name": null, "qty": null, "tid": 1044, "ts": "21:32:03"}
[21:32:03] t=1120 ESCORT 坦克#1647 -> 护航矿车@[120, 132]
[21:32:03] {"kind": "action", "what": "attack_move", "name": null, "qty": null, "tid": null, "ts": "21:32:03"}
[21:32:07] t=1126 ALARM unit lost -> 攻势保持（塔阵守家, 前线 6 个单位继续进攻）
[21:32:09] t=1128 ALARM unit lost -> 攻势保持（塔阵守家, 前线 7 个单位继续进攻）
[21:32:11] t=1128 jev VEH HARV HOLD (预算保护 cash=582 aav帽=ok aav=3)
[21:32:11] t=1128 MOVE assault x6 -> 攻击目标#1108@(82,128)
[21:32:11] {"kind": "action", "what": "attack_obj", "name": null, "qty": null, "tid": 1108, "ts": "21:32:11"}
[21:32:13] t=1131 jev VEH HARV HOLD (预算保护 cash=582 aav帽=ok aav=3)
[21:32:15] t=1133 jev VEH HARV HOLD (预算保护 cash=582 aav帽=ok aav=3)
[21:32:16] t=1136 jev VEH HARV HOLD (预算保护 cash=582 aav帽=ok aav=3)
[21:32:16] t=1136 MOVE raid x3 -> (70,117)
[21:32:17] {"kind": "action", "what": "attack_move", "name": null, "qty": null, "tid": null, "ts": "21:32:17"}
[21:32:18] t=1138 jev VEH HARV HOLD (预算保护 cash=582 aav帽=ok aav=3)
[21:32:20] t=1141 jev VEH HARV HOLD (预算保护 cash=582 aav帽=ok aav=3)
[21:32:20] t=1141 MOVE guard x1 -> (137,82)
[21:32:20] {"kind": "action", "what": "attack_move", "name": null, "qty": null, "tid": null, "ts": "21:32:20"}
[21:32:22] t=1143 jev VEH HARV HOLD (预算保护 cash=582 aav帽=ok aav=3)
[21:32:24] t=1146 jev VEH HARV HOLD (预算保护 cash=582 aav帽=ok aav=3)
[21:32:24] t=1146 MOVE assault x6 -> 攻击目标#1108@(82,128)
[21:32:24] {"kind": "action", "what": "attack_obj", "name": null, "qty": null, "tid": 1108, "ts": "21:32:24"}
[21:32:26] t=1148 jev VEH HARV HOLD (预算保护 cash=582 aav帽=ok aav=3)
[21:32:26] t=1148 MOVE raid x3 -> (67,118); hold_a x2 -> (133,86); aahunt x2 -> (125,84)
[21:32:26] {"kind": "action", "what": "attack_move", "name": null, "qty": null, "tid": null, "ts": "21:32:26"}
[21:32:26] {"kind": "action", "what": "attack_move", "name": null, "qty": null, "tid": null, "ts": "21:32:26"}
[21:32:26] {"kind": "action", "what": "attack_move", "name": null, "qty": null, "tid": null, "ts": "21:32:26"}
[21:32:28] t=1151 jev VEH HARV HOLD (预算保护 cash=582 aav帽=ok aav=3)
[21:32:30] t=1154 jev VEH HARV HOLD (预算保护 cash=582 aav帽=ok aav=3)
[21:32:32] t=1156 jev VEH HARV HOLD (预算保护 cash=582 aav帽=ok aav=3)
[21:32:34] t=1159 jev VEH HARV HOLD (预算保护 cash=582 aav帽=ok aav=3)
[21:32:34] t=1161 ESCORT 坦克#2137 -> 护航矿车@[117, 133]
[21:32:34] {"kind": "action", "what": "attack_move", "name": null, "qty": null, "tid": null, "ts": "21:32:34"}
[21:32:36] t=1161 jev VEH HARV HOLD (预算保护 cash=582 aav帽=ok aav=3)
[21:32:36] t=1161 MOVE hold_b x1 -> (126,75)
[21:32:36] {"kind": "action", "what": "attack_move", "name": null, "qty": null, "tid": null, "ts": "21:32:36"}
[21:32:38] t=1164 jev VEH HARV HOLD (预算保护 cash=582 aav帽=ok aav=3)
[21:32:38] t=1164 MOVE assault x6 -> 攻击目标#1108@(82,128)
[21:32:38] {"kind": "action", "what": "attack_obj", "name": null, "qty": null, "tid": 1108, "ts": "21:32:38"}
[21:32:40] t=1167 jev VEH HARV HOLD (预算保护 cash=582 aav帽=ok aav=3)
[21:32:42] t=1169 jev VEH HARV HOLD (预算保护 cash=582 aav帽=ok aav=3)
[21:32:44] t=1172 jev VEH HARV HOLD (预算保护 cash=582 aav帽=ok aav=3)
[21:32:45] t=1174 jev VEH HARV HOLD (预算保护 cash=582 aav帽=ok aav=3)
[21:32:45] t=1174 MOVE assault x6 -> 攻击目标#1060@(69,122)
[21:32:45] {"kind": "action", "what": "attack_obj", "name": null, "qty": null, "tid": 1060, "ts": "21:32:45"}
[21:32:47] t=1177 jev VEH HARV HOLD (预算保护 cash=582 aav帽=ok aav=3)
[21:32:47] t=1177 tick#525 credits=582 stance=attack | jev 525 decisions p50=1517ms
[21:32:48] t=1180 RETREAT HTK(16%)
[21:32:48] {"kind": "action", "what": "move", "name": null, "qty": null, "tid": null, "ts": "21:32:48"}
[21:32:49] t=1180 jev VEH HARV HOLD (预算保护 cash=582 aav帽=ok aav=3)
[21:32:51] t=1182 jev VEH HARV HOLD (预算保护 cash=582 aav帽=ok aav=3)
[21:32:51] t=1182 MOVE guard x1 -> (137,82)
[21:32:51] {"kind": "action", "what": "attack_move", "name": null, "qty": null, "tid": null, "ts": "21:32:51"}
[21:32:53] t=1185 jev VEH HARV HOLD (预算保护 cash=582 aav帽=ok aav=3)
[21:32:53] t=1187 HARASS DRON x2 (have 0)
[21:32:53] t=1187 TANK HTNK x1
[21:32:53] {"kind": "action", "what": "produce", "name": "DRON", "qty": 2, "tid": null, "ts": "21:32:53"}
[21:32:54] {"kind": "action", "what": "produce", "name": "HTNK", "qty": 1, "tid": null, "ts": "21:32:54"}
[21:32:57] t=1190 MOVE raid x3 -> (69,122); hold_b x1 -> (126,76); aahunt x2 -> (125,84)
[21:32:57] {"kind": "action", "what": "attack_move", "name": null, "qty": null, "tid": null, "ts": "21:32:57"}
[21:32:57] {"kind": "action", "what": "attack_move", "name": null, "qty": null, "tid": null, "ts": "21:32:57"}
[21:32:57] {"kind": "action", "what": "attack_move", "name": null, "qty": null, "tid": null, "ts": "21:32:57"}
[21:32:59] t=1193 MOVE assault x6 -> 攻击目标#1060@(69,122)
[21:33:00] {"kind": "action", "what": "attack_obj", "name": null, "qty": null, "tid": 1060, "ts": "21:33:00"}
[21:33:02] t=1196 MOVE raid x4 -> (71,123)
[21:33:02] {"kind": "action", "what": "attack_move", "name": null, "qty": null, "tid": null, "ts": "21:33:02"}
[21:33:04] t=1198 MOVE raid x4 -> (67,115); assault x6 -> 攻击目标#1579@(66,121); hold_b x1 -> (126,75); aahunt x2 -> (125,83)
[21:33:04] {"kind": "action", "what": "attack_move", "name": null, "qty": null, "tid": null, "ts": "21:33:04"}
[21:33:04] {"kind": "action", "what": "attack_obj", "name": null, "qty": null, "tid": 1579, "ts": "21:33:04"}
[21:33:04] {"kind": "action", "what": "attack_move", "name": null, "qty": null, "tid": null, "ts": "21:33:04"}
[21:33:04] {"kind": "action", "what": "attack_move", "name": null, "qty": null, "tid": null, "ts": "21:33:04"}
[21:33:06] t=1204 ESCORT 坦克#2548 -> 护航矿车@[120, 111]
[21:33:06] {"kind": "action", "what": "attack_move", "name": null, "qty": null, "tid": null, "ts": "21:33:06"}
[21:33:10] t=1207 MOVE assault x7 -> 攻击目标#1074@(67,115)
[21:33:10] {"kind": "action", "what": "attack_obj", "name": null, "qty": null, "tid": 1074, "ts": "21:33:10"}
[2026-10-04 21:33:14] {"kind": "report", "result": "victory", "t": 1214, "ticks": 539, "crisis_ticks": 50, "stance": "attack", "jev": {"decisions": 538, "errors": 0, "input_tokens": 1582598, "output_tokens": 0, "p50_ms": 1525, "p95_ms": 1665}, "enemy_base": [67, 115], "ts": "2026-10-04 21:33:14"}
[21:33:14] REVIEW game#62 victory → game-0062-review.md | changes=0
{
  "result": "victory",
  "t": 1214,
  "ticks": 539,
  "crisis_ticks": 50,
  "stance": "attack",
  "jev": {
    "decisions": 538,
    "errors": 0,
    "input_tokens": 1582598,
    "output_tokens": 0,
    "p50_ms": 1525,
    "p95_ms": 1665
  },
  "enemy_base": [
    67,
    115
  ],
  "ts": "2026-10-04 21:33:14",
  "review": {
    "game_no": 62,
    "rootcause": "attrition",
    "auto_tuned": 0
  }
}
