[12:05:35] 进局中(全自动)...
[12:06:54] {"kind": "start", "policy": "ra2web-jev-player/1.0", "maxDecisions": 999999, "micro": {"events": [{"kind": "micro", "t": 1, "what": "start"}], "loopN": 1, "on": true, "outcome": null, "stall": false}, "ts": "12:06:54"}
[12:06:54] === ra2web-jev-player start (tick=1.5s, max_decisions=999999) ===
[12:06:54] t=1 DEPLOY mcv
[12:06:54] {"kind": "action", "what": "deploy", "ids": [1042], "ts": "12:06:54"}
[12:06:54] {"kind": "action", "what": "deploy", "name": null, "qty": null, "tid": null, "ts": "12:06:54"}
[12:06:56] t=3 jev BUILD NAPOWR HOLD (开局序列前置位保护: 等 NAREFN)
[12:06:56] t=3 jev STANCE defend->develop (conf 0.91)
[12:06:58] t=5 jev BUILD NAPOWR HOLD (开局序列前置位保护: 等 NAREFN)
[12:06:59] t=7 jev BUILD NAPOWR HOLD (开局序列前置位保护: 等 NAREFN)
[12:07:01] t=9 jev BUILD NAPOWR HOLD (开局序列前置位保护: 等 NAREFN)
[12:07:02] t=11 jev BUILD NAPOWR HOLD (开局序列前置位保护: 等 NAREFN)
[12:07:04] t=13 jev BUILD NAPOWR HOLD (开局序列前置位保护: 等 NAREFN)
[12:07:05] t=15 jev BUILD NAPOWR HOLD (开局序列前置位保护: 等 NAREFN)
[12:07:07] t=17 jev BUILD NAPOWR HOLD (开局序列前置位保护: 等 NAREFN)
[12:07:08] t=19 jev BUILD NAPOWR HOLD (开局序列前置位保护: 等 NAREFN)
[12:07:10] t=21 jev BUILD NAPOWR HOLD (开局序列前置位保护: 等 NAREFN)
[12:07:11] t=23 jev BUILD NAPOWR HOLD (开局序列前置位保护: 等 NAREFN)
[12:07:13] t=25 jev BUILD NAPOWR HOLD (开局序列前置位保护: 等 NAREFN)
[12:07:14] t=27 jev BUILD NAPOWR HOLD (开局序列前置位保护: 等 NAREFN)
[12:07:16] t=29 jev BUILD NAPOWR HOLD (开局序列前置位保护: 等 NAREFN)
[12:07:17] t=31 jev BUILD NAPOWR HOLD (开局序列前置位保护: 等 NAREFN)
[12:07:19] t=33 jev BUILD NAPOWR HOLD (开局序列前置位保护: 等 NAREFN)
[12:07:20] t=35 jev BUILD NAPOWR HOLD (开局序列前置位保护: 等 NAREFN)
[12:07:22] t=37 jev BUILD NAPOWR HOLD (开局序列前置位保护: 等 NAREFN)
[12:07:23] t=39 jev BUILD NAPOWR HOLD (开局序列前置位保护: 等 NAREFN)
[12:07:24] t=41 OPENING REJECT NAREFN (40gs 无进展, 拉黑)
[12:07:24] t=41 OPENING FALLBACK -> legacy NAPOWR-first
[12:07:24] {"kind": "action", "what": "produce", "name": "NAPOWR", "qty": 1, "tid": null, "ts": "12:07:24"}
[12:07:24] t=41 OPENING BUILD NAPOWR
[12:07:31] t=49 tick#25 credits=9780 stance=develop | jev 25 decisions p50=757ms
[12:07:43] {"kind": "action", "what": "produce", "name": "NAREFN", "qty": 1, "tid": null, "ts": "12:07:43"}
[12:07:43] t=67 OPENING BUILD NAREFN
[12:08:08] t=99 tick#50 credits=8634 stance=develop | jev 50 decisions p50=786ms
[12:08:46] t=149 tick#75 credits=7425 stance=develop | jev 75 decisions p50=805ms
[12:08:52] {"kind": "action", "what": "produce", "name": "NAHAND", "qty": 1, "tid": null, "ts": "12:08:52"}
[12:08:52] t=158 OPENING BUILD NAHAND
[12:09:11] t=184 DEFLINE NALASR (have 0)
[12:09:11] {"kind": "action", "what": "produce", "name": "NALASR", "qty": 1, "tid": null, "ts": "12:09:11"}
[12:09:11] {"kind": "action", "what": "produce", "name": "NAWEAP", "qty": 1, "tid": null, "ts": "12:09:11"}
[12:09:11] t=184 OPENING BUILD NAWEAP
[12:09:27] t=204 tick#100 credits=5905 stance=defend | jev 100 decisions p50=816ms
[12:09:30] t=209 DEFLINE NALASR (have 1)
[12:09:32] t=211 DEFLINE NALASR (have 1)
[12:09:33] t=213 DEFLINE NALASR (have 1)
[12:09:35] t=215 DEFLINE NALASR (have 1)
[12:09:36] t=217 DEFLINE NALASR (have 1)
[12:09:36] {"kind": "action", "what": "produce", "name": "NALASR", "qty": 1, "tid": null, "ts": "12:09:36"}
[12:10:06] t=255 tick#125 credits=4171 stance=defend | jev 125 decisions p50=833ms
[12:10:18] t=273 ECON harv#2
[12:10:18] t=273 TANK HTNK x4
[12:10:18] {"kind": "action", "what": "produce", "name": "HARV", "qty": 1, "tid": null, "ts": "12:10:18"}
[12:10:18] {"kind": "action", "what": "produce", "name": "HTNK", "qty": 4, "tid": null, "ts": "12:10:18"}
[12:10:20] t=273 jev BUILD NAREFN (conf 0.38)
[12:10:20] {"kind": "action", "what": "produce", "name": "NAREFN", "qty": 1, "tid": null, "ts": "12:10:20"}
[12:10:21] t=276 INSURE AA building
[12:10:21] {"kind": "action", "what": "produce", "name": "NAFLAK", "qty": 1, "tid": null, "ts": "12:10:21"}
[12:10:48] t=311 tick#150 credits=2374 stance=defend | jev 150 decisions p50=1116ms
[12:10:55] t=319 jev INF E2 (conf 0.28)
[12:10:55] {"kind": "action", "what": "produce", "name": "E2", "qty": 1, "tid": null, "ts": "12:10:55"}
[12:11:00] t=328 ALARM NAREFN under attack -> TURTLE (1 v 5, 守塔阵不打野战)
[12:11:00] {"kind": "action", "what": "attack_move", "name": null, "qty": null, "tid": null, "ts": "12:11:00"}
[12:11:02] t=328 jev INF E2 (conf 0.34)
[12:11:03] t=331 jev INF E2 (conf 0.29)
[12:11:06] t=334 jev INF E2 (conf 0.40)
[12:11:07] t=337 jev INF E2 (conf 0.36)
[12:11:08] t=339 ALARM NAREFN under attack -> TURTLE (1 v 10, 守塔阵不打野战)
[12:11:08] {"kind": "action", "what": "attack_move", "name": null, "qty": null, "tid": null, "ts": "12:11:08"}
[12:11:09] t=339 jev INF E2 (conf 0.26)
[12:11:11] t=341 jev INF E2 HOLD (预算保护 gate=False e2=1)
[12:11:12] t=343 jev INF E2 HOLD (预算保护 gate=False e2=1)
[12:11:15] t=346 jev INF E2 HOLD (预算保护 gate=False e2=1)
[12:11:17] t=349 jev INF E2 HOLD (预算保护 gate=False e2=1)
[12:11:17] t=349 MOVE hold_a x1 -> (74,110)
[12:11:17] {"kind": "action", "what": "attack_move", "name": null, "qty": null, "tid": null, "ts": "12:11:17"}
[12:11:17] t=351 ALARM NAREFN under attack -> TURTLE (1 v 10, 守塔阵不打野战)
[12:11:17] {"kind": "action", "what": "attack_move", "name": null, "qty": null, "tid": null, "ts": "12:11:17"}
[12:11:18] t=351 jev INF E2 HOLD (预算保护 gate=False e2=1)
[12:11:20] t=353 jev INF E2 HOLD (预算保护 gate=False e2=2)
[12:11:20] t=356 RETREAT E2(14%)
[12:11:20] {"kind": "action", "what": "move", "name": null, "qty": null, "tid": null, "ts": "12:11:20"}
[12:11:22] t=356 jev INF E2 HOLD (预算保护 gate=False e2=2)
[12:11:23] t=358 jev INF E2 HOLD (预算保护 gate=False e2=1)
[12:11:25] t=360 jev INF E2 HOLD (预算保护 gate=False e2=1)
[12:11:25] t=362 ALARM enemy approaching -> TURTLE (1 v 11, 守塔阵不打野战)
[12:11:25] {"kind": "action", "what": "attack_move", "name": null, "qty": null, "tid": null, "ts": "12:11:25"}
[12:11:26] t=362 jev INF E2 HOLD (预算保护 gate=False e2=1)
[12:11:28] t=364 jev INF E2 HOLD (预算保护 gate=False e2=0)
[12:11:29] t=366 jev INF E2 HOLD (预算保护 gate=False e2=0)
[12:11:31] t=368 jev INF E2 HOLD (预算保护 gate=False e2=0)
[12:11:33] t=370 jev INF E2 HOLD (预算保护 gate=False e2=0)
[12:11:34] t=373 jev INF E2 HOLD (预算保护 gate=False e2=0)
[12:11:34] t=373 tick#175 credits=0 stance=defend | jev 175 decisions p50=1123ms
[12:11:36] t=375 jev INF E2 HOLD (预算保护 gate=False e2=0)
[12:11:38] t=377 jev INF E2 HOLD (预算保护 gate=False e2=0)
[12:11:39] t=379 jev INF E2 HOLD (预算保护 gate=False e2=0)
[12:11:41] t=381 jev INF E2 HOLD (预算保护 gate=False e2=0)
[12:11:42] t=383 jev INF E2 HOLD (预算保护 gate=False e2=0)
[12:11:44] t=386 jev INF E2 HOLD (预算保护 gate=False e2=0)
[12:11:46] t=388 jev INF E2 HOLD (预算保护 gate=False e2=0)
[12:11:47] t=390 jev INF E2 HOLD (预算保护 gate=False e2=0)
[12:11:49] t=392 jev INF E2 HOLD (预算保护 gate=False e2=0)
[12:11:51] t=394 jev INF E2 HOLD (预算保护 gate=False e2=0)
[12:11:52] t=397 jev INF E2 HOLD (预算保护 gate=False e2=0)
[12:11:54] t=399 jev INF E2 HOLD (预算保护 gate=False e2=0)
[12:11:56] t=401 jev INF E2 HOLD (预算保护 gate=False e2=0)
[12:11:57] t=403 jev INF E2 HOLD (预算保护 gate=False e2=0)
[12:11:59] t=405 jev INF E2 HOLD (预算保护 gate=False e2=0)
[12:12:00] t=407 jev INF E2 HOLD (预算保护 gate=False e2=0)
[12:12:02] t=410 jev INF E2 HOLD (预算保护 gate=False e2=0)
[12:12:04] t=412 jev INF E2 HOLD (预算保护 gate=False e2=0)
[12:12:04] t=414 ALARM NACNST under attack -> TURTLE (1 v 20, 守塔阵不打野战)
[12:12:04] {"kind": "action", "what": "attack_move", "name": null, "qty": null, "tid": null, "ts": "12:12:04"}
[12:12:04] t=414 POWER plant (reserve -35)
[12:12:04] t=414 INSURE AA building
[12:12:04] {"kind": "action", "what": "produce", "name": "NAPOWR", "qty": 1, "tid": null, "ts": "12:12:04"}
[12:12:04] {"kind": "action", "what": "produce", "name": "NAFLAK", "qty": 1, "tid": null, "ts": "12:12:04"}
[12:12:05] t=414 jev INF E2 (conf 0.22)
[12:12:05] {"kind": "action", "what": "produce", "name": "E2", "qty": 1, "tid": null, "ts": "12:12:05"}
[12:12:14] t=427 ALARM NACNST under attack -> TURTLE (1 v 20, 守塔阵不打野战)
[12:12:14] {"kind": "action", "what": "attack_move", "name": null, "qty": null, "tid": null, "ts": "12:12:14"}
[12:12:15] t=427 jev INF E2 (conf 0.18)
[12:12:15] t=427 tick#200 credits=1495 stance=defend | jev 200 decisions p50=1135ms
[12:12:16] t=429 jev INF E2 (conf 0.27)
[12:12:18] t=431 jev INF E2 (conf 0.27)
[12:12:19] t=433 jev INF E2 (conf 0.34)
[12:12:21] t=435 jev INF E2 (conf 0.33)
[12:12:23] t=439 ALARM NALASR under attack -> TURTLE (1 v 20, 守塔阵不打野战)
[12:12:28] t=445 jev INF E2 (conf 0.25)
[12:12:32] t=449 jev INF E2 (conf 0.28)
[12:12:32] {"kind": "action", "what": "produce", "name": "E2", "qty": 1, "tid": null, "ts": "12:12:32"}
[12:12:36] t=457 ALARM NALASR under attack -> TURTLE (1 v 15, 守塔阵不打野战)
[12:12:42] t=463 jev INF E2 (conf 0.37)
[12:12:43] t=465 jev INF E2 (conf 0.34)
[12:12:44] t=467 OPENING REJECT NAPOWR (40gs 无进展, 拉黑)
[12:12:45] t=467 jev INF E2 (conf 0.33)
[12:12:45] t=469 ALARM NALASR under attack -> TURTLE (3 v 14, 守塔阵不打野战)
[12:12:46] t=469 jev INF E2 (conf 0.33)
[12:12:48] t=471 jev INF E2 (conf 0.33)
[12:12:49] t=473 jev INF E2 (conf 0.35)
[12:12:51] t=475 jev INF E2 (conf 0.32)
[12:12:52] t=477 jev INF E2 (conf 0.23)
[12:12:52] t=477 tick#225 credits=1336 stance=defend | jev 225 decisions p50=1139ms
[12:12:54] t=479 jev INF E2 (conf 0.32)
[12:12:55] t=481 jev INF E2 (conf 0.54)
[12:12:57] t=483 jev INF E2 (conf 0.50)
[12:12:57] {"kind": "action", "what": "produce", "name": "E2", "qty": 1, "tid": null, "ts": "12:12:57"}
[2026-10-05 12:12:57] {"kind": "report", "result": "defeat", "t": 485, "ticks": 229, "crisis_ticks": 96, "stance": "defend", "jev": {"decisions": 228, "errors": 0, "input_tokens": 577346, "output_tokens": 0, "p50_ms": 1138, "p95_ms": 1926}, "enemy_base": null, "ts": "2026-10-05 12:12:57"}
[12:12:58] REVIEW game#63 defeat → game-0063-review.md | changes=0
{
  "result": "defeat",
  "t": 485,
  "ticks": 229,
  "crisis_ticks": 96,
  "stance": "defend",
  "jev": {
    "decisions": 228,
    "errors": 0,
    "input_tokens": 577346,
    "output_tokens": 0,
    "p50_ms": 1138,
    "p95_ms": 1926
  },
  "enemy_base": null,
  "ts": "2026-10-05 12:12:57",
  "review": {
    "game_no": 63,
    "rootcause": "no_target",
    "auto_tuned": 0
  }
}
