[12:35:37] 进局中(全自动)...
[12:36:06] {"kind": "start", "policy": "ra2web-jev-player/1.0", "maxDecisions": 999999, "micro": {"events": [{"kind": "micro", "t": 0, "what": "start"}], "loopN": 1, "on": true, "outcome": null, "stall": false}, "ts": "12:36:06"}
[12:36:06] === ra2web-jev-player start (tick=1.5s, max_decisions=999999) ===
[12:36:06] t=1 DEPLOY mcv
[12:36:06] {"kind": "action", "what": "deploy", "ids": [1042], "ts": "12:36:06"}
[12:36:06] {"kind": "action", "what": "deploy", "name": null, "qty": null, "tid": null, "ts": "12:36:06"}
[12:36:09] t=3 jev BUILD NAPOWR HOLD (开局序列前置位保护: 等 NAREFN)
[12:36:09] t=3 jev STANCE defend->develop (conf 0.90)
[12:36:10] t=5 jev BUILD NAPOWR HOLD (开局序列前置位保护: 等 NAREFN)
[12:36:12] t=7 jev BUILD NAPOWR HOLD (开局序列前置位保护: 等 NAREFN)
[12:36:13] t=9 jev BUILD NAPOWR HOLD (开局序列前置位保护: 等 NAREFN)
[12:36:15] t=11 jev BUILD NAPOWR HOLD (开局序列前置位保护: 等 NAREFN)
[12:36:16] t=13 jev BUILD NAPOWR HOLD (开局序列前置位保护: 等 NAREFN)
[12:36:18] t=15 jev BUILD NAPOWR HOLD (开局序列前置位保护: 等 NAREFN)
[12:36:19] t=17 jev BUILD NAPOWR HOLD (开局序列前置位保护: 等 NAREFN)
[12:36:21] t=19 jev BUILD NAPOWR HOLD (开局序列前置位保护: 等 NAREFN)
[12:36:22] t=21 jev BUILD NAPOWR HOLD (开局序列前置位保护: 等 NAREFN)
[12:36:24] t=23 jev BUILD NAPOWR HOLD (开局序列前置位保护: 等 NAREFN)
[12:36:25] t=25 jev BUILD NAPOWR HOLD (开局序列前置位保护: 等 NAREFN)
[12:36:27] t=27 jev BUILD NAPOWR HOLD (开局序列前置位保护: 等 NAREFN)
[12:36:28] t=29 jev BUILD NAPOWR HOLD (开局序列前置位保护: 等 NAREFN)
[12:36:30] t=31 jev BUILD NAPOWR HOLD (开局序列前置位保护: 等 NAREFN)
[12:36:31] t=33 jev BUILD NAPOWR HOLD (开局序列前置位保护: 等 NAREFN)
[12:36:33] t=35 jev BUILD NAPOWR HOLD (开局序列前置位保护: 等 NAREFN)
[12:36:34] t=37 jev BUILD NAPOWR HOLD (开局序列前置位保护: 等 NAREFN)
[12:36:36] t=39 jev BUILD NAPOWR HOLD (开局序列前置位保护: 等 NAREFN)
[12:36:36] t=41 OPENING REJECT NAREFN (40gs 无进展, 拉黑)
[12:36:36] t=41 OPENING FALLBACK -> legacy NAPOWR-first
[12:36:36] {"kind": "action", "what": "produce", "name": "NAPOWR", "qty": 1, "tid": null, "ts": "12:36:36"}
[12:36:36] t=41 OPENING BUILD NAPOWR
[12:36:43] t=49 tick#25 credits=9780 stance=develop | jev 25 decisions p50=823ms
[12:36:56] {"kind": "action", "what": "produce", "name": "NAREFN", "qty": 1, "tid": null, "ts": "12:36:56"}
[12:36:56] t=67 OPENING BUILD NAREFN
[12:37:21] t=99 tick#50 credits=8628 stance=develop | jev 50 decisions p50=834ms
[12:37:58] t=149 tick#75 credits=7420 stance=develop | jev 75 decisions p50=863ms
[12:38:04] {"kind": "action", "what": "produce", "name": "NAHAND", "qty": 1, "tid": null, "ts": "12:38:04"}
[12:38:04] t=157 OPENING BUILD NAHAND
[12:38:21] t=181 DEFLINE NALASR (have 0)
[12:38:22] {"kind": "action", "what": "produce", "name": "NALASR", "qty": 1, "tid": null, "ts": "12:38:22"}
[12:38:22] {"kind": "action", "what": "produce", "name": "NAWEAP", "qty": 1, "tid": null, "ts": "12:38:22"}
[12:38:22] t=181 OPENING BUILD NAWEAP
[12:38:23] t=181 jev INF E2 (conf 0.48)
[12:38:23] {"kind": "action", "what": "produce", "name": "E2", "qty": 1, "tid": null, "ts": "12:38:23"}
[12:38:26] t=187 ALARM enemy approaching -> counter 1 vs 1 -> [69, 120]
[12:38:26] {"kind": "action", "what": "attack_move", "name": null, "qty": null, "tid": null, "ts": "12:38:26"}
[12:38:27] t=187 jev INF E2 (conf 0.46)
[12:38:29] t=189 jev INF E2 (conf 0.59)
[12:38:30] t=191 jev INF E2 (conf 0.51)
[12:38:32] t=193 jev INF E2 (conf 0.49)
[12:38:33] t=195 jev INF E2 (conf 0.62)
[12:38:35] t=197 jev INF E2 (conf 0.57)
[12:38:36] t=199 jev INF E2 (conf 0.51)
[12:38:36] t=199 tick#100 credits=5876 stance=defend | jev 100 decisions p50=887ms
[12:38:38] t=201 jev INF E2 (conf 0.56)
[12:38:39] t=203 jev INF E2 (conf 0.57)
[12:38:40] t=205 DEFLINE NALASR (have 1)
[12:38:41] t=205 jev INF E2 (conf 0.63)
[12:38:41] t=207 DEFLINE NALASR (have 1)
[12:38:42] t=207 jev INF E2 (conf 0.59)
[12:38:43] t=209 DEFLINE NALASR (have 1)
[12:38:44] t=209 jev INF E2 (conf 0.58)
[12:38:44] t=211 DEFLINE NALASR (have 1)
[12:38:45] t=211 jev INF E2 (conf 0.50)
[12:38:46] t=213 DEFLINE NALASR (have 1)
[12:38:47] t=213 jev INF E2 (conf 0.50)
[12:38:47] t=215 DEFLINE NALASR (have 1)
[12:38:47] {"kind": "action", "what": "produce", "name": "NALASR", "qty": 1, "tid": null, "ts": "12:38:47"}
[12:38:48] t=215 jev INF E2 (conf 0.51)
[12:38:48] {"kind": "action", "what": "produce", "name": "E2", "qty": 1, "tid": null, "ts": "12:38:48"}
[12:38:53] t=221 jev INF E2 (conf 0.37)
[12:38:53] t=221 MOVE hold_a x1 -> (74,123)
[12:38:53] {"kind": "action", "what": "attack_move", "name": null, "qty": null, "tid": null, "ts": "12:38:53"}
[12:38:54] t=223 jev INF E2 (conf 0.38)
[12:38:56] t=225 jev INF E2 (conf 0.37)
[12:38:57] t=227 jev INF E2 (conf 0.38)
[12:38:59] t=229 jev INF E2 (conf 0.38)
[12:39:00] t=231 jev INF E2 (conf 0.37)
[12:39:02] t=233 jev INF E2 (conf 0.37)
[12:39:03] t=235 jev INF E2 (conf 0.38)
[12:39:05] t=237 jev INF E2 (conf 0.37)
[12:39:06] t=239 jev INF E2 (conf 0.39)
[12:39:08] t=241 jev INF E2 (conf 0.38)
[12:39:09] t=243 jev INF E2 (conf 0.38)
[12:39:11] t=245 jev INF E2 (conf 0.38)
[12:39:12] t=247 jev INF E2 (conf 0.37)
[12:39:14] t=249 jev INF E2 (conf 0.37)
[12:39:14] {"kind": "action", "what": "produce", "name": "E2", "qty": 1, "tid": null, "ts": "12:39:14"}
[12:39:14] t=249 tick#125 credits=4076 stance=defend | jev 125 decisions p50=913ms
[12:39:18] t=255 jev INF E2 (conf 0.44)
[12:39:18] t=255 MOVE hold_b x1 -> (62,119)
[12:39:18] {"kind": "action", "what": "attack_move", "name": null, "qty": null, "tid": null, "ts": "12:39:18"}
[12:39:20] t=257 jev INF E2 (conf 0.45)
[12:39:21] t=259 jev INF E2 (conf 0.45)
[12:39:23] t=261 jev INF E2 (conf 0.43)
[12:39:24] t=263 jev INF E2 (conf 0.43)
[12:39:26] t=265 jev INF E2 (conf 0.42)
[12:39:27] t=267 jev INF E2 (conf 0.40)
[12:39:29] t=269 jev INF E2 (conf 0.39)
[12:39:29] t=271 ECON harv#2
[12:39:29] t=271 TANK HTNK x3
[12:39:29] {"kind": "action", "what": "produce", "name": "HARV", "qty": 1, "tid": null, "ts": "12:39:29"}
[12:39:29] {"kind": "action", "what": "produce", "name": "HTNK", "qty": 3, "tid": null, "ts": "12:39:29"}
[12:39:31] t=271 jev BUILD NAREFN (conf 0.33)
[12:39:31] t=271 jev INF E2 (conf 0.40)
[12:39:31] {"kind": "action", "what": "produce", "name": "NAREFN", "qty": 1, "tid": null, "ts": "12:39:31"}
[12:39:31] t=274 INSURE AA building
[12:39:31] {"kind": "action", "what": "produce", "name": "NAFLAK", "qty": 1, "tid": null, "ts": "12:39:31"}
[12:39:32] t=274 jev INF E2 (conf 0.42)
[12:39:34] t=276 jev INF E2 (conf 0.42)
[12:39:36] t=278 jev INF E2 (conf 0.45)
[12:39:37] t=280 jev INF E2 (conf 0.44)
[12:39:39] t=283 jev INF E2 (conf 0.45)
[12:39:39] {"kind": "action", "what": "produce", "name": "E2", "qty": 1, "tid": null, "ts": "12:39:39"}
[12:39:44] t=289 jev INF E2 (conf 0.48)
[12:39:46] t=292 jev INF E2 (conf 0.48)
[12:39:48] t=294 jev INF E2 (conf 0.48)
[12:39:49] t=296 jev INF E2 (conf 0.48)
[12:39:51] t=298 jev INF E2 (conf 0.48)
[12:39:53] t=300 jev INF E2 (conf 0.45)
[12:39:54] t=303 jev INF E2 (conf 0.43)
[12:39:54] t=303 MOVE hold_a x2 -> (74,123)
[12:39:54] {"kind": "action", "what": "attack_move", "name": null, "qty": null, "tid": null, "ts": "12:39:54"}
[12:39:54] t=303 tick#150 credits=2456 stance=defend | jev 150 decisions p50=940ms
[12:39:56] t=305 jev INF E2 (conf 0.46)
[12:39:58] t=307 jev INF E2 (conf 0.46)
[12:39:59] t=310 jev INF E2 (conf 0.45)
[12:40:01] t=312 jev INF E2 (conf 0.45)
[12:40:03] t=314 jev INF E2 (conf 0.46)
[12:40:03] t=316 ALARM enemy approaching -> counter 3 vs 1 -> [82, 114]
[12:40:03] {"kind": "action", "what": "attack_move", "name": null, "qty": null, "tid": null, "ts": "12:40:03"}
[12:40:05] t=316 jev INF E2 (conf 0.56)
[12:40:05] {"kind": "action", "what": "produce", "name": "E2", "qty": 1, "tid": null, "ts": "12:40:05"}
[12:40:11] t=324 jev INF E2 (conf 0.68)
[12:40:11] t=327 RUSH-DEFENSE ON (敌4压门 vs 守4) 动员兵爆产
[12:40:11] t=327 RUSH-DEFENSE E2 x2 (敌4压门 守4)
[12:40:12] t=327 jev INF E2 (conf 0.66)
[12:40:12] t=327 MOVE hold_a x2 -> (71,109); hold_b x2 -> (76,121)
[12:40:13] {"kind": "action", "what": "attack_move", "name": null, "qty": null, "tid": null, "ts": "12:40:13"}
[12:40:13] {"kind": "action", "what": "attack_move", "name": null, "qty": null, "tid": null, "ts": "12:40:13"}
[12:40:13] t=329 ALARM enemy approaching -> TURTLE (4 v 7, 守塔阵不打野战)
[12:40:13] {"kind": "action", "what": "attack_move", "name": null, "qty": null, "tid": null, "ts": "12:40:13"}
[12:40:13] t=329 RUSH-DEFENSE E2 x2 (敌7压门 守4)
[12:40:15] t=329 jev INF E2 (conf 0.77)
[12:40:15] t=333 RUSH-DEFENSE E2 x2 (敌8压门 守4)
[12:40:15] t=333 RETREAT E2(17%)
[12:40:15] {"kind": "action", "what": "move", "name": null, "qty": null, "tid": null, "ts": "12:40:15"}
[12:40:18] t=333 jev INF E2 (conf 0.77)
[12:40:18] t=336 RUSH-DEFENSE E2 x2 (敌10压门 守3)
[12:40:20] t=336 jev INF E2 (conf 0.79)
[12:40:20] t=339 RUSH-DEFENSE E2 x2 (敌10压门 守3)
[12:40:21] t=339 jev INF E2 (conf 0.79)
[12:40:21] t=339 MOVE hold_a x2 -> (74,110); hold_b x1 -> (74,123)
[12:40:21] {"kind": "action", "what": "attack_move", "name": null, "qty": null, "tid": null, "ts": "12:40:21"}
[12:40:21] {"kind": "action", "what": "attack_move", "name": null, "qty": null, "tid": null, "ts": "12:40:21"}
[12:40:22] t=341 ALARM enemy approaching -> TURTLE (3 v 10, 守塔阵不打野战)
[12:40:22] {"kind": "action", "what": "attack_move", "name": null, "qty": null, "tid": null, "ts": "12:40:22"}
[12:40:22] t=341 RUSH-DEFENSE E2 x2 (敌10压门 守3)
[12:40:24] t=341 jev INF E2 (conf 0.78)
[12:40:26] t=345 jev INF E2 (conf 0.78)
[12:40:28] t=347 jev INF E2 (conf 0.75)
[12:40:28] t=349 RETREAT E2(5%)
[12:40:28] {"kind": "action", "what": "move", "name": null, "qty": null, "tid": null, "ts": "12:40:28"}
[12:40:29] t=349 jev INF E2 (conf 0.74)
[12:40:31] t=352 jev INF E2 (conf 0.79)
[12:40:31] {"kind": "action", "what": "produce", "name": "E2", "qty": 1, "tid": null, "ts": "12:40:31"}
[12:40:31] t=354 ALARM NAREFN under attack -> TURTLE (1 v 11, 守塔阵不打野战)
[12:40:31] {"kind": "action", "what": "attack_move", "name": null, "qty": null, "tid": null, "ts": "12:40:31"}
[12:40:40] t=366 RETREAT E2(28%)
[12:40:41] {"kind": "action", "what": "move", "name": null, "qty": null, "tid": null, "ts": "12:40:41"}
[12:40:44] t=368 tick#175 credits=0 stance=defend | jev 175 decisions p50=1062ms
[12:40:48] t=376 ALARM enemy approaching -> TURTLE (1 v 18, 守塔阵不打野战)
[12:40:48] {"kind": "action", "what": "attack_move", "name": null, "qty": null, "tid": null, "ts": "12:40:48"}
[12:40:55] t=385 RETREAT E2(30%)
[12:40:55] {"kind": "action", "what": "move", "name": null, "qty": null, "tid": null, "ts": "12:40:55"}
[12:40:56] t=385 MOVE hold_a x1 -> (71,109); hold_b x1 -> (77,120)
[12:40:57] {"kind": "action", "what": "attack_move", "name": null, "qty": null, "tid": null, "ts": "12:40:57"}
[12:40:57] {"kind": "action", "what": "attack_move", "name": null, "qty": null, "tid": null, "ts": "12:40:57"}
[12:41:27] t=426 MOVE hold_a x1 -> (74,110)
[12:41:27] {"kind": "action", "what": "attack_move", "name": null, "qty": null, "tid": null, "ts": "12:41:27"}
[12:41:27] t=426 tick#200 credits=0 stance=defend | jev 200 decisions p50=1228ms
[12:42:10] t=483 tick#225 credits=0 stance=defend | jev 225 decisions p50=1237ms
[12:42:17] t=495 ALARM NAPOWR under attack -> TURTLE (5 v 12, 守塔阵不打野战)
[12:42:17] t=495 RUSH-DEFENSE OFF (威胁解除) 恢复原公式
[12:42:22] t=499 jev INF E2 (conf 0.58)
[12:42:22] {"kind": "action", "what": "produce", "name": "E2", "qty": 1, "tid": null, "ts": "12:42:22"}
[12:42:26] t=506 jev INF E2 (conf 0.64)
[12:42:27] t=508 ALARM unit lost -> TURTLE (2 v 11, 守塔阵不打野战)
[12:42:28] t=508 jev INF E2 (conf 0.61)
[12:42:30] t=510 jev INF E2 (conf 0.61)
[12:42:31] t=512 jev INF E2 (conf 0.57)
[12:42:33] t=514 jev INF E2 (conf 0.49)
[12:42:34] t=516 jev INF E2 (conf 0.62)
[12:42:36] t=518 jev INF E2 (conf 0.61)
[12:42:36] t=520 ALARM NAWEAP under attack -> TURTLE (1 v 8, 守塔阵不打野战)
[12:42:37] t=520 jev INF E2 (conf 0.58)
[12:42:39] t=522 jev INF E2 (conf 0.57)
[12:42:41] t=524 jev INF E2 (conf 0.57)
[12:42:42] t=526 jev INF E2 HOLD (预算保护 gate=False e2=0)
[12:42:44] t=529 jev INF E2 HOLD (预算保护 gate=False e2=0)
[12:42:45] t=531 jev INF E2 HOLD (预算保护 gate=False e2=0)
[12:42:46] t=533 OPENING REJECT NAREFN (40gs 无进展, 拉黑)
[12:42:47] t=533 jev INF E2 HOLD (预算保护 gate=False e2=0)
[12:42:48] t=535 jev INF E2 HOLD (预算保护 gate=False e2=0)
[12:42:50] t=537 jev INF E2 HOLD (预算保护 gate=False e2=0)
[12:42:50] t=537 tick#250 credits=481 stance=defend | jev 250 decisions p50=1250ms
[12:42:51] t=539 jev INF E2 HOLD (预算保护 gate=False e2=0)
[12:42:53] t=541 jev INF E2 HOLD (预算保护 gate=False e2=0)
[12:42:55] t=543 jev INF E2 HOLD (预算保护 gate=False e2=0)
[12:42:56] t=545 jev INF E2 HOLD (预算保护 gate=False e2=0)
[12:42:58] t=547 jev INF E2 HOLD (预算保护 gate=False e2=0)
[12:42:59] t=549 jev INF E2 HOLD (预算保护 gate=False e2=0)
[12:42:59] t=551 ALARM NAPOWR under attack -> TURTLE (1 v 7, 守塔阵不打野战)
[12:43:01] t=551 jev INF E2 HOLD (预算保护 gate=False e2=0)
[12:43:02] t=553 jev INF E2 HOLD (预算保护 gate=False e2=0)
[12:43:04] t=555 jev INF E2 HOLD (预算保护 gate=False e2=0)
[12:43:05] t=557 jev INF E2 HOLD (预算保护 gate=False e2=0)
[12:43:07] t=559 jev INF E2 HOLD (预算保护 gate=False e2=0)
[12:43:08] t=561 jev INF E2 HOLD (预算保护 gate=False e2=0)
[12:43:08] t=563 ALARM NAPOWR under attack -> TURTLE (1 v 7, 守塔阵不打野战)
[12:43:10] t=563 jev INF E2 HOLD (预算保护 gate=False e2=0)
[12:43:11] t=565 jev INF E2 HOLD (预算保护 gate=False e2=0)
[12:43:13] t=567 jev INF E2 HOLD (预算保护 gate=False e2=0)
[12:43:14] t=569 jev INF E2 HOLD (预算保护 gate=False e2=0)
[12:43:16] t=571 jev INF E2 HOLD (预算保护 gate=False e2=0)
[12:43:17] t=574 jev INF E2 HOLD (预算保护 gate=False e2=0)
[12:43:19] t=576 jev INF E2 HOLD (预算保护 gate=False e2=0)
[12:43:21] t=578 jev INF E2 HOLD (预算保护 gate=False e2=0)
[12:43:22] t=580 jev INF E2 HOLD (预算保护 gate=False e2=0)
[12:43:24] t=582 jev INF E2 HOLD (预算保护 gate=False e2=0)
[12:43:25] t=584 jev INF E2 HOLD (预算保护 gate=False e2=0)
[12:43:27] t=586 jev INF E2 HOLD (预算保护 gate=False e2=0)
[12:43:28] t=588 jev INF E2 HOLD (预算保护 gate=False e2=0)
[12:43:28] t=588 tick#275 credits=0 stance=defend | jev 275 decisions p50=1268ms
[12:43:30] t=590 jev INF E2 HOLD (预算保护 gate=False e2=0)
[12:43:30] t=592 ALARM NAPOWR under attack -> TURTLE (4 v 6, 守塔阵不打野战)
[12:43:31] t=592 jev INF E2 (conf 0.61)
[12:43:31] {"kind": "action", "what": "produce", "name": "E2", "qty": 1, "tid": null, "ts": "12:43:31"}
[12:43:36] t=598 jev INF E2 (conf 0.60)
[12:43:37] t=600 jev INF E2 (conf 0.59)
[12:43:39] t=602 jev INF E2 (conf 0.60)
[12:43:40] t=604 jev INF E2 (conf 0.53)
[12:43:42] t=606 jev INF E2 (conf 0.54)
[12:43:42] t=608 ALARM unit lost -> TURTLE (1 v 5, 守塔阵不打野战)
[12:43:43] t=608 jev INF E2 (conf 0.52)
[12:43:45] t=610 jev INF E2 (conf 0.52)
[12:43:46] t=612 jev INF E2 (conf 0.44)
[12:43:48] t=614 jev INF E2 (conf 0.62)
[12:43:49] t=616 jev INF E2 (conf 0.67)
[12:43:51] t=618 jev INF E2 (conf 0.64)
[12:43:52] t=620 jev INF E2 (conf 0.62)
[12:43:54] t=622 jev INF E2 (conf 0.57)
[12:43:55] t=624 jev INF E2 (conf 0.60)
[12:43:57] t=626 jev INF E2 (conf 0.58)
[12:43:57] {"kind": "action", "what": "produce", "name": "E2", "qty": 1, "tid": null, "ts": "12:43:57"}
[12:44:00] t=632 OPENING REJECT NAWEAP (40gs 无进展, 拉黑)
[12:44:05] t=638 tick#300 credits=51 stance=defend | jev 300 decisions p50=1252ms
[12:44:06] t=640 ALARM NAPOWR under attack -> TURTLE (1 v 5, 守塔阵不打野战)
[12:44:18] t=656 ALARM NALASR under attack -> TURTLE (1 v 6, 守塔阵不打野战)
[2026-10-05 12:44:27] {"kind": "report", "result": "defeat", "t": 668, "ticks": 315, "crisis_ticks": 155, "stance": "defend", "jev": {"decisions": 314, "errors": 0, "input_tokens": 853433, "output_tokens": 0, "p50_ms": 1252, "p95_ms": 1515}, "enemy_base": null, "ts": "2026-10-05 12:44:27"}
[12:44:28] REVIEW game#64 defeat → game-0064-review.md | changes=0
{
  "result": "defeat",
  "t": 668,
  "ticks": 315,
  "crisis_ticks": 155,
  "stance": "defend",
  "jev": {
    "decisions": 314,
    "errors": 0,
    "input_tokens": 853433,
    "output_tokens": 0,
    "p50_ms": 1252,
    "p95_ms": 1515
  },
  "enemy_base": null,
  "ts": "2026-10-05 12:44:27",
  "review": {
    "game_no": 64,
    "rootcause": "no_target",
    "auto_tuned": 0
  }
}
