[13:05:01] 进局中(全自动)...
[13:05:30] {"kind": "start", "policy": "ra2web-jev-player/1.0", "maxDecisions": 999999, "micro": {"events": [{"kind": "micro", "t": 1, "what": "start"}], "loopN": 1, "on": true, "outcome": null, "stall": false}, "ts": "13:05:30"}
[13:05:30] === ra2web-jev-player start (tick=1.5s, max_decisions=999999) ===
[13:05:30] t=1 DEPLOY mcv
[13:05:30] {"kind": "action", "what": "deploy", "ids": [1042], "ts": "13:05:30"}
[13:05:30] {"kind": "action", "what": "deploy", "name": null, "qty": null, "tid": null, "ts": "13:05:30"}
[13:05:33] t=3 jev BUILD NAPOWR HOLD (开局序列前置位保护: 等 NAREFN)
[13:05:33] t=3 jev STANCE defend->develop (conf 0.90)
[13:05:34] t=5 jev BUILD NAPOWR HOLD (开局序列前置位保护: 等 NAREFN)
[13:05:36] t=7 jev BUILD NAPOWR HOLD (开局序列前置位保护: 等 NAREFN)
[13:05:37] t=9 jev BUILD NAPOWR HOLD (开局序列前置位保护: 等 NAREFN)
[13:05:39] t=11 jev BUILD NAPOWR HOLD (开局序列前置位保护: 等 NAREFN)
[13:05:40] t=13 jev BUILD NAPOWR HOLD (开局序列前置位保护: 等 NAREFN)
[13:05:42] t=15 jev BUILD NAPOWR HOLD (开局序列前置位保护: 等 NAREFN)
[13:05:43] t=17 jev BUILD NAPOWR HOLD (开局序列前置位保护: 等 NAREFN)
[13:05:45] t=19 jev BUILD NAPOWR HOLD (开局序列前置位保护: 等 NAREFN)
[13:05:46] t=21 jev BUILD NAPOWR HOLD (开局序列前置位保护: 等 NAREFN)
[13:05:48] t=23 jev BUILD NAPOWR HOLD (开局序列前置位保护: 等 NAREFN)
[13:05:49] t=25 jev BUILD NAPOWR HOLD (开局序列前置位保护: 等 NAREFN)
[13:05:51] t=27 jev BUILD NAPOWR HOLD (开局序列前置位保护: 等 NAREFN)
[13:05:52] t=29 jev BUILD NAPOWR HOLD (开局序列前置位保护: 等 NAREFN)
[13:05:54] t=31 jev BUILD NAPOWR HOLD (开局序列前置位保护: 等 NAREFN)
[13:05:55] t=33 jev BUILD NAPOWR HOLD (开局序列前置位保护: 等 NAREFN)
[13:05:57] t=35 jev BUILD NAPOWR HOLD (开局序列前置位保护: 等 NAREFN)
[13:05:58] t=37 jev BUILD NAPOWR HOLD (开局序列前置位保护: 等 NAREFN)
[13:06:00] t=39 jev BUILD NAPOWR HOLD (开局序列前置位保护: 等 NAREFN)
[13:06:00] t=41 OPENING REJECT NAREFN (40gs 无进展, 拉黑)
[13:06:00] t=41 OPENING FALLBACK -> legacy NAPOWR-first
[13:06:00] {"kind": "action", "what": "produce", "name": "NAPOWR", "qty": 1, "tid": null, "ts": "13:06:00"}
[13:06:00] t=41 OPENING BUILD NAPOWR
[13:06:07] t=49 tick#25 credits=9780 stance=develop | jev 25 decisions p50=838ms
[13:06:20] {"kind": "action", "what": "produce", "name": "NAREFN", "qty": 1, "tid": null, "ts": "13:06:20"}
[13:06:20] t=67 OPENING BUILD NAREFN
[13:06:45] t=99 tick#50 credits=8629 stance=develop | jev 50 decisions p50=845ms
[13:07:22] t=149 tick#75 credits=7418 stance=develop | jev 75 decisions p50=884ms
[13:07:27] {"kind": "action", "what": "produce", "name": "NAHAND", "qty": 1, "tid": null, "ts": "13:07:27"}
[13:07:27] t=157 OPENING BUILD NAHAND
[13:07:47] t=183 DEFLINE NALASR (have 0)
[13:07:47] {"kind": "action", "what": "produce", "name": "NALASR", "qty": 1, "tid": null, "ts": "13:07:47"}
[13:07:47] {"kind": "action", "what": "produce", "name": "NAWEAP", "qty": 1, "tid": null, "ts": "13:07:47"}
[13:07:47] t=183 OPENING BUILD NAWEAP
[13:07:48] t=183 jev INF E2 (conf 0.49)
[13:07:48] {"kind": "action", "what": "produce", "name": "E2", "qty": 1, "tid": null, "ts": "13:07:48"}
[13:07:51] t=189 ALARM enemy approaching -> counter 1 vs 1 -> [69, 120]
[13:07:52] {"kind": "action", "what": "attack_move", "name": null, "qty": null, "tid": null, "ts": "13:07:52"}
[13:07:53] t=189 jev INF E2 (conf 0.48)
[13:07:54] t=191 jev INF E2 (conf 0.67)
[13:07:56] t=193 jev INF E2 (conf 0.53)
[13:07:57] t=195 jev INF E2 (conf 0.50)
[13:07:59] t=197 jev INF E2 (conf 0.51)
[13:08:00] t=199 jev INF E2 (conf 0.56)
[13:08:00] t=199 tick#100 credits=5974 stance=defend | jev 100 decisions p50=898ms
[13:08:02] t=201 jev INF E2 (conf 0.58)
[13:08:03] t=203 jev INF E2 (conf 0.58)
[13:08:05] t=205 jev INF E2 (conf 0.59)
[13:08:05] t=207 DEFLINE NALASR (have 1)
[13:08:06] t=207 jev INF E2 (conf 0.59)
[13:08:07] t=209 DEFLINE NALASR (have 1)
[13:08:08] t=209 jev INF E2 (conf 0.59)
[13:08:08] t=211 DEFLINE NALASR (have 1)
[13:08:09] t=211 jev INF E2 (conf 0.61)
[13:08:10] t=213 DEFLINE NALASR (have 1)
[13:08:11] t=213 jev INF E2 (conf 0.51)
[13:08:11] t=215 DEFLINE NALASR (have 1)
[13:08:12] t=215 jev INF E2 (conf 0.53)
[13:08:13] t=217 DEFLINE NALASR (have 1)
[13:08:13] {"kind": "action", "what": "produce", "name": "NALASR", "qty": 1, "tid": null, "ts": "13:08:13"}
[13:08:14] t=217 jev INF E2 (conf 0.51)
[13:08:14] {"kind": "action", "what": "produce", "name": "E2", "qty": 1, "tid": null, "ts": "13:08:14"}
[13:08:18] t=223 jev INF E2 (conf 0.38)
[13:08:18] t=223 MOVE hold_a x1 -> (74,123)
[13:08:18] {"kind": "action", "what": "attack_move", "name": null, "qty": null, "tid": null, "ts": "13:08:18"}
[13:08:20] t=225 jev INF E2 (conf 0.38)
[13:08:21] t=227 jev INF E2 (conf 0.39)
[13:08:23] t=229 jev INF E2 (conf 0.38)
[13:08:24] t=231 jev INF E2 (conf 0.38)
[13:08:26] t=233 jev INF E2 (conf 0.38)
[13:08:27] t=235 jev INF E2 (conf 0.38)
[13:08:29] t=237 jev INF E2 (conf 0.37)
[13:08:30] t=239 jev INF E2 (conf 0.38)
[13:08:32] t=241 jev INF E2 (conf 0.39)
[13:08:34] t=243 jev INF E2 (conf 0.39)
[13:08:35] t=245 jev INF E2 (conf 0.40)
[13:08:37] t=248 jev INF E2 (conf 0.39)
[13:08:38] t=250 jev INF E2 (conf 0.36)
[13:08:38] t=250 tick#125 credits=4113 stance=defend | jev 125 decisions p50=908ms
[13:08:40] t=252 jev INF E2 (conf 0.36)
[13:08:40] {"kind": "action", "what": "produce", "name": "E2", "qty": 1, "tid": null, "ts": "13:08:40"}
[13:08:44] t=258 jev INF E2 (conf 0.43)
[13:08:44] t=258 MOVE hold_b x1 -> (62,119)
[13:08:44] {"kind": "action", "what": "attack_move", "name": null, "qty": null, "tid": null, "ts": "13:08:44"}
[13:08:46] t=260 jev INF E2 (conf 0.43)
[13:08:47] t=262 jev INF E2 (conf 0.43)
[13:08:49] t=264 jev INF E2 (conf 0.44)
[13:08:50] t=266 jev INF E2 (conf 0.40)
[13:08:52] t=268 jev INF E2 (conf 0.42)
[13:08:54] t=270 jev INF E2 (conf 0.39)
[13:08:55] t=272 jev INF E2 (conf 0.40)
[13:08:55] t=274 ECON harv#2
[13:08:55] t=274 TANK HTNK x3
[13:08:55] {"kind": "action", "what": "produce", "name": "HARV", "qty": 1, "tid": null, "ts": "13:08:55"}
[13:08:55] {"kind": "action", "what": "produce", "name": "HTNK", "qty": 3, "tid": null, "ts": "13:08:55"}
[13:08:57] t=274 jev BUILD NAREFN (conf 0.34)
[13:08:57] t=274 jev INF E2 (conf 0.40)
[13:08:57] {"kind": "action", "what": "produce", "name": "NAREFN", "qty": 1, "tid": null, "ts": "13:08:57"}
[13:08:57] t=277 INSURE AA building
[13:08:57] {"kind": "action", "what": "produce", "name": "NAFLAK", "qty": 1, "tid": null, "ts": "13:08:57"}
[13:08:59] t=277 jev INF E2 (conf 0.42)
[13:09:00] t=279 jev INF E2 (conf 0.43)
[13:09:02] t=281 jev INF E2 (conf 0.43)
[13:09:04] t=284 jev INF E2 (conf 0.44)
[13:09:06] t=286 jev INF E2 (conf 0.46)
[13:09:06] {"kind": "action", "what": "produce", "name": "E2", "qty": 1, "tid": null, "ts": "13:09:06"}
[13:09:11] t=293 jev INF E2 (conf 0.49)
[13:09:12] t=295 jev INF E2 (conf 0.48)
[13:09:14] t=297 jev INF E2 (conf 0.49)
[13:09:16] t=300 jev INF E2 (conf 0.47)
[13:09:18] t=302 jev INF E2 (conf 0.47)
[13:09:19] t=304 jev INF E2 (conf 0.43)
[13:09:19] t=304 MOVE hold_a x2 -> (74,123)
[13:09:19] {"kind": "action", "what": "attack_move", "name": null, "qty": null, "tid": null, "ts": "13:09:19"}
[13:09:19] t=304 tick#150 credits=2567 stance=defend | jev 150 decisions p50=946ms
[13:09:21] t=307 jev INF E2 (conf 0.46)
[13:09:23] t=309 jev INF E2 (conf 0.45)
[13:09:24] t=311 jev INF E2 (conf 0.47)
[13:09:26] t=313 jev INF E2 (conf 0.44)
[13:09:28] t=316 jev INF E2 (conf 0.45)
[13:09:28] t=318 ALARM enemy approaching -> counter 3 vs 1 -> [81, 114]
[13:09:28] {"kind": "action", "what": "attack_move", "name": null, "qty": null, "tid": null, "ts": "13:09:28"}
[13:09:30] t=318 jev INF E2 (conf 0.56)
[13:09:31] t=320 jev INF E2 (conf 0.50)
[13:09:32] {"kind": "action", "what": "produce", "name": "E2", "qty": 1, "tid": null, "ts": "13:09:32"}
[13:09:32] t=323 RUSH-DEFENSE ON (敌4压门 vs 守3) 动员兵爆产
[13:09:35] t=328 RUSH-DEFENSE E2 x4 (敌5压门 守4)
[13:09:37] t=328 jev INF E2 (conf 0.74)
[13:09:37] t=328 MOVE t=328 RUSH-DEFENSE tanks x0 -> 塔线协防; hold_a x2 -> (74,110); hold_b x2 -> (74,123)
[13:09:37] {"kind": "action", "what": "attack_move", "name": null, "qty": null, "tid": null, "ts": "13:09:37"}
[13:09:37] {"kind": "action", "what": "attack_move", "name": null, "qty": null, "tid": null, "ts": "13:09:37"}
[13:09:37] t=330 ALARM NAREFN under attack -> TURTLE (4 v 5, 守塔阵不打野战)
[13:09:37] {"kind": "action", "what": "attack_move", "name": null, "qty": null, "tid": null, "ts": "13:09:37"}
[13:09:37] t=330 RUSH-DEFENSE E2 x4 (敌5压门 守4)
[13:09:39] t=330 jev INF E2 (conf 0.71)
[13:09:39] t=333 RUSH-DEFENSE E2 x4 (敌9压门 守4)
[13:09:41] t=333 jev INF E2 (conf 0.74)
[13:09:41] t=335 RUSH-DEFENSE E2 x4 (敌9压门 守3)
[13:09:43] t=335 jev INF E2 (conf 0.80)
[13:09:43] t=338 RUSH-DEFENSE E2 x4 (敌10压门 守3)
[13:09:45] t=338 jev INF E2 (conf 0.77)
[13:09:45] t=340 RUSH-DEFENSE E2 x4 (敌10压门 守3)
[13:09:46] t=340 jev INF E2 (conf 0.76)
[13:09:47] t=343 ALARM NAREFN under attack -> TURTLE (3 v 10, 守塔阵不打野战)
[13:09:47] {"kind": "action", "what": "attack_move", "name": null, "qty": null, "tid": null, "ts": "13:09:47"}
[13:09:47] t=343 RUSH-DEFENSE E2 x4 (敌10压门 守3)
[13:09:48] t=343 jev INF E2 (conf 0.74)
[13:09:49] t=345 RUSH-DEFENSE E2 x4 (敌10压门 守3)
[13:09:49] t=345 RETREAT E2(15%)
[13:09:49] {"kind": "action", "what": "move", "name": null, "qty": null, "tid": null, "ts": "13:09:49"}
[13:09:50] t=345 jev INF E2 (conf 0.78)
[13:09:52] t=348 jev INF E2 (conf 0.76)
[13:09:54] t=350 jev INF E2 (conf 0.75)
[13:09:56] t=353 jev INF E2 (conf 0.77)
[13:09:56] t=355 ALARM NAREFN under attack -> TURTLE (2 v 11, 守塔阵不打野战)
[13:09:56] {"kind": "action", "what": "attack_move", "name": null, "qty": null, "tid": null, "ts": "13:09:56"}
[13:09:58] t=355 jev INF E2 (conf 0.79)
[13:09:58] {"kind": "action", "what": "produce", "name": "E2", "qty": 1, "tid": null, "ts": "13:09:58"}
[13:10:05] t=365 tick#175 credits=0 stance=defend | jev 175 decisions p50=1047ms
[13:10:05] t=367 ALARM enemy approaching -> TURTLE (2 v 13, 守塔阵不打野战)
[13:10:05] {"kind": "action", "what": "attack_move", "name": null, "qty": null, "tid": null, "ts": "13:10:05"}
[13:10:14] t=379 ALARM enemy approaching -> TURTLE (2 v 16, 守塔阵不打野战)
[13:10:14] {"kind": "action", "what": "attack_move", "name": null, "qty": null, "tid": null, "ts": "13:10:14"}
[13:10:23] t=391 ALARM enemy approaching -> TURTLE (2 v 15, 守塔阵不打野战)
[13:10:23] {"kind": "action", "what": "attack_move", "name": null, "qty": null, "tid": null, "ts": "13:10:23"}
[13:10:32] t=403 ALARM enemy approaching -> TURTLE (2 v 15, 守塔阵不打野战)
[13:10:32] {"kind": "action", "what": "attack_move", "name": null, "qty": null, "tid": null, "ts": "13:10:32"}
[13:10:40] t=412 MOVE t=412 RUSH-DEFENSE tanks x0 -> 塔线协防; hold_a x1 -> (74,110); hold_b x1 -> (74,123)
[13:10:40] {"kind": "action", "what": "attack_move", "name": null, "qty": null, "tid": null, "ts": "13:10:40"}
[13:10:40] {"kind": "action", "what": "attack_move", "name": null, "qty": null, "tid": null, "ts": "13:10:40"}
[13:10:40] t=414 ALARM enemy approaching -> TURTLE (2 v 14, 守塔阵不打野战)
[13:10:40] {"kind": "action", "what": "attack_move", "name": null, "qty": null, "tid": null, "ts": "13:10:40"}
[13:10:49] t=423 MOVE t=423 RUSH-DEFENSE tanks x0 -> 塔线协防; hold_a x1 -> (75,111); hold_b x1 -> (73,124)
[13:10:49] {"kind": "action", "what": "attack_move", "name": null, "qty": null, "tid": null, "ts": "13:10:49"}
[13:10:49] {"kind": "action", "what": "attack_move", "name": null, "qty": null, "tid": null, "ts": "13:10:49"}
[13:10:49] t=423 tick#200 credits=0 stance=defend | jev 200 decisions p50=1229ms
[13:10:49] t=426 ALARM enemy approaching -> TURTLE (2 v 13, 守塔阵不打野战)
[13:10:49] {"kind": "action", "what": "attack_move", "name": null, "qty": null, "tid": null, "ts": "13:10:49"}
[13:10:54] t=432 RETREAT E2(20%)
[13:10:54] {"kind": "action", "what": "move", "name": null, "qty": null, "tid": null, "ts": "13:10:54"}
[13:10:57] t=434 MOVE t=434 RUSH-DEFENSE tanks x0 -> 塔线协防; hold_a x1 -> (71,109)
[13:10:57] {"kind": "action", "what": "attack_move", "name": null, "qty": null, "tid": null, "ts": "13:10:57"}
[13:10:58] t=437 ALARM NAFLAK under attack -> TURTLE (1 v 13, 守塔阵不打野战)
[13:10:58] {"kind": "action", "what": "attack_move", "name": null, "qty": null, "tid": null, "ts": "13:10:58"}
[13:11:06] t=448 ALARM NAFLAK under attack -> TURTLE (1 v 13, 守塔阵不打野战)
[13:11:06] {"kind": "action", "what": "attack_move", "name": null, "qty": null, "tid": null, "ts": "13:11:06"}
[13:11:14] t=458 MOVE t=458 RUSH-DEFENSE tanks x0 -> 塔线协防; hold_a x1 -> (74,110)
[13:11:14] {"kind": "action", "what": "attack_move", "name": null, "qty": null, "tid": null, "ts": "13:11:14"}
[13:11:15] t=460 ALARM NACNST under attack -> TURTLE (1 v 13, 守塔阵不打野战)
[13:11:15] {"kind": "action", "what": "attack_move", "name": null, "qty": null, "tid": null, "ts": "13:11:15"}
[13:11:23] t=471 ALARM NACNST under attack -> TURTLE (1 v 12, 守塔阵不打野战)
[13:11:23] {"kind": "action", "what": "attack_move", "name": null, "qty": null, "tid": null, "ts": "13:11:23"}
[13:11:27] t=476 RETREAT E2(23%)
[13:11:27] {"kind": "action", "what": "move", "name": null, "qty": null, "tid": null, "ts": "13:11:27"}
[13:11:32] t=481 tick#225 credits=0 stance=defend | jev 225 decisions p50=1251ms
[13:11:45] t=500 RUSH-DEFENSE OFF (威胁解除) 恢复原公式
[13:11:46] t=502 ALARM NAWEAP under attack -> TURTLE (4 v 12, 守塔阵不打野战)
[13:11:47] t=502 jev INF E2 (conf 0.77)
[13:11:48] {"kind": "action", "what": "produce", "name": "E2", "qty": 1, "tid": null, "ts": "13:11:48"}
[13:11:52] t=508 jev INF E2 (conf 0.67)
[13:11:54] t=510 jev INF E2 (conf 0.65)
[13:11:55] t=512 jev INF E2 (conf 0.65)
[13:11:55] t=514 ALARM NAPOWR under attack -> TURTLE (2 v 11, 守塔阵不打野战)
[13:11:57] t=514 jev INF E2 (conf 0.62)
[13:11:58] t=516 jev INF E2 (conf 0.56)
[13:12:00] t=518 jev INF E2 (conf 0.58)
[13:12:01] t=520 jev INF E2 (conf 0.59)
[13:12:03] t=523 jev INF E2 (conf 0.59)
[13:12:04] t=525 jev INF E2 (conf 0.55)
[13:12:05] t=527 ALARM NAWEAP under attack -> TURTLE (1 v 8, 守塔阵不打野战)
[13:12:06] t=527 jev INF E2 (conf 0.58)
[13:12:08] t=529 jev INF E2 HOLD (预算保护 gate=False e2=0)
[13:12:09] t=531 jev INF E2 HOLD (预算保护 gate=False e2=0)
[13:12:11] t=533 jev INF E2 HOLD (预算保护 gate=False e2=0)
[13:12:12] t=535 jev INF E2 HOLD (预算保护 gate=False e2=0)
[13:12:12] t=535 tick#250 credits=624 stance=defend | jev 250 decisions p50=1270ms
[13:12:14] t=537 jev INF E2 HOLD (预算保护 gate=False e2=0)
[13:12:14] t=539 OPENING REJECT NAREFN (40gs 无进展, 拉黑)
[13:12:15] t=539 jev INF E2 HOLD (预算保护 gate=False e2=0)
[13:12:16] t=541 ALARM unit lost -> TURTLE (3 v 8, 守塔阵不打野战)
[13:12:17] t=541 jev INF E2 (conf 0.61)
[13:12:17] {"kind": "action", "what": "produce", "name": "E2", "qty": 1, "tid": null, "ts": "13:12:17"}
[13:12:21] t=547 jev INF E2 (conf 0.68)
[13:12:23] t=549 jev INF E2 (conf 0.67)
[13:12:24] t=551 jev INF E2 (conf 0.70)
[13:12:25] t=553 ALARM NAPOWR under attack -> TURTLE (1 v 7, 守塔阵不打野战)
[13:12:26] t=553 jev INF E2 (conf 0.67)
[13:12:27] t=555 jev INF E2 (conf 0.66)
[13:12:29] t=557 jev INF E2 (conf 0.80)
[13:12:30] t=559 jev INF E2 (conf 0.81)
[13:12:32] t=561 jev INF E2 (conf 0.82)
[13:12:33] t=563 jev INF E2 (conf 0.79)
[13:12:35] t=565 jev INF E2 (conf 0.78)
[13:12:36] t=567 jev INF E2 (conf 0.79)
[13:12:38] t=569 jev INF E2 (conf 0.79)
[13:12:39] t=571 jev INF E2 (conf 0.78)
[13:12:41] t=573 jev INF E2 (conf 0.79)
[13:12:42] t=575 jev INF E2 (conf 0.78)
[13:12:42] {"kind": "action", "what": "produce", "name": "E2", "qty": 1, "tid": null, "ts": "13:12:42"}
[13:12:46] t=581 ALARM NAPOWR under attack -> TURTLE (1 v 6, 守塔阵不打野战)
[13:12:46] t=581 OPENING REJECT NAWEAP (40gs 无进展, 拉黑)
[13:12:47] t=581 jev INF E2 (conf 0.67)
[13:12:48] t=583 jev INF E2 (conf 0.69)
[13:12:50] t=585 jev INF E2 (conf 0.80)
[13:12:50] t=585 tick#275 credits=809 stance=defend | jev 275 decisions p50=1252ms
[13:13:20] t=627 OPENING REJECT NAHAND (40gs 无进展, 拉黑)
[13:13:27] t=635 tick#300 credits=747 stance=defend | jev 300 decisions p50=1233ms
[13:13:50] t=667 OPENING REJECT NAPOWR (40gs 无进展, 拉黑)
[2026-10-05 13:13:53] {"kind": "report", "result": "defeat", "t": 671, "ticks": 318, "crisis_ticks": 171, "stance": "defend", "jev": {"decisions": 317, "errors": 0, "input_tokens": 845972, "output_tokens": 0, "p50_ms": 1233, "p95_ms": 1583}, "enemy_base": null, "ts": "2026-10-05 13:13:53"}
[13:13:54] REVIEW game#65 defeat → game-0065-review.md | changes=0
{
  "result": "defeat",
  "t": 671,
  "ticks": 318,
  "crisis_ticks": 171,
  "stance": "defend",
  "jev": {
    "decisions": 317,
    "errors": 0,
    "input_tokens": 845972,
    "output_tokens": 0,
    "p50_ms": 1233,
    "p95_ms": 1583
  },
  "enemy_base": null,
  "ts": "2026-10-05 13:13:53",
  "review": {
    "game_no": 65,
    "rootcause": "no_target",
    "auto_tuned": 0
  }
}
