[21:33:34] 进局中(全自动)...
[21:35:45] {"kind": "start", "policy": "ra2web-jev-player/1.0", "maxDecisions": 999999, "micro": {"events": [{"kind": "micro", "t": 0, "what": "start"}], "loopN": 1, "on": true, "outcome": null, "stall": false}, "ts": "21:35:45"}
[21:35:45] === ra2web-jev-player start (tick=1.5s, max_decisions=999999) ===
[21:35:45] t=1 DEPLOY mcv
[21:35:45] {"kind": "action", "what": "deploy", "ids": [1042], "ts": "21:35:45"}
[21:35:45] {"kind": "action", "what": "deploy", "name": null, "qty": null, "tid": null, "ts": "21:35:45"}
[21:35:47] t=3 jev BUILD NAPOWR HOLD (开局序列前置位保护: 等 NAREFN)
[21:35:47] t=3 jev STANCE defend->develop (conf 0.91)
[21:35:49] t=5 jev BUILD NAPOWR HOLD (开局序列前置位保护: 等 NAREFN)
[21:35:50] t=7 jev BUILD NAPOWR HOLD (开局序列前置位保护: 等 NAREFN)
[21:35:52] t=9 jev BUILD NAPOWR HOLD (开局序列前置位保护: 等 NAREFN)
[21:35:53] t=11 jev BUILD NAPOWR HOLD (开局序列前置位保护: 等 NAREFN)
[21:35:55] t=13 jev BUILD NAPOWR HOLD (开局序列前置位保护: 等 NAREFN)
[21:35:56] t=15 jev BUILD NAPOWR HOLD (开局序列前置位保护: 等 NAREFN)
[21:35:58] t=17 jev BUILD NAPOWR HOLD (开局序列前置位保护: 等 NAREFN)
[21:35:59] t=19 jev BUILD NAPOWR HOLD (开局序列前置位保护: 等 NAREFN)
[21:36:01] t=21 jev BUILD NAPOWR HOLD (开局序列前置位保护: 等 NAREFN)
[21:36:02] t=23 jev BUILD NAPOWR HOLD (开局序列前置位保护: 等 NAREFN)
[21:36:04] t=25 jev BUILD NAPOWR HOLD (开局序列前置位保护: 等 NAREFN)
[21:36:05] t=27 jev BUILD NAPOWR HOLD (开局序列前置位保护: 等 NAREFN)
[21:36:07] t=29 jev BUILD NAPOWR HOLD (开局序列前置位保护: 等 NAREFN)
[21:36:08] t=31 jev BUILD NAPOWR HOLD (开局序列前置位保护: 等 NAREFN)
[21:36:10] t=33 jev BUILD NAPOWR HOLD (开局序列前置位保护: 等 NAREFN)
[21:36:11] t=35 jev BUILD NAPOWR HOLD (开局序列前置位保护: 等 NAREFN)
[21:36:13] t=37 jev BUILD NAPOWR HOLD (开局序列前置位保护: 等 NAREFN)
[21:36:14] t=39 jev BUILD NAPOWR HOLD (开局序列前置位保护: 等 NAREFN)
[21:36:15] t=41 OPENING REJECT NAREFN (40gs 无进展, 拉黑)
[21:36:15] t=41 OPENING FALLBACK -> legacy NAPOWR-first
[21:36:15] {"kind": "action", "what": "produce", "name": "NAPOWR", "qty": 1, "tid": null, "ts": "21:36:15"}
[21:36:15] t=41 OPENING BUILD NAPOWR
[21:36:22] t=49 tick#25 credits=9780 stance=develop | jev 25 decisions p50=809ms
[21:36:34] {"kind": "action", "what": "produce", "name": "NAREFN", "qty": 1, "tid": null, "ts": "21:36:34"}
[21:36:34] t=67 OPENING BUILD NAREFN
[21:36:59] t=99 tick#50 credits=8629 stance=develop | jev 50 decisions p50=822ms
[21:37:37] t=149 tick#75 credits=7420 stance=develop | jev 75 decisions p50=868ms
[21:37:43] {"kind": "action", "what": "produce", "name": "NAHAND", "qty": 1, "tid": null, "ts": "21:37:43"}
[21:37:43] t=159 OPENING BUILD NAHAND
[21:38:01] t=183 DEFLINE NALASR (have 0)
[21:38:01] {"kind": "action", "what": "produce", "name": "NALASR", "qty": 1, "tid": null, "ts": "21:38:01"}
[21:38:01] {"kind": "action", "what": "produce", "name": "NAWEAP", "qty": 1, "tid": null, "ts": "21:38:01"}
[21:38:01] t=183 OPENING BUILD NAWEAP
[21:38:03] t=183 jev INF E2 (conf 0.52)
[21:38:03] {"kind": "action", "what": "produce", "name": "E2", "qty": 1, "tid": null, "ts": "21:38:03"}
[21:38:06] t=189 ALARM enemy approaching -> counter 1 vs 1 -> [69, 120]
[21:38:06] {"kind": "action", "what": "attack_move", "name": null, "qty": null, "tid": null, "ts": "21:38:06"}
[21:38:07] t=189 jev INF E2 (conf 0.49)
[21:38:09] t=191 jev INF E2 (conf 0.46)
[21:38:10] t=193 jev INF E2 (conf 0.63)
[21:38:12] t=195 jev INF E2 (conf 0.49)
[21:38:13] t=197 jev INF E2 (conf 0.48)
[21:38:15] t=199 jev INF E2 (conf 0.52)
[21:38:15] t=199 tick#100 credits=5974 stance=defend | jev 100 decisions p50=879ms
[21:38:16] t=201 jev INF E2 (conf 0.55)
[21:38:18] t=203 jev INF E2 (conf 0.57)
[21:38:19] t=205 jev INF E2 (conf 0.60)
[21:38:20] t=207 DEFLINE NALASR (have 1)
[21:38:21] t=207 jev INF E2 (conf 0.60)
[21:38:22] t=209 jev INF E2 (conf 0.57)
[21:38:24] t=211 jev INF E2 (conf 0.57)
[21:38:25] t=213 jev INF E2 (conf 0.57)
[21:38:27] t=215 jev INF E2 (conf 0.51)
[21:38:28] t=217 jev INF E2 (conf 0.48)
[21:38:28] {"kind": "action", "what": "produce", "name": "E2", "qty": 1, "tid": null, "ts": "21:38:28"}
[21:38:33] t=223 jev INF E2 (conf 0.37)
[21:38:33] t=223 MOVE hold_a x1 -> (74,123)
[21:38:33] {"kind": "action", "what": "attack_move", "name": null, "qty": null, "tid": null, "ts": "21:38:33"}
[21:38:34] t=225 jev INF E2 (conf 0.36)
[21:38:36] t=227 jev INF E2 (conf 0.38)
[21:38:37] t=229 jev INF E2 (conf 0.37)
[21:38:39] t=231 jev INF E2 (conf 0.37)
[21:38:40] t=233 jev INF E2 (conf 0.35)
[21:38:42] t=235 jev INF E2 (conf 0.37)
[21:38:43] t=237 jev INF E2 (conf 0.36)
[21:38:45] t=239 jev INF E2 (conf 0.36)
[21:38:46] t=241 jev INF E2 (conf 0.36)
[21:38:48] t=243 jev INF E2 (conf 0.35)
[21:38:49] t=245 jev INF E2 (conf 0.36)
[21:38:51] t=247 jev INF E2 (conf 0.36)
[21:38:52] t=249 jev INF E2 (conf 0.36)
[21:38:52] t=249 tick#125 credits=4623 stance=defend | jev 125 decisions p50=891ms
[21:38:54] t=251 jev INF E2 (conf 0.35)
[21:38:54] {"kind": "action", "what": "produce", "name": "E2", "qty": 1, "tid": null, "ts": "21:38:54"}
[21:38:58] t=257 jev INF E2 (conf 0.44)
[21:38:58] t=257 MOVE hold_b x1 -> (62,119)
[21:38:58] {"kind": "action", "what": "attack_move", "name": null, "qty": null, "tid": null, "ts": "21:38:58"}
[21:39:00] t=259 jev INF E2 (conf 0.43)
[21:39:01] t=261 jev INF E2 (conf 0.42)
[21:39:03] t=263 jev INF E2 (conf 0.41)
[21:39:04] t=265 jev INF E2 (conf 0.43)
[21:39:05] t=267 DEFLINE NALASR (have 1)
[21:39:05] {"kind": "action", "what": "produce", "name": "NALASR", "qty": 1, "tid": null, "ts": "21:39:05"}
[21:39:06] t=267 jev INF E2 (conf 0.39)
[21:39:07] t=269 jev INF E2 (conf 0.43)
[21:39:09] t=271 jev INF E2 (conf 0.42)
[21:39:09] t=273 ECON harv#2
[21:39:09] t=273 TANK HTNK x4
[21:39:09] {"kind": "action", "what": "produce", "name": "HARV", "qty": 1, "tid": null, "ts": "21:39:09"}
[21:39:09] {"kind": "action", "what": "produce", "name": "HTNK", "qty": 4, "tid": null, "ts": "21:39:09"}
[21:39:11] t=273 jev BUILD NAREFN (conf 0.28)
[21:39:11] t=273 jev INF E2 (conf 0.42)
[21:39:11] {"kind": "action", "what": "produce", "name": "NAREFN", "qty": 1, "tid": null, "ts": "21:39:11"}
[21:39:12] t=276 jev INF E2 (conf 0.42)
[21:39:14] t=278 jev INF E2 (conf 0.45)
[21:39:16] t=280 jev INF E2 (conf 0.44)
[21:39:17] t=282 jev INF E2 (conf 0.43)
[21:39:19] t=284 jev INF E2 (conf 0.43)
[21:39:19] {"kind": "action", "what": "produce", "name": "E2", "qty": 1, "tid": null, "ts": "21:39:19"}
[21:39:23] t=291 INSURE AA building
[21:39:23] {"kind": "action", "what": "produce", "name": "NAFLAK", "qty": 1, "tid": null, "ts": "21:39:23"}
[21:39:24] t=291 jev INF E2 (conf 0.48)
[21:39:26] t=294 jev INF E2 (conf 0.48)
[21:39:28] t=296 jev INF E2 (conf 0.48)
[21:39:29] t=298 jev INF E2 (conf 0.48)
[21:39:31] t=300 jev INF E2 (conf 0.44)
[21:39:33] t=303 jev INF E2 (conf 0.43)
[21:39:33] t=303 MOVE hold_a x2 -> (74,123)
[21:39:33] {"kind": "action", "what": "attack_move", "name": null, "qty": null, "tid": null, "ts": "21:39:33"}
[21:39:33] t=303 tick#150 credits=3000 stance=defend | jev 150 decisions p50=951ms
[21:39:35] t=305 jev INF E2 (conf 0.44)
[21:39:36] t=307 jev INF E2 (conf 0.46)
[21:39:38] t=309 jev INF E2 (conf 0.43)
[21:39:40] t=312 jev INF E2 (conf 0.46)
[21:39:41] t=314 jev INF E2 (conf 0.47)
[21:39:43] t=316 jev INF E2 (conf 0.48)
[21:39:43] t=318 ALARM enemy approaching -> counter 3 vs 1 -> [81, 114]
[21:39:43] {"kind": "action", "what": "attack_move", "name": null, "qty": null, "tid": null, "ts": "21:39:43"}
[21:39:45] t=318 jev INF E2 (conf 0.55)
[21:39:45] {"kind": "action", "what": "produce", "name": "E2", "qty": 1, "tid": null, "ts": "21:39:45"}
[21:39:48] t=325 RUSH-DEFENSE ON (敌4压门 vs 守4) 动员兵爆产
[21:39:48] t=325 RUSH-DEFENSE E2 x4 (敌4压门 守4)
[21:39:50] t=325 jev INF E2 (conf 0.70)
[21:39:52] t=328 jev INF E2 (conf 0.75)
[21:39:52] t=328 MOVE t=328 RUSH-DEFENSE tanks x0 -> 塔线协防; hold_a x2 -> (74,110); hold_b x2 -> (74,123)
[21:39:52] {"kind": "action", "what": "attack_move", "name": null, "qty": null, "tid": null, "ts": "21:39:52"}
[21:39:52] {"kind": "action", "what": "attack_move", "name": null, "qty": null, "tid": null, "ts": "21:39:52"}
[21:39:52] t=330 ALARM NAREFN under attack -> TURTLE (4 v 5, 守塔阵不打野战)
[21:39:52] {"kind": "action", "what": "attack_move", "name": null, "qty": null, "tid": null, "ts": "21:39:52"}
[21:39:54] t=330 jev INF E2 (conf 0.72)
[21:39:55] t=333 jev INF E2 (conf 0.71)
[21:39:56] t=335 RETREAT E2(9%)
[21:39:56] {"kind": "action", "what": "move", "name": null, "qty": null, "tid": null, "ts": "21:39:56"}
[21:39:57] t=335 jev INF E2 (conf 0.74)
[21:39:57] t=337 RUSH-DEFENSE E2 x4 (敌9压门 守3)
[21:39:59] t=337 jev INF E2 (conf 0.78)
[21:40:01] t=340 jev INF E2 (conf 0.79)
[21:40:01] t=342 ALARM NAREFN under attack -> TURTLE (2 v 10, 守塔阵不打野战)
[21:40:01] {"kind": "action", "what": "attack_move", "name": null, "qty": null, "tid": null, "ts": "21:40:01"}
[21:40:01] t=342 RETREAT E2(30%)
[21:40:01] {"kind": "action", "what": "move", "name": null, "qty": null, "tid": null, "ts": "21:40:01"}
[21:40:03] t=342 jev INF E2 (conf 0.75)
[21:40:03] t=345 RUSH-DEFENSE E2 x4 (敌10压门 守2)
[21:40:04] t=345 jev INF E2 (conf 0.79)
[21:40:06] t=347 jev INF E2 (conf 0.77)
[21:40:08] t=349 jev INF E2 (conf 0.78)
[21:40:10] t=352 jev INF E2 (conf 0.77)
[21:40:10] {"kind": "action", "what": "produce", "name": "E2", "qty": 1, "tid": null, "ts": "21:40:10"}
[21:40:10] t=354 ALARM NAREFN under attack -> TURTLE (2 v 10, 守塔阵不打野战)
[21:40:10] {"kind": "action", "what": "attack_move", "name": null, "qty": null, "tid": null, "ts": "21:40:10"}
[21:40:17] t=361 tick#175 credits=0 stance=defend | jev 175 decisions p50=1000ms
[21:40:18] t=363 MOVE t=363 RUSH-DEFENSE tanks x0 -> 塔线协防; hold_a x2 -> (73,109); hold_b x1 -> (75,122)
[21:40:18] {"kind": "action", "what": "attack_move", "name": null, "qty": null, "tid": null, "ts": "21:40:18"}
[21:40:18] {"kind": "action", "what": "attack_move", "name": null, "qty": null, "tid": null, "ts": "21:40:18"}
[21:40:19] t=366 ALARM enemy approaching -> TURTLE (2 v 14, 守塔阵不打野战)
[21:40:19] {"kind": "action", "what": "attack_move", "name": null, "qty": null, "tid": null, "ts": "21:40:19"}
[21:40:19] t=366 RETREAT E2(8%)
[21:40:19] {"kind": "action", "what": "move", "name": null, "qty": null, "tid": null, "ts": "21:40:19"}
[21:40:27] t=375 MOVE t=375 RUSH-DEFENSE tanks x0 -> 塔线协防; hold_a x1 -> (71,109); hold_b x1 -> (77,120)
[21:40:27] {"kind": "action", "what": "attack_move", "name": null, "qty": null, "tid": null, "ts": "21:40:27"}
[21:40:27] {"kind": "action", "what": "attack_move", "name": null, "qty": null, "tid": null, "ts": "21:40:27"}
[21:40:27] t=377 ALARM NAFLAK under attack -> TURTLE (2 v 17, 守塔阵不打野战)
[21:40:27] {"kind": "action", "what": "attack_move", "name": null, "qty": null, "tid": null, "ts": "21:40:27"}
[21:40:36] t=389 ALARM NAFLAK under attack -> TURTLE (2 v 17, 守塔阵不打野战)
[21:40:36] {"kind": "action", "what": "attack_move", "name": null, "qty": null, "tid": null, "ts": "21:40:36"}
[21:40:45] t=401 ALARM NAFLAK under attack -> TURTLE (2 v 16, 守塔阵不打野战)
[21:40:45] {"kind": "action", "what": "attack_move", "name": null, "qty": null, "tid": null, "ts": "21:40:45"}
[21:40:54] t=412 ALARM NAFLAK under attack -> TURTLE (2 v 16, 守塔阵不打野战)
[21:40:54] {"kind": "action", "what": "attack_move", "name": null, "qty": null, "tid": null, "ts": "21:40:54"}
[21:41:00] t=419 tick#200 credits=0 stance=defend | jev 200 decisions p50=1216ms
[21:41:02] t=424 ALARM NAFLAK under attack -> TURTLE (2 v 15, 守塔阵不打野战)
[21:41:02] {"kind": "action", "what": "attack_move", "name": null, "qty": null, "tid": null, "ts": "21:41:02"}
[21:41:11] t=433 MOVE t=433 RUSH-DEFENSE tanks x0 -> 塔线协防; hold_a x1 -> (74,110); hold_b x1 -> (74,123)
[21:41:11] {"kind": "action", "what": "attack_move", "name": null, "qty": null, "tid": null, "ts": "21:41:11"}
[21:41:11] {"kind": "action", "what": "attack_move", "name": null, "qty": null, "tid": null, "ts": "21:41:11"}
[21:41:11] t=436 ALARM NACNST under attack -> TURTLE (2 v 15, 守塔阵不打野战)
[21:41:11] {"kind": "action", "what": "attack_move", "name": null, "qty": null, "tid": null, "ts": "21:41:11"}
[21:41:20] t=447 ALARM NACNST under attack -> TURTLE (2 v 15, 守塔阵不打野战)
[21:41:20] {"kind": "action", "what": "attack_move", "name": null, "qty": null, "tid": null, "ts": "21:41:20"}
[21:41:28] t=458 ALARM NACNST under attack -> TURTLE (1 v 15, 守塔阵不打野战)
[21:41:28] {"kind": "action", "what": "attack_move", "name": null, "qty": null, "tid": null, "ts": "21:41:28"}
[21:41:28] t=458 RETREAT E2(23%)
[21:41:28] {"kind": "action", "what": "move", "name": null, "qty": null, "tid": null, "ts": "21:41:28"}
[21:41:37] t=470 ALARM NACNST under attack -> TURTLE (1 v 13, 守塔阵不打野战)
[21:41:37] {"kind": "action", "what": "attack_move", "name": null, "qty": null, "tid": null, "ts": "21:41:37"}
[21:41:43] t=477 tick#225 credits=0 stance=defend | jev 225 decisions p50=1231ms
[21:41:45] t=481 ALARM NACNST under attack -> TURTLE (1 v 13, 守塔阵不打野战)
[21:41:45] {"kind": "action", "what": "attack_move", "name": null, "qty": null, "tid": null, "ts": "21:41:45"}
[21:41:50] t=488 RETREAT E2(38%)
[21:41:50] {"kind": "action", "what": "move", "name": null, "qty": null, "tid": null, "ts": "21:41:50"}
[21:41:52] t=490 RUSH-DEFENSE E2 x4 (敌13压门 守6)
[21:41:52] {"kind": "action", "what": "produce", "name": "E2", "qty": 4, "tid": null, "ts": "21:41:52"}
[21:41:54] t=493 ALARM unit lost -> TURTLE (4 v 13, 守塔阵不打野战)
[21:41:54] {"kind": "action", "what": "attack_move", "name": null, "qty": null, "tid": null, "ts": "21:41:54"}
[21:41:54] t=493 RETREAT E2(17%)
[21:41:54] {"kind": "action", "what": "move", "name": null, "qty": null, "tid": null, "ts": "21:41:54"}
[21:41:56] t=496 RETREAT E2(15%)
[21:41:56] {"kind": "action", "what": "move", "name": null, "qty": null, "tid": null, "ts": "21:41:56"}
[21:42:01] t=502 RETREAT E2(33%)
[21:42:01] t=502 RETREAT E2(26%)
[21:42:01] {"kind": "action", "what": "move", "name": null, "qty": null, "tid": null, "ts": "21:42:01"}
[21:42:01] {"kind": "action", "what": "move", "name": null, "qty": null, "tid": null, "ts": "21:42:01"}
[21:42:03] t=505 ALARM NACNST under attack -> TURTLE (1 v 12, 守塔阵不打野战)
[21:42:03] {"kind": "action", "what": "attack_move", "name": null, "qty": null, "tid": null, "ts": "21:42:03"}
[21:42:05] t=507 RETREAT E2(36%)
[21:42:05] {"kind": "action", "what": "move", "name": null, "qty": null, "tid": null, "ts": "21:42:05"}
[21:42:16] t=522 RUSH-DEFENSE OFF (威胁解除) 恢复原公式
[21:42:19] t=526 ALARM NALASR under attack -> TURTLE (3 v 11, 守塔阵不打野战)
[21:42:25] t=533 tick#250 credits=1734 stance=defend | jev 250 decisions p50=1248ms
[21:42:26] t=535 jev INF E2 (conf 0.72)
[21:42:26] {"kind": "action", "what": "produce", "name": "E2", "qty": 1, "tid": null, "ts": "21:42:26"}
[21:42:28] t=539 ALARM unit lost -> TURTLE (2 v 10, 守塔阵不打野战)
[21:42:31] t=541 jev INF E2 (conf 0.71)
[21:42:32] t=543 jev INF E2 (conf 0.72)
[21:42:34] t=545 jev INF E2 (conf 0.69)
[21:42:35] t=547 jev INF E2 (conf 0.77)
[21:42:37] t=549 jev INF E2 (conf 0.82)
[21:42:38] t=551 jev INF E2 (conf 0.83)
[21:42:40] t=553 jev INF E2 (conf 0.80)
[21:42:41] t=555 jev INF E2 (conf 0.80)
[21:42:43] t=557 jev INF E2 (conf 0.81)
[21:42:44] t=559 jev INF E2 (conf 0.81)
[21:42:45] t=561 OPENING REJECT NAREFN (40gs 无进展, 拉黑)
[21:42:46] t=561 jev INF E2 (conf 0.81)
[21:42:47] t=563 jev INF E2 (conf 0.80)
[21:42:49] t=565 jev INF E2 (conf 0.81)
[21:42:50] t=567 jev INF E2 (conf 0.81)
[21:42:52] t=569 jev INF E2 (conf 0.82)
[21:42:52] {"kind": "action", "what": "produce", "name": "E2", "qty": 1, "tid": null, "ts": "21:42:52"}
[21:42:57] t=577 ALARM NAPOWR under attack -> TURTLE (1 v 4, 守塔阵不打野战)
[21:43:02] t=583 tick#275 credits=1582 stance=defend | jev 275 decisions p50=1231ms
[21:43:15] t=601 OPENING REJECT NAWEAP (40gs 无进展, 拉黑)
[21:43:40] t=633 tick#300 credits=1504 stance=defend | jev 300 decisions p50=1215ms
[21:43:45] t=641 OPENING REJECT NAHAND (40gs 无进展, 拉黑)
[21:44:17] t=683 tick#325 credits=1419 stance=defend | jev 325 decisions p50=1215ms
[2026-10-05 21:44:18] {"kind": "report", "result": "defeat", "t": 685, "ticks": 326, "crisis_ticks": 167, "stance": "defend", "jev": {"decisions": 325, "errors": 0, "input_tokens": 860766, "output_tokens": 0, "p50_ms": 1215, "p95_ms": 1534}, "enemy_base": null, "ts": "2026-10-05 21:44:18"}
[21:44:19] REVIEW game#69 defeat → game-0069-review.md | changes=0
{
  "result": "defeat",
  "t": 685,
  "ticks": 326,
  "crisis_ticks": 167,
  "stance": "defend",
  "jev": {
    "decisions": 325,
    "errors": 0,
    "input_tokens": 860766,
    "output_tokens": 0,
    "p50_ms": 1215,
    "p95_ms": 1534
  },
  "enemy_base": null,
  "ts": "2026-10-05 21:44:18",
  "review": {
    "game_no": 69,
    "rootcause": "no_target",
    "auto_tuned": 0
  }
}
