[23:35:26] 进局中(全自动)...
[23:35:54] {"kind": "start", "policy": "ra2web-jev-player/1.0", "maxDecisions": 999999, "micro": {"events": [{"kind": "micro", "t": 1, "what": "start"}], "loopN": 1, "on": true, "outcome": null, "stall": false}, "ts": "23:35:54"}
[23:35:54] === ra2web-jev-player start (tick=1.5s, max_decisions=999999) ===
[23:35:54] t=2 DEPLOY mcv
[23:35:54] {"kind": "action", "what": "deploy", "ids": [1042], "ts": "23:35:54"}
[23:35:54] {"kind": "action", "what": "deploy", "name": null, "qty": null, "tid": null, "ts": "23:35:54"}
[23:35:56] t=4 jev BUILD NAPOWR HOLD (开局序列前置位保护: 等 NAREFN)
[23:35:56] t=4 jev STANCE defend->develop (conf 0.93)
[23:35:57] t=6 jev BUILD NAPOWR HOLD (开局序列前置位保护: 等 NAREFN)
[23:35:59] t=8 jev BUILD NAPOWR HOLD (开局序列前置位保护: 等 NAREFN)
[23:36:00] t=10 jev BUILD NAPOWR HOLD (开局序列前置位保护: 等 NAREFN)
[23:36:02] t=12 jev BUILD NAPOWR HOLD (开局序列前置位保护: 等 NAREFN)
[23:36:03] t=14 jev BUILD NAPOWR HOLD (开局序列前置位保护: 等 NAREFN)
[23:36:05] t=16 jev BUILD NAPOWR HOLD (开局序列前置位保护: 等 NAREFN)
[23:36:06] t=18 jev BUILD NAPOWR HOLD (开局序列前置位保护: 等 NAREFN)
[23:36:08] t=20 jev BUILD NAPOWR HOLD (开局序列前置位保护: 等 NAREFN)
[23:36:09] t=22 jev BUILD NAPOWR HOLD (开局序列前置位保护: 等 NAREFN)
[23:36:11] t=24 jev BUILD NAPOWR HOLD (开局序列前置位保护: 等 NAREFN)
[23:36:12] t=26 jev BUILD NAPOWR HOLD (开局序列前置位保护: 等 NAREFN)
[23:36:14] t=28 jev BUILD NAPOWR HOLD (开局序列前置位保护: 等 NAREFN)
[23:36:15] t=30 jev BUILD NAPOWR HOLD (开局序列前置位保护: 等 NAREFN)
[23:36:17] t=32 jev BUILD NAPOWR HOLD (开局序列前置位保护: 等 NAREFN)
[23:36:18] t=34 jev BUILD NAPOWR HOLD (开局序列前置位保护: 等 NAREFN)
[23:36:20] t=36 jev BUILD NAPOWR HOLD (开局序列前置位保护: 等 NAREFN)
[23:36:21] t=38 jev BUILD NAPOWR HOLD (开局序列前置位保护: 等 NAREFN)
[23:36:23] t=40 jev BUILD NAPOWR HOLD (开局序列前置位保护: 等 NAREFN)
[23:36:24] t=42 OPENING REJECT NAREFN (40gs 无进展, 拉黑)
[23:36:24] t=42 OPENING FALLBACK -> legacy NAPOWR-first
[23:36:24] {"kind": "action", "what": "produce", "name": "NAPOWR", "qty": 1, "tid": null, "ts": "23:36:24"}
[23:36:24] t=42 OPENING BUILD NAPOWR
[23:36:30] t=50 tick#25 credits=9780 stance=develop | jev 25 decisions p50=875ms
[23:36:43] {"kind": "action", "what": "produce", "name": "NAREFN", "qty": 1, "tid": null, "ts": "23:36:43"}
[23:36:43] t=68 OPENING BUILD NAREFN
[23:37:08] t=100 tick#50 credits=8629 stance=develop | jev 50 decisions p50=884ms
[23:37:46] t=150 tick#75 credits=7420 stance=develop | jev 75 decisions p50=932ms
[23:37:52] {"kind": "action", "what": "produce", "name": "NAHAND", "qty": 1, "tid": null, "ts": "23:37:52"}
[23:37:52] t=160 OPENING BUILD NAHAND
[23:38:10] t=184 GARRISON E2 x2 (坦克真空期常驻驻军, have 0)
[23:38:10] t=184 DEFLINE NALASR (have 0)
[23:38:10] {"kind": "action", "what": "produce", "name": "E2", "qty": 2, "tid": null, "ts": "23:38:10"}
[23:38:10] {"kind": "action", "what": "produce", "name": "NALASR", "qty": 1, "tid": null, "ts": "23:38:10"}
[23:38:10] {"kind": "action", "what": "produce", "name": "NAWEAP", "qty": 1, "tid": null, "ts": "23:38:10"}
[23:38:10] t=184 OPENING BUILD NAWEAP
[23:38:13] t=188 ALARM enemy approaching -> counter 1 vs 1 -> [69, 120]
[23:38:13] {"kind": "action", "what": "attack_move", "name": null, "qty": null, "tid": null, "ts": "23:38:13"}
[23:38:16] t=192 GARRISON E2 x2 (坦克真空期常驻驻军, have 1)
[23:38:18] t=192 jev INF E2 (conf 0.57)
[23:38:19] t=194 jev INF E2 (conf 0.52)
[23:38:20] t=196 GARRISON E2 x2 (坦克真空期常驻驻军, have 0)
[23:38:21] t=196 jev INF E2 (conf 0.55)
[23:38:22] t=198 jev INF E2 (conf 0.46)
[23:38:24] t=200 jev INF E2 (conf 0.50)
[23:38:24] t=200 tick#100 credits=5871 stance=defend | jev 100 decisions p50=949ms
[23:38:25] t=202 jev INF E2 (conf 0.52)
[23:38:27] t=204 jev INF E2 (conf 0.62)
[23:38:28] t=206 jev INF E2 (conf 0.64)
[23:38:29] t=208 DEFLINE NALASR (have 1)
[23:38:30] t=208 jev INF E2 (conf 0.63)
[23:38:31] t=210 jev INF E2 (conf 0.64)
[23:38:33] t=212 jev INF E2 (conf 0.63)
[23:38:35] t=215 jev INF E2 (conf 0.54)
[23:38:36] t=217 jev INF E2 (conf 0.55)
[23:38:36] {"kind": "action", "what": "produce", "name": "E2", "qty": 1, "tid": null, "ts": "23:38:36"}
[23:38:39] t=223 GARRISON E2 x2 (坦克真空期常驻驻军, have 1)
[23:38:41] t=223 jev INF E2 (conf 0.39)
[23:38:41] t=223 MOVE hold_a x1 -> (74,123)
[23:38:41] {"kind": "action", "what": "attack_move", "name": null, "qty": null, "tid": null, "ts": "23:38:41"}
[23:38:42] t=225 jev INF E2 (conf 0.39)
[23:38:44] t=227 jev INF E2 (conf 0.38)
[23:38:45] t=229 jev INF E2 (conf 0.38)
[23:38:47] t=231 jev INF E2 (conf 0.37)
[23:38:48] t=233 jev INF E2 (conf 0.37)
[23:38:50] t=235 jev INF E2 (conf 0.39)
[23:38:51] t=237 jev INF E2 (conf 0.38)
[23:38:53] t=239 jev INF E2 (conf 0.38)
[23:38:54] t=241 jev INF E2 (conf 0.37)
[23:38:56] t=243 jev INF E2 (conf 0.39)
[23:38:57] t=245 jev INF E2 (conf 0.39)
[23:38:59] t=247 jev INF E2 (conf 0.39)
[23:39:01] t=249 jev INF E2 (conf 0.37)
[23:39:02] t=251 jev INF E2 (conf 0.38)
[23:39:02] {"kind": "action", "what": "produce", "name": "E2", "qty": 1, "tid": null, "ts": "23:39:02"}
[23:39:02] t=251 tick#125 credits=4504 stance=defend | jev 125 decisions p50=958ms
[23:39:05] t=257 GARRISON E2 x2 (坦克真空期常驻驻军, have 2)
[23:39:07] t=257 jev INF E2 (conf 0.44)
[23:39:07] t=257 MOVE hold_b x1 -> (62,119)
[23:39:07] {"kind": "action", "what": "attack_move", "name": null, "qty": null, "tid": null, "ts": "23:39:07"}
[23:39:08] t=260 jev INF E2 (conf 0.42)
[23:39:10] t=262 jev INF E2 (conf 0.41)
[23:39:11] t=264 jev INF E2 (conf 0.42)
[23:39:13] t=266 jev INF E2 (conf 0.44)
[23:39:13] t=268 DEFLINE NALASR (have 1)
[23:39:13] {"kind": "action", "what": "produce", "name": "NALASR", "qty": 1, "tid": null, "ts": "23:39:13"}
[23:39:14] t=268 jev INF E2 (conf 0.43)
[23:39:16] t=270 jev INF E2 (conf 0.45)
[23:39:18] t=272 jev INF E2 (conf 0.45)
[23:39:19] t=274 jev INF E2 (conf 0.45)
[23:39:19] t=276 ECON harv#2
[23:39:19] t=276 TANK HTNK x3
[23:39:19] {"kind": "action", "what": "produce", "name": "HARV", "qty": 1, "tid": null, "ts": "23:39:19"}
[23:39:19] {"kind": "action", "what": "produce", "name": "HTNK", "qty": 3, "tid": null, "ts": "23:39:19"}
[23:39:21] t=276 jev BUILD NAREFN (conf 0.30)
[23:39:21] t=276 jev INF E2 (conf 0.45)
[23:39:21] {"kind": "action", "what": "produce", "name": "NAREFN", "qty": 1, "tid": null, "ts": "23:39:21"}
[23:39:23] t=278 jev INF E2 (conf 0.46)
[23:39:24] t=281 jev INF E2 (conf 0.46)
[23:39:26] t=283 jev INF E2 (conf 0.47)
[23:39:28] t=285 jev INF E2 (conf 0.46)
[23:39:28] {"kind": "action", "what": "produce", "name": "E2", "qty": 1, "tid": null, "ts": "23:39:28"}
[23:39:32] t=292 GARRISON E2 x2 (坦克真空期常驻驻军, have 3)
[23:39:32] t=292 INSURE AA building
[23:39:32] {"kind": "action", "what": "produce", "name": "NAFLAK", "qty": 1, "tid": null, "ts": "23:39:32"}
[23:39:33] t=292 jev INF E2 (conf 0.49)
[23:39:35] t=295 jev INF E2 (conf 0.48)
[23:39:37] t=297 jev INF E2 (conf 0.49)
[23:39:39] t=299 jev INF E2 (conf 0.52)
[23:39:40] t=302 jev INF E2 (conf 0.46)
[23:39:42] t=304 jev INF E2 (conf 0.46)
[23:39:42] t=304 MOVE hold_a x2 -> (74,123)
[23:39:42] {"kind": "action", "what": "attack_move", "name": null, "qty": null, "tid": null, "ts": "23:39:42"}
[23:39:44] t=306 jev INF E2 (conf 0.48)
[23:39:44] t=306 tick#150 credits=2799 stance=defend | jev 150 decisions p50=970ms
[23:39:45] t=309 jev INF E2 (conf 0.47)
[23:39:47] t=311 jev INF E2 (conf 0.48)
[23:39:49] t=313 jev INF E2 (conf 0.46)
[23:39:51] t=316 jev INF E2 (conf 0.51)
[23:39:51] t=318 ALARM enemy approaching -> counter 3 vs 1 -> [82, 114]
[23:39:51] {"kind": "action", "what": "attack_move", "name": null, "qty": null, "tid": null, "ts": "23:39:51"}
[23:39:53] t=318 jev INF E2 (conf 0.57)
[23:39:54] t=321 jev INF E2 (conf 0.54)
[23:39:54] {"kind": "action", "what": "produce", "name": "E2", "qty": 1, "tid": null, "ts": "23:39:54"}
[23:39:55] t=323 RUSH-DEFENSE ON (敌4压门 vs 守3) 动员兵爆产
[23:39:58] t=328 RUSH-DEFENSE E2 x4 (敌5压门 守4)
[23:40:00] t=328 jev INF E2 (conf 0.69)
[23:40:00] t=328 MOVE t=328 RUSH-DEFENSE tanks x0 -> 塔线协防; hold_a x2 -> (74,110); hold_b x2 -> (74,123)
[23:40:00] {"kind": "action", "what": "attack_move", "name": null, "qty": null, "tid": null, "ts": "23:40:00"}
[23:40:00] {"kind": "action", "what": "attack_move", "name": null, "qty": null, "tid": null, "ts": "23:40:00"}
[23:40:00] t=331 ALARM NAREFN under attack -> TURTLE (4 v 7, 守塔阵不打野战)
[23:40:00] {"kind": "action", "what": "attack_move", "name": null, "qty": null, "tid": null, "ts": "23:40:00"}
[23:40:02] t=331 jev INF E2 (conf 0.74)
[23:40:02] t=333 RETREAT E2(27%)
[23:40:02] {"kind": "action", "what": "move", "name": null, "qty": null, "tid": null, "ts": "23:40:02"}
[23:40:04] t=333 jev INF E2 (conf 0.69)
[23:40:04] t=336 RUSH-DEFENSE E2 x4 (敌8压门 守3)
[23:40:06] t=336 jev INF E2 (conf 0.79)
[23:40:08] t=338 jev INF E2 (conf 0.76)
[23:40:10] t=341 jev INF E2 (conf 0.78)
[23:40:10] t=343 ALARM NAREFN under attack -> TURTLE (3 v 10, 守塔阵不打野战)
[23:40:10] {"kind": "action", "what": "attack_move", "name": null, "qty": null, "tid": null, "ts": "23:40:10"}
[23:40:12] t=343 jev INF E2 (conf 0.78)
[23:40:12] t=346 RUSH-DEFENSE E2 x4 (敌10压门 守2)
[23:40:13] t=346 jev INF E2 (conf 0.77)
[23:40:15] t=348 jev INF E2 (conf 0.76)
[23:40:17] t=351 jev INF E2 (conf 0.77)
[23:40:19] t=353 jev INF E2 (conf 0.78)
[23:40:19] t=356 ALARM NAREFN under attack -> TURTLE (2 v 11, 守塔阵不打野战)
[23:40:19] {"kind": "action", "what": "attack_move", "name": null, "qty": null, "tid": null, "ts": "23:40:19"}
[23:40:21] t=356 jev INF E2 (conf 0.78)
[23:40:21] {"kind": "action", "what": "produce", "name": "E2", "qty": 1, "tid": null, "ts": "23:40:21"}
[23:40:29] t=368 ALARM enemy approaching -> TURTLE (2 v 13, 守塔阵不打野战)
[23:40:29] {"kind": "action", "what": "attack_move", "name": null, "qty": null, "tid": null, "ts": "23:40:29"}
[23:40:30] t=368 tick#175 credits=0 stance=defend | jev 175 decisions p50=1100ms
[23:40:37] t=378 MOVE t=378 RUSH-DEFENSE tanks x0 -> 塔线协防; hold_a x1 -> (75,110); hold_b x1 -> (73,124)
[23:40:37] {"kind": "action", "what": "attack_move", "name": null, "qty": null, "tid": null, "ts": "23:40:37"}
[23:40:37] {"kind": "action", "what": "attack_move", "name": null, "qty": null, "tid": null, "ts": "23:40:37"}
[23:40:38] t=380 ALARM enemy approaching -> TURTLE (2 v 16, 守塔阵不打野战)
[23:40:38] {"kind": "action", "what": "attack_move", "name": null, "qty": null, "tid": null, "ts": "23:40:38"}
[23:40:47] t=393 ALARM enemy approaching -> TURTLE (2 v 15, 守塔阵不打野战)
[23:40:47] {"kind": "action", "what": "attack_move", "name": null, "qty": null, "tid": null, "ts": "23:40:47"}
[23:40:56] t=405 ALARM enemy approaching -> TURTLE (2 v 14, 守塔阵不打野战)
[23:40:56] {"kind": "action", "what": "attack_move", "name": null, "qty": null, "tid": null, "ts": "23:40:56"}
[23:41:05] t=415 MOVE t=415 RUSH-DEFENSE tanks x0 -> 塔线协防; hold_a x1 -> (74,110); hold_b x1 -> (74,123)
[23:41:05] {"kind": "action", "what": "attack_move", "name": null, "qty": null, "tid": null, "ts": "23:41:05"}
[23:41:05] {"kind": "action", "what": "attack_move", "name": null, "qty": null, "tid": null, "ts": "23:41:05"}
[23:41:05] t=417 ALARM NAFLAK under attack -> TURTLE (2 v 14, 守塔阵不打野战)
[23:41:05] {"kind": "action", "what": "attack_move", "name": null, "qty": null, "tid": null, "ts": "23:41:05"}
[23:41:14] t=427 MOVE t=427 RUSH-DEFENSE tanks x0 -> 塔线协防; hold_a x1 -> (71,109); hold_b x1 -> (77,120)
[23:41:14] {"kind": "action", "what": "attack_move", "name": null, "qty": null, "tid": null, "ts": "23:41:14"}
[23:41:14] {"kind": "action", "what": "attack_move", "name": null, "qty": null, "tid": null, "ts": "23:41:14"}
[23:41:14] t=429 ALARM NAFLAK under attack -> TURTLE (2 v 14, 守塔阵不打野战)
[23:41:14] {"kind": "action", "what": "attack_move", "name": null, "qty": null, "tid": null, "ts": "23:41:14"}
[23:41:16] t=429 tick#200 credits=0 stance=defend | jev 200 decisions p50=1278ms
[23:41:23] t=439 MOVE t=439 RUSH-DEFENSE tanks x0 -> 塔线协防; hold_a x1 -> (74,110); hold_b x1 -> (74,123)
[23:41:23] {"kind": "action", "what": "attack_move", "name": null, "qty": null, "tid": null, "ts": "23:41:23"}
[23:41:23] {"kind": "action", "what": "attack_move", "name": null, "qty": null, "tid": null, "ts": "23:41:23"}
[23:41:24] t=442 ALARM NACNST under attack -> TURTLE (2 v 14, 守塔阵不打野战)
[23:41:24] {"kind": "action", "what": "attack_move", "name": null, "qty": null, "tid": null, "ts": "23:41:24"}
[23:41:54] t=483 ALARM NACNST under attack -> TURTLE (1 v 14, 守塔阵不打野战)
[23:41:54] {"kind": "action", "what": "attack_move", "name": null, "qty": null, "tid": null, "ts": "23:41:54"}
[23:41:54] t=483 POWER plant (reserve -35)
[23:41:54] t=483 INSURE AA building
[23:41:54] {"kind": "action", "what": "produce", "name": "NAPOWR", "qty": 1, "tid": null, "ts": "23:41:54"}
[23:41:55] {"kind": "action", "what": "produce", "name": "NAFLAK", "qty": 1, "tid": null, "ts": "23:41:55"}
[23:41:58] t=487 RETREAT E2(6%)
[23:41:58] {"kind": "action", "what": "move", "name": null, "qty": null, "tid": null, "ts": "23:41:58"}
[23:42:01] t=490 tick#225 credits=1490 stance=defend | jev 225 decisions p50=1289ms
[23:42:02] t=492 RUSH-DEFENSE OFF (威胁解除) 恢复原公式
[23:42:03] t=494 ALARM unit lost -> TURTLE (5 v 13, 守塔阵不打野战)
[23:42:05] t=494 jev INF E2 (conf 0.75)
[23:42:05] {"kind": "action", "what": "produce", "name": "E2", "qty": 1, "tid": null, "ts": "23:42:05"}
[23:42:13] t=507 ALARM NAHAND under attack -> TURTLE (1 v 12, 守塔阵不打野战)
[23:42:13] t=507 GARRISON E2 x2 (坦克真空期常驻驻军, have 1)
[23:42:14] t=507 jev INF E2 (conf 0.53)
[23:42:16] t=510 jev INF E2 (conf 0.50)
[23:42:18] t=512 jev INF E2 (conf 0.53)
[23:42:18] t=514 GARRISON E2 x2 (坦克真空期常驻驻军, have 0)
[23:42:19] t=514 jev INF E2 (conf 0.65)
[23:42:21] t=516 jev INF E2 (conf 0.63)
[23:42:22] t=518 jev INF E2 (conf 0.62)
[23:42:24] t=520 jev INF E2 (conf 0.61)
[23:42:26] t=522 jev INF E2 (conf 0.62)
[23:42:27] t=525 jev INF E2 (conf 0.63)
[23:42:29] t=527 jev INF E2 (conf 0.66)
[23:42:31] t=529 jev INF E2 (conf 0.62)
[23:42:31] {"kind": "action", "what": "produce", "name": "E2", "qty": 1, "tid": null, "ts": "23:42:31"}
[23:42:31] t=531 OPENING REJECT NAPOWR (40gs 无进展, 拉黑)
[23:42:39] t=542 ALARM NAWEAP under attack -> TURTLE (1 v 5, 守塔阵不打野战)
[23:42:39] t=542 GARRISON E2 x2 (坦克真空期常驻驻军, have 1)
[23:42:40] t=542 jev INF E2 (conf 0.49)
[23:42:42] t=544 jev INF E2 (conf 0.50)
[23:42:42] t=544 tick#250 credits=892 stance=defend | jev 250 decisions p50=1298ms
[23:42:44] t=546 jev INF E2 (conf 0.47)
[23:42:45] t=549 jev INF E2 (conf 0.48)
[23:42:47] t=551 jev INF E2 (conf 0.51)
[23:42:47] t=553 GARRISON E2 x2 (坦克真空期常驻驻军, have 0)
[23:42:49] t=553 jev INF E2 HOLD (预算保护 gate=False e2=0)
[23:42:50] t=555 jev INF E2 HOLD (预算保护 gate=False e2=0)
[23:42:50] t=557 ALARM NAWEAP under attack -> counter 1 vs 2 -> [69, 121]
[23:42:50] {"kind": "action", "what": "attack_move", "name": null, "qty": null, "tid": null, "ts": "23:42:50"}
[23:42:52] t=557 jev INF E2 HOLD (预算保护 gate=False e2=0)
[23:42:54] t=560 jev INF E2 HOLD (预算保护 gate=False e2=0)
[23:42:55] t=562 jev INF E2 HOLD (预算保护 gate=False e2=0)
[23:42:57] t=564 jev INF E2 HOLD (预算保护 gate=False e2=0)
[23:42:58] t=566 jev INF E2 HOLD (预算保护 gate=False e2=0)
[23:43:00] t=568 jev INF E2 HOLD (预算保护 gate=False e2=0)
[23:43:00] t=571 OPENING REJECT NAREFN (40gs 无进展, 拉黑)
[23:43:02] t=571 jev INF E2 HOLD (预算保护 gate=False e2=0)
[23:43:03] t=573 jev INF E2 HOLD (预算保护 gate=False e2=0)
[23:43:05] t=575 jev INF E2 HOLD (预算保护 gate=False e2=0)
[23:43:07] t=577 jev INF E2 HOLD (预算保护 gate=False e2=0)
[23:43:08] t=579 jev INF E2 HOLD (预算保护 gate=False e2=0)
[23:43:10] t=581 jev INF E2 HOLD (预算保护 gate=False e2=0)
[23:43:11] t=584 jev INF E2 HOLD (预算保护 gate=False e2=0)
[23:43:13] t=586 jev INF E2 HOLD (预算保护 gate=False e2=0)
[23:43:15] t=588 jev INF E2 HOLD (预算保护 gate=False e2=0)
[23:43:16] t=590 jev INF E2 HOLD (预算保护 gate=False e2=0)
[23:43:18] t=592 jev INF E2 HOLD (预算保护 gate=False e2=0)
[23:43:20] t=594 jev INF E2 HOLD (预算保护 gate=False e2=0)
[23:43:21] t=597 jev INF E2 HOLD (预算保护 gate=False e2=0)
[23:43:23] t=599 jev INF E2 HOLD (预算保护 gate=False e2=0)
[23:43:23] t=599 tick#275 credits=353 stance=defend | jev 275 decisions p50=1352ms
[23:43:30] t=610 ALARM NAHAND under attack -> counter 1 vs 2 -> [68, 118]
[23:43:30] {"kind": "action", "what": "attack_move", "name": null, "qty": null, "tid": null, "ts": "23:43:30"}
[23:43:38] t=620 ALARM long-range fire (likely V3) -> counter 1 vs 1 -> [68, 118]
[23:43:38] {"kind": "action", "what": "attack_move", "name": null, "qty": null, "tid": null, "ts": "23:43:38"}
[23:44:04] t=653 tick#300 credits=0 stance=defend | jev 300 decisions p50=1377ms
[23:44:09] t=660 jev INF E2 HOLD (预算保护 gate=False e2=0)
[23:44:11] t=662 jev INF E2 HOLD (预算保护 gate=False e2=0)
[23:44:12] t=665 jev INF E2 HOLD (预算保护 gate=False e2=0)
[23:44:14] t=667 jev INF E2 HOLD (预算保护 gate=False e2=0)
[23:44:16] t=669 jev INF E2 HOLD (预算保护 gate=False e2=0)
[23:44:17] t=671 jev INF E2 HOLD (预算保护 gate=False e2=0)
[23:44:19] t=673 jev INF E2 HOLD (预算保护 gate=False e2=0)
[23:44:21] t=676 jev INF E2 HOLD (预算保护 gate=False e2=0)
[23:44:22] t=678 jev INF E2 HOLD (预算保护 gate=False e2=0)
[23:44:24] t=680 jev INF E2 HOLD (预算保护 gate=False e2=0)
[23:44:26] t=682 jev INF E2 HOLD (预算保护 gate=False e2=0)
[23:44:27] t=685 jev INF E2 HOLD (预算保护 gate=False e2=0)
[23:44:29] t=687 jev INF E2 HOLD (预算保护 gate=False e2=0)
[23:44:31] t=689 jev INF E2 HOLD (预算保护 gate=False e2=0)
[23:44:32] t=691 jev INF E2 HOLD (预算保护 gate=False e2=0)
[23:44:34] t=694 jev INF E2 HOLD (预算保护 gate=False e2=0)
[23:44:36] t=696 jev INF E2 HOLD (预算保护 gate=False e2=0)
[23:44:41] t=702 jev INF E2 HOLD (预算保护 gate=False e2=0)
[23:44:42] t=705 jev INF E2 HOLD (预算保护 gate=False e2=0)
[23:44:44] t=707 jev INF E2 HOLD (预算保护 gate=False e2=0)
[23:44:46] t=709 tick#325 credits=0 stance=defend | jev 325 decisions p50=1388ms
[2026-10-05 23:44:55] {"kind": "report", "result": "defeat", "t": 724, "ticks": 332, "crisis_ticks": 146, "stance": "defend", "jev": {"decisions": 331, "errors": 0, "input_tokens": 914632, "output_tokens": 0, "p50_ms": 1388, "p95_ms": 1622}, "enemy_base": null, "ts": "2026-10-05 23:44:55"}
[23:44:56] REVIEW game#72 defeat → game-0072-review.md | changes=0
{
  "result": "defeat",
  "t": 724,
  "ticks": 332,
  "crisis_ticks": 146,
  "stance": "defend",
  "jev": {
    "decisions": 331,
    "errors": 0,
    "input_tokens": 914632,
    "output_tokens": 0,
    "p50_ms": 1388,
    "p95_ms": 1622
  },
  "enemy_base": null,
  "ts": "2026-10-05 23:44:55",
  "review": {
    "game_no": 72,
    "rootcause": "no_target",
    "auto_tuned": 0
  }
}
