[11:42:21] 进局中(全自动)...
[11:43:20] {"kind": "start", "policy": "ra2web-jev-player/1.0", "maxDecisions": 999999, "micro": {"events": [{"kind": "micro", "t": 0, "what": "start"}], "loopN": 1, "on": true, "outcome": null, "stall": false}, "ts": "11:43:20"}
[11:43:20] === ra2web-jev-player start (tick=1.5s, max_decisions=999999) ===
[11:43:20] t=1 DEPLOY mcv
[11:43:20] {"kind": "action", "what": "deploy", "ids": [1042], "ts": "11:43:20"}
[11:43:20] {"kind": "action", "what": "deploy", "name": null, "qty": null, "tid": null, "ts": "11:43:20"}
[11:43:22] t=3 jev BUILD NAPOWR HOLD (开局序列前置位保护: 等 NAREFN)
[11:43:22] t=3 jev STANCE defend->develop (conf 0.91)
[11:43:24] t=5 jev BUILD NAPOWR HOLD (开局序列前置位保护: 等 NAREFN)
[11:43:25] t=7 jev BUILD NAPOWR HOLD (开局序列前置位保护: 等 NAREFN)
[11:43:26] t=9 jev BUILD NAPOWR HOLD (开局序列前置位保护: 等 NAREFN)
[11:43:28] t=11 jev BUILD NAPOWR HOLD (开局序列前置位保护: 等 NAREFN)
[11:43:29] t=13 jev BUILD NAPOWR HOLD (开局序列前置位保护: 等 NAREFN)
[11:43:31] t=15 jev BUILD NAPOWR HOLD (开局序列前置位保护: 等 NAREFN)
[11:43:32] t=17 jev BUILD NAPOWR HOLD (开局序列前置位保护: 等 NAREFN)
[11:43:34] t=19 jev BUILD NAPOWR HOLD (开局序列前置位保护: 等 NAREFN)
[11:43:35] t=21 jev BUILD NAPOWR HOLD (开局序列前置位保护: 等 NAREFN)
[11:43:37] t=23 jev BUILD NAPOWR HOLD (开局序列前置位保护: 等 NAREFN)
[11:43:38] t=25 jev BUILD NAPOWR HOLD (开局序列前置位保护: 等 NAREFN)
[11:43:40] t=27 jev BUILD NAPOWR HOLD (开局序列前置位保护: 等 NAREFN)
[11:43:41] t=29 jev BUILD NAPOWR HOLD (开局序列前置位保护: 等 NAREFN)
[11:43:43] t=31 jev BUILD NAPOWR HOLD (开局序列前置位保护: 等 NAREFN)
[11:43:44] t=33 jev BUILD NAPOWR HOLD (开局序列前置位保护: 等 NAREFN)
[11:43:46] t=35 jev BUILD NAPOWR HOLD (开局序列前置位保护: 等 NAREFN)
[11:43:48] t=37 jev BUILD NAPOWR HOLD (开局序列前置位保护: 等 NAREFN)
[11:43:49] t=39 jev BUILD NAPOWR HOLD (开局序列前置位保护: 等 NAREFN)
[11:43:50] t=41 OPENING REJECT NAREFN (40gs 无进展, 拉黑)
[11:43:50] t=41 OPENING FALLBACK -> legacy NAPOWR-first
[11:43:50] {"kind": "action", "what": "produce", "name": "NAPOWR", "qty": 1, "tid": null, "ts": "11:43:50"}
[11:43:50] t=41 OPENING BUILD NAPOWR
[11:43:57] t=49 tick#25 credits=9780 stance=develop | jev 25 decisions p50=818ms
[11:44:09] {"kind": "action", "what": "produce", "name": "NAREFN", "qty": 1, "tid": null, "ts": "11:44:09"}
[11:44:09] t=67 OPENING BUILD NAREFN
[11:44:34] t=98 tick#50 credits=8632 stance=develop | jev 50 decisions p50=822ms
[11:45:12] t=149 tick#75 credits=7423 stance=develop | jev 75 decisions p50=871ms
[11:45:18] {"kind": "action", "what": "produce", "name": "NAHAND", "qty": 1, "tid": null, "ts": "11:45:18"}
[11:45:18] t=159 OPENING BUILD NAHAND
[11:45:36] t=183 GARRISON E2 x2 (坦克真空期常驻驻军, have 0)
[11:45:36] t=183 DEFLINE NALASR (have 0)
[11:45:36] {"kind": "action", "what": "produce", "name": "E2", "qty": 2, "tid": null, "ts": "11:45:36"}
[11:45:36] {"kind": "action", "what": "produce", "name": "NALASR", "qty": 1, "tid": null, "ts": "11:45:36"}
[11:45:36] {"kind": "action", "what": "produce", "name": "NAWEAP", "qty": 1, "tid": null, "ts": "11:45:36"}
[11:45:36] t=183 OPENING BUILD NAWEAP
[11:45:39] t=187 ALARM enemy approaching -> counter 1 vs 1 -> [69, 120]
[11:45:39] {"kind": "action", "what": "attack_move", "name": null, "qty": null, "tid": null, "ts": "11:45:39"}
[11:45:42] t=191 GARRISON E2 x2 (坦克真空期常驻驻军, have 1)
[11:45:43] t=191 jev INF E2 (conf 0.42)
[11:45:44] t=193 GARRISON E2 x2 (坦克真空期常驻驻军, have 0)
[11:45:45] t=193 jev INF E2 (conf 0.47)
[11:45:47] t=195 jev INF E2 (conf 0.44)
[11:45:48] t=197 jev INF E2 (conf 0.52)
[11:45:50] t=199 jev INF E2 (conf 0.65)
[11:45:50] t=199 tick#100 credits=5892 stance=defend | jev 100 decisions p50=877ms
[11:45:51] t=201 jev INF E2 (conf 0.56)
[11:45:53] t=203 jev INF E2 (conf 0.57)
[11:45:54] t=205 jev INF E2 (conf 0.62)
[11:45:54] t=207 DEFLINE NALASR (have 1)
[11:45:56] t=207 jev INF E2 (conf 0.63)
[11:45:57] t=209 jev INF E2 (conf 0.59)
[11:45:59] t=211 jev INF E2 (conf 0.60)
[11:46:00] t=213 jev INF E2 (conf 0.48)
[11:46:01] t=215 jev INF E2 (conf 0.50)
[11:46:02] {"kind": "action", "what": "produce", "name": "E2", "qty": 1, "tid": null, "ts": "11:46:02"}
[11:46:05] t=221 GARRISON E2 x2 (坦克真空期常驻驻军, have 1)
[11:46:06] t=221 jev INF E2 (conf 0.36)
[11:46:06] t=221 MOVE hold_a x1 -> (74,123)
[11:46:06] {"kind": "action", "what": "attack_move", "name": null, "qty": null, "tid": null, "ts": "11:46:06"}
[11:46:08] t=223 jev INF E2 (conf 0.36)
[11:46:09] t=225 jev INF E2 (conf 0.35)
[11:46:11] t=227 jev INF E2 (conf 0.36)
[11:46:12] t=229 jev INF E2 (conf 0.34)
[11:46:14] t=231 jev INF E2 (conf 0.34)
[11:46:15] t=233 jev INF E2 (conf 0.34)
[11:46:17] t=235 jev INF E2 (conf 0.37)
[11:46:18] t=237 jev INF E2 (conf 0.34)
[11:46:20] t=239 jev INF E2 (conf 0.34)
[11:46:21] t=241 jev INF E2 (conf 0.35)
[11:46:23] t=243 jev INF E2 (conf 0.34)
[11:46:24] t=245 jev INF E2 (conf 0.35)
[11:46:26] t=247 jev INF E2 (conf 0.36)
[11:46:27] t=249 jev INF E2 (conf 0.35)
[11:46:27] {"kind": "action", "what": "produce", "name": "E2", "qty": 1, "tid": null, "ts": "11:46:27"}
[11:46:27] t=249 tick#125 credits=4538 stance=defend | jev 125 decisions p50=884ms
[11:46:30] t=255 GARRISON E2 x2 (坦克真空期常驻驻军, have 2)
[11:46:32] t=255 jev INF E2 (conf 0.42)
[11:46:32] t=255 MOVE hold_b x1 -> (62,119)
[11:46:32] {"kind": "action", "what": "attack_move", "name": null, "qty": null, "tid": null, "ts": "11:46:32"}
[11:46:33] t=257 jev INF E2 (conf 0.43)
[11:46:35] t=259 jev INF E2 (conf 0.42)
[11:46:36] t=261 jev INF E2 (conf 0.41)
[11:46:38] t=263 jev INF E2 (conf 0.41)
[11:46:39] t=265 jev INF E2 (conf 0.41)
[11:46:39] t=267 DEFLINE NALASR (have 1)
[11:46:39] {"kind": "action", "what": "produce", "name": "NALASR", "qty": 1, "tid": null, "ts": "11:46:39"}
[11:46:41] t=267 jev INF E2 (conf 0.41)
[11:46:42] t=269 jev INF E2 (conf 0.43)
[11:46:44] t=271 jev INF E2 (conf 0.40)
[11:46:44] t=273 ECON harv#2
[11:46:44] t=273 TANK HTNK x4
[11:46:44] {"kind": "action", "what": "produce", "name": "HARV", "qty": 1, "tid": null, "ts": "11:46:44"}
[11:46:44] {"kind": "action", "what": "produce", "name": "HTNK", "qty": 4, "tid": null, "ts": "11:46:44"}
[11:46:44] {"kind": "action", "what": "produce", "name": "NAHAND", "qty": 1, "tid": null, "ts": "11:46:44"}
[11:46:44] t=273 OPENING BUILD NAHAND
[11:46:45] t=273 jev INF E2 (conf 0.40)
[11:46:47] t=275 jev INF E2 (conf 0.40)
[11:46:49] t=277 jev INF E2 (conf 0.40)
[11:46:50] t=279 jev INF E2 (conf 0.40)
[11:46:52] t=281 jev INF E2 (conf 0.41)
[11:46:53] t=284 jev INF E2 (conf 0.40)
[11:46:53] {"kind": "action", "what": "produce", "name": "E2", "qty": 1, "tid": null, "ts": "11:46:53"}
[11:46:57] t=290 GARRISON E2 x2 (坦克真空期常驻驻军, have 3)
[11:46:57] t=290 INSURE AA building
[11:46:57] t=290 DEFLINE NALASR (have 2)
[11:46:57] {"kind": "action", "what": "produce", "name": "NAFLAK", "qty": 1, "tid": null, "ts": "11:46:57"}
[11:46:58] t=290 jev INF E2 (conf 0.44)
[11:47:00] t=292 jev INF E2 (conf 0.44)
[11:47:02] t=295 jev INF E2 (conf 0.44)
[11:47:03] t=297 jev INF E2 (conf 0.45)
[11:47:04] t=299 POWER plant (reserve 55)
[11:47:04] {"kind": "action", "what": "produce", "name": "NAPOWR", "qty": 1, "tid": null, "ts": "11:47:04"}
[11:47:05] t=299 jev INF E2 (conf 0.45)
[11:47:07] t=301 jev INF E2 (conf 0.41)
[11:47:07] t=301 MOVE hold_a x2 -> (74,123)
[11:47:07] {"kind": "action", "what": "attack_move", "name": null, "qty": null, "tid": null, "ts": "11:47:07"}
[11:47:07] t=301 tick#150 credits=3052 stance=defend | jev 150 decisions p50=900ms
[11:47:08] t=303 jev INF E2 (conf 0.41)
[11:47:10] t=306 jev INF E2 (conf 0.41)
[11:47:12] t=308 jev INF E2 (conf 0.40)
[11:47:13] t=310 jev INF E2 (conf 0.39)
[11:47:15] t=312 jev INF E2 (conf 0.41)
[11:47:16] t=314 jev INF E2 (conf 0.43)
[11:47:18] t=316 jev INF E2 (conf 0.47)
[11:47:18] t=319 ALARM enemy approaching -> counter 3 vs 1 -> [81, 114]
[11:47:18] {"kind": "action", "what": "attack_move", "name": null, "qty": null, "tid": null, "ts": "11:47:18"}
[11:47:20] t=319 jev INF E2 (conf 0.57)
[11:47:20] {"kind": "action", "what": "produce", "name": "E2", "qty": 1, "tid": null, "ts": "11:47:20"}
[11:47:22] t=323 RUSH-DEFENSE ON (敌4压门 vs 守3) 动员兵爆产
[11:47:27] t=323 jev BUILD NAREFN (conf 0.14)
[11:47:27] {"kind": "action", "what": "produce", "name": "NAREFN", "qty": 1, "tid": null, "ts": "11:47:27"}
[11:47:27] t=323 MOVE t=323 RUSH-DEFENSE tanks x0 -> 塔线协防; hold_a x2 -> (74,110); hold_b x1 -> (74,123)
[11:47:27] {"kind": "action", "what": "attack_move", "name": null, "qty": null, "tid": null, "ts": "11:47:27"}
[11:47:27] {"kind": "action", "what": "attack_move", "name": null, "qty": null, "tid": null, "ts": "11:47:27"}
[11:47:28] t=331 ALARM NAREFN under attack -> TURTLE (4 v 7, 守塔阵不打野战)
[11:47:28] {"kind": "action", "what": "attack_move", "name": null, "qty": null, "tid": null, "ts": "11:47:28"}
[11:47:28] t=331 RUSH-DEFENSE E2 x4 (敌7压门 守4)
[11:47:29] t=331 jev INF E2 (conf 0.77)
[11:47:29] t=334 RETREAT E2(33%)
[11:47:30] {"kind": "action", "what": "move", "name": null, "qty": null, "tid": null, "ts": "11:47:30"}
[11:47:31] t=334 jev INF E2 (conf 0.79)
[11:47:33] t=336 jev INF E2 (conf 0.74)
[11:47:33] t=338 RUSH-DEFENSE E2 x4 (敌10压门 守3)
[11:47:35] t=338 jev INF E2 (conf 0.80)
[11:47:35] t=341 RETREAT E2(29%)
[11:47:35] {"kind": "action", "what": "move", "name": null, "qty": null, "tid": null, "ts": "11:47:35"}
[11:47:36] t=341 jev INF E2 (conf 0.77)
[11:47:37] t=343 ALARM NAREFN under attack -> TURTLE (2 v 10, 守塔阵不打野战)
[11:47:37] {"kind": "action", "what": "attack_move", "name": null, "qty": null, "tid": null, "ts": "11:47:37"}
[11:47:37] t=343 RUSH-DEFENSE E2 x4 (敌10压门 守2)
[11:47:38] t=343 jev INF E2 (conf 0.80)
[11:47:40] t=345 jev INF E2 (conf 0.78)
[11:47:42] t=348 jev INF E2 (conf 0.79)
[11:47:43] t=350 jev INF E2 (conf 0.78)
[11:47:45] t=352 jev INF E2 (conf 0.78)
[11:47:45] {"kind": "action", "what": "produce", "name": "E2", "qty": 1, "tid": null, "ts": "11:47:45"}
[11:47:45] t=355 ALARM NAREFN under attack -> TURTLE (2 v 11, 守塔阵不打野战)
[11:47:45] {"kind": "action", "what": "attack_move", "name": null, "qty": null, "tid": null, "ts": "11:47:45"}
[11:47:54] t=364 tick#175 credits=0 stance=defend | jev 175 decisions p50=1014ms
[11:47:54] t=366 ALARM NAHAND under attack -> TURTLE (2 v 14, 守塔阵不打野战)
[11:47:54] {"kind": "action", "what": "attack_move", "name": null, "qty": null, "tid": null, "ts": "11:47:54"}
[11:48:02] t=375 MOVE t=375 RUSH-DEFENSE tanks x0 -> 塔线协防; hold_a x1 -> (68,109); hold_b x1 -> (77,118)
[11:48:02] {"kind": "action", "what": "attack_move", "name": null, "qty": null, "tid": null, "ts": "11:48:02"}
[11:48:02] {"kind": "action", "what": "attack_move", "name": null, "qty": null, "tid": null, "ts": "11:48:02"}
[11:48:02] t=377 ALARM NAHAND under attack -> TURTLE (2 v 19, 守塔阵不打野战)
[11:48:02] {"kind": "action", "what": "attack_move", "name": null, "qty": null, "tid": null, "ts": "11:48:02"}
[11:48:11] t=389 ALARM NAHAND under attack -> TURTLE (2 v 19, 守塔阵不打野战)
[11:48:11] {"kind": "action", "what": "attack_move", "name": null, "qty": null, "tid": null, "ts": "11:48:11"}
[11:48:19] t=400 ALARM NAHAND under attack -> TURTLE (2 v 19, 守塔阵不打野战)
[11:48:19] {"kind": "action", "what": "attack_move", "name": null, "qty": null, "tid": null, "ts": "11:48:19"}
[11:48:28] t=411 ALARM NAHAND under attack -> TURTLE (2 v 18, 守塔阵不打野战)
[11:48:28] {"kind": "action", "what": "attack_move", "name": null, "qty": null, "tid": null, "ts": "11:48:28"}
[11:48:36] t=420 MOVE t=420 RUSH-DEFENSE tanks x0 -> 塔线协防; hold_a x1 -> (74,110); hold_b x1 -> (74,123)
[11:48:36] {"kind": "action", "what": "attack_move", "name": null, "qty": null, "tid": null, "ts": "11:48:36"}
[11:48:36] {"kind": "action", "what": "attack_move", "name": null, "qty": null, "tid": null, "ts": "11:48:36"}
[11:48:36] t=420 tick#200 credits=0 stance=defend | jev 200 decisions p50=1183ms
[11:48:36] t=422 ALARM NACNST under attack -> TURTLE (2 v 18, 守塔阵不打野战)
[11:48:36] {"kind": "action", "what": "attack_move", "name": null, "qty": null, "tid": null, "ts": "11:48:36"}
[11:48:45] t=434 ALARM NACNST under attack -> TURTLE (2 v 18, 守塔阵不打野战)
[11:48:45] {"kind": "action", "what": "attack_move", "name": null, "qty": null, "tid": null, "ts": "11:48:45"}
[11:48:54] t=446 ALARM NACNST under attack -> TURTLE (2 v 18, 守塔阵不打野战)
[11:48:54] {"kind": "action", "what": "attack_move", "name": null, "qty": null, "tid": null, "ts": "11:48:54"}
[11:48:57] t=450 RETREAT E2(34%)
[11:48:57] {"kind": "action", "what": "move", "name": null, "qty": null, "tid": null, "ts": "11:48:57"}
[11:49:03] t=458 ALARM NACNST under attack -> TURTLE (1 v 17, 守塔阵不打野战)
[11:49:03] {"kind": "action", "what": "attack_move", "name": null, "qty": null, "tid": null, "ts": "11:49:03"}
[11:49:04] t=460 RUSH-DEFENSE OFF (威胁解除) 恢复原公式
[11:49:07] t=464 GARRISON E2 x2 (坦克真空期常驻驻军, have 5)
[11:49:08] {"kind": "action", "what": "produce", "name": "E2", "qty": 2, "tid": null, "ts": "11:49:08"}
[11:49:12] t=470 ALARM NAPOWR under attack -> TURTLE (3 v 17, 守塔阵不打野战)
[11:49:18] t=476 tick#225 credits=0 stance=defend | jev 225 decisions p50=1197ms
[11:49:34] t=500 OPENING REJECT NAREFN (40gs 无进展, 拉黑)
[11:49:42] t=510 ALARM NAPOWR under attack -> TURTLE (1 v 9, 守塔阵不打野战)
[11:49:57] t=529 tick#250 credits=0 stance=defend | jev 250 decisions p50=1204ms
[11:50:17] t=557 OPENING REJECT NAPOWR (40gs 无进展, 拉黑)
[11:50:29] t=573 GARRISON E2 x2 (坦克真空期常驻驻军, have 5)
[11:50:29] {"kind": "action", "what": "produce", "name": "E2", "qty": 2, "tid": null, "ts": "11:50:29"}
[11:50:34] t=579 ALARM unit lost -> counter 4 vs 1 -> [0, 0]
[11:50:34] {"kind": "action", "what": "attack_move", "name": null, "qty": null, "tid": null, "ts": "11:50:34"}
[11:50:35] t=579 tick#275 credits=633 stance=defend | jev 275 decisions p50=1206ms
[11:50:47] t=595 jev INF E2 (conf 0.27)
[11:50:48] t=597 jev INF E2 (conf 0.28)
[11:50:50] t=599 jev INF E2 (conf 0.35)
[11:50:51] t=601 jev INF E2 (conf 0.36)
[11:50:52] t=603 GARRISON E2 x2 (坦克真空期常驻驻军, have 5)
[11:50:53] t=603 jev INF E2 (conf 0.36)
[11:50:53] t=605 OPENING REJECT NAWEAP (40gs 无进展, 拉黑)
[11:50:54] t=605 jev INF E2 (conf 0.37)
[11:50:54] {"kind": "action", "what": "produce", "name": "E2", "qty": 1, "tid": null, "ts": "11:50:54"}
[11:51:04] t=619 GARRISON E2 x2 (坦克真空期常驻驻军, have 6)
[11:51:05] t=619 jev INF E2 (conf 0.38)
[11:51:05] t=621 ALARM unit lost -> TURTLE (3 v 3, 守塔阵不打野战)
[11:51:05] t=621 GARRISON E2 x2 (坦克真空期常驻驻军, have 5)
[11:51:06] t=621 jev INF E2 (conf 0.41)
[11:51:08] t=623 jev INF E2 (conf 0.35)
[11:51:09] t=625 jev INF E2 (conf 0.36)
[11:51:10] t=627 GARRISON E2 x2 (坦克真空期常驻驻军, have 4)
[11:51:11] t=627 jev INF E2 (conf 0.40)
[11:51:12] t=629 jev INF E2 (conf 0.39)
[11:51:12] t=629 tick#300 credits=358 stance=defend | jev 300 decisions p50=1198ms
[11:51:13] t=631 GARRISON E2 x2 (坦克真空期常驻驻军, have 3)
[11:51:14] t=631 jev INF E2 (conf 0.36)
[11:51:15] t=633 jev INF E2 (conf 0.35)
[11:51:17] t=635 jev INF E2 (conf 0.35)
[11:51:18] t=637 jev INF E2 (conf 0.35)
[11:51:20] t=639 jev INF E2 (conf 0.35)
[11:51:20] {"kind": "action", "what": "produce", "name": "E2", "qty": 1, "tid": null, "ts": "11:51:20"}
[11:51:22] t=643 ALARM unit lost -> counter 2 vs 2 -> [0, 0]
[11:51:22] {"kind": "action", "what": "attack_move", "name": null, "qty": null, "tid": null, "ts": "11:51:22"}
[11:51:30] t=653 jev INF E2 (conf 0.43)
[11:51:32] t=655 jev INF E2 (conf 0.45)
[11:51:32] t=657 ALARM NALASR under attack -> TURTLE (3 v 3, 守塔阵不打野战)
[11:51:33] t=657 jev INF E2 (conf 0.39)
[11:51:35] t=659 jev INF E2 (conf 0.40)
[11:51:35] t=661 GARRISON E2 x2 (坦克真空期常驻驻军, have 3)
[11:51:36] t=661 jev INF E2 (conf 0.41)
[11:51:38] t=663 jev INF E2 (conf 0.40)
[11:51:39] t=665 jev INF E2 (conf 0.41)
[11:51:41] t=667 jev INF E2 (conf 0.41)
[11:51:42] t=669 jev INF E2 (conf 0.42)
[11:51:44] t=671 jev INF E2 (conf 0.51)
[11:51:44] t=673 ALARM unit lost -> TURTLE (2 v 3, 守塔阵不打野战)
[11:51:44] t=673 GARRISON E2 x2 (坦克真空期常驻驻军, have 2)
[11:51:45] t=673 jev INF E2 (conf 0.45)
[11:51:45] {"kind": "action", "what": "produce", "name": "E2", "qty": 1, "tid": null, "ts": "11:51:45"}
[11:51:50] t=679 tick#325 credits=206 stance=defend | jev 325 decisions p50=1198ms
[11:51:55] t=687 GARRISON E2 x2 (坦克真空期常驻驻军, have 3)
[11:51:56] t=687 jev INF E2 (conf 0.45)
[11:51:57] t=689 jev INF E2 (conf 0.46)
[11:51:58] t=691 ALARM unit lost -> TURTLE (2 v 11, 守塔阵不打野战)
[11:51:58] t=691 GARRISON E2 x2 (坦克真空期常驻驻军, have 2)
[11:51:59] t=691 jev INF E2 (conf 0.54)
[11:52:00] t=693 jev INF E2 (conf 0.55)
[11:52:02] t=695 jev INF E2 (conf 0.51)
[11:52:03] t=697 jev INF E2 (conf 0.54)
[11:52:05] t=699 jev INF E2 (conf 0.53)
[11:52:05] t=701 GARRISON E2 x2 (坦克真空期常驻驻军, have 1)
[11:52:06] t=701 jev INF E2 (conf 0.53)
[11:52:08] t=703 jev INF E2 (conf 0.53)
[11:52:09] t=705 jev INF E2 (conf 0.52)
[11:52:10] t=707 GARRISON E2 x2 (坦克真空期常驻驻军, have 0)
[11:52:11] t=707 jev INF E2 (conf 0.57)
[11:52:11] {"kind": "action", "what": "produce", "name": "E2", "qty": 1, "tid": null, "ts": "11:52:11"}
[11:52:20] t=721 ALARM NAHAND under attack -> TURTLE (1 v 4, 守塔阵不打野战)
[11:52:21] t=721 jev INF E2 (conf 0.57)
[11:52:23] t=723 jev INF E2 (conf 0.57)
[11:52:24] t=725 jev INF E2 (conf 0.56)
[11:52:26] t=727 jev INF E2 (conf 0.55)
[11:52:27] t=729 jev INF E2 (conf 0.55)
[11:52:27] t=729 tick#350 credits=50 stance=defend | jev 350 decisions p50=1198ms
[11:52:29] t=731 jev INF E2 (conf 0.50)
[11:52:30] t=733 jev INF E2 (conf 0.50)
[11:52:32] t=735 jev INF E2 (conf 0.50)
[11:52:33] t=737 jev INF E2 (conf 0.52)
[11:52:35] t=739 jev INF E2 (conf 0.50)
[11:52:36] t=741 jev INF E2 (conf 0.50)
[11:52:36] {"kind": "action", "what": "produce", "name": "E2", "qty": 1, "tid": null, "ts": "11:52:36"}
[11:53:05] t=779 tick#375 credits=0 stance=defend | jev 375 decisions p50=1198ms
[11:53:42] t=829 tick#400 credits=0 stance=defend | jev 400 decisions p50=1197ms
[11:54:20] t=879 tick#425 credits=0 stance=defend | jev 425 decisions p50=1178ms
[11:54:57] t=929 tick#450 credits=0 stance=defend | jev 450 decisions p50=1148ms
[2026-10-06 11:55:22] {"kind": "report", "result": "defeat", "t": 963, "ticks": 467, "crisis_ticks": 175, "stance": "defend", "jev": {"decisions": 466, "errors": 0, "input_tokens": 1242653, "output_tokens": 0, "p50_ms": 1144, "p95_ms": 1490}, "enemy_base": null, "ts": "2026-10-06 11:55:22"}
[11:55:23] REVIEW game#74 defeat → game-0074-review.md | changes=0
{
  "result": "defeat",
  "t": 963,
  "ticks": 467,
  "crisis_ticks": 175,
  "stance": "defend",
  "jev": {
    "decisions": 466,
    "errors": 0,
    "input_tokens": 1242653,
    "output_tokens": 0,
    "p50_ms": 1144,
    "p95_ms": 1490
  },
  "enemy_base": null,
  "ts": "2026-10-06 11:55:22",
  "review": {
    "game_no": 74,
    "rootcause": "no_target",
    "auto_tuned": 0
  }
}
