[16:27:43] 进局中(全自动)...
[16:29:04] {"kind": "start", "policy": "ra2web-jev-player/1.0", "maxDecisions": 999999, "micro": {"events": [{"kind": "micro", "t": 1, "what": "start"}], "loopN": 1, "on": true, "outcome": null, "stall": false}, "ts": "16:29:04"}
[16:29:04] === ra2web-jev-player start (tick=1.5s, max_decisions=999999) ===
[16:29:04] t=1 DEPLOY mcv
[16:29:04] {"kind": "action", "what": "deploy", "ids": [1042], "ts": "16:29:04"}
[16:29:04] {"kind": "action", "what": "deploy", "name": null, "qty": null, "tid": null, "ts": "16:29:04"}
[16:29:07] t=3 jev BUILD NAPOWR HOLD (开局序列前置位保护: 等 NAREFN)
[16:29:07] t=3 jev STANCE defend->develop (conf 0.91)
[16:29:08] t=5 jev BUILD NAPOWR HOLD (开局序列前置位保护: 等 NAREFN)
[16:29:10] t=7 jev BUILD NAPOWR HOLD (开局序列前置位保护: 等 NAREFN)
[16:29:11] t=9 jev BUILD NAPOWR HOLD (开局序列前置位保护: 等 NAREFN)
[16:29:13] t=11 jev BUILD NAPOWR HOLD (开局序列前置位保护: 等 NAREFN)
[16:29:14] t=13 jev BUILD NAPOWR HOLD (开局序列前置位保护: 等 NAREFN)
[16:29:16] t=15 jev BUILD NAPOWR HOLD (开局序列前置位保护: 等 NAREFN)
[16:29:17] t=17 jev BUILD NAPOWR HOLD (开局序列前置位保护: 等 NAREFN)
[16:29:19] t=19 jev BUILD NAPOWR HOLD (开局序列前置位保护: 等 NAREFN)
[16:29:20] t=21 jev BUILD NAPOWR HOLD (开局序列前置位保护: 等 NAREFN)
[16:29:22] t=23 jev BUILD NAPOWR HOLD (开局序列前置位保护: 等 NAREFN)
[16:29:23] t=25 jev BUILD NAPOWR HOLD (开局序列前置位保护: 等 NAREFN)
[16:29:25] t=27 jev BUILD NAPOWR HOLD (开局序列前置位保护: 等 NAREFN)
[16:29:26] t=29 jev BUILD NAPOWR HOLD (开局序列前置位保护: 等 NAREFN)
[16:29:28] t=31 jev BUILD NAPOWR HOLD (开局序列前置位保护: 等 NAREFN)
[16:29:29] t=33 jev BUILD NAPOWR HOLD (开局序列前置位保护: 等 NAREFN)
[16:29:31] t=35 jev BUILD NAPOWR HOLD (开局序列前置位保护: 等 NAREFN)
[16:29:32] t=37 jev BUILD NAPOWR HOLD (开局序列前置位保护: 等 NAREFN)
[16:29:34] t=39 jev BUILD NAPOWR HOLD (开局序列前置位保护: 等 NAREFN)
[16:29:34] t=41 OPENING REJECT NAREFN (40gs 无进展, 拉黑)
[16:29:34] t=41 OPENING FALLBACK -> legacy NAPOWR-first
[16:29:34] {"kind": "action", "what": "produce", "name": "NAPOWR", "qty": 1, "tid": null, "ts": "16:29:34"}
[16:29:34] t=41 OPENING BUILD NAPOWR
[16:29:41] t=49 tick#25 credits=9778 stance=develop | jev 25 decisions p50=819ms
[16:29:54] {"kind": "action", "what": "produce", "name": "NAREFN", "qty": 1, "tid": null, "ts": "16:29:54"}
[16:29:54] t=67 OPENING BUILD NAREFN
[16:30:19] t=99 tick#50 credits=8629 stance=develop | jev 50 decisions p50=830ms
[16:30:56] t=149 tick#75 credits=7420 stance=develop | jev 75 decisions p50=862ms
[16:31:03] {"kind": "action", "what": "produce", "name": "NAHAND", "qty": 1, "tid": null, "ts": "16:31:03"}
[16:31:03] t=159 OPENING BUILD NAHAND
[16:31:21] t=183 GARRISON E2 x2 (坦克真空期常驻驻军, have 0)
[16:31:21] t=183 DEFLINE NALASR (have 0)
[16:31:21] {"kind": "action", "what": "produce", "name": "E2", "qty": 2, "tid": null, "ts": "16:31:21"}
[16:31:21] {"kind": "action", "what": "produce", "name": "NALASR", "qty": 1, "tid": null, "ts": "16:31:21"}
[16:31:21] {"kind": "action", "what": "produce", "name": "NAWEAP", "qty": 1, "tid": null, "ts": "16:31:21"}
[16:31:21] t=183 OPENING BUILD NAWEAP
[16:31:25] t=187 MOVE hold_a x1 -> (74,110)
[16:31:25] {"kind": "action", "what": "attack_move", "name": null, "qty": null, "tid": null, "ts": "16:31:25"}
[16:31:27] t=191 GARRISON E2 x2 (坦克真空期常驻驻军, have 2)
[16:31:28] t=191 MOVE hold_b x1 -> (74,123)
[16:31:28] {"kind": "action", "what": "attack_move", "name": null, "qty": null, "tid": null, "ts": "16:31:28"}
[16:31:29] t=193 ALARM enemy approaching -> counter 2 vs 1 -> [73, 110]
[16:31:29] {"kind": "action", "what": "attack_move", "name": null, "qty": null, "tid": null, "ts": "16:31:29"}
[16:31:30] t=193 jev INF E2 (conf 0.33)
[16:31:31] t=195 jev INF E2 (conf 0.36)
[16:31:33] t=197 jev INF E2 (conf 0.55)
[16:31:34] t=199 jev INF E2 (conf 0.61)
[16:31:34] t=199 tick#100 credits=5895 stance=defend | jev 100 decisions p50=877ms
[16:31:36] t=201 jev INF E2 (conf 0.60)
[16:31:36] t=203 GARRISON E2 x2 (坦克真空期常驻驻军, have 1)
[16:31:37] t=203 jev INF E2 (conf 0.64)
[16:31:38] t=205 ALARM enemy approaching -> counter 1 vs 1 -> [67, 119]
[16:31:38] {"kind": "action", "what": "attack_move", "name": null, "qty": null, "tid": null, "ts": "16:31:38"}
[16:31:39] t=205 jev INF E2 (conf 0.62)
[16:31:39] t=207 DEFLINE NALASR (have 1)
[16:31:40] t=207 jev INF E2 (conf 0.60)
[16:31:42] t=209 jev INF E2 (conf 0.70)
[16:31:43] t=211 jev INF E2 (conf 0.54)
[16:31:44] t=213 GARRISON E2 x2 (坦克真空期常驻驻军, have 0)
[16:31:45] t=213 jev INF E2 (conf 0.69)
[16:31:46] t=215 jev INF E2 (conf 0.69)
[16:31:46] {"kind": "action", "what": "produce", "name": "E2", "qty": 1, "tid": null, "ts": "16:31:46"}
[16:31:50] t=221 GARRISON E2 x2 (坦克真空期常驻驻军, have 1)
[16:31:51] t=221 jev INF E2 (conf 0.59)
[16:31:52] t=223 jev INF E2 (conf 0.59)
[16:31:54] t=225 jev INF E2 (conf 0.59)
[16:31:55] t=227 jev INF E2 (conf 0.59)
[16:31:57] t=229 jev INF E2 (conf 0.60)
[16:31:58] t=231 jev INF E2 (conf 0.59)
[16:32:00] t=233 jev INF E2 (conf 0.59)
[16:32:01] t=235 jev INF E2 (conf 0.58)
[16:32:03] t=237 jev INF E2 (conf 0.58)
[16:32:04] t=239 jev INF E2 (conf 0.59)
[16:32:06] t=241 jev INF E2 (conf 0.58)
[16:32:07] t=243 jev INF E2 (conf 0.58)
[16:32:09] t=245 jev INF E2 (conf 0.58)
[16:32:10] t=247 jev INF E2 (conf 0.58)
[16:32:12] t=249 jev INF E2 (conf 0.59)
[16:32:12] {"kind": "action", "what": "produce", "name": "E2", "qty": 1, "tid": null, "ts": "16:32:12"}
[16:32:12] t=249 tick#125 credits=4538 stance=defend | jev 125 decisions p50=893ms
[16:32:15] t=255 GARRISON E2 x2 (坦克真空期常驻驻军, have 2)
[16:32:16] t=255 jev INF E2 (conf 0.61)
[16:32:18] t=257 jev INF E2 (conf 0.61)
[16:32:19] t=259 jev INF E2 (conf 0.62)
[16:32:21] t=260 jev INF E2 (conf 0.61)
[16:32:22] t=262 jev INF E2 (conf 0.62)
[16:32:24] t=264 jev INF E2 (conf 0.61)
[16:32:24] t=267 DEFLINE NALASR (have 1)
[16:32:24] {"kind": "action", "what": "produce", "name": "NALASR", "qty": 1, "tid": null, "ts": "16:32:24"}
[16:32:25] t=267 jev INF E2 (conf 0.57)
[16:32:25] t=267 MOVE hold_a x1 -> (74,110)
[16:32:25] {"kind": "action", "what": "attack_move", "name": null, "qty": null, "tid": null, "ts": "16:32:25"}
[16:32:27] t=269 jev INF E2 (conf 0.60)
[16:32:28] t=271 jev INF E2 (conf 0.59)
[16:32:28] t=271 MOVE hold_b x1 -> (74,123)
[16:32:28] {"kind": "action", "what": "attack_move", "name": null, "qty": null, "tid": null, "ts": "16:32:28"}
[16:32:29] t=273 ECON harv#2
[16:32:29] t=273 TANK HTNK x3
[16:32:29] {"kind": "action", "what": "produce", "name": "HARV", "qty": 1, "tid": null, "ts": "16:32:29"}
[16:32:29] {"kind": "action", "what": "produce", "name": "HTNK", "qty": 3, "tid": null, "ts": "16:32:29"}
[16:32:29] {"kind": "action", "what": "produce", "name": "NAHAND", "qty": 1, "tid": null, "ts": "16:32:29"}
[16:32:29] t=273 OPENING BUILD NAHAND
[16:32:30] t=273 jev INF E2 (conf 0.60)
[16:32:32] t=275 jev INF E2 (conf 0.58)
[16:32:33] t=278 jev INF E2 (conf 0.58)
[16:32:35] t=280 jev INF E2 (conf 0.59)
[16:32:37] t=282 jev INF E2 (conf 0.59)
[16:32:38] t=284 jev INF E2 (conf 0.58)
[16:32:38] {"kind": "action", "what": "produce", "name": "E2", "qty": 1, "tid": null, "ts": "16:32:38"}
[16:32:42] t=291 GARRISON E2 x2 (坦克真空期常驻驻军, have 3)
[16:32:42] t=291 INSURE AA building
[16:32:42] t=291 DEFLINE NALASR (have 2)
[16:32:42] {"kind": "action", "what": "produce", "name": "NAFLAK", "qty": 1, "tid": null, "ts": "16:32:42"}
[16:32:44] t=291 jev INF E2 (conf 0.57)
[16:32:45] t=293 jev INF E2 (conf 0.56)
[16:32:47] t=295 jev INF E2 (conf 0.57)
[16:32:47] t=298 POWER plant (reserve 55)
[16:32:47] {"kind": "action", "what": "produce", "name": "NAPOWR", "qty": 1, "tid": null, "ts": "16:32:47"}
[16:32:49] t=298 jev INF E2 (conf 0.60)
[16:32:50] t=300 jev INF E2 (conf 0.55)
[16:32:52] t=302 jev INF E2 (conf 0.56)
[16:32:52] t=302 tick#150 credits=2959 stance=defend | jev 150 decisions p50=928ms
[16:32:54] t=304 jev INF E2 (conf 0.57)
[16:32:55] t=307 jev INF E2 (conf 0.55)
[16:32:57] t=309 jev INF E2 (conf 0.58)
[16:32:59] t=311 jev INF E2 (conf 0.55)
[16:33:00] t=313 jev INF E2 (conf 0.54)
[16:33:02] t=316 jev INF E2 (conf 0.57)
[16:33:04] t=318 jev INF E2 (conf 0.59)
[16:33:04] {"kind": "action", "what": "produce", "name": "E2", "qty": 1, "tid": null, "ts": "16:33:04"}
[16:33:07] t=322 jev BUILD NAREFN (conf 0.52)
[16:33:07] {"kind": "action", "what": "produce", "name": "NAREFN", "qty": 1, "tid": null, "ts": "16:33:07"}
[16:33:07] t=325 GARRISON E2 x2 (坦克真空期常驻驻军, have 4)
[16:33:09] t=325 jev INF E2 (conf 0.61)
[16:33:10] t=327 jev INF E2 (conf 0.61)
[16:33:12] t=329 jev INF E2 (conf 0.61)
[16:33:14] t=331 jev INF E2 (conf 0.59)
[16:33:15] t=333 jev INF E2 HOLD (预算保护 gate=False e2=4)
[16:33:17] t=336 jev INF E2 HOLD (预算保护 gate=False e2=4)
[16:33:19] t=338 jev INF E2 HOLD (预算保护 gate=False e2=4)
[16:33:19] tick ERR [WinError 2] 系统找不到指定的文件。
[16:33:23] tick ERR [WinError 2] 系统找不到指定的文件。
[16:33:26] tick ERR [WinError 2] 系统找不到指定的文件。
[16:33:30] tick ERR [WinError 2] 系统找不到指定的文件。
[16:33:33] tick ERR [WinError 2] 系统找不到指定的文件。
[16:33:37] tick ERR [WinError 2] 系统找不到指定的文件。
[16:33:40] tick ERR [WinError 2] 系统找不到指定的文件。
[16:33:44] tick ERR [WinError 2] 系统找不到指定的文件。
[16:33:47] tick ERR [WinError 2] 系统找不到指定的文件。
[16:33:51] tick ERR [WinError 2] 系统找不到指定的文件。
[16:33:55] t=388 RUSH-DEFENSE ON (敌4压门 vs 守0) 动员兵爆产
[16:33:55] t=388 RUSH-DEFENSE E2 x1 (敌4压门 守0, 资金地板续兵)
[16:33:55] t=388 DEFLINE NALASR (have 2)
[16:33:55] {"kind": "action", "what": "produce", "name": "E2", "qty": 1, "tid": null, "ts": "16:33:55"}
[16:33:55] {"kind": "action", "what": "produce", "name": "NALASR", "qty": 1, "tid": null, "ts": "16:33:55"}
[16:33:59] t=393 ALARM NAREFN under attack -> TURTLE (1 v 4, 守塔阵不打野战)
[16:33:59] {"kind": "action", "what": "attack_move", "name": null, "qty": null, "tid": null, "ts": "16:33:59"}
[16:33:59] t=393 RUSH-DEFENSE E2 x1 (敌4压门 守1, 资金地板续兵)
[16:34:00] t=393 jev INF E2 (conf 0.74)
[16:34:02] t=395 jev INF E2 (conf 0.80)
[16:34:04] t=398 jev INF E2 (conf 0.76)
[16:34:05] t=400 jev INF E2 (conf 0.75)
[16:34:07] t=402 jev INF E2 (conf 0.75)
[16:34:07] t=402 MOVE hold_a x1 -> (74,110)
[16:34:07] {"kind": "action", "what": "attack_move", "name": null, "qty": null, "tid": null, "ts": "16:34:07"}
[16:34:08] t=405 ALARM NAREFN under attack -> TURTLE (1 v 4, 守塔阵不打野战)
[16:34:08] {"kind": "action", "what": "attack_move", "name": null, "qty": null, "tid": null, "ts": "16:34:08"}
[16:34:09] t=405 jev INF E2 (conf 0.75)
[16:34:11] t=407 jev INF E2 (conf 0.75)
[16:34:13] t=410 jev INF E2 (conf 0.75)
[16:34:14] t=412 jev INF E2 (conf 0.75)
[16:34:16] t=414 jev INF E2 (conf 0.76)
[16:34:17] t=417 ALARM NAREFN under attack -> TURTLE (1 v 4, 守塔阵不打野战)
[16:34:17] {"kind": "action", "what": "attack_move", "name": null, "qty": null, "tid": null, "ts": "16:34:17"}
[16:34:18] t=417 jev INF E2 (conf 0.77)
[16:34:20] t=419 jev INF E2 (conf 0.77)
[16:34:20] t=419 DEBT-GATE E2 x1 (debt=0 eff=0 < 90)
[16:34:22] t=422 jev INF E2 (conf 0.75)
[16:34:22] t=422 DEBT-GATE E2 x1 (debt=0 eff=0 < 90)
[16:34:23] t=424 jev INF E2 (conf 0.75)
[16:34:23] t=424 DEBT-GATE E2 x1 (debt=0 eff=0 < 90)
[16:34:25] t=426 jev INF E2 (conf 0.75)
[16:34:25] t=426 DEBT-GATE E2 x1 (debt=0 eff=0 < 90)
[16:34:25] t=426 MOVE hold_a x1 -> (68,109); hold_b x1 -> (77,118)
[16:34:25] {"kind": "action", "what": "attack_move", "name": null, "qty": null, "tid": null, "ts": "16:34:25"}
[16:34:25] {"kind": "action", "what": "attack_move", "name": null, "qty": null, "tid": null, "ts": "16:34:25"}
[16:34:25] t=429 ALARM NAHAND under attack -> TURTLE (1 v 4, 守塔阵不打野战)
[16:34:25] {"kind": "action", "what": "attack_move", "name": null, "qty": null, "tid": null, "ts": "16:34:25"}
[16:34:25] t=429 RETREAT E2(19%)
[16:34:25] {"kind": "action", "what": "move", "name": null, "qty": null, "tid": null, "ts": "16:34:25"}
[16:34:27] t=429 jev INF E2 (conf 0.79)
[16:34:27] t=429 DEBT-GATE E2 x1 (debt=0 eff=0 < 90)
[16:34:29] t=431 jev INF E2 (conf 0.77)
[16:34:29] t=431 DEBT-GATE E2 x1 (debt=0 eff=0 < 90)
[16:34:30] t=433 jev INF E2 (conf 0.79)
[16:34:30] t=433 DEBT-GATE E2 x1 (debt=0 eff=0 < 90)
[16:34:32] t=435 jev INF E2 (conf 0.79)
[16:34:32] t=435 DEBT-GATE E2 x1 (debt=0 eff=0 < 90)
[16:34:34] t=438 jev INF E2 (conf 0.78)
[16:34:34] t=438 DEBT-GATE E2 x1 (debt=0 eff=0 < 90)
[16:34:34] t=440 ALARM NAHAND under attack -> counter 1 vs 2 -> [72, 115]
[16:34:34] {"kind": "action", "what": "attack_move", "name": null, "qty": null, "tid": null, "ts": "16:34:34"}
[16:34:35] t=440 jev INF E2 (conf 0.76)
[16:34:35] t=440 DEBT-GATE E2 x1 (debt=0 eff=0 < 90)
[16:34:37] t=442 jev INF E2 (conf 0.73)
[16:34:37] t=442 DEBT-GATE E2 x1 (debt=0 eff=0 < 90)
[16:34:37] t=442 tick#200 credits=0 stance=defend | jev 190 decisions p50=1129ms
[16:34:39] t=444 jev INF E2 (conf 0.71)
[16:34:39] t=444 DEBT-GATE E2 x1 (debt=0 eff=0 < 90)
[16:34:40] t=447 jev INF E2 (conf 0.72)
[16:34:40] t=447 DEBT-GATE E2 x1 (debt=0 eff=0 < 90)
[16:34:42] t=449 jev INF E2 (conf 0.73)
[16:34:42] t=449 DEBT-GATE E2 x1 (debt=0 eff=0 < 90)
[16:34:42] t=451 ALARM NAHAND under attack -> counter 1 vs 2 -> [72, 115]
[16:34:42] {"kind": "action", "what": "attack_move", "name": null, "qty": null, "tid": null, "ts": "16:34:42"}
[16:34:44] t=451 jev INF E2 (conf 0.74)
[16:34:44] t=451 DEBT-GATE E2 x1 (debt=0 eff=0 < 90)
[16:34:45] t=453 jev INF E2 (conf 0.73)
[16:34:45] t=453 DEBT-GATE E2 x1 (debt=0 eff=0 < 90)
[16:34:47] t=456 jev INF E2 (conf 0.69)
[16:34:47] t=456 DEBT-GATE E2 x1 (debt=0 eff=0 < 90)
[16:34:49] t=458 jev INF E2 (conf 0.72)
[16:34:49] t=458 DEBT-GATE E2 x1 (debt=0 eff=0 < 90)
[16:34:50] t=460 jev INF E2 (conf 0.66)
[16:34:50] t=460 DEBT-GATE E2 x1 (debt=0 eff=0 < 90)
[16:34:50] t=460 MOVE hold_a x1 -> (74,110); hold_b x1 -> (74,123)
[16:34:50] {"kind": "action", "what": "attack_move", "name": null, "qty": null, "tid": null, "ts": "16:34:50"}
[16:34:50] {"kind": "action", "what": "attack_move", "name": null, "qty": null, "tid": null, "ts": "16:34:50"}
[16:34:51] t=462 ALARM enemy approaching -> counter 2 vs 2 -> [75, 111]
[16:34:51] {"kind": "action", "what": "attack_move", "name": null, "qty": null, "tid": null, "ts": "16:34:51"}
[16:34:52] t=462 jev INF E2 (conf 0.65)
[16:34:52] t=462 DEBT-GATE E2 x1 (debt=0 eff=0 < 90)
[16:34:52] t=465 RETREAT E2(38%)
[16:34:52] {"kind": "action", "what": "move", "name": null, "qty": null, "tid": null, "ts": "16:34:52"}
[16:34:54] t=465 jev INF E2 (conf 0.64)
[16:34:54] t=465 DEBT-GATE E2 x1 (debt=0 eff=0 < 90)
[16:34:54] t=467 RETREAT E2(29%)
[16:34:54] {"kind": "action", "what": "move", "name": null, "qty": null, "tid": null, "ts": "16:34:54"}
[16:34:56] t=467 jev INF E2 (conf 0.67)
[16:34:56] t=467 DEBT-GATE E2 x1 (debt=0 eff=0 < 90)
[16:34:57] t=469 jev INF E2 (conf 0.71)
[16:34:57] t=469 DEBT-GATE E2 x1 (debt=0 eff=0 < 90)
[16:34:59] t=471 jev INF E2 (conf 0.71)
[16:34:59] t=471 DEBT-GATE E2 x1 (debt=0 eff=0 < 90)
[16:34:59] t=471 MOVE hold_a x1 -> (67,109); hold_b x1 -> (77,117)
[16:34:59] {"kind": "action", "what": "attack_move", "name": null, "qty": null, "tid": null, "ts": "16:34:59"}
[16:34:59] {"kind": "action", "what": "attack_move", "name": null, "qty": null, "tid": null, "ts": "16:34:59"}
[16:35:01] t=474 jev INF E2 (conf 0.74)
[16:35:01] t=474 DEBT-GATE E2 x1 (debt=0 eff=0 < 90)
[16:35:02] t=476 jev INF E2 (conf 0.76)
[16:35:02] t=476 DEBT-GATE E2 x1 (debt=0 eff=0 < 90)
[16:35:04] t=478 jev INF E2 (conf 0.65)
[16:35:04] t=478 DEBT-GATE E2 x1 (debt=0 eff=0 < 90)
[16:35:06] t=480 jev INF E2 (conf 0.62)
[16:35:06] t=480 DEBT-GATE E2 x1 (debt=0 eff=0 < 90)
[16:35:07] t=483 jev INF E2 (conf 0.65)
[16:35:07] t=483 DEBT-GATE E2 x1 (debt=0 eff=0 < 90)
[16:35:09] t=485 jev INF E2 (conf 0.72)
[16:35:09] t=485 DEBT-GATE E2 x1 (debt=0 eff=0 < 90)
[16:35:11] t=487 jev INF E2 (conf 0.68)
[16:35:11] t=487 DEBT-GATE E2 x1 (debt=0 eff=0 < 90)
[16:35:12] t=489 jev INF E2 (conf 0.70)
[16:35:12] t=489 DEBT-GATE E2 x1 (debt=0 eff=0 < 90)
[16:35:14] t=491 jev INF E2 (conf 0.70)
[16:35:14] t=491 DEBT-GATE E2 x1 (debt=0 eff=0 < 90)
[16:35:16] t=494 jev INF E2 (conf 0.70)
[16:35:16] t=494 DEBT-GATE E2 x1 (debt=0 eff=0 < 90)
[16:35:17] t=496 jev INF E2 (conf 0.70)
[16:35:17] t=496 DEBT-GATE E2 x1 (debt=0 eff=0 < 90)
[16:35:19] t=498 jev INF E2 (conf 0.68)
[16:35:19] t=498 DEBT-GATE E2 x1 (debt=0 eff=0 < 90)
[16:35:19] t=498 tick#225 credits=0 stance=defend | jev 215 decisions p50=1204ms
[16:35:21] t=500 jev INF E2 (conf 0.72)
[16:35:21] t=500 DEBT-GATE E2 x1 (debt=0 eff=0 < 90)
[16:35:22] t=503 jev INF E2 (conf 0.73)
[16:35:22] t=503 DEBT-GATE E2 x1 (debt=0 eff=0 < 90)
[16:35:24] t=505 jev INF E2 (conf 0.73)
[16:35:24] t=505 DEBT-GATE E2 x1 (debt=0 eff=0 < 90)
[16:35:26] t=507 jev INF E2 (conf 0.73)
[16:35:26] t=507 DEBT-GATE E2 x1 (debt=0 eff=0 < 90)
[16:35:27] t=509 jev INF E2 (conf 0.67)
[16:35:27] t=509 DEBT-GATE E2 x1 (debt=0 eff=0 < 90)
[16:35:29] t=512 jev INF E2 (conf 0.70)
[16:35:29] t=512 DEBT-GATE E2 x1 (debt=0 eff=0 < 90)
[16:35:31] t=514 jev INF E2 (conf 0.66)
[16:35:31] t=514 DEBT-GATE E2 x1 (debt=0 eff=0 < 90)
[16:35:32] t=516 jev INF E2 (conf 0.66)
[16:35:32] t=516 DEBT-GATE E2 x1 (debt=0 eff=0 < 90)
[16:35:34] t=518 jev INF E2 (conf 0.67)
[16:35:34] t=518 DEBT-GATE E2 x1 (debt=0 eff=0 < 90)
[16:35:36] t=520 jev INF E2 (conf 0.66)
[16:35:36] t=520 DEBT-GATE E2 x1 (debt=0 eff=0 < 90)
[16:35:37] t=523 jev INF E2 (conf 0.65)
[16:35:37] t=523 DEBT-GATE E2 x1 (debt=0 eff=0 < 90)
[16:35:39] t=525 jev INF E2 (conf 0.67)
[16:35:39] t=525 DEBT-GATE E2 x1 (debt=0 eff=0 < 90)
[16:35:41] t=527 jev INF E2 (conf 0.67)
[16:35:41] t=527 DEBT-GATE E2 x1 (debt=0 eff=0 < 90)
[16:35:42] t=529 jev INF E2 (conf 0.69)
[16:35:42] t=529 DEBT-GATE E2 x1 (debt=0 eff=0 < 90)
[16:35:44] t=532 jev INF E2 (conf 0.67)
[16:35:44] t=532 DEBT-GATE E2 x1 (debt=0 eff=0 < 90)
[16:35:46] t=534 jev INF E2 (conf 0.65)
[16:35:46] t=534 DEBT-GATE E2 x1 (debt=0 eff=0 < 90)
[16:35:48] t=536 jev INF E2 (conf 0.64)
[16:35:48] t=536 DEBT-GATE E2 x1 (debt=0 eff=0 < 90)
[16:35:48] t=538 ALARM NACNST under attack -> counter 1 vs 2 -> [70, 117]
[16:35:48] {"kind": "action", "what": "attack_move", "name": null, "qty": null, "tid": null, "ts": "16:35:48"}
[16:35:49] t=538 jev INF E2 (conf 0.68)
[16:35:49] t=538 DEBT-GATE E2 x1 (debt=0 eff=0 < 90)
[16:35:51] t=541 jev INF E2 (conf 0.74)
[16:35:51] t=541 DEBT-GATE E2 x1 (debt=0 eff=0 < 90)
[16:35:53] t=543 jev INF E2 (conf 0.76)
[16:35:53] t=543 DEBT-GATE E2 x1 (debt=0 eff=0 < 90)
[16:35:54] t=545 jev INF E2 (conf 0.72)
[16:35:54] t=545 DEBT-GATE E2 x1 (debt=0 eff=0 < 90)
[16:35:56] t=547 jev INF E2 (conf 0.71)
[16:35:56] t=547 DEBT-GATE E2 x1 (debt=0 eff=0 < 90)
[16:35:57] t=550 jev INF E2 (conf 0.74)
[16:35:57] t=550 DEBT-GATE E2 x1 (debt=0 eff=0 < 90)
[16:35:59] t=552 jev INF E2 (conf 0.73)
[16:35:59] t=552 DEBT-GATE E2 x1 (debt=0 eff=0 < 90)
[16:36:01] t=554 jev INF E2 (conf 0.72)
[16:36:01] t=554 DEBT-GATE E2 x1 (debt=0 eff=0 < 90)
[16:36:01] t=554 tick#250 credits=0 stance=defend | jev 240 decisions p50=1226ms
[16:36:02] t=556 jev INF E2 (conf 0.72)
[16:36:02] t=556 DEBT-GATE E2 x1 (debt=0 eff=0 < 90)
[16:36:04] t=558 jev INF E2 (conf 0.73)
[16:36:04] t=558 DEBT-GATE E2 x1 (debt=0 eff=0 < 90)
[16:36:06] t=560 jev INF E2 (conf 0.65)
[16:36:06] t=560 DEBT-GATE E2 x1 (debt=0 eff=0 < 90)
[16:36:07] t=563 jev INF E2 (conf 0.65)
[16:36:07] t=563 DEBT-GATE E2 x1 (debt=0 eff=0 < 90)
[16:36:09] t=565 jev INF E2 (conf 0.65)
[16:36:09] t=565 DEBT-GATE E2 x1 (debt=0 eff=0 < 90)
[16:36:11] t=567 jev INF E2 (conf 0.64)
[16:36:11] t=567 DEBT-GATE E2 x1 (debt=0 eff=0 < 90)
[16:36:12] t=569 jev INF E2 (conf 0.57)
[16:36:12] t=569 DEBT-GATE E2 x1 (debt=0 eff=0 < 90)
[16:36:14] t=572 jev INF E2 (conf 0.65)
[16:36:14] t=572 DEBT-GATE E2 x1 (debt=0 eff=0 < 90)
[16:36:16] t=574 jev INF E2 (conf 0.61)
[16:36:16] t=574 DEBT-GATE E2 x1 (debt=0 eff=0 < 90)
[16:36:17] t=576 jev INF E2 (conf 0.57)
[16:36:17] t=576 DEBT-GATE E2 x1 (debt=0 eff=0 < 90)
[16:36:19] t=578 jev INF E2 (conf 0.60)
[16:36:19] t=578 DEBT-GATE E2 x1 (debt=0 eff=0 < 90)
[16:36:21] t=581 jev INF E2 (conf 0.54)
[16:36:21] t=581 DEBT-GATE E2 x1 (debt=0 eff=0 < 90)
[16:36:23] t=583 jev INF E2 (conf 0.53)
[16:36:23] t=583 DEBT-GATE E2 x1 (debt=0 eff=0 < 90)
[16:36:24] t=585 jev INF E2 (conf 0.28)
[16:36:24] t=585 DEBT-GATE E2 x1 (debt=0 eff=0 < 90)
[16:36:26] t=588 jev INF E2 (conf 0.36)
[16:36:26] t=588 DEBT-GATE E2 x1 (debt=0 eff=0 < 90)
[16:36:28] t=590 jev INF E2 (conf 0.33)
[16:36:28] t=590 DEBT-GATE E2 x1 (debt=0 eff=0 < 90)
[16:36:30] t=592 jev INF E2 (conf 0.35)
[16:36:30] t=592 DEBT-GATE E2 x1 (debt=0 eff=0 < 90)
[16:36:30] t=595 RUSH-DEFENSE OFF (威胁解除) 恢复原公式
[16:36:30] t=595 GARRISON E2 x2 (坦克真空期常驻驻军, have 4)
[16:36:30] {"kind": "action", "what": "produce", "name": "E2", "qty": 2, "tid": null, "ts": "16:36:30"}
[16:36:32] t=597 ALARM NAWEAP under attack -> TURTLE (5 v 7, 守塔阵不打野战)
[16:36:37] t=602 jev INF E2 HOLD (预算保护 gate=False e2=3)
[16:36:39] t=604 jev INF E2 HOLD (预算保护 gate=False e2=3)
[16:36:40] t=606 jev INF E2 HOLD (预算保护 gate=False e2=3)
[16:36:40] t=606 MOVE assault x1 -> 攻击目标#1060@(74,116); t=606 FOCUS-FIRE x1 -> #1060@(74,116)(敌步兵优先)
[16:36:40] {"kind": "action", "what": "attack_obj", "name": null, "qty": null, "tid": 1060, "ts": "16:36:40"}
[16:36:40] t=609 ALARM NALASR under attack -> TURTLE (4 v 7, 守塔阵不打野战)
[16:36:42] t=609 jev INF E2 HOLD (预算保护 gate=False e2=3)
[16:36:43] t=611 jev INF E2 HOLD (预算保护 gate=False e2=3)
[16:36:43] t=611 tick#275 credits=552 stance=defend | jev 265 decisions p50=1249ms
[16:36:45] t=613 jev INF E2 HOLD (预算保护 gate=False e2=3)
[16:36:46] t=615 jev INF E2 HOLD (预算保护 gate=False e2=3)
[16:36:48] t=617 jev INF E2 HOLD (预算保护 gate=False e2=3)
[16:36:50] t=619 jev INF E2 HOLD (预算保护 gate=False e2=2)
[16:36:50] t=621 ALARM unit lost -> TURTLE (1 v 3, 守塔阵不打野战)
[16:36:58] t=632 OPENING REJECT NAREFN (40gs 无进展, 拉黑)
[16:36:59] t=632 MOVE assault x1 -> 攻击目标#1512@(72,116); t=632 FOCUS-FIRE x1 -> #1512@(72,116)
[16:36:59] {"kind": "action", "what": "attack_obj", "name": null, "qty": null, "tid": 1512, "ts": "16:36:59"}
[16:36:59] t=634 ALARM NALASR under attack -> counter 1 vs 1 -> [68, 117]
[16:36:59] {"kind": "action", "what": "attack_move", "name": null, "qty": null, "tid": null, "ts": "16:36:59"}
[16:37:11] t=648 jev INF E2 HOLD (预算保护 gate=False e2=1)
[16:37:11] t=648 MOVE assault x1 -> 攻击目标#1075@(83,113); t=648 FOCUS-FIRE x1 -> #1075@(83,113)(敌步兵优先)
[16:37:11] {"kind": "action", "what": "attack_obj", "name": null, "qty": null, "tid": 1075, "ts": "16:37:11"}
[16:37:13] t=650 jev INF E2 HOLD (预算保护 gate=False e2=1)
[16:37:13] t=650 MOVE assault x1 -> 攻击目标#1075@(82,114)
[16:37:13] {"kind": "action", "what": "attack_obj", "name": null, "qty": null, "tid": 1075, "ts": "16:37:13"}
[16:37:14] t=652 jev INF E2 HOLD (预算保护 gate=False e2=1)
[16:37:14] t=652 MOVE assault x1 -> 攻击目标#1075@(81,115)
[16:37:15] {"kind": "action", "what": "attack_obj", "name": null, "qty": null, "tid": 1075, "ts": "16:37:15"}
[16:37:16] t=654 jev INF E2 HOLD (预算保护 gate=False e2=1)
[16:37:18] t=656 jev INF E2 HOLD (预算保护 gate=False e2=1)
[16:37:19] t=659 jev INF E2 HOLD (预算保护 gate=False e2=1)
[16:37:19] t=659 MOVE assault x1 -> 攻击目标#1076@(81,116); t=659 FOCUS-FIRE x1 -> #1076@(81,116)(敌步兵优先)
[16:37:19] {"kind": "action", "what": "attack_obj", "name": null, "qty": null, "tid": 1076, "ts": "16:37:19"}
[16:37:21] t=661 jev INF E2 HOLD (预算保护 gate=False e2=1)
[16:37:22] t=663 jev INF E2 HOLD (预算保护 gate=False e2=1)
[16:37:22] t=663 tick#300 credits=0 stance=defend | jev 290 decisions p50=1290ms
[16:37:23] t=665 ALARM unit lost -> TURTLE (1 v 4, 守塔阵不打野战)
[16:37:24] t=665 jev INF E2 HOLD (预算保护 gate=False e2=0)
[16:37:25] t=667 jev INF E2 HOLD (预算保护 gate=False e2=0)
[16:37:27] t=669 jev INF E2 HOLD (预算保护 gate=False e2=0)
[16:37:31] t=675 MOVE assault x1 -> 攻击目标#1076@(81,116); t=675 FOCUS-FIRE x1 -> #1076@(81,116)(敌步兵优先)
[16:37:31] {"kind": "action", "what": "attack_obj", "name": null, "qty": null, "tid": 1076, "ts": "16:37:31"}
[16:37:34] t=679 MOVE assault x1 -> 攻击目标#1073@(79,113); t=679 FOCUS-FIRE x1 -> #1073@(79,113)(敌步兵优先)
[16:37:34] {"kind": "action", "what": "attack_obj", "name": null, "qty": null, "tid": 1073, "ts": "16:37:34"}
[16:37:45] t=693 MOVE assault x1 -> 攻击目标#1078@(80,113); t=693 FOCUS-FIRE x1 -> #1078@(80,113)(敌步兵优先)
[16:37:45] {"kind": "action", "what": "attack_obj", "name": null, "qty": null, "tid": 1078, "ts": "16:37:45"}
[16:37:47] t=697 ALARM unit lost -> counter 1 vs 1 -> [0, 0]
[16:37:47] {"kind": "action", "what": "attack_move", "name": null, "qty": null, "tid": null, "ts": "16:37:47"}
[16:37:57] t=709 MOVE assault x1 -> 攻击目标#1078@(80,113)
[16:37:57] {"kind": "action", "what": "attack_obj", "name": null, "qty": null, "tid": 1078, "ts": "16:37:57"}
[16:38:00] t=713 tick#325 credits=0 stance=defend | jev 315 decisions p50=1286ms
[16:38:09] t=725 MOVE assault x1 -> 攻击目标#1078@(80,113)
[16:38:09] {"kind": "action", "what": "attack_obj", "name": null, "qty": null, "tid": 1078, "ts": "16:38:09"}
[16:38:38] t=763 tick#350 credits=0 stance=defend | jev 340 decisions p50=1286ms
[16:39:14] t=811 MOVE assault x1 -> 攻击目标#2050@(81,114); t=811 FOCUS-FIRE x1 -> #2050@(81,114)
[16:39:14] {"kind": "action", "what": "attack_obj", "name": null, "qty": null, "tid": 2050, "ts": "16:39:14"}
[16:39:15] t=813 tick#375 credits=0 stance=defend | jev 365 decisions p50=1286ms
[16:39:21] t=822 MOVE assault x1 -> 攻击目标#1692@(81,115); t=822 FOCUS-FIRE x1 -> #1692@(81,115)(敌步兵优先)
[16:39:22] {"kind": "action", "what": "attack_obj", "name": null, "qty": null, "tid": 1692, "ts": "16:39:22"}
[16:39:39] t=845 jev INF E2 (conf 0.29)
[16:39:39] t=845 DEBT-GATE E2 x1 (debt=0 eff=12 < 90)
[16:39:39] t=847 ALARM unit lost -> TURTLE (3 v 7, 守塔阵不打野战)
[16:39:41] t=847 jev INF E2 (conf 0.31)
[16:39:41] t=847 DEBT-GATE E2 x1 (debt=0 eff=12 < 90)
[16:39:42] t=849 jev INF E2 (conf 0.32)
[16:39:42] t=849 DEBT-GATE E2 x1 (debt=0 eff=12 < 90)
[16:39:44] t=851 jev INF E2 (conf 0.31)
[16:39:44] t=851 DEBT-GATE E2 x1 (debt=0 eff=12 < 90)
[16:39:45] t=853 jev INF E2 (conf 0.33)
[16:39:45] t=853 DEBT-GATE E2 x1 (debt=0 eff=12 < 90)
[16:39:47] t=855 jev INF E2 (conf 0.28)
[16:39:47] t=855 DEBT-GATE E2 x1 (debt=0 eff=12 < 90)
[16:39:48] t=857 jev INF E2 (conf 0.29)
[16:39:48] t=857 DEBT-GATE E2 x1 (debt=0 eff=12 < 90)
[16:39:50] t=859 jev INF E2 (conf 0.29)
[16:39:50] t=859 DEBT-GATE E2 x1 (debt=0 eff=12 < 90)
[16:39:51] t=861 jev INF E2 (conf 0.29)
[16:39:51] t=861 DEBT-GATE E2 x1 (debt=0 eff=12 < 90)
[16:39:53] t=863 jev INF E2 (conf 0.25)
[16:39:53] t=863 DEBT-GATE E2 x1 (debt=0 eff=12 < 90)
[16:39:54] t=865 tick#400 credits=12 stance=defend | jev 390 decisions p50=1312ms
[16:39:57] t=869 jev INF E2 (conf 0.22)
[16:39:57] t=869 DEBT-GATE E2 x1 (debt=0 eff=12 < 90)
[16:39:58] t=871 jev INF E2 (conf 0.23)
[16:39:58] t=871 DEBT-GATE E2 x1 (debt=0 eff=12 < 90)
[16:40:00] t=873 jev INF E2 (conf 0.23)
[16:40:00] t=873 DEBT-GATE E2 x1 (debt=0 eff=12 < 90)
[16:40:02] t=875 jev INF E2 (conf 0.25)
[16:40:02] t=875 DEBT-GATE E2 x1 (debt=0 eff=12 < 90)
[16:40:03] t=877 jev INF E2 (conf 0.33)
[16:40:03] t=877 DEBT-GATE E2 x1 (debt=0 eff=12 < 90)
[16:40:05] t=879 jev INF E2 (conf 0.29)
[16:40:05] t=879 DEBT-GATE E2 x1 (debt=0 eff=12 < 90)
[16:40:06] t=881 jev INF E2 (conf 0.32)
[16:40:06] t=881 DEBT-GATE E2 x1 (debt=0 eff=12 < 90)
[16:40:08] t=883 jev INF E2 (conf 0.35)
[16:40:08] t=883 DEBT-GATE E2 x1 (debt=0 eff=12 < 90)
[16:40:08] t=885 OPENING REJECT NAWEAP (40gs 无进展, 拉黑)
[16:40:09] t=885 jev INF E2 (conf 0.32)
[16:40:09] t=885 DEBT-GATE E2 x1 (debt=0 eff=12 < 90)
[16:40:31] t=915 tick#425 credits=12 stance=defend | jev 415 decisions p50=1312ms
[16:40:33] t=919 ALARM NAFLAK under attack -> TURTLE (1 v 4, 守塔阵不打野战)
[16:40:39] t=927 OPENING REJECT NAHAND (40gs 无进展, 拉黑)
[16:40:42] t=929 jev STANCE defend->recover (conf 0.53)
[16:40:42] t=929 THREAT 0.64 -> force defend
[16:40:43] t=931 jev STANCE defend->recover (conf 0.59)
[16:40:43] t=931 THREAT 0.69 -> force defend
[16:40:45] t=933 jev STANCE defend->recover (conf 0.51)
[16:40:45] t=933 THREAT 0.65 -> force defend
[16:40:46] t=935 jev STANCE defend->recover (conf 0.55)
[16:40:46] t=935 THREAT 0.65 -> force defend
[16:40:48] t=937 jev STANCE defend->recover (conf 0.53)
[16:40:48] t=937 THREAT 0.65 -> force defend
[16:40:49] t=939 jev STANCE defend->recover (conf 0.48)
[16:40:49] t=939 THREAT 0.74 -> force defend
[16:40:52] t=943 jev STANCE defend->recover (conf 0.47)
[16:40:52] t=943 THREAT 0.76 -> force defend
[2026-10-06 16:41:02] {"kind": "report", "result": "defeat", "t": 957, "ticks": 446, "crisis_ticks": 166, "stance": "defend", "jev": {"decisions": 435, "errors": 0, "input_tokens": 1200413, "output_tokens": 0, "p50_ms": 1312, "p95_ms": 1531}, "enemy_base": null, "ts": "2026-10-06 16:41:02"}
[16:41:03] REVIEW game#79 defeat → game-0079-review.md | changes=0
{
  "result": "defeat",
  "t": 957,
  "ticks": 446,
  "crisis_ticks": 166,
  "stance": "defend",
  "jev": {
    "decisions": 435,
    "errors": 0,
    "input_tokens": 1200413,
    "output_tokens": 0,
    "p50_ms": 1312,
    "p95_ms": 1531
  },
  "enemy_base": null,
  "ts": "2026-10-06 16:41:02",
  "review": {
    "game_no": 79,
    "rootcause": "no_target",
    "auto_tuned": 0
  }
}
