[17:02:50] 进局中(全自动)...
[17:04:18] {"kind": "start", "policy": "ra2web-jev-player/1.0", "maxDecisions": 1200, "micro": {"events": [{"kind": "micro", "t": 0, "what": "start"}], "loopN": 1, "on": true, "outcome": null, "stall": false}, "ts": "17:04:18"}
[17:04:18] === ra2web-jev-player start (tick=1.5s, max_decisions=1200) ===
[17:04:18] t=0 DEPLOY mcv
[17:04:18] {"kind": "action", "what": "deploy", "ids": [1042], "ts": "17:04:18"}
[17:04:18] {"kind": "action", "what": "deploy", "name": null, "qty": null, "tid": null, "ts": "17:04:18"}
[17:04:21] t=3 POWER plant (reserve 0)
[17:04:21] {"kind": "action", "what": "produce", "name": "NAPOWR", "qty": 1, "tid": null, "ts": "17:04:21"}
[17:04:21] t=3 jev STANCE defend->develop (conf 0.95)
[17:04:44] {"kind": "action", "what": "produce", "name": "NAREFN", "qty": 1, "tid": null, "ts": "17:04:44"}
[17:04:44] t=33 OPENING BUILD NAREFN
[17:05:13] t=71 tick#25 credits=8487 stance=develop | jev 25 decisions p50=886ms
[17:05:54] t=125 jev BUILD NAREFN HOLD (工厂前置位保护)
[17:05:55] t=128 jev BUILD NAREFN HOLD (工厂前置位保护)
[17:05:57] t=130 jev BUILD NAREFN HOLD (工厂前置位保护)
[17:05:58] t=132 jev BUILD NAREFN HOLD (工厂前置位保护)
[17:06:01] t=134 jev BUILD NAREFN HOLD (工厂前置位保护)
[17:06:09] t=137 jev BUILD NAREFN HOLD (工厂前置位保护)
[17:06:10] t=147 jev BUILD NAREFN HOLD (工厂前置位保护)
[17:06:13] t=149 jev BUILD NAREFN HOLD (工厂前置位保护)
[17:06:15] t=154 jev BUILD NAREFN HOLD (工厂前置位保护)
[17:06:57] t=156 jev BUILD NAREFN HOLD (工厂前置位保护)
[17:06:57] t=156 tick#50 credits=7400 stance=develop | jev 50 decisions p50=886ms
[17:06:59] t=212 jev BUILD NAREFN HOLD (工厂前置位保护)
[17:07:20] t=215 jev BUILD NAREFN HOLD (工厂前置位保护)
[17:07:21] t=242 jev BUILD NAREFN HOLD (工厂前置位保护)
[17:07:22] t=244 jev BUILD NAREFN HOLD (工厂前置位保护)
[17:07:24] t=246 jev BUILD NAREFN HOLD (工厂前置位保护)
[17:07:25] t=248 jev BUILD NAREFN HOLD (工厂前置位保护)
[17:07:28] t=250 jev BUILD NAREFN HOLD (工厂前置位保护)
[17:07:29] t=253 jev BUILD NAREFN HOLD (工厂前置位保护)
[17:07:31] t=255 jev BUILD NAREFN HOLD (工厂前置位保护)
[17:07:32] t=257 jev BUILD NAREFN HOLD (工厂前置位保护)
[17:07:36] t=259 jev BUILD NAREFN HOLD (工厂前置位保护)
[17:07:37] t=263 jev BUILD NAREFN HOLD (工厂前置位保护)
[17:07:39] t=265 jev BUILD NAREFN HOLD (工厂前置位保护)
[17:07:40] t=268 jev BUILD NAREFN HOLD (工厂前置位保护)
[17:07:43] t=270 jev BUILD NAREFN HOLD (工厂前置位保护)
[17:07:45] t=273 jev BUILD NAREFN HOLD (工厂前置位保护)
[17:07:46] t=276 jev BUILD NAREFN HOLD (工厂前置位保护)
[17:07:48] t=278 jev BUILD NAREFN HOLD (工厂前置位保护)
[17:07:49] t=280 jev BUILD NAREFN HOLD (工厂前置位保护)
[17:07:52] t=282 jev BUILD NAREFN HOLD (工厂前置位保护)
[17:07:53] t=284 jev BUILD NAREFN HOLD (工厂前置位保护)
[17:07:54] t=286 jev BUILD NAREFN HOLD (工厂前置位保护)
[17:07:56] t=288 jev BUILD NAREFN HOLD (工厂前置位保护)
[17:07:57] t=290 jev BUILD NAREFN HOLD (工厂前置位保护)
[17:07:59] t=292 jev BUILD NAREFN HOLD (工厂前置位保护)
[17:07:59] t=292 tick#75 credits=8525 stance=defend | jev 75 decisions p50=880ms
[17:08:00] t=294 jev BUILD NAREFN HOLD (工厂前置位保护)
[17:08:03] t=296 jev BUILD NAREFN HOLD (工厂前置位保护)
[17:08:04] t=299 jev BUILD NAREFN HOLD (工厂前置位保护)
[17:08:06] t=301 jev BUILD NAREFN HOLD (工厂前置位保护)
[17:08:09] t=304 jev BUILD NAREFN HOLD (工厂前置位保护)
[17:08:10] t=308 jev BUILD NAREFN HOLD (工厂前置位保护)
[17:08:12] t=310 jev BUILD NAREFN HOLD (工厂前置位保护)
[17:08:14] t=312 jev BUILD NAREFN HOLD (工厂前置位保护)
[17:08:15] t=315 jev BUILD NAREFN HOLD (工厂前置位保护)
[17:08:17] t=317 jev BUILD NAREFN HOLD (工厂前置位保护)
[17:08:20] t=319 jev BUILD NAREFN HOLD (工厂前置位保护)
[17:08:21] t=322 jev BUILD NAREFN HOLD (工厂前置位保护)
[17:08:30] t=324 jev BUILD NAREFN HOLD (工厂前置位保护)
[17:08:31] t=335 jev BUILD NAHAND HOLD (工厂前置位保护)
[17:08:33] t=337 jev BUILD NAHAND HOLD (工厂前置位保护)
[17:08:34] t=340 jev BUILD NAREFN HOLD (工厂前置位保护)
[17:08:38] t=342 jev BUILD NAREFN HOLD (工厂前置位保护)
[17:08:39] t=346 jev BUILD NAREFN HOLD (工厂前置位保护)
[17:08:40] t=348 jev BUILD NAHAND HOLD (工厂前置位保护)
[17:08:42] t=350 jev BUILD NAREFN HOLD (工厂前置位保护)
[17:08:43] t=352 jev BUILD NAREFN HOLD (工厂前置位保护)
[17:08:45] t=354 jev BUILD NAREFN HOLD (工厂前置位保护)
[17:08:48] t=356 jev BUILD NAHAND HOLD (工厂前置位保护)
[17:08:49] t=360 jev BUILD NAREFN HOLD (工厂前置位保护)
[17:08:51] t=362 jev BUILD NAHAND HOLD (工厂前置位保护)
[17:08:51] t=362 tick#100 credits=9602 stance=defend | jev 100 decisions p50=878ms
[17:08:58] t=364 jev BUILD NAREFN HOLD (工厂前置位保护)
[17:08:58] {"kind": "action", "what": "produce", "name": "NAREFN", "qty": 1, "tid": null, "ts": "17:08:58"}
[17:08:58] t=372 OPENING BUILD NAREFN
[2026-09-30 17:10:05] {"kind": "report", "result": "defeat", "t": null, "ticks": 106, "crisis_ticks": 56, "stance": "defend", "jev": {"decisions": 105, "errors": 0, "input_tokens": 231693, "output_tokens": 13505, "p50_ms": 872, "p95_ms": 5879}, "enemy_base": null, "ts": "2026-09-30 17:10:05"}
[17:10:07] REVIEW game#50 defeat → game-0050-review.md | changes=0
{
  "result": "defeat",
  "t": null,
  "ticks": 106,
  "crisis_ticks": 56,
  "stance": "defend",
  "jev": {
    "decisions": 105,
    "errors": 0,
    "input_tokens": 231693,
    "output_tokens": 13505,
    "p50_ms": 872,
    "p95_ms": 5879
  },
  "enemy_base": null,
  "ts": "2026-09-30 17:10:05",
  "review": {
    "game_no": 50,
    "rootcause": "no_target",
    "auto_tuned": 0
  }
}
