Exception in thread Thread-1 (_readerthread):
Traceback (most recent call last):
  File "C:\Users\15652\AppData\Roaming\uv\python\cpython-3.12.10-windows-x86_64-none\Lib\threading.py", line 1075, in _bootstrap_inner
    self.run()
  File "C:\Users\15652\AppData\Roaming\uv\python\cpython-3.12.10-windows-x86_64-none\Lib\threading.py", line 1012, in run
    self._target(*self._args, **self._kwargs)
  File "C:\Users\15652\AppData\Roaming\uv\python\cpython-3.12.10-windows-x86_64-none\Lib\subprocess.py", line 1599, in _readerthread
    buffer.append(fh.read())
                  ^^^^^^^^^
  File "<frozen codecs>", line 322, in decode
UnicodeDecodeError: 'utf-8' codec can't decode byte 0xd0 in position 0: invalid continuation byte
[22:38:08] 进局中(全自动)...
[22:39:03] {"kind": "start", "policy": "ra2web-jev-player/1.0", "maxDecisions": 1200, "micro": {"events": [{"kind": "micro", "t": 1, "what": "start"}], "loopN": 1, "on": true, "outcome": null, "stall": false}, "ts": "22:39:03"}
[22:39:03] === ra2web-jev-player start (tick=1.5s, max_decisions=1200) ===
[22:39:03] t=1 DEPLOY mcv
[22:39:03] {"kind": "action", "what": "deploy", "ids": [1042], "ts": "22:39:03"}
[22:39:03] {"kind": "action", "what": "deploy", "name": null, "qty": null, "ts": "22:39:03"}
[22:39:04] t=2 DEPLOY mcv
[22:39:04] {"kind": "action", "what": "deploy", "ids": [1042], "ts": "22:39:04"}
[22:39:04] {"kind": "action", "what": "deploy", "name": null, "qty": null, "ts": "22:39:04"}
[22:39:06] t=4 POWER plant (reserve 0)
[22:39:06] {"kind": "action", "what": "produce", "name": "NAPOWR", "qty": 1, "ts": "22:39:06"}
[22:39:07] t=4 jev STANCE defend->develop (conf 0.94)
[22:39:34] {"kind": "action", "what": "produce", "name": "NAREFN", "qty": 1, "ts": "22:39:34"}
[22:39:34] t=26 OPENING BUILD NAREFN
[22:39:40] t=31 tick#25 credits=9285 stance=develop | jev 25 decisions p50=837ms
[22:40:18] t=61 tick#50 credits=8562 stance=develop | jev 50 decisions p50=841ms
[22:40:58] t=92 tick#75 credits=7793 stance=develop | jev 75 decisions p50=841ms
[22:41:19] {"kind": "action", "what": "produce", "name": "NAHAND", "qty": 1, "ts": "22:41:19"}
[22:41:19] t=111 OPENING BUILD NAHAND
[22:41:35] t=123 tick#100 credits=7067 stance=develop | jev 100 decisions p50=837ms
[22:41:43] t=130 DEFLINE NALASR (have 0)
[22:41:43] {"kind": "action", "what": "produce", "name": "NALASR", "qty": 1, "ts": "22:41:43"}
[22:41:43] {"kind": "action", "what": "produce", "name": "NAWEAP", "qty": 1, "ts": "22:41:43"}
[22:41:43] t=130 OPENING BUILD NAWEAP
[22:41:45] t=130 jev INF DOG (conf 0.31)
[22:41:45] {"kind": "action", "what": "produce", "name": "DOG", "qty": 1, "ts": "22:41:45"}
[22:41:55] t=139 SCOUT dog->mirror [66, 121]
[22:41:55] {"kind": "action", "what": "attack_move", "name": null, "qty": null, "ts": "22:41:55"}
[22:42:09] t=150 DEFLINE NALASR (have 1)
[22:42:09] {"kind": "action", "what": "produce", "name": "NALASR", "qty": 1, "ts": "22:42:09"}
[22:42:15] t=154 tick#125 credits=5494 stance=develop | jev 125 decisions p50=841ms
[22:42:56] t=187 tick#150 credits=4329 stance=develop | jev 150 decisions p50=841ms
[22:43:18] t=206 ENEMY BASE spotted @[71, 114]
[22:43:30] t=213 jev INF E2 (conf 0.19)
[22:43:30] {"kind": "action", "what": "produce", "name": "E2", "qty": 1, "ts": "22:43:30"}
[22:43:30] t=215 ECON harv#2
[22:43:30] t=215 HARASS DRON x2 (have 0)
[22:43:30] t=215 INSURE AA building
[22:43:30] {"kind": "action", "what": "produce", "name": "HARV", "qty": 1, "ts": "22:43:30"}
[22:43:30] {"kind": "action", "what": "produce", "name": "DRON", "qty": 2, "ts": "22:43:30"}
[22:43:30] {"kind": "action", "what": "produce", "name": "NAFLAK", "qty": 1, "ts": "22:43:30"}
[22:43:31] t=215 jev BUILD NAPOWR (conf 0.21)
[22:43:31] {"kind": "action", "what": "produce", "name": "NAPOWR", "qty": 1, "ts": "22:43:31"}
[22:43:35] t=219 ALARM 单位损失 -> TURTLE (1 v 14, 守塔阵不打野战)
[22:43:35] {"kind": "action", "what": "attack_move", "name": null, "qty": null, "ts": "22:43:35"}
[22:43:35] t=219 jev INF E2 (conf 0.29)
[22:43:38] t=220 jev INF E2 (conf 0.28)
[22:43:40] t=222 jev INF E2 (conf 0.32)
[22:43:41] t=223 jev INF E2 (conf 0.28)
[22:43:41] t=223 tick#175 credits=3016 stance=defend | jev 175 decisions p50=842ms
[22:43:42] t=224 jev INF E2 (conf 0.21)
[22:43:42] t=224 jev STANCE defend->develop (conf 0.54)
[22:43:43] t=226 ALARM 敌军逼近 -> TURTLE (1 v 17, 守塔阵不打野战)
[22:43:43] {"kind": "action", "what": "attack_move", "name": null, "qty": null, "ts": "22:43:43"}
[22:43:45] t=226 jev INF E2 (conf 0.21)
[22:43:46] t=228 jev INF DOG (conf 0.15)
[22:43:47] {"kind": "action", "what": "produce", "name": "DOG", "qty": 1, "ts": "22:43:47"}
[22:43:52] t=232 ALARM 敌军逼近 -> TURTLE (1 v 19, 守塔阵不打野战)
[22:43:52] {"kind": "action", "what": "attack_move", "name": null, "qty": null, "ts": "22:43:52"}
[22:43:57] t=236 jev INF E2 (conf 0.23)
[22:43:57] {"kind": "action", "what": "produce", "name": "E2", "qty": 1, "ts": "22:43:57"}
[22:44:00] t=238 MOVE assault x1 -> (70,117)
[22:44:00] {"kind": "action", "what": "attack_move", "name": null, "qty": null, "ts": "22:44:00"}
[22:44:01] t=240 ALARM 敌军逼近 -> TURTLE (2 v 21, 守塔阵不打野战)
[22:44:01] {"kind": "action", "what": "attack_move", "name": null, "qty": null, "ts": "22:44:01"}
[22:44:02] t=240 jev BUILD NAREFN (conf 0.25)
[22:44:02] {"kind": "action", "what": "produce", "name": "NAREFN", "qty": 1, "ts": "22:44:02"}
[22:44:03] t=241 jev INF E2 (conf 0.23)
[22:44:04] t=242 jev INF E2 (conf 0.25)
[22:44:06] t=243 jev INF E2 (conf 0.19)
[22:44:07] t=244 jev INF E2 (conf 0.21)
[22:44:10] t=246 jev INF E2 (conf 0.18)
[22:44:11] t=247 jev INF E2 (conf 0.21)
[22:44:13] t=249 jev INF E2 (conf 0.26)
[22:44:13] t=249 MOVE assault x2 -> (70,117)
[22:44:13] {"kind": "action", "what": "attack_move", "name": null, "qty": null, "ts": "22:44:13"}
[22:44:14] t=250 jev INF E2 (conf 0.22)
[22:44:16] t=251 jev INF E2 (conf 0.29)
[22:44:17] t=252 jev INF E2 (conf 0.20)
[22:44:19] t=253 jev INF E2 (conf 0.21)
[22:44:20] t=255 jev INF E2 (conf 0.27)
[22:44:20] t=255 tick#200 credits=2668 stance=defend | jev 200 decisions p50=841ms
[22:44:22] t=256 jev INF E2 (conf 0.22)
[22:44:22] {"kind": "action", "what": "produce", "name": "E2", "qty": 1, "ts": "22:44:22"}
[22:44:25] t=258 MOVE assault x2 -> (70,117)
[22:44:25] {"kind": "action", "what": "attack_move", "name": null, "qty": null, "ts": "22:44:25"}
[22:44:28] t=261 jev INF E2 (conf 0.30)
[22:44:29] t=262 jev INF E2 (conf 0.25)
[22:44:31] t=263 jev INF E2 (conf 0.31)
[22:44:32] t=264 jev INF E2 (conf 0.23)
[22:44:34] t=265 jev INF E2 (conf 0.26)
[22:44:35] t=267 jev INF E2 (conf 0.28)
[22:44:37] t=268 jev INF E2 (conf 0.16)
[22:44:39] t=269 jev INF E2 (conf 0.19)
[22:44:39] t=269 MOVE assault x3 -> (70,117)
[22:44:39] {"kind": "action", "what": "attack_move", "name": null, "qty": null, "ts": "22:44:39"}
[22:44:40] t=270 jev INF E2 (conf 0.20)
[22:44:41] t=271 jev INF E2 (conf 0.23)
[22:44:43] t=273 jev INF E2 (conf 0.17)
[22:44:45] t=274 jev INF E2 (conf 0.21)
[22:44:46] t=275 jev INF E2 (conf 0.18)
[22:44:47] t=276 jev INF E2 (conf 0.22)
[22:44:47] {"kind": "action", "what": "produce", "name": "E2", "qty": 1, "ts": "22:44:47"}
[22:44:52] t=280 MOVE assault x3 -> (70,117)
[22:44:52] {"kind": "action", "what": "attack_move", "name": null, "qty": null, "ts": "22:44:52"}
[22:44:53] t=281 jev INF E2 (conf 0.18)
[22:44:55] t=282 jev INF E2 (conf 0.17)
[22:44:56] t=283 jev INF E2 (conf 0.22)
[22:44:58] t=285 jev INF E2 (conf 0.20)
[22:44:58] t=285 tick#225 credits=989 stance=defend | jev 225 decisions p50=841ms
[22:45:00] t=286 jev INF E2 (conf 0.22)
[22:45:01] t=287 jev INF E2 HOLD (预算保护 gate=False e2=4)
[22:45:02] t=288 SCOUT #1106->[53, 186]
[22:45:02] {"kind": "action", "what": "attack_move", "name": null, "qty": null, "ts": "22:45:02"}
[22:45:03] t=288 jev INF E2 HOLD (预算保护 gate=False e2=4)
[22:45:04] t=290 jev INF E2 HOLD (预算保护 gate=False e2=4)
[22:45:06] t=291 jev INF E2 HOLD (预算保护 gate=False e2=4)
[22:45:06] t=291 MOVE assault x4 -> (70,117)
[22:45:06] {"kind": "action", "what": "attack_move", "name": null, "qty": null, "ts": "22:45:06"}
[22:45:07] t=292 jev INF E2 HOLD (预算保护 gate=False e2=4)
[22:45:08] t=293 jev INF E2 HOLD (预算保护 gate=False e2=4)
[22:45:10] t=294 jev INF E2 HOLD (预算保护 gate=False e2=4)
[22:45:12] t=296 jev INF E2 HOLD (预算保护 gate=False e2=4)
[22:45:13] t=297 jev INF E2 HOLD (预算保护 gate=False e2=4)
[22:45:15] t=298 jev INF E2 HOLD (预算保护 gate=False e2=4)
[22:45:16] t=299 jev INF E2 HOLD (预算保护 gate=False e2=4)
[22:45:18] t=300 jev INF E2 HOLD (预算保护 gate=False e2=4)
[22:45:18] t=300 MOVE assault x4 -> (70,117)
[22:45:18] {"kind": "action", "what": "attack_move", "name": null, "qty": null, "ts": "22:45:18"}
[22:45:19] t=302 jev VEH DRON (conf 0.41)
[22:45:19] {"kind": "action", "what": "produce", "name": "DRON", "qty": 1, "ts": "22:45:19"}
[22:45:19] t=302 MOVE raid x2 -> (70,117)
[22:45:19] {"kind": "action", "what": "attack_move", "name": null, "qty": null, "ts": "22:45:19"}
[22:45:22] t=304 jev INF E2 HOLD (预算保护 gate=False e2=4)
[22:45:30] t=310 MOVE assault x4 -> (70,117)
[22:45:30] {"kind": "action", "what": "attack_move", "name": null, "qty": null, "ts": "22:45:30"}
[22:45:36] t=315 tick#250 credits=0 stance=defend | jev 250 decisions p50=841ms
[22:45:42] t=320 MOVE assault x4 -> (70,117)
[22:45:42] {"kind": "action", "what": "attack_move", "name": null, "qty": null, "ts": "22:45:42"}
[22:45:51] t=327 MOVE raid x2 -> (84,124)
[22:45:51] {"kind": "action", "what": "attack_move", "name": null, "qty": null, "ts": "22:45:51"}
[22:45:52] t=328 MOVE raid x2 -> (83,123)
[22:45:52] {"kind": "action", "what": "attack_move", "name": null, "qty": null, "ts": "22:45:52"}
[22:45:54] t=329 MOVE raid x2 -> (81,123); assault x4 -> (70,117)
[22:45:54] {"kind": "action", "what": "attack_move", "name": null, "qty": null, "ts": "22:45:54"}
[22:45:54] {"kind": "action", "what": "attack_move", "name": null, "qty": null, "ts": "22:45:54"}
[22:45:55] t=330 MOVE raid x2 -> (80,123)
[22:45:55] {"kind": "action", "what": "attack_move", "name": null, "qty": null, "ts": "22:45:55"}
[22:45:57] t=332 MOVE raid x2 -> (78,123)
[22:45:57] {"kind": "action", "what": "attack_move", "name": null, "qty": null, "ts": "22:45:57"}
[22:46:04] t=338 MOVE raid x2 -> (77,123)
[22:46:04] {"kind": "action", "what": "attack_move", "name": null, "qty": null, "ts": "22:46:04"}
[22:46:07] t=340 MOVE assault x4 -> (70,117)
[22:46:07] {"kind": "action", "what": "attack_move", "name": null, "qty": null, "ts": "22:46:07"}
[22:46:12] t=344 MOVE raid x2 -> (79,123)
[22:46:12] {"kind": "action", "what": "attack_move", "name": null, "qty": null, "ts": "22:46:12"}
[22:46:13] t=345 MOVE raid x2 -> (80,123)
[22:46:13] {"kind": "action", "what": "attack_move", "name": null, "qty": null, "ts": "22:46:13"}
[22:46:13] t=345 tick#275 credits=0 stance=defend | jev 275 decisions p50=838ms
[22:46:15] t=346 MOVE raid x2 -> (82,125)
[22:46:15] {"kind": "action", "what": "attack_move", "name": null, "qty": null, "ts": "22:46:15"}
[22:46:16] t=347 MOVE raid x2 -> (83,126)
[22:46:16] {"kind": "action", "what": "attack_move", "name": null, "qty": null, "ts": "22:46:16"}
[22:46:18] t=348 MOVE raid x2 -> (70,117)
[22:46:18] {"kind": "action", "what": "attack_move", "name": null, "qty": null, "ts": "22:46:18"}
[22:46:20] t=351 RETREAT E2(37%)
[22:46:20] {"kind": "action", "what": "move", "name": null, "qty": null, "ts": "22:46:20"}
[22:46:21] t=351 MOVE assault x4 -> (70,117)
[22:46:21] {"kind": "action", "what": "attack_move", "name": null, "qty": null, "ts": "22:46:21"}
[22:46:24] t=354 ALARM 单位损失 -> TURTLE (5 v 30, 守塔阵不打野战)
[22:46:24] {"kind": "action", "what": "attack_move", "name": null, "qty": null, "ts": "22:46:24"}
[22:46:35] t=362 MOVE assault x3 -> (70,117)
[22:46:35] {"kind": "action", "what": "attack_move", "name": null, "qty": null, "ts": "22:46:35"}
[22:46:43] t=368 MOVE raid x2 -> (85,124)
[22:46:43] {"kind": "action", "what": "attack_move", "name": null, "qty": null, "ts": "22:46:43"}
[22:46:44] t=370 MOVE raid x2 -> (84,123)
[22:46:44] {"kind": "action", "what": "attack_move", "name": null, "qty": null, "ts": "22:46:44"}
[22:46:46] t=371 MOVE raid x2 -> (83,123)
[22:46:46] {"kind": "action", "what": "attack_move", "name": null, "qty": null, "ts": "22:46:46"}
[22:46:47] t=372 MOVE raid x2 -> (81,123)
[22:46:47] {"kind": "action", "what": "attack_move", "name": null, "qty": null, "ts": "22:46:47"}
[22:46:49] t=373 MOVE raid x2 -> (80,123); assault x3 -> (70,117)
[22:46:49] {"kind": "action", "what": "attack_move", "name": null, "qty": null, "ts": "22:46:49"}
[22:46:49] {"kind": "action", "what": "attack_move", "name": null, "qty": null, "ts": "22:46:49"}
[22:46:50] t=374 MOVE raid x2 -> (78,123)
[22:46:50] {"kind": "action", "what": "attack_move", "name": null, "qty": null, "ts": "22:46:50"}
[22:46:52] t=376 tick#300 credits=0 stance=defend | jev 300 decisions p50=836ms
[22:46:56] t=379 MOVE raid x2 -> (77,123)
[22:46:56] {"kind": "action", "what": "attack_move", "name": null, "qty": null, "ts": "22:46:56"}
[22:47:01] t=383 MOVE assault x3 -> (70,117)
[22:47:01] {"kind": "action", "what": "attack_move", "name": null, "qty": null, "ts": "22:47:01"}
[22:47:04] t=385 MOVE raid x2 -> (78,123)
[22:47:04] {"kind": "action", "what": "attack_move", "name": null, "qty": null, "ts": "22:47:04"}
[22:47:05] t=386 MOVE raid x2 -> (79,123)
[22:47:05] {"kind": "action", "what": "attack_move", "name": null, "qty": null, "ts": "22:47:05"}
[22:47:08] t=388 MOVE raid x2 -> (81,124)
[22:47:08] {"kind": "action", "what": "attack_move", "name": null, "qty": null, "ts": "22:47:08"}
[22:47:09] t=390 MOVE raid x2 -> (82,125)
[22:47:09] {"kind": "action", "what": "attack_move", "name": null, "qty": null, "ts": "22:47:09"}
[22:47:11] t=391 MOVE raid x2 -> (83,126)
[22:47:11] {"kind": "action", "what": "attack_move", "name": null, "qty": null, "ts": "22:47:11"}
[22:47:11] t=392 RETREAT E2(12%)
[22:47:11] {"kind": "action", "what": "move", "name": null, "qty": null, "ts": "22:47:11"}
[22:47:12] t=392 MOVE raid x2 -> (70,117)
[22:47:12] {"kind": "action", "what": "attack_move", "name": null, "qty": null, "ts": "22:47:12"}
[22:47:13] t=393 ALARM 单位损失 -> TURTLE (3 v 32, 守塔阵不打野战)
[22:47:13] {"kind": "action", "what": "attack_move", "name": null, "qty": null, "ts": "22:47:13"}
[22:47:19] t=397 jev INF E2 (conf 0.13)
[22:47:19] {"kind": "action", "what": "produce", "name": "E2", "qty": 1, "ts": "22:47:19"}
[22:47:23] t=400 MOVE assault x2 -> (70,117)
[22:47:23] {"kind": "action", "what": "attack_move", "name": null, "qty": null, "ts": "22:47:23"}
[22:47:26] t=403 jev INF E2 (conf 0.10)
[22:47:27] t=404 jev INF E2 (conf 0.15)
[22:47:29] t=405 jev INF E2 (conf 0.12)
[22:47:30] t=406 jev INF E2 (conf 0.15)
[22:47:32] t=408 jev INF E2 (conf 0.16)
[22:47:32] t=408 tick#325 credits=1583 stance=defend | jev 325 decisions p50=835ms
[22:47:33] t=409 jev INF SHK (conf 0.13)
[22:47:33] {"kind": "action", "what": "produce", "name": "SHK", "qty": 1, "ts": "22:47:33"}
[22:47:34] t=410 TANK HTNK x2
[22:47:34] {"kind": "action", "what": "produce", "name": "HTNK", "qty": 2, "ts": "22:47:34"}
[22:47:37] t=411 MOVE assault x3 -> (70,117)
[22:47:37] {"kind": "action", "what": "attack_move", "name": null, "qty": null, "ts": "22:47:37"}
[22:47:43] t=417 MOVE raid x2 -> (70,117)
[22:47:43] {"kind": "action", "what": "attack_move", "name": null, "qty": null, "ts": "22:47:43"}
[22:47:48] t=422 RETREAT E2(21%)
[22:47:48] {"kind": "action", "what": "move", "name": null, "qty": null, "ts": "22:47:48"}
[22:47:50] t=423 ALARM 单位损失 -> TURTLE (4 v 33, 守塔阵不打野战)
[22:47:50] {"kind": "action", "what": "attack_move", "name": null, "qty": null, "ts": "22:47:50"}
[22:47:58] t=429 jev INF E2 HOLD (预算保护 gate=False e2=2)
[22:47:58] t=429 MOVE raid x2 -> (81,124); assault x3 -> (70,117)
[22:47:58] {"kind": "action", "what": "attack_move", "name": null, "qty": null, "ts": "22:47:58"}
[22:47:58] {"kind": "action", "what": "attack_move", "name": null, "qty": null, "ts": "22:47:58"}
[22:48:00] t=430 jev INF E2 HOLD (预算保护 gate=False e2=2)
[22:48:00] t=430 MOVE raid x2 -> (79,124)
[22:48:00] {"kind": "action", "what": "attack_move", "name": null, "qty": null, "ts": "22:48:00"}
[22:48:01] t=431 MOVE raid x2 -> (78,123)
[22:48:01] {"kind": "action", "what": "attack_move", "name": null, "qty": null, "ts": "22:48:01"}
[22:48:07] t=436 jev INF E2 HOLD (预算保护 gate=False e2=2)
[22:48:09] t=437 MOVE raid x2 -> (77,123)
[22:48:09] {"kind": "action", "what": "attack_move", "name": null, "qty": null, "ts": "22:48:09"}
[22:48:10] t=438 MOVE assault x3 -> (70,117)
[22:48:10] {"kind": "action", "what": "attack_move", "name": null, "qty": null, "ts": "22:48:10"}
[22:48:10] t=438 tick#350 credits=140 stance=defend | jev 350 decisions p50=834ms
[22:48:15] t=442 jev INF SHK (conf 0.18)
[22:48:15] {"kind": "action", "what": "produce", "name": "SHK", "qty": 1, "ts": "22:48:15"}
[22:48:17] t=443 MOVE raid x2 -> (78,123)
[22:48:17] {"kind": "action", "what": "attack_move", "name": null, "qty": null, "ts": "22:48:17"}
[22:48:18] t=445 MOVE raid x2 -> (80,123)
[22:48:18] {"kind": "action", "what": "attack_move", "name": null, "qty": null, "ts": "22:48:18"}
[22:48:20] t=446 MOVE raid x2 -> (81,124)
[22:48:20] {"kind": "action", "what": "attack_move", "name": null, "qty": null, "ts": "22:48:20"}
[22:48:21] t=447 MOVE raid x2 -> (82,125)
[22:48:21] {"kind": "action", "what": "attack_move", "name": null, "qty": null, "ts": "22:48:21"}
[22:48:23] t=448 MOVE raid x2 -> (70,117); assault x4 -> (70,117)
[22:48:23] {"kind": "action", "what": "attack_move", "name": null, "qty": null, "ts": "22:48:23"}
[22:48:23] {"kind": "action", "what": "attack_move", "name": null, "qty": null, "ts": "22:48:23"}
[22:48:32] t=456 ALARM 单位损失 -> TURTLE (5 v 35, 守塔阵不打野战)
[22:48:32] {"kind": "action", "what": "attack_move", "name": null, "qty": null, "ts": "22:48:32"}
[22:48:33] t=458 RETREAT E2(36%)
[22:48:33] {"kind": "action", "what": "move", "name": null, "qty": null, "ts": "22:48:33"}
[22:48:39] t=461 jev INF SHK (conf 0.18)
[22:48:40] t=462 jev INF SHK (conf 0.11)
[22:48:40] {"kind": "action", "what": "produce", "name": "SHK", "qty": 1, "ts": "22:48:40"}
[22:48:40] t=462 MOVE assault x5 -> (70,117)
[22:48:40] {"kind": "action", "what": "attack_move", "name": null, "qty": null, "ts": "22:48:40"}
[22:48:49] t=470 tick#375 credits=933 stance=defend | jev 375 decisions p50=833ms
[22:48:52] t=472 MOVE assault x5 -> (70,117)
[22:48:52] {"kind": "action", "what": "attack_move", "name": null, "qty": null, "ts": "22:48:52"}
[22:48:54] t=474 ALARM 单位损失 -> TURTLE (5 v 35, 守塔阵不打野战)
[22:48:54] {"kind": "action", "what": "attack_move", "name": null, "qty": null, "ts": "22:48:54"}
[22:49:04] t=482 jev INF E2 HOLD (预算保护 gate=False e2=1)
[22:49:06] t=483 jev INF E2 HOLD (预算保护 gate=False e2=1)
[22:49:06] t=483 jev VEH HTNK (conf 0.25)
[22:49:06] {"kind": "action", "what": "produce", "name": "HTNK", "qty": 1, "ts": "22:49:06"}
[22:49:06] t=483 MOVE raid x2 -> (85,123); assault x4 -> (70,117)
[22:49:06] {"kind": "action", "what": "attack_move", "name": null, "qty": null, "ts": "22:49:06"}
[22:49:06] {"kind": "action", "what": "attack_move", "name": null, "qty": null, "ts": "22:49:06"}
[22:49:07] t=484 jev INF E2 HOLD (预算保护 gate=False e2=1)
[22:49:07] t=484 MOVE raid x2 -> (86,123)
[22:49:07] {"kind": "action", "what": "attack_move", "name": null, "qty": null, "ts": "22:49:07"}
[22:49:12] t=488 jev INF E2 HOLD (预算保护 gate=False e2=1)
[22:49:15] t=490 jev INF E2 HOLD (预算保护 gate=False e2=1)
[22:49:19] t=494 jev INF SHK HOLD (预算保护 gate=False e2=1)
[22:49:19] t=494 MOVE assault x4 -> (70,117)
[22:49:19] {"kind": "action", "what": "attack_move", "name": null, "qty": null, "ts": "22:49:19"}
[22:49:21] t=495 jev INF SHK HOLD (预算保护 gate=False e2=1)
[22:49:21] t=495 MOVE raid x2 -> (87,122)
[22:49:21] {"kind": "action", "what": "attack_move", "name": null, "qty": null, "ts": "22:49:21"}
[22:49:27] t=500 tick#400 credits=0 stance=defend | jev 400 decisions p50=835ms
[22:49:31] t=503 MOVE assault x4 -> (70,117)
[22:49:31] {"kind": "action", "what": "attack_move", "name": null, "qty": null, "ts": "22:49:31"}
[22:49:39] t=509 MOVE raid x2 -> (86,121)
[22:49:39] {"kind": "action", "what": "attack_move", "name": null, "qty": null, "ts": "22:49:39"}
[22:49:43] t=513 MOVE assault x4 -> (70,117)
[22:49:43] {"kind": "action", "what": "attack_move", "name": null, "qty": null, "ts": "22:49:43"}
[22:49:46] t=514 jev INF DOG (conf 0.22)
[22:49:46] {"kind": "action", "what": "produce", "name": "DOG", "qty": 1, "ts": "22:49:46"}
[22:49:47] t=516 MOVE raid x2 -> (87,121)
[22:49:47] {"kind": "action", "what": "attack_move", "name": null, "qty": null, "ts": "22:49:47"}
[22:49:57] t=523 MOVE assault x4 -> (70,117)
[22:49:57] {"kind": "action", "what": "attack_move", "name": null, "qty": null, "ts": "22:49:57"}
[22:50:00] t=526 MOVE raid x2 -> (86,120)
[22:50:00] {"kind": "action", "what": "attack_move", "name": null, "qty": null, "ts": "22:50:00"}
[22:50:02] t=528 MOVE raid x2 -> (85,120)
[22:50:02] {"kind": "action", "what": "attack_move", "name": null, "qty": null, "ts": "22:50:02"}
[22:50:06] t=531 tick#425 credits=0 stance=defend | jev 425 decisions p50=833ms
[22:50:10] t=535 MOVE raid x2 -> (85,121); assault x4 -> (70,117)
[22:50:11] {"kind": "action", "what": "attack_move", "name": null, "qty": null, "ts": "22:50:11"}
[22:50:11] {"kind": "action", "what": "attack_move", "name": null, "qty": null, "ts": "22:50:11"}
[22:50:14] t=537 MOVE raid x2 -> (84,122)
[22:50:14] {"kind": "action", "what": "attack_move", "name": null, "qty": null, "ts": "22:50:14"}
[22:50:23] t=544 MOVE assault x4 -> (70,117)
[22:50:23] {"kind": "action", "what": "attack_move", "name": null, "qty": null, "ts": "22:50:23"}
[22:50:25] t=547 RETREAT HTNK(36%)
[22:50:25] {"kind": "action", "what": "move", "name": null, "qty": null, "ts": "22:50:25"}
[22:50:26] t=547 jev INF DOG (conf 0.10)
[22:50:26] {"kind": "action", "what": "produce", "name": "DOG", "qty": 1, "ts": "22:50:26"}
[22:50:29] t=550 MOVE raid x2 -> (82,126)
[22:50:29] {"kind": "action", "what": "attack_move", "name": null, "qty": null, "ts": "22:50:29"}
[22:50:32] t=552 MOVE raid x2 -> (83,125)
[22:50:32] {"kind": "action", "what": "attack_move", "name": null, "qty": null, "ts": "22:50:32"}
[22:50:34] t=553 MOVE raid x2 -> (84,125)
[22:50:34] {"kind": "action", "what": "attack_move", "name": null, "qty": null, "ts": "22:50:34"}
[22:50:34] t=554 ALARM 单位损失 -> TURTLE (7 v 34, 守塔阵不打野战)
[22:50:34] {"kind": "action", "what": "attack_move", "name": null, "qty": null, "ts": "22:50:34"}
[22:50:43] t=560 MOVE assault x5 -> (70,117)
[22:50:43] {"kind": "action", "what": "attack_move", "name": null, "qty": null, "ts": "22:50:43"}
[22:50:44] t=562 tick#450 credits=132 stance=defend | jev 450 decisions p50=833ms
[22:50:47] t=563 jev VEH DRON (conf 0.37)
[22:50:47] {"kind": "action", "what": "produce", "name": "DRON", "qty": 1, "ts": "22:50:47"}
[22:50:47] t=563 MOVE raid x2 -> (70,117)
[22:50:47] {"kind": "action", "what": "attack_move", "name": null, "qty": null, "ts": "22:50:47"}
[22:50:49] t=566 jev INF SHK (conf 0.16)
[22:50:49] {"kind": "action", "what": "produce", "name": "SHK", "qty": 1, "ts": "22:50:49"}
[22:50:50] t=567 RETREAT HTNK(31%)
[22:50:50] {"kind": "action", "what": "move", "name": null, "qty": null, "ts": "22:50:50"}
[22:50:55] t=571 MOVE raid x2 -> (82,126); assault x4 -> (70,117)
[22:50:55] {"kind": "action", "what": "attack_move", "name": null, "qty": null, "ts": "22:50:55"}
[22:50:55] {"kind": "action", "what": "attack_move", "name": null, "qty": null, "ts": "22:50:55"}
[22:50:57] t=573 ALARM 单位损失 -> TURTLE (8 v 35, 守塔阵不打野战)
[22:50:57] {"kind": "action", "what": "attack_move", "name": null, "qty": null, "ts": "22:50:57"}
[22:51:05] t=579 TANK HTNK x1
[22:51:05] {"kind": "action", "what": "produce", "name": "HTNK", "qty": 1, "ts": "22:51:05"}
[22:51:06] t=579 MOVE raid x2 -> (70,117)
[22:51:06] {"kind": "action", "what": "attack_move", "name": null, "qty": null, "ts": "22:51:06"}
[22:51:07] t=580 MOVE assault x4 -> (70,117)
[22:51:07] {"kind": "action", "what": "attack_move", "name": null, "qty": null, "ts": "22:51:07"}
[22:51:14] t=585 MOVE reserve x1 -> (134,87)
[22:51:14] {"kind": "action", "what": "attack_move", "name": null, "qty": null, "ts": "22:51:14"}
[22:51:19] t=590 MOVE assault x4 -> (70,117)
[22:51:19] {"kind": "action", "what": "attack_move", "name": null, "qty": null, "ts": "22:51:19"}
[22:51:25] t=593 MOVE raid x2 -> (83,126)
[22:51:25] {"kind": "action", "what": "attack_move", "name": null, "qty": null, "ts": "22:51:25"}
[22:51:25] t=593 tick#475 credits=515 stance=defend | jev 475 decisions p50=832ms
[22:51:26] t=595 jev INF DOG (conf 0.17)
[22:51:26] {"kind": "action", "what": "produce", "name": "DOG", "qty": 1, "ts": "22:51:26"}
[22:51:31] t=599 MOVE raid x2 -> (82,126)
[22:51:31] {"kind": "action", "what": "attack_move", "name": null, "qty": null, "ts": "22:51:31"}
[22:51:32] t=600 MOVE assault x4 -> (70,117)
[22:51:32] {"kind": "action", "what": "attack_move", "name": null, "qty": null, "ts": "22:51:32"}
[22:51:38] t=605 MOVE raid x2 -> (70,117)
[22:51:38] {"kind": "action", "what": "attack_move", "name": null, "qty": null, "ts": "22:51:38"}
[22:51:41] t=606 jev INF SHK (conf 0.16)
[22:51:41] {"kind": "action", "what": "produce", "name": "SHK", "qty": 1, "ts": "22:51:41"}
[22:51:45] t=610 MOVE assault x4 -> (70,117)
[22:51:45] {"kind": "action", "what": "attack_move", "name": null, "qty": null, "ts": "22:51:45"}
[22:51:47] t=613 ALARM 单位损失 -> TURTLE (10 v 35, 守塔阵不打野战)
[22:51:47] {"kind": "action", "what": "attack_move", "name": null, "qty": null, "ts": "22:51:47"}
[22:51:48] t=614 RETREAT DRON(12%)
[22:51:48] {"kind": "action", "what": "move", "name": null, "qty": null, "ts": "22:51:48"}
[22:51:52] t=616 jev VEH HTNK (conf 0.32)
[22:51:52] {"kind": "action", "what": "produce", "name": "HTNK", "qty": 1, "ts": "22:51:52"}
[22:51:58] t=620 MOVE assault x4 -> (70,117)
[22:51:58] {"kind": "action", "what": "attack_move", "name": null, "qty": null, "ts": "22:51:58"}
[22:52:04] t=626 tick#500 credits=179 stance=defend | jev 500 decisions p50=832ms
[22:52:09] t=629 MOVE raid x2 -> (70,117)
[22:52:09] {"kind": "action", "what": "attack_move", "name": null, "qty": null, "ts": "22:52:09"}
[22:52:10] t=631 MOVE assault x4 -> (70,117)
[22:52:10] {"kind": "action", "what": "attack_move", "name": null, "qty": null, "ts": "22:52:10"}
[22:52:15] t=634 MOVE reserve x2 -> (134,87)
[22:52:15] {"kind": "action", "what": "attack_move", "name": null, "qty": null, "ts": "22:52:15"}
[22:52:25] t=641 MOVE assault x4 -> (70,117)
[22:52:25] {"kind": "action", "what": "attack_move", "name": null, "qty": null, "ts": "22:52:25"}
[22:52:38] t=653 MOVE assault x4 -> (70,117)
[22:52:38] {"kind": "action", "what": "attack_move", "name": null, "qty": null, "ts": "22:52:38"}
[22:52:40] t=654 MOVE raid x2 -> (70,117)
[22:52:40] {"kind": "action", "what": "attack_move", "name": null, "qty": null, "ts": "22:52:40"}
[22:52:42] t=656 tick#525 credits=0 stance=defend | jev 525 decisions p50=832ms
[22:52:49] t=662 RETREAT SHK(33%)
[22:52:49] {"kind": "action", "what": "move", "name": null, "qty": null, "ts": "22:52:49"}
[22:52:51] t=663 MOVE assault x4 -> (70,117)
[22:52:51] {"kind": "action", "what": "attack_move", "name": null, "qty": null, "ts": "22:52:51"}
[22:52:52] t=664 ALARM 单位损失 -> TURTLE (11 v 37, 守塔阵不打野战)
[22:52:52] {"kind": "action", "what": "attack_move", "name": null, "qty": null, "ts": "22:52:52"}
[22:53:01] t=671 MOVE raid x2 -> (82,126)
[22:53:01] {"kind": "action", "what": "attack_move", "name": null, "qty": null, "ts": "22:53:01"}
[22:53:04] t=673 MOVE assault x4 -> (70,117)
[22:53:04] {"kind": "action", "what": "attack_move", "name": null, "qty": null, "ts": "22:53:04"}
[22:53:07] t=676 MOVE raid x2 -> (70,117)
[22:53:07] {"kind": "action", "what": "attack_move", "name": null, "qty": null, "ts": "22:53:07"}
[22:53:10] t=678 MOVE raid x2 -> (83,126)
[22:53:10] {"kind": "action", "what": "attack_move", "name": null, "qty": null, "ts": "22:53:10"}
[22:53:15] t=682 MOVE reserve x1 -> (134,87)
[22:53:15] {"kind": "action", "what": "attack_move", "name": null, "qty": null, "ts": "22:53:15"}
[22:53:16] t=684 MOVE raid x2 -> (82,126); assault x4 -> (70,117)
[22:53:17] {"kind": "action", "what": "attack_move", "name": null, "qty": null, "ts": "22:53:17"}
[22:53:17] {"kind": "action", "what": "attack_move", "name": null, "qty": null, "ts": "22:53:17"}
[22:53:19] t=686 ESCORT 坦克#1527 -> 护航矿车@[124, 104]
[22:53:19] {"kind": "action", "what": "attack_move", "name": null, "qty": null, "ts": "22:53:19"}
[22:53:20] t=686 jev VEH HTNK (conf 0.34)
[22:53:20] {"kind": "action", "what": "produce", "name": "HTNK", "qty": 1, "ts": "22:53:20"}
[22:53:22] t=688 RETREAT SHK(20%)
[22:53:22] {"kind": "action", "what": "move", "name": null, "qty": null, "ts": "22:53:22"}
[22:53:23] t=688 tick#550 credits=584 stance=defend | jev 550 decisions p50=832ms
[22:53:24] t=690 MOVE raid x2 -> (83,126)
[22:53:24] {"kind": "action", "what": "attack_move", "name": null, "qty": null, "ts": "22:53:24"}
[22:53:25] t=691 ALARM 单位损失 -> TURTLE (11 v 35, 守塔阵不打野战)
[22:53:25] {"kind": "action", "what": "attack_move", "name": null, "qty": null, "ts": "22:53:25"}
[22:53:33] t=697 MOVE raid x2 -> (70,117); assault x5 -> (70,117)
[22:53:33] {"kind": "action", "what": "attack_move", "name": null, "qty": null, "ts": "22:53:33"}
[22:53:33] {"kind": "action", "what": "attack_move", "name": null, "qty": null, "ts": "22:53:33"}
[22:53:47] t=708 MOVE assault x5 -> (70,117)
[22:53:47] {"kind": "action", "what": "attack_move", "name": null, "qty": null, "ts": "22:53:47"}
[22:53:48] t=709 jev INF E2 (conf 0.16)
[22:53:48] {"kind": "action", "what": "produce", "name": "E2", "qty": 1, "ts": "22:53:48"}
[22:53:49] t=710 ESCORT 坦克#1582 -> 护航矿车@[126, 106]
[22:53:49] {"kind": "action", "what": "attack_move", "name": null, "qty": null, "ts": "22:53:49"}
[22:53:59] t=718 MOVE assault x5 -> (70,117)
[22:53:59] {"kind": "action", "what": "attack_move", "name": null, "qty": null, "ts": "22:53:59"}
[22:54:01] t=719 jev INF E2 HOLD (预算保护 gate=False e2=2)
[22:54:01] t=719 tick#575 credits=855 stance=defend | jev 575 decisions p50=833ms
[22:54:02] t=720 jev INF E2 HOLD (预算保护 gate=False e2=2)
[22:54:04] t=721 MOVE raid x2 -> (70,117)
[22:54:04] {"kind": "action", "what": "attack_move", "name": null, "qty": null, "ts": "22:54:04"}
[22:54:04] t=722 RETREAT HTNK(31%)
[22:54:04] {"kind": "action", "what": "move", "name": null, "qty": null, "ts": "22:54:04"}
[22:54:07] t=724 jev VEH HTNK (conf 0.46)
[22:54:07] {"kind": "action", "what": "produce", "name": "HTNK", "qty": 1, "ts": "22:54:07"}
[22:54:10] t=727 ALARM 单位损失 -> TURTLE (12 v 35, 守塔阵不打野战)
[22:54:10] {"kind": "action", "what": "attack_move", "name": null, "qty": null, "ts": "22:54:10"}
[22:54:20] t=733 MOVE assault x4 -> (70,117); reserve x1 -> (134,87)
[22:54:20] {"kind": "action", "what": "attack_move", "name": null, "qty": null, "ts": "22:54:20"}
[22:54:20] {"kind": "action", "what": "attack_move", "name": null, "qty": null, "ts": "22:54:20"}
[22:54:23] t=737 MOVE raid x2 -> (83,126)
[22:54:23] {"kind": "action", "what": "attack_move", "name": null, "qty": null, "ts": "22:54:23"}
[22:54:27] t=740 jev INF E2 HOLD (预算保护 gate=False e2=2)
[22:54:29] t=741 jev INF E2 HOLD (预算保护 gate=False e2=2)
[22:54:29] t=741 MOVE raid x2 -> (82,126)
[22:54:29] {"kind": "action", "what": "attack_move", "name": null, "qty": null, "ts": "22:54:29"}
[22:54:30] t=743 jev INF E2 HOLD (预算保护 gate=False e2=2)
[22:54:33] t=745 MOVE raid x2 -> (83,126); assault x4 -> (70,117)
[22:54:33] {"kind": "action", "what": "attack_move", "name": null, "qty": null, "ts": "22:54:33"}
[22:54:33] {"kind": "action", "what": "attack_move", "name": null, "qty": null, "ts": "22:54:33"}
