Exception in thread Thread-1 (_readerthread):
Traceback (most recent call last):
  File "C:\Users\15652\AppData\Roaming\uv\python\cpython-3.12.10-windows-x86_64-none\Lib\threading.py", line 1075, in _bootstrap_inner
    self.run()
  File "C:\Users\15652\AppData\Roaming\uv\python\cpython-3.12.10-windows-x86_64-none\Lib\threading.py", line 1012, in run
    self._target(*self._args, **self._kwargs)
  File "C:\Users\15652\AppData\Roaming\uv\python\cpython-3.12.10-windows-x86_64-none\Lib\subprocess.py", line 1599, in _readerthread
    buffer.append(fh.read())
                  ^^^^^^^^^
  File "<frozen codecs>", line 322, in decode
UnicodeDecodeError: 'utf-8' codec can't decode byte 0xd0 in position 0: invalid continuation byte
[16:17:33] 进局中(全自动)...
[16:18:17] {"kind": "start", "policy": "ra2web-jev-player/1.0", "maxDecisions": 1200, "micro": {"events": [{"kind": "micro", "t": 0, "what": "start"}], "loopN": 1, "on": true, "outcome": null, "stall": false}, "ts": "16:18:17"}
[16:18:17] === ra2web-jev-player start (tick=1.5s, max_decisions=1200) ===
[16:18:17] t=1 DEPLOY mcv
[16:18:17] {"kind": "action", "what": "deploy", "ids": [1042], "ts": "16:18:17"}
[16:18:17] {"kind": "action", "what": "deploy", "name": null, "qty": null, "ts": "16:18:17"}
[16:18:21] t=6 POWER plant (reserve 0)
[16:18:21] {"kind": "action", "what": "produce", "name": "NAPOWR", "qty": 1, "ts": "16:18:21"}
[16:18:25] t=6 jev STANCE defend->develop (conf 0.93)
[16:19:12] {"kind": "action", "what": "produce", "name": "NAREFN", "qty": 1, "ts": "16:19:12"}
[16:19:12] t=74 OPENING BUILD NAREFN
[16:20:18] t=159 jev BUILD NAREFN (conf 0.62)
[16:20:18] {"kind": "action", "what": "produce", "name": "NAREFN", "qty": 1, "ts": "16:20:18"}
[16:20:29] t=175 tick#25 credits=7069 stance=develop | jev 25 decisions p50=920ms
[16:21:19] t=239 tick#50 credits=5520 stance=develop | jev 50 decisions p50=904ms
[16:21:26] t=250 jev BUILD NAPOWR (conf 0.57)
[16:21:26] {"kind": "action", "what": "produce", "name": "NAPOWR", "qty": 1, "ts": "16:21:26"}
[16:21:49] t=281 jev BUILD NAREFN (conf 0.24)
[16:21:49] {"kind": "action", "what": "produce", "name": "NAREFN", "qty": 1, "ts": "16:21:49"}
[16:22:16] t=317 tick#75 credits=6218 stance=defend | jev 75 decisions p50=904ms
[16:22:59] t=374 jev BUILD NAHAND (conf 0.35)
[16:22:59] {"kind": "action", "what": "produce", "name": "NAHAND", "qty": 1, "ts": "16:22:59"}
[16:23:06] t=383 tick#100 credits=4875 stance=defend | jev 100 decisions p50=906ms
[16:23:15] t=398 DEFLINE NALASR (have 0)
[16:23:15] {"kind": "action", "what": "produce", "name": "NALASR", "qty": 1, "ts": "16:23:15"}
[16:23:15] {"kind": "action", "what": "produce", "name": "NAWEAP", "qty": 1, "ts": "16:23:15"}
[16:23:15] t=398 OPENING BUILD NAWEAP
[16:23:20] t=398 jev INF DOG (conf 0.51)
[16:23:20] {"kind": "action", "what": "produce", "name": "DOG", "qty": 1, "ts": "16:23:20"}
[16:23:26] t=412 SCOUT dog* #1095->[14, 178]
[16:23:26] {"kind": "action", "what": "attack_move", "name": null, "qty": null, "ts": "16:23:26"}
[16:23:39] t=429 DEFLINE NALASR (have 1)
[16:23:40] t=431 DEFLINE NALASR (have 1)
[16:23:41] {"kind": "action", "what": "produce", "name": "NALASR", "qty": 1, "ts": "16:23:41"}
[16:24:09] t=441 jev INF DOG (conf 0.20)
[16:24:09] {"kind": "action", "what": "produce", "name": "DOG", "qty": 1, "ts": "16:24:09"}
[16:24:11] t=472 SCOUT dog #1095->[188, 84]
[16:24:11] {"kind": "action", "what": "attack_move", "name": null, "qty": null, "ts": "16:24:11"}
[16:24:23] t=484 jev INF DOG (conf 0.25)
[16:24:23] t=488 ECON harv#4
[16:24:23] t=488 TANK HTNK x4
[16:24:23] t=488 INSURE AA building
[16:24:23] {"kind": "action", "what": "produce", "name": "HARV", "qty": 1, "ts": "16:24:23"}
[16:24:23] {"kind": "action", "what": "produce", "name": "HTNK", "qty": 4, "ts": "16:24:23"}
[16:24:23] {"kind": "action", "what": "produce", "name": "NAFLAK", "qty": 1, "ts": "16:24:23"}
[16:24:24] t=488 jev INF DOG (conf 0.25)
[16:24:30] t=490 jev INF DOG (conf 0.24)
[16:25:03] t=525 jev INF DOG (conf 0.21)
[16:25:03] {"kind": "action", "what": "produce", "name": "DOG", "qty": 1, "ts": "16:25:03"}
[16:25:03] t=525 tick#125 credits=5991 stance=defend | jev 125 decisions p50=920ms
[16:25:04] t=542 SCOUT dog #1095->[188, 66]; t=542 SCOUT dog #1102->[188, 102]
[16:25:04] {"kind": "action", "what": "attack_move", "name": null, "qty": null, "ts": "16:25:04"}
[16:25:04] {"kind": "action", "what": "attack_move", "name": null, "qty": null, "ts": "16:25:04"}
[16:25:12] t=552 jev INF DOG (conf 0.24)
[16:25:13] t=554 jev INF DOG (conf 0.28)
[16:25:22] t=556 jev INF DOG (conf 0.30)
[16:25:27] t=571 jev INF DOG (conf 0.27)
[16:25:28] t=573 jev INF DOG (conf 0.27)
[16:25:29] t=576 jev INF DOG (conf 0.29)
[16:25:29] {"kind": "action", "what": "produce", "name": "DOG", "qty": 1, "ts": "16:25:29"}
[16:26:16] t=639 ALARM 哨戒炮被攻击 -> counter 3 vs 1 -> [132, 77]
[16:26:16] {"kind": "action", "what": "attack_move", "name": null, "qty": null, "ts": "16:26:16"}
[16:26:16] t=639 DEFLINE NALASR (have 1)
[16:26:16] {"kind": "action", "what": "produce", "name": "NALASR", "qty": 1, "ts": "16:26:16"}
[16:26:16] t=639 SCOUT dog #1095->[188, 48]
[16:26:16] {"kind": "action", "what": "attack_move", "name": null, "qty": null, "ts": "16:26:16"}
[16:26:16] {"kind": "action", "what": "produce", "name": "NAWEAP", "qty": 1, "ts": "16:26:16"}
[16:26:16] t=639 OPENING BUILD NAWEAP
[16:26:17] t=639 jev INF DOG (conf 0.43)
[16:26:17] {"kind": "action", "what": "produce", "name": "DOG", "qty": 1, "ts": "16:26:17"}
[16:26:18] t=641 SCOUT #1119->[14, 178] (敌影)
[16:26:18] {"kind": "action", "what": "attack_move", "name": null, "qty": null, "ts": "16:26:18"}
[16:26:24] t=648 jev INF DOG (conf 0.34)
[16:26:25] t=650 ALARM 敌军逼近 -> counter 3 vs 1 -> [117, 83]
[16:26:25] {"kind": "action", "what": "attack_move", "name": null, "qty": null, "ts": "16:26:25"}
[16:26:25] t=650 SCOUT* #1119->[14, 107]
[16:26:25] {"kind": "action", "what": "attack_move", "name": null, "qty": null, "ts": "16:26:25"}
[16:26:33] t=662 ALARM 敌军逼近 -> TURTLE (4 v 5, 守塔阵不打野战)
[16:26:33] {"kind": "action", "what": "attack_move", "name": null, "qty": null, "ts": "16:26:33"}
[16:26:37] t=666 RETREAT HTNK(39%)
[16:26:37] {"kind": "action", "what": "move", "name": null, "qty": null, "ts": "16:26:37"}
[16:26:44] t=671 MOVE assault x2 -> (137,82)
[16:26:44] {"kind": "action", "what": "attack_move", "name": null, "qty": null, "ts": "16:26:44"}
[16:26:44] t=676 ALARM 敌军逼近 -> TURTLE (4 v 5, 守塔阵不打野战)
[16:26:44] {"kind": "action", "what": "attack_move", "name": null, "qty": null, "ts": "16:26:44"}
[16:26:51] t=679 tick#150 credits=3411 stance=defend | jev 150 decisions p50=932ms
[16:26:52] t=686 SCOUT #1197->[14, 178] (敌影)
[16:26:52] {"kind": "action", "what": "attack_move", "name": null, "qty": null, "ts": "16:26:52"}
[16:26:52] t=686 jev INF DOG (conf 0.15)
[16:26:52] {"kind": "action", "what": "produce", "name": "DOG", "qty": 1, "ts": "16:26:52"}
[16:26:53] t=688 ALARM 敌军逼近 -> TURTLE (2 v 5, 守塔阵不打野战)
[16:26:53] {"kind": "action", "what": "attack_move", "name": null, "qty": null, "ts": "16:26:53"}
[16:26:53] t=688 RETREAT DOG(23%)
[16:26:53] {"kind": "action", "what": "move", "name": null, "qty": null, "ts": "16:26:53"}
[16:26:55] t=690 TANK HTNK x3
[16:26:55] {"kind": "action", "what": "produce", "name": "HTNK", "qty": 3, "ts": "16:26:55"}
[16:27:01] t=699 SCOUT dog #1095->[188, 120]
[16:27:01] {"kind": "action", "what": "attack_move", "name": null, "qty": null, "ts": "16:27:01"}
[16:27:27] t=699 jev INF DOG (conf 0.13)
[16:27:27] {"kind": "action", "what": "produce", "name": "DOG", "qty": 1, "ts": "16:27:27"}
[16:27:27] t=699 MOVE assault x2 -> (137,82)
[16:27:27] {"kind": "action", "what": "attack_move", "name": null, "qty": null, "ts": "16:27:27"}
[16:27:27] t=733 ALARM 哨戒炮被攻击 -> counter 1 vs 1 -> [133, 82]
[16:27:27] {"kind": "action", "what": "attack_move", "name": null, "qty": null, "ts": "16:27:27"}
[16:27:27] t=733 RETREAT HTNK(2%)
[16:27:27] {"kind": "action", "what": "move", "name": null, "qty": null, "ts": "16:27:27"}
[16:27:27] t=733 SCOUT* #1197->[98, 186]
[16:27:27] {"kind": "action", "what": "attack_move", "name": null, "qty": null, "ts": "16:27:27"}
[16:27:40] t=750 MOVE assault x2 -> (137,82)
[16:27:40] {"kind": "action", "what": "attack_move", "name": null, "qty": null, "ts": "16:27:40"}
[16:27:46] t=759 SCOUT dog #1519->[188, 30]
[16:27:46] {"kind": "action", "what": "attack_move", "name": null, "qty": null, "ts": "16:27:46"}
[16:28:30] t=761 MOVE assault x2 -> (137,82)
[16:28:30] {"kind": "action", "what": "attack_move", "name": null, "qty": null, "ts": "16:28:30"}
[16:28:30] t=818 POWER plant (reserve -110)
[16:28:30] t=818 ESCORT 坦克#1230 -> 护航矿车@[129, 104]
[16:28:30] {"kind": "action", "what": "produce", "name": "NAPOWR", "qty": 1, "ts": "16:28:30"}
[16:28:30] {"kind": "action", "what": "attack_move", "name": null, "qty": null, "ts": "16:28:30"}
[16:28:30] t=818 SCOUT* #1197->[14, 113]; t=818 SCOUT2 #1230->[66, 121]
[16:28:30] {"kind": "action", "what": "attack_move", "name": null, "qty": null, "ts": "16:28:30"}
[16:28:30] {"kind": "action", "what": "attack_move", "name": null, "qty": null, "ts": "16:28:30"}
[16:28:31] t=818 MOVE guard x2 -> (137,82)
[16:28:31] {"kind": "action", "what": "attack_move", "name": null, "qty": null, "ts": "16:28:31"}
[16:28:32] t=820 SCOUT dog #1519->[188, 138]
[16:28:32] {"kind": "action", "what": "attack_move", "name": null, "qty": null, "ts": "16:28:32"}
[16:28:36] t=824 jev INF SHK (conf 0.21)
[16:28:36] {"kind": "action", "what": "produce", "name": "SHK", "qty": 1, "ts": "16:28:36"}
[16:28:46] t=826 MOVE assault x1 -> (137,82)
[16:28:46] {"kind": "action", "what": "attack_move", "name": null, "qty": null, "ts": "16:28:46"}
[16:28:54] t=848 tick#175 credits=3894 stance=defend | jev 175 decisions p50=925ms
[16:28:59] t=853 MOVE assault x2 -> (137,82)
[16:28:59] {"kind": "action", "what": "attack_move", "name": null, "qty": null, "ts": "16:28:59"}
[16:29:02] t=857 MOVE guard x2 -> (137,82)
[16:29:02] {"kind": "action", "what": "attack_move", "name": null, "qty": null, "ts": "16:29:02"}
[16:29:02] t=860 ESCORT 坦克#1301 -> 护航矿车@[127, 105]
[16:29:02] {"kind": "action", "what": "attack_move", "name": null, "qty": null, "ts": "16:29:02"}
[16:29:14] t=860 MOVE assault x2 -> (137,82)
[16:29:15] {"kind": "action", "what": "attack_move", "name": null, "qty": null, "ts": "16:29:15"}
[16:29:17] t=880 SCOUT dog #1519->[188, 12]
[16:29:17] {"kind": "action", "what": "attack_move", "name": null, "qty": null, "ts": "16:29:17"}
[16:30:02] t=880 MOVE assault x2 -> (137,82); guard x2 -> (137,82)
[16:30:02] {"kind": "action", "what": "attack_move", "name": null, "qty": null, "ts": "16:30:02"}
[16:30:02] {"kind": "action", "what": "attack_move", "name": null, "qty": null, "ts": "16:30:02"}
[16:30:02] t=940 TANK HTNK x4
[16:30:02] t=940 ESCORT 坦克#1535 -> 护航矿车@[128, 105]
[16:30:02] {"kind": "action", "what": "produce", "name": "HTNK", "qty": 4, "ts": "16:30:02"}
[16:30:02] {"kind": "action", "what": "attack_move", "name": null, "qty": null, "ts": "16:30:02"}
[16:30:02] t=940 SCOUT dog* #1519->[14, 178]
[16:30:02] {"kind": "action", "what": "attack_move", "name": null, "qty": null, "ts": "16:30:02"}
[16:30:06] t=940 ATTACK (tanks=6)
[16:30:06] t=940 MOVE assault x4 -> (66,121)
[16:30:06] {"kind": "action", "what": "attack_move", "name": null, "qty": null, "ts": "16:30:06"}
[16:30:08] t=946 jev STANCE attack->defend (conf 0.69)
[16:30:08] t=946 ATTACK (tanks=6)
[16:30:09] t=949 jev STANCE attack->defend (conf 0.62)
[16:30:09] t=949 ATTACK (tanks=6)
[16:30:11] t=951 jev STANCE attack->defend (conf 0.67)
[16:30:11] t=951 ATTACK (tanks=6)
[16:30:12] t=953 jev STANCE attack->defend (conf 0.64)
[16:30:12] t=953 ATTACK (tanks=6)
[16:30:16] t=955 jev STANCE attack->defend (conf 0.63)
[16:30:16] t=955 ATTACK (tanks=6)
[16:30:17] t=959 jev STANCE attack->defend (conf 0.59)
[16:30:17] t=959 ATTACK (tanks=7)
[16:30:19] t=961 jev STANCE attack->defend (conf 0.63)
[16:30:19] t=961 ATTACK (tanks=7)
[16:30:19] t=961 MOVE assault x5 -> (66,121)
[16:30:19] {"kind": "action", "what": "attack_move", "name": null, "qty": null, "ts": "16:30:19"}
[16:30:20] t=963 jev STANCE attack->defend (conf 0.61)
[16:30:20] t=963 ATTACK (tanks=7)
[16:30:22] t=965 jev STANCE attack->defend (conf 0.60)
[16:30:22] t=965 ATTACK (tanks=7)
[16:30:23] t=967 jev STANCE attack->defend (conf 0.63)
[16:30:23] t=967 ATTACK (tanks=7)
[16:30:27] t=969 jev STANCE attack->defend (conf 0.62)
[16:30:27] t=969 ATTACK (tanks=7)
[16:30:30] t=974 MOVE assault x5 -> (105,88)
[16:30:30] {"kind": "action", "what": "attack_move", "name": null, "qty": null, "ts": "16:30:30"}
[16:30:31] t=977 MOVE assault x6 -> (108,85)
[16:30:31] {"kind": "action", "what": "attack_move", "name": null, "qty": null, "ts": "16:30:31"}
[16:30:32] t=979 MOVE guard x2 -> (137,82)
[16:30:32] {"kind": "action", "what": "attack_move", "name": null, "qty": null, "ts": "16:30:32"}
[16:30:33] t=981 ESCORT 坦克#1301 -> 护航矿车@[133, 126]
[16:30:33] {"kind": "action", "what": "attack_move", "name": null, "qty": null, "ts": "16:30:33"}
[16:30:35] t=983 MOVE assault x6 -> (108,84)
[16:30:35] {"kind": "action", "what": "attack_move", "name": null, "qty": null, "ts": "16:30:35"}
[16:30:37] t=985 MOVE assault x6 -> (107,83)
[16:30:37] {"kind": "action", "what": "attack_move", "name": null, "qty": null, "ts": "16:30:37"}
[16:30:39] t=987 jev STANCE attack->defend (conf 0.51)
[16:30:39] t=987 ATTACK (tanks=8)
[16:30:39] t=987 MOVE assault x6 -> (66,121)
[16:30:39] {"kind": "action", "what": "attack_move", "name": null, "qty": null, "ts": "16:30:39"}
[16:30:39] t=987 tick#200 credits=3353 stance=attack | jev 200 decisions p50=928ms
[16:30:40] t=990 jev STANCE attack->defend (conf 0.47)
[16:30:40] t=990 ATTACK (tanks=8)
[16:30:42] t=992 jev STANCE attack->defend (conf 0.54)
[16:30:42] t=992 ATTACK (tanks=8)
[16:30:44] t=994 jev STANCE attack->defend (conf 0.55)
[16:30:44] t=994 ATTACK (tanks=9)
[16:30:45] t=997 jev STANCE attack->defend (conf 0.49)
[16:30:45] t=997 ATTACK (tanks=9)
[16:30:46] t=999 AIR-DEFENSE 2nd AA
[16:30:46] {"kind": "action", "what": "produce", "name": "NAFLAK", "qty": 1, "ts": "16:30:46"}
[16:30:47] t=999 MOVE assault x7 -> (102,99)
[16:30:47] {"kind": "action", "what": "attack_move", "name": null, "qty": null, "ts": "16:30:47"}
[16:30:48] t=1001 SCOUT dog #1519->[188, 156]
[16:30:48] {"kind": "action", "what": "attack_move", "name": null, "qty": null, "ts": "16:30:48"}
[16:30:50] t=1001 jev INF SHK (conf 0.16)
[16:30:50] {"kind": "action", "what": "produce", "name": "SHK", "qty": 1, "ts": "16:30:50"}
[16:30:50] t=1001 MOVE assault x7 -> (102,98)
[16:30:50] {"kind": "action", "what": "attack_move", "name": null, "qty": null, "ts": "16:30:50"}
[16:31:20] t=1007 MOVE assault x7 -> (100,95); guard x2 -> (137,82)
[16:31:21] {"kind": "action", "what": "attack_move", "name": null, "qty": null, "ts": "16:31:21"}
[16:31:21] {"kind": "action", "what": "attack_move", "name": null, "qty": null, "ts": "16:31:21"}
[16:31:21] t=1045 ALARM 单位损失 -> 攻势保持（塔阵守家, 前线 7 个单位继续进攻）
[16:31:21] t=1045 POWER plant (reserve -10)
[16:31:21] t=1045 TANK HTNK x2
[16:31:21] t=1045 ESCORT 坦克#1591 -> 护航矿车@[119, 131]
[16:31:21] t=1045 RETREAT HTNK(2%)
[16:31:21] {"kind": "action", "what": "produce", "name": "NAPOWR", "qty": 1, "ts": "16:31:21"}
[16:31:21] {"kind": "action", "what": "produce", "name": "HTNK", "qty": 2, "ts": "16:31:21"}
[16:31:21] {"kind": "action", "what": "attack_move", "name": null, "qty": null, "ts": "16:31:21"}
[16:31:21] {"kind": "action", "what": "move", "name": null, "qty": null, "ts": "16:31:21"}
[16:31:21] t=1045 SCOUT #1197->[14, 178] (敌影)
[16:31:21] {"kind": "action", "what": "attack_move", "name": null, "qty": null, "ts": "16:31:21"}
[16:31:23] t=1045 jev INF SHK (conf 0.18)
[16:31:23] {"kind": "action", "what": "produce", "name": "SHK", "qty": 1, "ts": "16:31:23"}
[16:31:23] t=1045 MOVE assault x5 -> (102,98)
[16:31:23] {"kind": "action", "what": "attack_move", "name": null, "qty": null, "ts": "16:31:23"}
[16:31:25] t=1049 jev STANCE attack->defend (conf 0.52)
[16:31:25] t=1049 ATTACK (tanks=6)
[16:31:26] t=1052 jev STANCE attack->defend (conf 0.45)
[16:31:26] t=1052 ATTACK (tanks=6)
[16:31:27] t=1054 RETREAT HTNK(30%)
[16:31:27] {"kind": "action", "what": "move", "name": null, "qty": null, "ts": "16:31:27"}
[16:31:28] t=1054 jev STANCE attack->defend (conf 0.50)
[16:31:28] t=1054 ATTACK (tanks=6)
[16:31:31] t=1056 jev STANCE attack->defend (conf 0.47)
[16:31:31] t=1056 ATTACK (tanks=6)
[16:31:31] t=1058 ALARM 单位损失 -> 攻势保持（塔阵守家, 前线 6 个单位继续进攻）
[16:31:33] t=1058 jev STANCE attack->defend (conf 0.50)
[16:31:33] t=1058 MOVE assault x4 -> (134,79)
[16:31:33] {"kind": "action", "what": "attack_move", "name": null, "qty": null, "ts": "16:31:33"}
[16:31:33] t=1062 SCOUT dog #1519->[188, 174]
[16:31:33] {"kind": "action", "what": "attack_move", "name": null, "qty": null, "ts": "16:31:33"}
[16:31:41] t=1072 RETREAT HTNK(39%)
[16:31:41] {"kind": "action", "what": "move", "name": null, "qty": null, "ts": "16:31:41"}
[16:31:46] t=1076 MOVE assault x4 -> (134,79)
[16:31:46] {"kind": "action", "what": "attack_move", "name": null, "qty": null, "ts": "16:31:46"}
[16:31:53] t=1081 MOVE guard x2 -> (137,82)
[16:31:53] {"kind": "action", "what": "attack_move", "name": null, "qty": null, "ts": "16:31:53"}
[16:31:53] t=1088 ESCORT 坦克#1591 -> 护航矿车@[117, 134]
[16:31:53] {"kind": "action", "what": "attack_move", "name": null, "qty": null, "ts": "16:31:53"}
[16:31:55] t=1088 ATTACK (tanks=6)
[16:31:55] t=1088 MOVE assault x5 -> (112,84)
[16:31:55] {"kind": "action", "what": "attack_move", "name": null, "qty": null, "ts": "16:31:55"}
[16:31:55] t=1088 tick#225 credits=392 stance=attack | jev 225 decisions p50=925ms
[16:31:56] t=1091 jev STANCE attack->defend (conf 0.49)
[16:31:56] t=1091 ATTACK (tanks=6)
[16:31:56] t=1091 MOVE assault x6 -> (114,84)
[16:31:56] {"kind": "action", "what": "attack_move", "name": null, "qty": null, "ts": "16:31:56"}
[16:31:57] t=1093 ALARM 单位损失 -> 攻势保持（塔阵守家, 前线 7 个单位继续进攻）
[16:31:58] t=1093 jev STANCE attack->defend (conf 0.53)
[16:31:58] t=1093 MOVE assault x5 -> (134,79)
[16:31:58] {"kind": "action", "what": "attack_move", "name": null, "qty": null, "ts": "16:31:58"}
[16:31:59] t=1095 ALARM 敌军逼近 -> TURTLE (7 v 6, 守塔阵不打野战)
[16:31:59] {"kind": "action", "what": "attack_move", "name": null, "qty": null, "ts": "16:31:59"}
[16:31:59] t=1095 SCOUT* #1197->[14, 101]
[16:31:59] {"kind": "action", "what": "attack_move", "name": null, "qty": null, "ts": "16:31:59"}
[16:31:59] t=1095 jev INF DOG (conf 0.25)
[16:32:00] {"kind": "action", "what": "produce", "name": "DOG", "qty": 1, "ts": "16:32:00"}
[16:32:08] t=1105 MOVE assault x5 -> (137,82)
[16:32:08] {"kind": "action", "what": "attack_move", "name": null, "qty": null, "ts": "16:32:08"}
[16:32:08] t=1108 ALARM 苏联战车工厂被攻击 -> counter 7 vs 4 -> [128, 80]
[16:32:08] {"kind": "action", "what": "attack_move", "name": null, "qty": null, "ts": "16:32:08"}
[16:32:17] t=1120 ALARM 苏联战车工厂被攻击 -> counter 7 vs 1 -> [128, 80]
[16:32:17] {"kind": "action", "what": "attack_move", "name": null, "qty": null, "ts": "16:32:17"}
[16:32:17] t=1120 SCOUT2 #1301->[100, 100]
[16:32:17] {"kind": "action", "what": "attack_move", "name": null, "qty": null, "ts": "16:32:17"}
[16:32:18] t=1122 SCOUT dog #1519->[12, 84]
[16:32:18] {"kind": "action", "what": "attack_move", "name": null, "qty": null, "ts": "16:32:18"}
[16:32:23] t=1128 ESCORT 坦克#1652 -> 护航矿车@[120, 123]
[16:32:23] {"kind": "action", "what": "attack_move", "name": null, "qty": null, "ts": "16:32:23"}
[16:32:24] t=1128 jev INF DOG (conf 0.37)
[16:32:25] t=1130 jev INF DOG (conf 0.33)
[16:32:25] {"kind": "action", "what": "produce", "name": "DOG", "qty": 1, "ts": "16:32:25"}
[16:32:25] t=1130 MOVE assault x4 -> (122,81); guard x2 -> (137,82)
[16:32:25] {"kind": "action", "what": "attack_move", "name": null, "qty": null, "ts": "16:32:25"}
[16:32:25] {"kind": "action", "what": "attack_move", "name": null, "qty": null, "ts": "16:32:25"}
[16:32:30] t=1132 jev VEH HTNK (conf 0.34)
[16:32:30] {"kind": "action", "what": "produce", "name": "HTNK", "qty": 1, "ts": "16:32:30"}
[16:32:34] t=1140 jev INF DOG (conf 0.31)
[16:32:35] t=1143 jev INF DOG (conf 0.27)
[16:32:37] t=1145 jev INF DOG (conf 0.34)
[16:32:38] t=1147 jev INF DOG (conf 0.29)
[16:32:38] t=1147 MOVE assault x5 -> (122,81)
[16:32:38] {"kind": "action", "what": "attack_move", "name": null, "qty": null, "ts": "16:32:38"}
[16:32:42] t=1149 jev INF DOG (conf 0.32)
[16:32:43] t=1154 jev INF DOG (conf 0.32)
[16:32:44] t=1156 SCOUT* #1197->[14, 98]
[16:32:44] {"kind": "action", "what": "attack_move", "name": null, "qty": null, "ts": "16:32:44"}
[16:32:45] t=1156 jev INF DOG (conf 0.28)
[16:32:45] t=1156 jev VEH HTNK (conf 0.32)
[16:32:45] t=1156 ATTACK (tanks=6)
[16:32:45] t=1156 MOVE assault x6 -> (66,121)
[16:32:45] {"kind": "action", "what": "attack_move", "name": null, "qty": null, "ts": "16:32:45"}
[16:32:45] t=1156 tick#250 credits=502 stance=attack | jev 250 decisions p50=920ms
[16:32:46] t=1158 jev INF DOG (conf 0.34)
[16:32:46] t=1158 jev VEH HTNK (conf 0.26)
[16:32:46] t=1158 jev STANCE attack->defend (conf 0.77)
[16:32:46] t=1158 ATTACK (tanks=6)
[16:32:48] t=1160 jev INF DOG (conf 0.35)
[16:32:48] t=1160 jev VEH HTNK (conf 0.36)
[16:32:48] t=1160 jev STANCE attack->defend (conf 0.75)
[16:32:48] t=1160 ATTACK (tanks=6)
[16:32:49] t=1162 jev INF DOG (conf 0.37)
[16:32:49] t=1162 jev VEH HTNK (conf 0.26)
[16:32:49] t=1162 jev STANCE attack->defend (conf 0.77)
[16:32:49] t=1162 ATTACK (tanks=6)
[16:32:51] t=1164 jev INF DOG (conf 0.33)
[16:32:51] t=1164 jev VEH HTNK (conf 0.28)
[16:32:51] t=1164 jev STANCE attack->defend (conf 0.75)
[16:32:51] {"kind": "action", "what": "produce", "name": "DOG", "qty": 1, "ts": "16:32:51"}
[16:32:51] t=1164 ATTACK (tanks=6)
[16:32:52] t=1166 jev VEH HTNK (conf 0.35)
[16:32:52] t=1166 jev STANCE attack->defend (conf 0.77)
[16:32:52] t=1166 ATTACK (tanks=6)
[16:32:56] t=1168 jev VEH HTNK (conf 0.31)
[16:32:56] t=1168 jev STANCE attack->defend (conf 0.77)
[16:32:56] {"kind": "action", "what": "produce", "name": "HTNK", "qty": 1, "ts": "16:32:56"}
[16:32:56] t=1168 ATTACK (tanks=6)
[16:32:56] t=1168 MOVE guard x2 -> (137,82)
[16:32:56] {"kind": "action", "what": "attack_move", "name": null, "qty": null, "ts": "16:32:56"}
[16:32:56] t=1172 ESCORT 坦克#1932 -> 护航矿车@[121, 103]
[16:32:56] {"kind": "action", "what": "attack_move", "name": null, "qty": null, "ts": "16:32:56"}
[16:32:57] t=1172 jev STANCE attack->defend (conf 0.78)
[16:32:57] t=1172 ATTACK (tanks=6)
[16:32:57] t=1172 MOVE assault x6 -> (66,121)
[16:32:57] {"kind": "action", "what": "attack_move", "name": null, "qty": null, "ts": "16:32:57"}
[16:33:02] t=1174 jev STANCE attack->defend (conf 0.79)
[16:33:02] t=1174 ATTACK (tanks=6)
[16:33:03] t=1181 jev STANCE attack->defend (conf 0.73)
[16:33:03] t=1181 ATTACK (tanks=6)
[16:33:04] t=1183 SCOUT dog #1519->[12, 66]; t=1183 SCOUT dog #1931->[12, 102]
[16:33:04] {"kind": "action", "what": "attack_move", "name": null, "qty": null, "ts": "16:33:04"}
[16:33:04] {"kind": "action", "what": "attack_move", "name": null, "qty": null, "ts": "16:33:04"}
[16:33:05] t=1183 jev STANCE attack->defend (conf 0.77)
[16:33:05] t=1183 ATTACK (tanks=6)
[16:33:06] t=1185 jev STANCE attack->defend (conf 0.74)
[16:33:06] t=1185 ATTACK (tanks=6)
[16:33:11] t=1187 jev STANCE attack->defend (conf 0.74)
[16:33:11] t=1187 ATTACK (tanks=6)
[16:33:11] t=1187 MOVE assault x6 -> (66,121)
[16:33:11] {"kind": "action", "what": "attack_move", "name": null, "qty": null, "ts": "16:33:11"}
[16:33:17] t=1192 jev STANCE attack->defend (conf 0.79)
[16:33:17] t=1192 ATTACK (tanks=6)
[16:33:20] t=1200 jev VEH HTNK (conf 0.27)
[16:33:20] t=1200 jev STANCE attack->defend (conf 0.77)
[16:33:20] t=1200 ATTACK (tanks=7)
[16:33:20] t=1204 ENEMY BASE spotted @[75, 117]
[16:33:21] t=1204 jev VEH HTNK (conf 0.39)
[16:33:21] t=1204 MOVE raid x2 -> (75,117); assault x5 -> 攻击目标#1528@(75,114)
[16:33:21] {"kind": "action", "what": "attack_move", "name": null, "qty": null, "ts": "16:33:21"}
[16:33:21] {"kind": "action", "what": "attack_obj", "name": null, "qty": null, "ts": "16:33:21"}
[16:33:22] t=1206 HARASS DRON x2 (have 0)
[16:33:22] {"kind": "action", "what": "produce", "name": "DRON", "qty": 2, "ts": "16:33:22"}
[16:33:26] t=1208 MOVE raid x2 -> (78,118)
[16:33:26] {"kind": "action", "what": "attack_move", "name": null, "qty": null, "ts": "16:33:26"}
[16:33:27] t=1212 MOVE raid x2 -> (78,114); guard x2 -> (137,82)
[16:33:27] {"kind": "action", "what": "attack_move", "name": null, "qty": null, "ts": "16:33:27"}
[16:33:27] {"kind": "action", "what": "attack_move", "name": null, "qty": null, "ts": "16:33:27"}
[16:33:28] t=1214 ESCORT 坦克#1935 -> 护航矿车@[120, 109]
[16:33:28] {"kind": "action", "what": "attack_move", "name": null, "qty": null, "ts": "16:33:28"}
[16:33:28] t=1214 MOVE raid x2 -> (78,111)
[16:33:28] {"kind": "action", "what": "attack_move", "name": null, "qty": null, "ts": "16:33:28"}
[16:33:30] t=1216 jev INF E2 HOLD (预算保护 gate=False e2=0)
[16:33:30] t=1216 MOVE raid x2 -> (78,109)
[16:33:30] {"kind": "action", "what": "attack_move", "name": null, "qty": null, "ts": "16:33:30"}
[16:33:31] t=1218 MOVE raid x2 -> (78,107)
[16:33:31] {"kind": "action", "what": "attack_move", "name": null, "qty": null, "ts": "16:33:31"}
[16:33:37] t=1220 MOVE raid x2 -> (78,119); assault x6 -> 攻击目标#1528@(75,114)
[16:33:37] {"kind": "action", "what": "attack_move", "name": null, "qty": null, "ts": "16:33:37"}
[16:33:37] {"kind": "action", "what": "attack_obj", "name": null, "qty": null, "ts": "16:33:37"}
[16:33:38] t=1227 jev VEH HTNK (conf 0.41)
[16:33:38] {"kind": "action", "what": "produce", "name": "HTNK", "qty": 1, "ts": "16:33:38"}
[16:33:38] t=1227 MOVE raid x3 -> (78,111)
[16:33:38] {"kind": "action", "what": "attack_move", "name": null, "qty": null, "ts": "16:33:38"}
[16:33:40] t=1229 MOVE raid x3 -> (78,110)
[16:33:40] {"kind": "action", "what": "attack_move", "name": null, "qty": null, "ts": "16:33:40"}
[16:33:53] t=1231 MOVE raid x3 -> (79,108); assault x6 -> 攻击目标#1528@(75,114)
[16:33:53] {"kind": "action", "what": "attack_move", "name": null, "qty": null, "ts": "16:33:53"}
[16:33:53] {"kind": "action", "what": "attack_obj", "name": null, "qty": null, "ts": "16:33:53"}
[16:33:53] t=1231 tick#275 credits=0 stance=attack | jev 275 decisions p50=914ms
[16:33:53] t=1248 RETREAT HTNK(28%)
[16:33:53] {"kind": "action", "what": "move", "name": null, "qty": null, "ts": "16:33:53"}
[16:33:56] t=1248 MOVE raid x3 -> (75,120)
[16:33:56] {"kind": "action", "what": "attack_move", "name": null, "qty": null, "ts": "16:33:56"}
[16:34:39] t=1253 MOVE raid x3 -> (71,114); assault x6 -> 攻击目标#1528@(75,114); guard x2 -> (137,82)
[16:34:39] {"kind": "action", "what": "attack_move", "name": null, "qty": null, "ts": "16:34:39"}
[16:34:39] {"kind": "action", "what": "attack_obj", "name": null, "qty": null, "ts": "16:34:39"}
[16:34:39] {"kind": "action", "what": "attack_move", "name": null, "qty": null, "ts": "16:34:39"}
[16:34:39] t=1310 ALARM 单位损失 -> 攻势保持（塔阵守家, 前线 8 个单位继续进攻）
[16:34:39] t=1310 ESCORT 坦克#1301 -> 护航矿车@[114, 136]
[16:34:39] t=1310 RETREAT HTNK(26%)
[16:34:39] {"kind": "action", "what": "attack_move", "name": null, "qty": null, "ts": "16:34:39"}
[16:34:39] {"kind": "action", "what": "move", "name": null, "qty": null, "ts": "16:34:39"}
[16:34:40] t=1310 jev VEH HTNK (conf 0.37)
[16:34:40] {"kind": "action", "what": "produce", "name": "HTNK", "qty": 1, "ts": "16:34:40"}
[16:34:40] t=1310 MOVE raid x2 -> (78,105); assault x4 -> 攻击目标#1068@(75,117)
[16:34:40] {"kind": "action", "what": "attack_move", "name": null, "qty": null, "ts": "16:34:40"}
[16:34:40] {"kind": "action", "what": "attack_obj", "name": null, "qty": null, "ts": "16:34:40"}
[16:34:41] t=1312 RETREAT HTNK(38%)
[16:34:41] {"kind": "action", "what": "move", "name": null, "qty": null, "ts": "16:34:41"}
[16:34:44] t=1312 MOVE raid x2 -> (78,103)
[16:34:44] {"kind": "action", "what": "attack_move", "name": null, "qty": null, "ts": "16:34:44"}
[16:34:45] t=1317 MOVE raid x2 -> (78,116)
[16:34:45] {"kind": "action", "what": "attack_move", "name": null, "qty": null, "ts": "16:34:45"}
[16:34:47] t=1319 MOVE raid x2 -> (78,114)
[16:34:47] {"kind": "action", "what": "attack_move", "name": null, "qty": null, "ts": "16:34:47"}
[16:34:49] t=1321 MOVE raid x2 -> (78,112)
[16:34:49] {"kind": "action", "what": "attack_move", "name": null, "qty": null, "ts": "16:34:49"}
[16:34:53] t=1323 MOVE raid x2 -> (78,109); assault x4 -> 攻击目标#1068@(75,117)
[16:34:53] {"kind": "action", "what": "attack_move", "name": null, "qty": null, "ts": "16:34:53"}
[16:34:53] {"kind": "action", "what": "attack_obj", "name": null, "qty": null, "ts": "16:34:53"}
[16:34:54] t=1328 MOVE raid x2 -> (78,104)
[16:34:54] {"kind": "action", "what": "attack_move", "name": null, "qty": null, "ts": "16:34:54"}
[16:34:55] t=1330 MOVE raid x2 -> (79,102)
[16:34:55] {"kind": "action", "what": "attack_move", "name": null, "qty": null, "ts": "16:34:55"}
[16:34:56] t=1332 ALARM 单位损失 -> 攻势保持（塔阵守家, 前线 7 个单位继续进攻）
[16:34:57] t=1332 MOVE raid x2 -> (74,123)
[16:34:57] {"kind": "action", "what": "attack_move", "name": null, "qty": null, "ts": "16:34:57"}
[16:34:57] t=1334 ALARM 单位损失 -> 攻势保持（塔阵守家, 前线 7 个单位继续进攻）
[16:35:42] t=1334 MOVE raid x2 -> (74,123); assault x4 -> 攻击目标#1068@(75,117)
[16:35:42] {"kind": "action", "what": "attack_move", "name": null, "qty": null, "ts": "16:35:42"}
[16:35:42] {"kind": "action", "what": "attack_obj", "name": null, "qty": null, "ts": "16:35:42"}
[16:35:43] t=1394 ALARM 单位损失 -> 攻势保持（塔阵守家, 前线 7 个单位继续进攻）
[16:35:43] t=1394 HARASS DRON x2 (have 0)
[16:35:43] t=1394 TANK HTNK x2
[16:35:43] t=1394 AA HTK x2 (enemy air)
[16:35:43] {"kind": "action", "what": "produce", "name": "DRON", "qty": 2, "ts": "16:35:43"}
[16:35:43] {"kind": "action", "what": "produce", "name": "HTNK", "qty": 2, "ts": "16:35:43"}
[16:35:43] {"kind": "action", "what": "produce", "name": "HTK", "qty": 2, "ts": "16:35:43"}
[16:35:45] t=1394 MOVE raid x2 -> (78,119); assault x2 -> 攻击目标#1053@(75,120)
[16:35:45] {"kind": "action", "what": "attack_move", "name": null, "qty": null, "ts": "16:35:45"}
[16:35:45] {"kind": "action", "what": "attack_obj", "name": null, "qty": null, "ts": "16:35:45"}
[16:35:46] t=1397 jev INF SHK (conf 0.18)
[16:35:46] {"kind": "action", "what": "produce", "name": "SHK", "qty": 1, "ts": "16:35:46"}
[16:35:46] t=1397 MOVE raid x2 -> (78,117)
[16:35:46] {"kind": "action", "what": "attack_move", "name": null, "qty": null, "ts": "16:35:46"}
[16:35:50] t=1404 ALARM 单位损失 -> 攻势保持（塔阵守家, 前线 8 个单位继续进攻）
[16:35:50] t=1404 jev STANCE attack->defend (conf 0.48)
[16:35:50] t=1404 MOVE raid x2 -> (78,114)
[16:35:50] {"kind": "action", "what": "attack_move", "name": null, "qty": null, "ts": "16:35:50"}
[16:35:58] t=1406 MOVE raid x2 -> (78,112); assault x2 -> 攻击目标#1053@(75,120)
[16:35:58] {"kind": "action", "what": "attack_move", "name": null, "qty": null, "ts": "16:35:58"}
[16:35:58] {"kind": "action", "what": "attack_obj", "name": null, "qty": null, "ts": "16:35:58"}
[16:35:58] t=1415 ESCORT 坦克#2337 -> 护航矿车@[120, 102]
[16:35:58] {"kind": "action", "what": "attack_move", "name": null, "qty": null, "ts": "16:35:58"}
[16:35:59] t=1415 MOVE raid x2 -> (79,102); assault x3 -> 攻击目标#2504@(75,117)
[16:35:59] {"kind": "action", "what": "attack_move", "name": null, "qty": null, "ts": "16:35:59"}
[16:35:59] {"kind": "action", "what": "attack_obj", "name": null, "qty": null, "ts": "16:35:59"}
[16:36:00] t=1417 MOVE raid x2 -> (80,100)
[16:36:01] {"kind": "action", "what": "attack_move", "name": null, "qty": null, "ts": "16:36:01"}
[16:36:04] t=1419 MOVE raid x2 -> (78,111)
[16:36:04] {"kind": "action", "what": "attack_move", "name": null, "qty": null, "ts": "16:36:04"}
[16:36:06] t=1424 MOVE raid x2 -> (78,106)
[16:36:06] {"kind": "action", "what": "attack_move", "name": null, "qty": null, "ts": "16:36:06"}
[16:36:13] t=1426 MOVE raid x2 -> (78,104); assault x4 -> 攻击目标#2504@(75,117)
[16:36:13] {"kind": "action", "what": "attack_move", "name": null, "qty": null, "ts": "16:36:13"}
[16:36:13] {"kind": "action", "what": "attack_obj", "name": null, "qty": null, "ts": "16:36:13"}
[16:36:14] t=1435 MOVE raid x2 -> (87,107)
[16:36:14] {"kind": "action", "what": "attack_move", "name": null, "qty": null, "ts": "16:36:14"}
[16:36:15] t=1437 ALARM 单位损失 -> TURTLE (10 v 18, 守塔阵不打野战)
[16:36:15] {"kind": "action", "what": "attack_move", "name": null, "qty": null, "ts": "16:36:15"}
[16:36:24] t=1442 MOVE raid x2 -> (88,107)
[16:36:24] {"kind": "action", "what": "attack_move", "name": null, "qty": null, "ts": "16:36:24"}
[16:36:24] t=1442 tick#300 credits=242 stance=defend | jev 300 decisions p50=917ms
[16:36:24] t=1450 ALARM 单位损失 -> TURTLE (10 v 19, 守塔阵不打野战)
[16:36:24] {"kind": "action", "what": "attack_move", "name": null, "qty": null, "ts": "16:36:24"}
[16:36:30] t=1457 ESCORT 坦克#2337 -> 护航矿车@[114, 136]
[16:36:30] {"kind": "action", "what": "attack_move", "name": null, "qty": null, "ts": "16:36:30"}
[16:36:44] t=1459 MOVE raid x2 -> (92,105); assault x5 -> 攻击目标#2504@(75,117)
[16:36:44] {"kind": "action", "what": "attack_move", "name": null, "qty": null, "ts": "16:36:44"}
[16:36:44] {"kind": "action", "what": "attack_obj", "name": null, "qty": null, "ts": "16:36:44"}
[16:36:45] t=1477 MOVE raid x2 -> (103,94)
[16:36:45] {"kind": "action", "what": "attack_move", "name": null, "qty": null, "ts": "16:36:45"}
[16:36:47] t=1479 MOVE raid x2 -> (103,92)
[16:36:47] {"kind": "action", "what": "attack_move", "name": null, "qty": null, "ts": "16:36:47"}
[16:36:48] t=1481 MOVE raid x2 -> (104,90)
[16:36:48] {"kind": "action", "what": "attack_move", "name": null, "qty": null, "ts": "16:36:48"}
[16:36:50] t=1483 MOVE raid x2 -> (105,88)
[16:36:50] {"kind": "action", "what": "attack_move", "name": null, "qty": null, "ts": "16:36:50"}
[16:36:51] t=1485 MOVE raid x2 -> (106,87)
[16:36:51] {"kind": "action", "what": "attack_move", "name": null, "qty": null, "ts": "16:36:51"}
[16:36:53] t=1487 MOVE raid x2 -> (108,85)
[16:36:53] {"kind": "action", "what": "attack_move", "name": null, "qty": null, "ts": "16:36:53"}
[16:36:57] t=1489 MOVE assault x5 -> 攻击目标#2504@(75,117)
[16:36:57] {"kind": "action", "what": "attack_obj", "name": null, "qty": null, "ts": "16:36:57"}
[16:36:58] t=1493 MOVE raid x2 -> (107,83)
[16:36:58] {"kind": "action", "what": "attack_move", "name": null, "qty": null, "ts": "16:36:58"}
[16:36:59] t=1495 MOVE raid x2 -> (108,82)
[16:36:59] {"kind": "action", "what": "attack_move", "name": null, "qty": null, "ts": "16:36:59"}
[16:37:01] t=1497 MOVE raid x2 -> (110,83)
[16:37:01] {"kind": "action", "what": "attack_move", "name": null, "qty": null, "ts": "16:37:01"}
[16:37:01] t=1499 ESCORT 坦克#2526 -> 护航矿车@[112, 138]
[16:37:01] {"kind": "action", "what": "attack_move", "name": null, "qty": null, "ts": "16:37:01"}
[16:37:02] t=1499 MOVE raid x2 -> (110,84)
[16:37:02] {"kind": "action", "what": "attack_move", "name": null, "qty": null, "ts": "16:37:02"}
[16:37:04] t=1501 MOVE raid x2 -> (110,85)
[16:37:04] {"kind": "action", "what": "attack_move", "name": null, "qty": null, "ts": "16:37:04"}
[16:37:05] t=1503 MOVE raid x2 -> (111,86)
[16:37:05] {"kind": "action", "what": "attack_move", "name": null, "qty": null, "ts": "16:37:05"}
[16:37:07] t=1505 MOVE raid x2 -> (113,86)
[16:37:07] {"kind": "action", "what": "attack_move", "name": null, "qty": null, "ts": "16:37:07"}
[16:37:11] t=1507 MOVE raid x2 -> (114,87); assault x5 -> 攻击目标#2504@(75,117)
[16:37:11] {"kind": "action", "what": "attack_move", "name": null, "qty": null, "ts": "16:37:11"}
[16:37:11] {"kind": "action", "what": "attack_obj", "name": null, "qty": null, "ts": "16:37:11"}
[16:37:12] t=1513 MOVE raid x2 -> (78,103)
[16:37:12] {"kind": "action", "what": "attack_move", "name": null, "qty": null, "ts": "16:37:12"}
[16:37:14] t=1515 MOVE raid x2 -> (79,102)
[16:37:14] {"kind": "action", "what": "attack_move", "name": null, "qty": null, "ts": "16:37:14"}
[16:37:16] t=1517 MOVE raid x2 -> (80,100)
[16:37:16] {"kind": "action", "what": "attack_move", "name": null, "qty": null, "ts": "16:37:16"}
[16:37:17] t=1520 AA HTK x2 (enemy air)
[16:37:17] {"kind": "action", "what": "produce", "name": "HTK", "qty": 2, "ts": "16:37:17"}
[16:37:20] t=1520 ATTACK (tanks=6)
[16:37:20] t=1520 MOVE raid x2 -> (89,107); guard x2 -> (137,82)
[16:37:20] {"kind": "action", "what": "attack_move", "name": null, "qty": null, "ts": "16:37:20"}
[16:37:20] {"kind": "action", "what": "attack_move", "name": null, "qty": null, "ts": "16:37:20"}
[16:37:21] t=1524 tick#325 credits=359 stance=attack | jev 325 decisions p50=906ms
[16:38:05] t=1526 MOVE raid x2 -> (78,121); assault x4 -> 攻击目标#2504@(75,117); guard x2 -> (137,82)
[16:38:05] {"kind": "action", "what": "attack_move", "name": null, "qty": null, "ts": "16:38:05"}
[16:38:05] {"kind": "action", "what": "attack_obj", "name": null, "qty": null, "ts": "16:38:05"}
[16:38:05] {"kind": "action", "what": "attack_move", "name": null, "qty": null, "ts": "16:38:05"}
[16:38:05] t=1584 HARASS DRON x2 (have 0)
[16:38:05] t=1584 ESCORT 坦克#2506 -> 护航矿车@[120, 111]
[16:38:05] t=1584 RETREAT HTNK(39%)
[16:38:05] {"kind": "action", "what": "produce", "name": "DRON", "qty": 2, "ts": "16:38:05"}
[16:38:05] {"kind": "action", "what": "attack_move", "name": null, "qty": null, "ts": "16:38:05"}
[16:38:05] {"kind": "action", "what": "move", "name": null, "qty": null, "ts": "16:38:05"}
[16:38:08] t=1584 MOVE raid x2 -> (70,117)
[16:38:09] {"kind": "action", "what": "attack_move", "name": null, "qty": null, "ts": "16:38:09"}
[16:38:09] t=1589 ALARM 单位损失 -> 攻势保持（塔阵守家, 前线 12 个单位继续进攻）
[16:38:11] t=1589 MOVE raid x2 -> (78,121)
[16:38:11] {"kind": "action", "what": "attack_move", "name": null, "qty": null, "ts": "16:38:11"}
[16:38:14] t=1592 MOVE raid x3 -> (78,120)
[16:38:14] {"kind": "action", "what": "attack_move", "name": null, "qty": null, "ts": "16:38:14"}
[16:38:15] t=1596 MOVE raid x3 -> (78,115)
[16:38:15] {"kind": "action", "what": "attack_move", "name": null, "qty": null, "ts": "16:38:15"}
[16:38:16] t=1598 MOVE raid x3 -> (78,113)
[16:38:17] {"kind": "action", "what": "attack_move", "name": null, "qty": null, "ts": "16:38:17"}
[16:38:18] t=1600 jev VEH HTNK (conf 0.30)
[16:38:18] {"kind": "action", "what": "produce", "name": "HTNK", "qty": 1, "ts": "16:38:18"}
[16:38:18] t=1600 MOVE raid x3 -> (78,111); assault x6 -> 攻击目标#2504@(75,117)
[16:38:18] {"kind": "action", "what": "attack_move", "name": null, "qty": null, "ts": "16:38:18"}
[16:38:18] {"kind": "action", "what": "attack_obj", "name": null, "qty": null, "ts": "16:38:18"}
[16:38:21] t=1602 MOVE raid x3 -> (78,108)
[16:38:21] {"kind": "action", "what": "attack_move", "name": null, "qty": null, "ts": "16:38:21"}
[16:38:23] t=1605 MOVE raid x3 -> (78,105)
[16:38:23] {"kind": "action", "what": "attack_move", "name": null, "qty": null, "ts": "16:38:23"}
[16:38:26] t=1608 MOVE raid x3 -> (79,102)
[16:38:26] {"kind": "action", "what": "attack_move", "name": null, "qty": null, "ts": "16:38:26"}
[16:38:26] t=1612 ALARM 单位损失 -> 攻势保持（塔阵守家, 前线 14 个单位继续进攻）
[16:38:30] t=1612 MOVE raid x3 -> (70,117); assault x5 -> 攻击目标#2504@(75,117)
[16:38:30] {"kind": "action", "what": "attack_move", "name": null, "qty": null, "ts": "16:38:30"}
[16:38:31] {"kind": "action", "what": "attack_obj", "name": null, "qty": null, "ts": "16:38:31"}
[16:38:32] t=1618 MOVE raid x3 -> (78,121)
[16:38:32] {"kind": "action", "what": "attack_move", "name": null, "qty": null, "ts": "16:38:32"}
[16:38:37] t=1622 MOVE raid x3 -> (78,120); guard x2 -> (137,82)
[16:38:37] {"kind": "action", "what": "attack_move", "name": null, "qty": null, "ts": "16:38:37"}
[16:38:37] {"kind": "action", "what": "attack_move", "name": null, "qty": null, "ts": "16:38:37"}
[16:38:37] t=1627 ESCORT 坦克#2561 -> 护航矿车@[126, 105]
[16:38:37] {"kind": "action", "what": "attack_move", "name": null, "qty": null, "ts": "16:38:37"}
[16:38:38] t=1627 MOVE raid x3 -> (78,115)
[16:38:38] {"kind": "action", "what": "attack_move", "name": null, "qty": null, "ts": "16:38:38"}
[16:38:39] t=1629 MOVE raid x3 -> (78,113)
[16:38:39] {"kind": "action", "what": "attack_move", "name": null, "qty": null, "ts": "16:38:39"}
[16:38:42] t=1631 MOVE raid x3 -> (78,111)
[16:38:42] {"kind": "action", "what": "attack_move", "name": null, "qty": null, "ts": "16:38:42"}
[16:38:43] t=1633 MOVE raid x3 -> (78,107); assault x5 -> 攻击目标#2504@(75,117)
[16:38:43] {"kind": "action", "what": "attack_move", "name": null, "qty": null, "ts": "16:38:43"}
[16:38:43] {"kind": "action", "what": "attack_obj", "name": null, "qty": null, "ts": "16:38:43"}
[16:38:44] t=1635 ALARM 单位损失 -> 攻势保持（塔阵守家, 前线 12 个单位继续进攻）
[16:38:45] t=1635 MOVE raid x2 -> (78,105)
[16:38:45] {"kind": "action", "what": "attack_move", "name": null, "qty": null, "ts": "16:38:45"}
[16:39:33] t=1637 MOVE raid x2 -> (78,103); assault x5 -> 攻击目标#2504@(75,117); guard x2 -> (137,82)
[16:39:33] {"kind": "action", "what": "attack_move", "name": null, "qty": null, "ts": "16:39:33"}
[16:39:33] {"kind": "action", "what": "attack_obj", "name": null, "qty": null, "ts": "16:39:33"}
[16:39:33] {"kind": "action", "what": "attack_move", "name": null, "qty": null, "ts": "16:39:33"}
[16:39:33] t=1701 ALARM 单位损失 -> 攻势保持（塔阵守家, 前线 9 个单位继续进攻）
[16:39:33] t=1701 HARASS DRON x2 (have 0)
[16:39:33] t=1701 TANK HTNK x2
[16:39:33] t=1701 ESCORT 坦克#2559 -> 护航矿车@[117, 135]
[16:39:33] {"kind": "action", "what": "produce", "name": "DRON", "qty": 2, "ts": "16:39:33"}
[16:39:33] {"kind": "action", "what": "produce", "name": "HTNK", "qty": 2, "ts": "16:39:33"}
[16:39:33] {"kind": "action", "what": "attack_move", "name": null, "qty": null, "ts": "16:39:33"}
[16:39:35] t=1701 MOVE raid x2 -> (78,109); assault x4 -> 攻击目标#1090@(80,124)
[16:39:35] {"kind": "action", "what": "attack_move", "name": null, "qty": null, "ts": "16:39:35"}
[16:39:35] {"kind": "action", "what": "attack_obj", "name": null, "qty": null, "ts": "16:39:35"}
[16:39:36] t=1704 MOVE raid x2 -> (78,106)
[16:39:36] {"kind": "action", "what": "attack_move", "name": null, "qty": null, "ts": "16:39:36"}
[16:39:43] t=1706 jev INF SHK (conf 0.16)
[16:39:43] {"kind": "action", "what": "produce", "name": "SHK", "qty": 1, "ts": "16:39:43"}
[16:39:43] t=1706 MOVE raid x2 -> (78,104)
[16:39:43] {"kind": "action", "what": "attack_move", "name": null, "qty": null, "ts": "16:39:43"}
[16:39:44] t=1715 MOVE raid x2 -> (78,121)
[16:39:44] {"kind": "action", "what": "attack_move", "name": null, "qty": null, "ts": "16:39:44"}
[16:39:50] t=1717 MOVE raid x3 -> (78,120); assault x5 -> 攻击目标#1090@(80,124)
[16:39:50] {"kind": "action", "what": "attack_move", "name": null, "qty": null, "ts": "16:39:50"}
[16:39:50] {"kind": "action", "what": "attack_obj", "name": null, "qty": null, "ts": "16:39:50"}
[16:39:50] t=1717 tick#350 credits=1271 stance=attack | jev 350 decisions p50=920ms
[16:39:52] t=1725 MOVE raid x3 -> (78,112); assault x5 -> 攻击目标#2504@(75,117)
[16:39:52] {"kind": "action", "what": "attack_move", "name": null, "qty": null, "ts": "16:39:52"}
[16:39:52] {"kind": "action", "what": "attack_obj", "name": null, "qty": null, "ts": "16:39:52"}
[16:39:55] t=1727 MOVE raid x3 -> (78,109)
[16:39:55] {"kind": "action", "what": "attack_move", "name": null, "qty": null, "ts": "16:39:55"}
[16:39:58] t=1730 MOVE raid x3 -> (78,105)
[16:39:58] {"kind": "action", "what": "attack_move", "name": null, "qty": null, "ts": "16:39:58"}
[16:40:00] t=1735 MOVE raid x3 -> (80,101)
[16:40:00] {"kind": "action", "what": "attack_move", "name": null, "qty": null, "ts": "16:40:00"}
[16:40:03] t=1738 MOVE raid x3 -> (74,123)
[16:40:03] {"kind": "action", "what": "attack_move", "name": null, "qty": null, "ts": "16:40:03"}
[16:40:04] t=1741 MOVE raid x3 -> (80,94); guard x2 -> (137,82)
[16:40:04] {"kind": "action", "what": "attack_move", "name": null, "qty": null, "ts": "16:40:04"}
[16:40:04] {"kind": "action", "what": "attack_move", "name": null, "qty": null, "ts": "16:40:04"}
[16:40:04] t=1743 ESCORT 坦克#2559 -> 护航矿车@[119, 137]
[16:40:04] {"kind": "action", "what": "attack_move", "name": null, "qty": null, "ts": "16:40:04"}
[16:40:08] t=1743 MOVE raid x3 -> (74,123); assault x6 -> 攻击目标#2504@(75,117)
[16:40:08] {"kind": "action", "what": "attack_move", "name": null, "qty": null, "ts": "16:40:08"}
[16:40:08] {"kind": "action", "what": "attack_obj", "name": null, "qty": null, "ts": "16:40:08"}
[16:40:08] t=1748 RETREAT HTK(38%)
[16:40:08] {"kind": "action", "what": "move", "name": null, "qty": null, "ts": "16:40:08"}
[16:40:20] t=1760 MOVE assault x6 -> 攻击目标#2504@(75,117)
[16:40:20] {"kind": "action", "what": "attack_obj", "name": null, "qty": null, "ts": "16:40:20"}
[16:40:21] t=1765 ALARM 单位损失 -> 攻势保持（塔阵守家, 前线 11 个单位继续进攻）
[16:40:22] t=1765 jev INF SHK (conf 0.10)
[16:40:22] {"kind": "action", "what": "produce", "name": "SHK", "qty": 1, "ts": "16:40:22"}
[16:40:22] t=1765 MOVE assault x6 -> 攻击目标#1090@(80,124)
[16:40:22] {"kind": "action", "what": "attack_obj", "name": null, "qty": null, "ts": "16:40:22"}
[16:40:23] t=1767 ALARM 单位损失 -> 攻势保持（塔阵守家, 前线 11 个单位继续进攻）
[16:40:28] t=1774 MOVE raid x2 -> (74,123)
[16:40:28] {"kind": "action", "what": "attack_move", "name": null, "qty": null, "ts": "16:40:28"}
[16:40:33] t=1778 MOVE raid x2 -> (78,121)
[16:40:33] {"kind": "action", "what": "attack_move", "name": null, "qty": null, "ts": "16:40:33"}
[16:40:33] t=1781 RETREAT HTNK(24%)
[16:40:33] {"kind": "action", "what": "move", "name": null, "qty": null, "ts": "16:40:33"}
[16:40:35] t=1781 MOVE assault x5 -> 攻击目标#1090@(80,124); guard x2 -> (137,82)
[16:40:35] {"kind": "action", "what": "attack_obj", "name": null, "qty": null, "ts": "16:40:35"}
[16:40:35] {"kind": "action", "what": "attack_move", "name": null, "qty": null, "ts": "16:40:35"}
[16:40:35] t=1784 ESCORT 坦克#2559 -> 护航矿车@[120, 138]
[16:40:35] {"kind": "action", "what": "attack_move", "name": null, "qty": null, "ts": "16:40:35"}
[16:40:36] t=1784 MOVE raid x2 -> (78,119)
[16:40:36] {"kind": "action", "what": "attack_move", "name": null, "qty": null, "ts": "16:40:36"}
[16:40:37] t=1786 ALARM 单位损失 -> 攻势保持（塔阵守家, 前线 10 个单位继续进攻）
[16:40:38] t=1786 MOVE raid x2 -> (78,117)
[16:40:38] {"kind": "action", "what": "attack_move", "name": null, "qty": null, "ts": "16:40:38"}
[16:40:40] t=1788 MOVE raid x2 -> (78,115); assault x4 -> 攻击目标#2504@(75,117)
[16:40:40] {"kind": "action", "what": "attack_move", "name": null, "qty": null, "ts": "16:40:40"}
[16:40:40] {"kind": "action", "what": "attack_obj", "name": null, "qty": null, "ts": "16:40:40"}
[16:40:40] t=1788 tick#375 credits=0 stance=attack | jev 375 decisions p50=927ms
[16:40:43] t=1791 MOVE raid x2 -> (78,112)
[16:40:43] {"kind": "action", "what": "attack_move", "name": null, "qty": null, "ts": "16:40:43"}
[16:40:45] t=1794 MOVE raid x2 -> (78,108)
[16:40:45] {"kind": "action", "what": "attack_move", "name": null, "qty": null, "ts": "16:40:45"}
[16:40:47] t=1797 MOVE raid x2 -> (78,105)
[16:40:47] {"kind": "action", "what": "attack_move", "name": null, "qty": null, "ts": "16:40:47"}
[16:40:48] t=1801 MOVE raid x2 -> (79,102)
[16:40:48] {"kind": "action", "what": "attack_move", "name": null, "qty": null, "ts": "16:40:48"}
[16:40:50] t=1803 MOVE raid x2 -> (80,99)
[16:40:50] {"kind": "action", "what": "attack_move", "name": null, "qty": null, "ts": "16:40:50"}
[16:40:52] t=1805 MOVE raid x2 -> (80,97); assault x4 -> 攻击目标#2504@(75,117)
[16:40:52] {"kind": "action", "what": "attack_move", "name": null, "qty": null, "ts": "16:40:52"}
[16:40:52] {"kind": "action", "what": "attack_obj", "name": null, "qty": null, "ts": "16:40:52"}
[16:40:52] t=1807 HARASS DRON x2 (have 0)
[16:40:52] {"kind": "action", "what": "produce", "name": "DRON", "qty": 2, "ts": "16:40:52"}
[16:40:53] t=1807 MOVE raid x2 -> (80,94)
[16:40:53] {"kind": "action", "what": "attack_move", "name": null, "qty": null, "ts": "16:40:53"}
[16:41:00] t=1809 MOVE raid x2 -> (80,92)
[16:41:00] {"kind": "action", "what": "attack_move", "name": null, "qty": null, "ts": "16:41:00"}
[16:41:03] t=1817 MOVE raid x2 -> (78,121); assault x7 -> 攻击目标#1090@(80,124)
[16:41:03] {"kind": "action", "what": "attack_move", "name": null, "qty": null, "ts": "16:41:03"}
[16:41:03] {"kind": "action", "what": "attack_obj", "name": null, "qty": null, "ts": "16:41:03"}
[16:41:04] t=1822 jev VEH HTNK (conf 0.44)
[16:41:04] {"kind": "action", "what": "produce", "name": "HTNK", "qty": 1, "ts": "16:41:04"}
[16:41:04] t=1822 MOVE raid x3 -> (78,119); assault x7 -> 攻击目标#2931@(74,111)
[16:41:04] {"kind": "action", "what": "attack_move", "name": null, "qty": null, "ts": "16:41:04"}
[16:41:05] {"kind": "action", "what": "attack_obj", "name": null, "qty": null, "ts": "16:41:05"}
[16:41:06] t=1824 MOVE raid x3 -> (78,116); guard x2 -> (137,82)
[16:41:06] {"kind": "action", "what": "attack_move", "name": null, "qty": null, "ts": "16:41:06"}
[16:41:06] {"kind": "action", "what": "attack_move", "name": null, "qty": null, "ts": "16:41:06"}
[16:41:07] t=1826 ESCORT 坦克#2526 -> 护航矿车@[120, 116]
[16:41:07] {"kind": "action", "what": "attack_move", "name": null, "qty": null, "ts": "16:41:07"}
[16:41:09] t=1826 MOVE raid x3 -> (78,114)
[16:41:09] {"kind": "action", "what": "attack_move", "name": null, "qty": null, "ts": "16:41:09"}
[16:41:10] t=1829 MOVE raid x3 -> (78,111)
[16:41:10] {"kind": "action", "what": "attack_move", "name": null, "qty": null, "ts": "16:41:10"}
[16:41:11] t=1831 MOVE raid x3 -> (78,108)
[16:41:11] {"kind": "action", "what": "attack_move", "name": null, "qty": null, "ts": "16:41:11"}
[16:41:13] t=1833 MOVE raid x3 -> (78,106)
[16:41:13] {"kind": "action", "what": "attack_move", "name": null, "qty": null, "ts": "16:41:13"}
[16:41:19] t=1835 MOVE raid x3 -> (78,104); assault x7 -> 攻击目标#2931@(74,111)
[16:41:19] {"kind": "action", "what": "attack_move", "name": null, "qty": null, "ts": "16:41:19"}
[16:41:20] {"kind": "action", "what": "attack_obj", "name": null, "qty": null, "ts": "16:41:20"}
[16:41:22] t=1844 MOVE raid x3 -> (80,95)
[16:41:22] {"kind": "action", "what": "attack_move", "name": null, "qty": null, "ts": "16:41:22"}
[16:41:26] t=1847 MOVE raid x3 -> (80,92)
[16:41:26] {"kind": "action", "what": "attack_move", "name": null, "qty": null, "ts": "16:41:26"}
[16:41:27] t=1853 MOVE raid x3 -> (80,85)
[16:41:27] {"kind": "action", "what": "attack_move", "name": null, "qty": null, "ts": "16:41:27"}
[16:41:28] t=1855 RETREAT HTNK(33%)
[16:41:28] {"kind": "action", "what": "move", "name": null, "qty": null, "ts": "16:41:28"}
[16:41:29] t=1855 MOVE raid x3 -> (74,123)
[16:41:29] {"kind": "action", "what": "attack_move", "name": null, "qty": null, "ts": "16:41:29"}
[16:41:33] t=1859 MOVE assault x7 -> 攻击目标#2931@(74,111)
[16:41:33] {"kind": "action", "what": "attack_obj", "name": null, "qty": null, "ts": "16:41:33"}
[16:41:37] t=1864 MOVE guard x2 -> (137,82)
[16:41:37] {"kind": "action", "what": "attack_move", "name": null, "qty": null, "ts": "16:41:37"}
[16:41:38] t=1867 ALARM 单位损失 -> 攻势保持（塔阵守家, 前线 11 个单位继续进攻）
[16:41:38] t=1867 ESCORT 坦克#2526 -> 护航矿车@[128, 104]
[16:41:38] {"kind": "action", "what": "attack_move", "name": null, "qty": null, "ts": "16:41:38"}
[16:41:39] t=1867 tick#400 credits=0 stance=attack | jev 400 decisions p50=928ms
[16:41:46] t=1877 MOVE assault x5 -> 攻击目标#2931@(74,111)
[16:41:46] {"kind": "action", "what": "attack_obj", "name": null, "qty": null, "ts": "16:41:46"}
[16:41:47] t=1879 jev INF SHK (conf 0.13)
[16:41:47] {"kind": "action", "what": "produce", "name": "SHK", "qty": 1, "ts": "16:41:47"}
[16:41:50] t=1883 RETREAT HTNK(10%)
[16:41:50] {"kind": "action", "what": "move", "name": null, "qty": null, "ts": "16:41:50"}
[16:41:50] t=1883 MOVE raid x2 -> (74,123)
[16:41:50] {"kind": "action", "what": "attack_move", "name": null, "qty": null, "ts": "16:41:50"}
[16:41:56] t=1891 ALARM 单位损失 -> 攻势保持（塔阵守家, 前线 11 个单位继续进攻）
[16:41:59] t=1891 jev VEH HTNK (conf 0.30)
[16:41:59] {"kind": "action", "what": "produce", "name": "HTNK", "qty": 1, "ts": "16:41:59"}
[16:41:59] t=1891 MOVE assault x5 -> 攻击目标#2931@(74,111)
[16:41:59] {"kind": "action", "what": "attack_obj", "name": null, "qty": null, "ts": "16:41:59"}
[16:42:01] t=1896 MOVE assault x5 -> 攻击目标#1090@(80,124)
[16:42:01] {"kind": "action", "what": "attack_obj", "name": null, "qty": null, "ts": "16:42:01"}
[16:42:02] t=1899 MOVE reserve x1 -> (134,87)
[16:42:02] {"kind": "action", "what": "attack_move", "name": null, "qty": null, "ts": "16:42:02"}
[16:42:07] t=1904 MOVE raid x2 -> (78,121)
[16:42:07] {"kind": "action", "what": "attack_move", "name": null, "qty": null, "ts": "16:42:07"}
[16:42:09] t=1907 MOVE assault x5 -> 攻击目标#2504@(75,117); guard x2 -> (137,82)
[16:42:09] {"kind": "action", "what": "attack_obj", "name": null, "qty": null, "ts": "16:42:09"}
[16:42:09] {"kind": "action", "what": "attack_move", "name": null, "qty": null, "ts": "16:42:09"}
[16:42:09] t=1909 ESCORT 坦克#2559 -> 护航矿车@[122, 103]
[16:42:09] {"kind": "action", "what": "attack_move", "name": null, "qty": null, "ts": "16:42:09"}
[16:42:15] t=1909 MOVE raid x2 -> (78,120)
[16:42:15] {"kind": "action", "what": "attack_move", "name": null, "qty": null, "ts": "16:42:15"}
[16:42:16] t=1917 MOVE raid x2 -> (78,111)
[16:42:16] {"kind": "action", "what": "attack_move", "name": null, "qty": null, "ts": "16:42:16"}
[16:42:19] t=1920 MOVE raid x2 -> (78,109)
[16:42:19] {"kind": "action", "what": "attack_move", "name": null, "qty": null, "ts": "16:42:19"}
[16:42:20] t=1923 MOVE raid x2 -> (78,107)
[16:42:20] {"kind": "action", "what": "attack_move", "name": null, "qty": null, "ts": "16:42:20"}
[16:42:23] t=1925 MOVE raid x2 -> (78,105); assault x5 -> 攻击目标#2504@(75,117)
[16:42:23] {"kind": "action", "what": "attack_move", "name": null, "qty": null, "ts": "16:42:23"}
[16:42:23] {"kind": "action", "what": "attack_obj", "name": null, "qty": null, "ts": "16:42:23"}
[16:42:24] t=1928 MOVE raid x2 -> (78,103)
[16:42:24] {"kind": "action", "what": "attack_move", "name": null, "qty": null, "ts": "16:42:24"}
[16:42:25] t=1930 MOVE raid x2 -> (79,102)
[16:42:25] {"kind": "action", "what": "attack_move", "name": null, "qty": null, "ts": "16:42:25"}
[16:42:28] t=1932 MOVE raid x2 -> (80,100)
[16:42:28] {"kind": "action", "what": "attack_move", "name": null, "qty": null, "ts": "16:42:28"}
[16:42:29] t=1935 MOVE raid x2 -> (80,98)
[16:42:29] {"kind": "action", "what": "attack_move", "name": null, "qty": null, "ts": "16:42:29"}
[16:42:31] t=1937 MOVE raid x2 -> (80,96)
[16:42:31] {"kind": "action", "what": "attack_move", "name": null, "qty": null, "ts": "16:42:31"}
[16:42:31] t=1937 tick#425 credits=0 stance=attack | jev 425 decisions p50=917ms
[16:42:33] t=1939 MOVE raid x2 -> (74,123)
[16:42:33] {"kind": "action", "what": "attack_move", "name": null, "qty": null, "ts": "16:42:33"}
[16:42:36] t=1944 MOVE assault x5 -> 攻击目标#2504@(75,117)
[16:42:36] {"kind": "action", "what": "attack_obj", "name": null, "qty": null, "ts": "16:42:36"}
[16:42:39] t=1946 MOVE guard x2 -> (137,82)
[16:42:39] {"kind": "action", "what": "attack_move", "name": null, "qty": null, "ts": "16:42:39"}
[16:42:40] t=1951 ESCORT 坦克#2983 -> 护航矿车@[117, 135]
[16:42:40] {"kind": "action", "what": "attack_move", "name": null, "qty": null, "ts": "16:42:40"}
[16:43:50] t=1951 MOVE raid x2 -> (74,123); assault x5 -> 攻击目标#2504@(75,117); guard x2 -> (137,82); reserve x1 -> (134,87)
[16:43:50] {"kind": "action", "what": "attack_move", "name": null, "qty": null, "ts": "16:43:50"}
[16:43:50] {"kind": "action", "what": "attack_obj", "name": null, "qty": null, "ts": "16:43:50"}
[16:43:50] {"kind": "action", "what": "attack_move", "name": null, "qty": null, "ts": "16:43:50"}
[16:43:50] {"kind": "action", "what": "attack_move", "name": null, "qty": null, "ts": "16:43:50"}
[16:43:51] t=2045 ALARM 单位损失 -> 攻势保持（塔阵守家, 前线 12 个单位继续进攻）
[16:43:51] t=2045 HARASS DRON x2 (have 0)
[16:43:51] t=2045 TANK HTNK x1
[16:43:51] t=2045 RETREAT HTNK(11%)
[16:43:51] {"kind": "action", "what": "produce", "name": "DRON", "qty": 2, "ts": "16:43:51"}
[16:43:51] {"kind": "action", "what": "produce", "name": "HTNK", "qty": 1, "ts": "16:43:51"}
[16:43:51] {"kind": "action", "what": "move", "name": null, "qty": null, "ts": "16:43:51"}
[16:43:51] t=2045 MOVE assault x5 -> 攻击目标#1090@(80,124)
[16:43:52] {"kind": "action", "what": "attack_obj", "name": null, "qty": null, "ts": "16:43:52"}
[16:44:05] t=2047 MOVE assault x5 -> 攻击目标#1090@(80,124)
[16:44:05] {"kind": "action", "what": "attack_obj", "name": null, "qty": null, "ts": "16:44:05"}
[16:44:05] t=2064 ALARM 单位损失 -> 攻势保持（塔阵守家, 前线 14 个单位继续进攻）
[16:44:05] t=2064 ESCORT 坦克#2983 -> 护航矿车@[120, 123]
[16:44:05] t=2064 RETREAT SHK(32%)
[16:44:05] {"kind": "action", "what": "attack_move", "name": null, "qty": null, "ts": "16:44:05"}
[16:44:05] {"kind": "action", "what": "move", "name": null, "qty": null, "ts": "16:44:05"}
[16:44:11] t=2072 ALARM 单位损失 -> 攻势保持（塔阵守家, 前线 14 个单位继续进攻）
[16:44:12] t=2072 MOVE raid x2 -> (74,123)
[16:44:12] {"kind": "action", "what": "attack_move", "name": null, "qty": null, "ts": "16:44:12"}
[16:44:19] t=2074 MOVE assault x6 -> 攻击目标#1090@(80,124)
[16:44:19] {"kind": "action", "what": "attack_obj", "name": null, "qty": null, "ts": "16:44:19"}
[16:44:19] t=2082 jev VEH HTNK (conf 0.43)
[16:44:20] {"kind": "action", "what": "produce", "name": "HTNK", "qty": 1, "ts": "16:44:20"}
[16:44:21] t=2084 MOVE guard x2 -> (137,82)
[16:44:21] {"kind": "action", "what": "attack_move", "name": null, "qty": null, "ts": "16:44:21"}
[16:44:33] t=2097 MOVE raid x3 -> (74,123); assault x6 -> 攻击目标#1090@(80,124)
[16:44:33] {"kind": "action", "what": "attack_move", "name": null, "qty": null, "ts": "16:44:33"}
[16:44:33] {"kind": "action", "what": "attack_obj", "name": null, "qty": null, "ts": "16:44:33"}
[16:44:36] t=2106 ESCORT 坦克#3076 -> 护航矿车@[117, 135]
[16:44:36] {"kind": "action", "what": "attack_move", "name": null, "qty": null, "ts": "16:44:36"}
[16:44:40] t=2111 RETREAT DRON(10%)
[16:44:40] {"kind": "action", "what": "move", "name": null, "qty": null, "ts": "16:44:40"}
[16:44:43] t=2111 tick#450 credits=0 stance=attack | jev 450 decisions p50=905ms
[16:44:44] t=2115 ALARM 单位损失 -> 攻势保持（塔阵守家, 前线 13 个单位继续进攻）
[16:44:50] t=2115 MOVE assault x6 -> 攻击目标#1090@(80,124)
[16:44:50] {"kind": "action", "what": "attack_obj", "name": null, "qty": null, "ts": "16:44:50"}
[16:44:50] t=2124 ALARM 单位损失 -> 攻势保持（塔阵守家, 前线 13 个单位继续进攻）
[16:44:54] t=2124 MOVE raid x2 -> (78,121); guard x2 -> (137,82)
[16:44:54] {"kind": "action", "what": "attack_move", "name": null, "qty": null, "ts": "16:44:54"}
[16:44:54] {"kind": "action", "what": "attack_move", "name": null, "qty": null, "ts": "16:44:54"}
[16:44:56] t=2130 MOVE raid x2 -> (78,115)
[16:44:56] {"kind": "action", "what": "attack_move", "name": null, "qty": null, "ts": "16:44:56"}
[16:44:57] t=2132 MOVE raid x2 -> (78,113)
[16:44:57] {"kind": "action", "what": "attack_move", "name": null, "qty": null, "ts": "16:44:57"}
[16:45:04] t=2134 MOVE raid x2 -> (78,111); assault x5 -> 攻击目标#1090@(80,124)
[16:45:04] {"kind": "action", "what": "attack_move", "name": null, "qty": null, "ts": "16:45:04"}
[16:45:04] {"kind": "action", "what": "attack_obj", "name": null, "qty": null, "ts": "16:45:04"}
[16:45:08] t=2143 MOVE raid x2 -> (79,102)
[16:45:08] {"kind": "action", "what": "attack_move", "name": null, "qty": null, "ts": "16:45:08"}
[16:45:09] t=2149 ESCORT 坦克#3278 -> 护航矿车@[120, 125]
[16:45:09] {"kind": "action", "what": "attack_move", "name": null, "qty": null, "ts": "16:45:09"}
[16:45:18] t=2149 MOVE raid x2 -> (80,95); assault x5 -> 攻击目标#1090@(80,124)
[16:45:18] {"kind": "action", "what": "attack_move", "name": null, "qty": null, "ts": "16:45:18"}
[16:45:18] {"kind": "action", "what": "attack_obj", "name": null, "qty": null, "ts": "16:45:18"}
[16:45:19] t=2162 jev VEH HTNK (conf 0.49)
[16:45:19] {"kind": "action", "what": "produce", "name": "HTNK", "qty": 1, "ts": "16:45:19"}
[16:45:19] t=2162 MOVE raid x2 -> (74,123)
[16:45:19] {"kind": "action", "what": "attack_move", "name": null, "qty": null, "ts": "16:45:19"}
[16:45:27] t=2166 MOVE guard x2 -> (137,82)
[16:45:27] {"kind": "action", "what": "attack_move", "name": null, "qty": null, "ts": "16:45:27"}
[16:45:29] t=2176 RETREAT HTK(36%)
[16:45:29] {"kind": "action", "what": "move", "name": null, "qty": null, "ts": "16:45:29"}
[16:45:31] t=2178 MOVE assault x6 -> 攻击目标#1090@(80,124)
[16:45:31] {"kind": "action", "what": "attack_obj", "name": null, "qty": null, "ts": "16:45:31"}
[16:45:41] t=2189 jev VEH HTNK (conf 0.48)
[16:45:41] t=2189 MOVE raid x2 -> (74,123)
[16:45:41] {"kind": "action", "what": "attack_move", "name": null, "qty": null, "ts": "16:45:41"}
[16:45:43] t=2192 jev VEH HTNK (conf 0.57)
[16:45:44] t=2195 jev VEH HTNK (conf 0.48)
[16:45:44] t=2195 MOVE assault x7 -> 攻击目标#1090@(80,124)
[16:45:44] {"kind": "action", "what": "attack_obj", "name": null, "qty": null, "ts": "16:45:44"}
[16:45:48] t=2197 jev VEH HTNK (conf 0.49)
[16:45:48] {"kind": "action", "what": "produce", "name": "HTNK", "qty": 1, "ts": "16:45:48"}
[16:46:43] t=2211 MOVE raid x2 -> (74,123); assault x7 -> 攻击目标#1090@(80,124); guard x2 -> (137,82)
[16:46:43] {"kind": "action", "what": "attack_move", "name": null, "qty": null, "ts": "16:46:43"}
[16:46:43] {"kind": "action", "what": "attack_obj", "name": null, "qty": null, "ts": "16:46:43"}
[16:46:43] {"kind": "action", "what": "attack_move", "name": null, "qty": null, "ts": "16:46:43"}
[16:46:43] t=2275 ESCORT 坦克#3342 -> 护航矿车@[115, 135]
[16:46:43] {"kind": "action", "what": "attack_move", "name": null, "qty": null, "ts": "16:46:43"}
[16:46:49] t=2275 jev VEH HTNK (conf 0.27)
[16:46:49] {"kind": "action", "what": "produce", "name": "HTNK", "qty": 1, "ts": "16:46:49"}
[16:46:49] t=2275 MOVE raid x2 -> (70,117); assault x8 -> 攻击目标#1109@(82,128)
[16:46:49] {"kind": "action", "what": "attack_move", "name": null, "qty": null, "ts": "16:46:49"}
[16:46:49] {"kind": "action", "what": "attack_obj", "name": null, "qty": null, "ts": "16:46:49"}
[16:46:55] t=2283 tick#475 credits=13 stance=attack | jev 475 decisions p50=920ms
[16:47:02] t=2297 MOVE assault x8 -> 攻击目标#1109@(82,128)
[16:47:02] {"kind": "action", "what": "attack_obj", "name": null, "qty": null, "ts": "16:47:02"}
[16:47:15] t=2314 MOVE assault x8 -> 攻击目标#1109@(82,128); guard x2 -> (137,82)
[16:47:15] {"kind": "action", "what": "attack_obj", "name": null, "qty": null, "ts": "16:47:15"}
[16:47:15] {"kind": "action", "what": "attack_move", "name": null, "qty": null, "ts": "16:47:15"}
[16:47:15] t=2317 ESCORT 坦克#3370 -> 护航矿车@[121, 104]
[16:47:15] {"kind": "action", "what": "attack_move", "name": null, "qty": null, "ts": "16:47:15"}
[16:47:17] t=2319 MOVE assault x8 -> 攻击目标#1048@(71,114)
[16:47:17] {"kind": "action", "what": "attack_obj", "name": null, "qty": null, "ts": "16:47:17"}
[16:47:20] t=2321 MOVE raid x2 -> (70,117)
[16:47:20] {"kind": "action", "what": "attack_move", "name": null, "qty": null, "ts": "16:47:20"}
[16:47:32] t=2335 MOVE assault x8 -> 攻击目标#1048@(71,114)
[16:47:32] {"kind": "action", "what": "attack_obj", "name": null, "qty": null, "ts": "16:47:32"}
[16:47:34] t=2342 MOVE raid x2 -> (71,123)
[16:47:34] {"kind": "action", "what": "attack_move", "name": null, "qty": null, "ts": "16:47:34"}
[16:47:37] t=2346 MOVE raid x2 -> (74,123)
[16:47:37] {"kind": "action", "what": "attack_move", "name": null, "qty": null, "ts": "16:47:37"}
[16:47:39] t=2348 MOVE raid x2 -> (70,117)
[16:47:39] {"kind": "action", "what": "attack_move", "name": null, "qty": null, "ts": "16:47:39"}
[16:48:22] t=2350 MOVE raid x2 -> (70,117); assault x8 -> 攻击目标#1048@(71,114); guard x2 -> (137,82)
[16:48:23] {"kind": "action", "what": "attack_move", "name": null, "qty": null, "ts": "16:48:23"}
[16:48:23] {"kind": "action", "what": "attack_obj", "name": null, "qty": null, "ts": "16:48:23"}
[16:48:23] {"kind": "action", "what": "attack_move", "name": null, "qty": null, "ts": "16:48:23"}
[16:48:23] t=2408 ALARM 单位损失 -> 攻势保持（塔阵守家, 前线 11 个单位继续进攻）
[16:48:23] t=2408 HARASS DRON x2 (have 0)
[16:48:23] t=2408 ESCORT 坦克#3308 -> 护航矿车@[117, 131]
[16:48:23] t=2408 RETREAT HTNK(10%)
[16:48:23] {"kind": "action", "what": "produce", "name": "DRON", "qty": 2, "ts": "16:48:23"}
[16:48:23] {"kind": "action", "what": "attack_move", "name": null, "qty": null, "ts": "16:48:23"}
[16:48:23] {"kind": "action", "what": "move", "name": null, "qty": null, "ts": "16:48:23"}
[16:48:25] t=2408 MOVE raid x2 -> (67,118); assault x8 -> 攻击目标#1075@(67,115)
[16:48:25] {"kind": "action", "what": "attack_move", "name": null, "qty": null, "ts": "16:48:25"}
[16:48:25] {"kind": "action", "what": "attack_obj", "name": null, "qty": null, "ts": "16:48:25"}
[16:48:25] t=2408 tick#500 credits=1008 stance=attack | jev 500 decisions p50=930ms
[16:48:27] t=2413 ALARM 单位损失 -> 攻势保持（塔阵守家, 前线 11 个单位继续进攻）
[2026-09-30 16:48:35] {"kind": "report", "result": "victory", "t": 2424, "ticks": 504, "crisis_ticks": 60, "stance": "attack", "jev": {"decisions": 503, "errors": 0, "input_tokens": 1552738, "output_tokens": 113116, "p50_ms": 930, "p95_ms": 5856}, "enemy_base": [67, 118], "ts": "2026-09-30 16:48:35"}
[16:48:38] REVIEW game#49 victory → game-0049-review.md | changes=0
{
  "result": "victory",
  "t": 2424,
  "ticks": 504,
  "crisis_ticks": 60,
  "stance": "attack",
  "jev": {
    "decisions": 503,
    "errors": 0,
    "input_tokens": 1552738,
    "output_tokens": 113116,
    "p50_ms": 930,
    "p95_ms": 5856
  },
  "enemy_base": [
    67,
    118
  ],
  "ts": "2026-09-30 16:48:35",
  "review": {
    "game_no": 49,
    "rootcause": "timing",
    "auto_tuned": 0
  }
}
