[19:36:25] 进局中(全自动)...
[19:37:26] {"kind": "start", "policy": "ra2web-jev-player/1.0", "maxDecisions": 1200, "micro": {"events": [{"kind": "micro", "t": 1, "what": "start"}], "loopN": 1, "on": true, "outcome": null, "stall": false}, "ts": "19:37:26"}
[19:37:26] === ra2web-jev-player start (tick=1.5s, max_decisions=1200) ===
[19:37:27] t=1 DEPLOY mcv
[19:37:27] {"kind": "action", "what": "deploy", "ids": [1042], "ts": "19:37:27"}
[19:37:27] {"kind": "action", "what": "deploy", "name": null, "qty": null, "tid": null, "ts": "19:37:27"}
[19:37:27] jev flow ERR 'BattleMemory' object has no attribute 'kill_log'
[19:37:28] t=3 POWER plant (reserve 0)
[19:37:28] {"kind": "action", "what": "produce", "name": "NAPOWR", "qty": 1, "tid": null, "ts": "19:37:28"}
[19:37:28] jev flow ERR 'BattleMemory' object has no attribute 'kill_log'
[19:37:30] jev flow ERR 'BattleMemory' object has no attribute 'kill_log'
[19:37:31] jev flow ERR 'BattleMemory' object has no attribute 'kill_log'
[19:37:33] jev flow ERR 'BattleMemory' object has no attribute 'kill_log'
[19:37:34] jev flow ERR 'BattleMemory' object has no attribute 'kill_log'
[19:37:36] jev flow ERR 'BattleMemory' object has no attribute 'kill_log'
[19:37:37] jev flow ERR 'BattleMemory' object has no attribute 'kill_log'
[19:37:39] jev flow ERR 'BattleMemory' object has no attribute 'kill_log'
[19:37:40] jev flow ERR 'BattleMemory' object has no attribute 'kill_log'
[19:37:42] jev flow ERR 'BattleMemory' object has no attribute 'kill_log'
[19:37:43] jev flow ERR 'BattleMemory' object has no attribute 'kill_log'
[19:37:45] jev flow ERR 'BattleMemory' object has no attribute 'kill_log'
[19:37:46] {"kind": "action", "what": "produce", "name": "NAREFN", "qty": 1, "tid": null, "ts": "19:37:46"}
[19:37:46] t=27 OPENING BUILD NAREFN
[19:37:46] jev flow ERR 'BattleMemory' object has no attribute 'kill_log'
[19:37:48] jev flow ERR 'BattleMemory' object has no attribute 'kill_log'
[19:37:49] jev flow ERR 'BattleMemory' object has no attribute 'kill_log'
[19:37:51] jev flow ERR 'BattleMemory' object has no attribute 'kill_log'
[19:37:52] jev flow ERR 'BattleMemory' object has no attribute 'kill_log'
[19:37:54] jev flow ERR 'BattleMemory' object has no attribute 'kill_log'
[19:37:55] jev flow ERR 'BattleMemory' object has no attribute 'kill_log'
[19:37:57] jev flow ERR 'BattleMemory' object has no attribute 'kill_log'
[19:37:58] jev flow ERR 'BattleMemory' object has no attribute 'kill_log'
[19:38:00] jev flow ERR 'BattleMemory' object has no attribute 'kill_log'
[19:38:01] jev flow ERR 'BattleMemory' object has no attribute 'kill_log'
[19:38:03] jev flow ERR 'BattleMemory' object has no attribute 'kill_log'
[19:38:03] t=49 tick#25 credits=8869 stance=defend | jev 0 decisions p50=Nonems
[19:38:04] jev flow ERR 'BattleMemory' object has no attribute 'kill_log'
[19:38:06] jev flow ERR 'BattleMemory' object has no attribute 'kill_log'
[19:38:07] jev flow ERR 'BattleMemory' object has no attribute 'kill_log'
[19:38:09] jev flow ERR 'BattleMemory' object has no attribute 'kill_log'
[19:38:10] jev flow ERR 'BattleMemory' object has no attribute 'kill_log'
[19:38:12] jev flow ERR 'BattleMemory' object has no attribute 'kill_log'
[19:38:13] jev flow ERR 'BattleMemory' object has no attribute 'kill_log'
[19:38:15] jev flow ERR 'BattleMemory' object has no attribute 'kill_log'
[19:38:16] jev flow ERR 'BattleMemory' object has no attribute 'kill_log'
[19:38:18] jev flow ERR 'BattleMemory' object has no attribute 'kill_log'
[19:38:19] jev flow ERR 'BattleMemory' object has no attribute 'kill_log'
[19:38:21] jev flow ERR 'BattleMemory' object has no attribute 'kill_log'
[19:38:22] jev flow ERR 'BattleMemory' object has no attribute 'kill_log'
[19:38:24] jev flow ERR 'BattleMemory' object has no attribute 'kill_log'
[19:38:25] jev flow ERR 'BattleMemory' object has no attribute 'kill_log'
[19:38:27] jev flow ERR 'BattleMemory' object has no attribute 'kill_log'
[19:38:28] jev flow ERR 'BattleMemory' object has no attribute 'kill_log'
[19:38:30] jev flow ERR 'BattleMemory' object has no attribute 'kill_log'
[19:38:31] jev flow ERR 'BattleMemory' object has no attribute 'kill_log'
[19:38:33] jev flow ERR 'BattleMemory' object has no attribute 'kill_log'
[19:38:34] jev flow ERR 'BattleMemory' object has no attribute 'kill_log'
[19:38:36] jev flow ERR 'BattleMemory' object has no attribute 'kill_log'
[19:38:37] jev flow ERR 'BattleMemory' object has no attribute 'kill_log'
[19:38:39] jev flow ERR 'BattleMemory' object has no attribute 'kill_log'
[19:38:40] jev flow ERR 'BattleMemory' object has no attribute 'kill_log'
[19:38:40] t=99 tick#50 credits=7661 stance=defend | jev 0 decisions p50=Nonems
[19:38:42] jev flow ERR 'BattleMemory' object has no attribute 'kill_log'
[19:38:43] jev flow ERR 'BattleMemory' object has no attribute 'kill_log'
[19:38:45] jev flow ERR 'BattleMemory' object has no attribute 'kill_log'
[19:38:46] jev flow ERR 'BattleMemory' object has no attribute 'kill_log'
[19:38:48] jev flow ERR 'BattleMemory' object has no attribute 'kill_log'
[19:38:49] jev flow ERR 'BattleMemory' object has no attribute 'kill_log'
[19:38:51] jev flow ERR 'BattleMemory' object has no attribute 'kill_log'
[19:38:52] jev flow ERR 'BattleMemory' object has no attribute 'kill_log'
[19:38:54] {"kind": "action", "what": "produce", "name": "NAHAND", "qty": 1, "tid": null, "ts": "19:38:54"}
[19:38:54] t=117 OPENING BUILD NAHAND
[19:38:54] jev flow ERR 'BattleMemory' object has no attribute 'kill_log'
[19:38:55] jev flow ERR 'BattleMemory' object has no attribute 'kill_log'
[19:38:57] jev flow ERR 'BattleMemory' object has no attribute 'kill_log'
[19:38:58] jev flow ERR 'BattleMemory' object has no attribute 'kill_log'
[19:39:00] jev flow ERR 'BattleMemory' object has no attribute 'kill_log'
[19:39:01] jev flow ERR 'BattleMemory' object has no attribute 'kill_log'
[19:39:03] jev flow ERR 'BattleMemory' object has no attribute 'kill_log'
[19:39:04] jev flow ERR 'BattleMemory' object has no attribute 'kill_log'
[19:39:06] jev flow ERR 'BattleMemory' object has no attribute 'kill_log'
[19:39:07] jev flow ERR 'BattleMemory' object has no attribute 'kill_log'
[19:39:09] jev flow ERR 'BattleMemory' object has no attribute 'kill_log'
[19:39:10] jev flow ERR 'BattleMemory' object has no attribute 'kill_log'
[19:39:12] t=141 DEFLINE NALASR (have 0)
[19:39:12] {"kind": "action", "what": "produce", "name": "NALASR", "qty": 1, "tid": null, "ts": "19:39:12"}
[19:39:12] {"kind": "action", "what": "produce", "name": "NAWEAP", "qty": 1, "tid": null, "ts": "19:39:12"}
[19:39:12] t=141 OPENING BUILD NAWEAP
[19:39:12] jev flow ERR 'BattleMemory' object has no attribute 'kill_log'
[19:39:13] jev flow ERR 'BattleMemory' object has no attribute 'kill_log'
[19:39:15] jev flow ERR 'BattleMemory' object has no attribute 'kill_log'
[19:39:16] jev flow ERR 'BattleMemory' object has no attribute 'kill_log'
[19:39:18] jev flow ERR 'BattleMemory' object has no attribute 'kill_log'
[19:39:18] t=149 tick#75 credits=6487 stance=defend | jev 0 decisions p50=Nonems
[19:39:19] jev flow ERR 'BattleMemory' object has no attribute 'kill_log'
[19:39:21] jev flow ERR 'BattleMemory' object has no attribute 'kill_log'
[19:39:22] jev flow ERR 'BattleMemory' object has no attribute 'kill_log'
[19:39:24] jev flow ERR 'BattleMemory' object has no attribute 'kill_log'
[19:39:25] jev flow ERR 'BattleMemory' object has no attribute 'kill_log'
[19:39:27] jev flow ERR 'BattleMemory' object has no attribute 'kill_log'
[19:39:28] jev flow ERR 'BattleMemory' object has no attribute 'kill_log'
[19:39:30] jev flow ERR 'BattleMemory' object has no attribute 'kill_log'
[19:39:31] t=167 DEFLINE NALASR (have 1)
[19:39:31] jev flow ERR 'BattleMemory' object has no attribute 'kill_log'
[19:39:33] t=169 DEFLINE NALASR (have 1)
[19:39:33] jev flow ERR 'BattleMemory' object has no attribute 'kill_log'
[19:39:34] t=171 DEFLINE NALASR (have 1)
[19:39:34] jev flow ERR 'BattleMemory' object has no attribute 'kill_log'
[19:39:36] t=173 DEFLINE NALASR (have 1)
[19:39:36] jev flow ERR 'BattleMemory' object has no attribute 'kill_log'
[19:39:37] t=175 DEFLINE NALASR (have 1)
[19:39:37] {"kind": "action", "what": "produce", "name": "NALASR", "qty": 1, "tid": null, "ts": "19:39:37"}
[19:39:37] jev flow ERR 'BattleMemory' object has no attribute 'kill_log'
[19:39:39] jev flow ERR 'BattleMemory' object has no attribute 'kill_log'
[19:39:40] jev flow ERR 'BattleMemory' object has no attribute 'kill_log'
[19:39:42] jev flow ERR 'BattleMemory' object has no attribute 'kill_log'
[19:39:43] jev flow ERR 'BattleMemory' object has no attribute 'kill_log'
[19:39:45] jev flow ERR 'BattleMemory' object has no attribute 'kill_log'
[19:39:46] jev flow ERR 'BattleMemory' object has no attribute 'kill_log'
[19:39:48] jev flow ERR 'BattleMemory' object has no attribute 'kill_log'
[19:39:49] jev flow ERR 'BattleMemory' object has no attribute 'kill_log'
[19:39:51] jev flow ERR 'BattleMemory' object has no attribute 'kill_log'
[19:39:52] jev flow ERR 'BattleMemory' object has no attribute 'kill_log'
[19:39:54] jev flow ERR 'BattleMemory' object has no attribute 'kill_log'
[19:39:55] jev flow ERR 'BattleMemory' object has no attribute 'kill_log'
[19:39:55] t=199 tick#100 credits=4501 stance=defend | jev 0 decisions p50=Nonems
[19:39:57] jev flow ERR 'BattleMemory' object has no attribute 'kill_log'
[19:39:58] jev flow ERR 'BattleMemory' object has no attribute 'kill_log'
[19:40:00] jev flow ERR 'BattleMemory' object has no attribute 'kill_log'
[19:40:01] jev flow ERR 'BattleMemory' object has no attribute 'kill_log'
[19:40:03] jev flow ERR 'BattleMemory' object has no attribute 'kill_log'
[19:40:04] jev flow ERR 'BattleMemory' object has no attribute 'kill_log'
[19:40:06] jev flow ERR 'BattleMemory' object has no attribute 'kill_log'
[19:40:07] jev flow ERR 'BattleMemory' object has no attribute 'kill_log'
[19:40:09] jev flow ERR 'BattleMemory' object has no attribute 'kill_log'
[19:40:10] jev flow ERR 'BattleMemory' object has no attribute 'kill_log'
[19:40:12] jev flow ERR 'BattleMemory' object has no attribute 'kill_log'
[19:40:13] jev flow ERR 'BattleMemory' object has no attribute 'kill_log'
[19:40:15] jev flow ERR 'BattleMemory' object has no attribute 'kill_log'
[19:40:16] jev flow ERR 'BattleMemory' object has no attribute 'kill_log'
[19:40:18] jev flow ERR 'BattleMemory' object has no attribute 'kill_log'
[19:40:19] jev flow ERR 'BattleMemory' object has no attribute 'kill_log'
[19:40:21] t=233 ECON harv#2
[19:40:21] t=233 TANK HTNK x2
[19:40:21] {"kind": "action", "what": "produce", "name": "HARV", "qty": 1, "tid": null, "ts": "19:40:21"}
[19:40:21] {"kind": "action", "what": "produce", "name": "HTNK", "qty": 2, "tid": null, "ts": "19:40:21"}
[19:40:21] jev flow ERR 'BattleMemory' object has no attribute 'kill_log'
[19:40:22] t=235 INSURE AA building
[19:40:22] {"kind": "action", "what": "produce", "name": "NAFLAK", "qty": 1, "tid": null, "ts": "19:40:22"}
[19:40:22] jev flow ERR 'BattleMemory' object has no attribute 'kill_log'
[19:40:24] jev flow ERR 'BattleMemory' object has no attribute 'kill_log'
[19:40:25] tick ERR 'BattleMemory' object has no attribute 'kill_log'
[19:40:28] tick ERR 'BattleMemory' object has no attribute 'kill_log'
[19:40:31] tick ERR 'BattleMemory' object has no attribute 'kill_log'
[19:40:34] tick ERR 'BattleMemory' object has no attribute 'kill_log'
[19:40:37] tick ERR 'BattleMemory' object has no attribute 'kill_log'
[19:40:40] tick ERR 'BattleMemory' object has no attribute 'kill_log'
[19:40:43] tick ERR 'BattleMemory' object has no attribute 'kill_log'
[19:40:46] tick ERR 'BattleMemory' object has no attribute 'kill_log'
[19:40:49] tick ERR 'BattleMemory' object has no attribute 'kill_log'
[19:40:52] tick ERR 'BattleMemory' object has no attribute 'kill_log'
[19:40:56] tick ERR 'BattleMemory' object has no attribute 'kill_log'
[19:40:59] tick ERR 'BattleMemory' object has no attribute 'kill_log'
[19:41:02] tick ERR 'BattleMemory' object has no attribute 'kill_log'
[19:41:05] tick ERR 'BattleMemory' object has no attribute 'kill_log'
[19:41:08] tick ERR 'BattleMemory' object has no attribute 'kill_log'
[19:41:11] tick ERR 'BattleMemory' object has no attribute 'kill_log'
[19:41:14] tick ERR 'BattleMemory' object has no attribute 'kill_log'
[19:41:17] tick ERR 'BattleMemory' object has no attribute 'kill_log'
[19:41:20] tick ERR 'BattleMemory' object has no attribute 'kill_log'
[19:41:23] tick ERR 'BattleMemory' object has no attribute 'kill_log'
[19:41:26] tick ERR 'BattleMemory' object has no attribute 'kill_log'
[19:41:29] tick ERR 'BattleMemory' object has no attribute 'kill_log'
[19:41:32] tick ERR 'BattleMemory' object has no attribute 'kill_log'
[19:41:35] tick ERR 'BattleMemory' object has no attribute 'kill_log'
[19:41:38] tick ERR 'BattleMemory' object has no attribute 'kill_log'
[19:41:41] tick ERR 'BattleMemory' object has no attribute 'kill_log'
[19:41:44] tick ERR 'BattleMemory' object has no attribute 'kill_log'
[19:41:47] tick ERR 'BattleMemory' object has no attribute 'kill_log'
[19:41:50] tick ERR 'BattleMemory' object has no attribute 'kill_log'
[19:41:53] tick ERR 'BattleMemory' object has no attribute 'kill_log'
[19:41:56] tick ERR 'BattleMemory' object has no attribute 'kill_log'
[19:41:59] tick ERR 'BattleMemory' object has no attribute 'kill_log'
[19:42:02] tick ERR 'BattleMemory' object has no attribute 'kill_log'
[19:42:05] tick ERR 'BattleMemory' object has no attribute 'kill_log'
[19:42:08] tick ERR 'BattleMemory' object has no attribute 'kill_log'
[19:42:11] tick ERR 'BattleMemory' object has no attribute 'kill_log'
