[14:52:43] 进局中(全自动)...
[14:53:11] {"kind": "start", "policy": "ra2web-jev-player/1.0", "maxDecisions": 1200, "micro": {"events": [{"kind": "micro", "t": 0, "what": "start"}], "loopN": 1, "on": true, "outcome": null, "stall": false}, "ts": "14:53:11"}
[14:53:11] === ra2web-jev-player start (tick=1.5s, max_decisions=1200) ===
[14:53:11] t=1 DEPLOY mcv
[14:53:11] {"kind": "action", "what": "deploy", "ids": [1042], "ts": "14:53:11"}
[14:53:11] {"kind": "action", "what": "deploy", "name": null, "qty": null, "ts": "14:53:11"}
[14:53:13] t=3 POWER plant (reserve 0)
[14:53:13] {"kind": "action", "what": "produce", "name": "NAPOWR", "qty": 1, "ts": "14:53:13"}
[14:53:13] t=3 jev STANCE defend->develop (conf 0.92)
[14:53:31] {"kind": "action", "what": "produce", "name": "NAREFN", "qty": 1, "ts": "14:53:31"}
[14:53:31] t=27 OPENING BUILD NAREFN
[14:53:48] t=49 tick#25 credits=8869 stance=develop | jev 25 decisions p50=706ms
[14:54:25] t=99 tick#50 credits=7661 stance=develop | jev 50 decisions p50=716ms
[14:54:39] t=117 jev BUILD NAREFN (conf 0.75)
[14:54:39] {"kind": "action", "what": "produce", "name": "NAREFN", "qty": 1, "ts": "14:54:39"}
[14:55:03] t=149 tick#75 credits=6648 stance=develop | jev 75 decisions p50=715ms
[14:55:40] t=199 tick#100 credits=5441 stance=defend | jev 100 decisions p50=716ms
[14:55:46] t=207 jev BUILD NAPOWR (conf 0.57)
[14:55:46] {"kind": "action", "what": "produce", "name": "NAPOWR", "qty": 1, "ts": "14:55:46"}
[14:56:06] t=233 jev BUILD NAHAND (conf 0.29)
[14:56:06] {"kind": "action", "what": "produce", "name": "NAHAND", "qty": 1, "ts": "14:56:06"}
[14:56:18] t=249 tick#125 credits=5513 stance=defend | jev 125 decisions p50=714ms
[14:56:23] t=257 DEFLINE NALASR (have 0)
[14:56:23] {"kind": "action", "what": "produce", "name": "NALASR", "qty": 1, "ts": "14:56:23"}
[14:56:23] {"kind": "action", "what": "produce", "name": "NAWEAP", "qty": 1, "ts": "14:56:23"}
[14:56:23] t=257 OPENING BUILD NAWEAP
[14:56:24] t=257 jev INF DOG (conf 0.60)
[14:56:24] {"kind": "action", "what": "produce", "name": "DOG", "qty": 1, "ts": "14:56:24"}
[14:56:31] t=267 SCOUT dog* #1096->[45, 189]
[14:56:31] {"kind": "action", "what": "attack_move", "name": null, "qty": null, "ts": "14:56:31"}
[14:56:32] t=267 jev INF DOG (conf 0.25)
[14:56:33] t=269 jev INF DOG (conf 0.26)
[14:56:34] t=271 jev INF DOG (conf 0.28)
[14:56:37] t=275 jev INF DOG (conf 0.22)
[14:56:39] t=277 jev INF DOG (conf 0.23)
[14:56:40] t=279 jev INF DOG (conf 0.21)
[14:56:42] t=281 jev INF DOG (conf 0.27)
[14:56:43] t=283 DEFLINE NALASR (have 1)
[14:56:44] t=285 DEFLINE NALASR (have 1)
[14:56:45] t=285 jev INF DOG (conf 0.27)
[14:56:46] t=287 DEFLINE NALASR (have 1)
[14:56:46] t=287 jev INF DOG (conf 0.27)
[14:56:47] t=289 DEFLINE NALASR (have 1)
[14:56:48] t=289 jev INF DOG (conf 0.25)
[14:56:49] t=291 DEFLINE NALASR (have 1)
[14:56:49] {"kind": "action", "what": "produce", "name": "NALASR", "qty": 1, "ts": "14:56:49"}
[14:56:49] t=291 jev INF DOG (conf 0.23)
[14:56:50] {"kind": "action", "what": "produce", "name": "DOG", "qty": 1, "ts": "14:56:50"}
[14:56:55] t=299 tick#150 credits=3299 stance=defend | jev 150 decisions p50=714ms
[14:56:57] t=301 jev INF DOG (conf 0.26)
[14:56:58] t=303 jev INF DOG (conf 0.28)
[14:57:00] t=305 jev INF DOG (conf 0.21)
[14:57:01] t=307 jev INF DOG (conf 0.25)
[14:57:03] t=309 jev INF DOG (conf 0.23)
[14:57:04] t=311 jev INF DOG (conf 0.26)
[14:57:06] t=313 jev INF DOG (conf 0.28)
[14:57:08] t=315 jev INF DOG (conf 0.26)
[14:57:09] t=317 jev INF DOG (conf 0.25)
[14:57:10] t=319 ALARM 敌军逼近 -> counter 2 vs 1 -> [81, 114]
[14:57:10] {"kind": "action", "what": "attack_move", "name": null, "qty": null, "ts": "14:57:10"}
[14:57:11] t=319 jev INF E2 (conf 0.24)
[14:57:11] {"kind": "action", "what": "produce", "name": "E2", "qty": 1, "ts": "14:57:11"}
[14:57:15] t=325 jev INF E2 (conf 0.35)
[14:57:16] t=327 SCOUT dog* #1096->[185, 117]; t=327 SCOUT dog #1105->[100, 100]
[14:57:16] {"kind": "action", "what": "attack_move", "name": null, "qty": null, "ts": "14:57:16"}
[14:57:16] {"kind": "action", "what": "attack_move", "name": null, "qty": null, "ts": "14:57:16"}
[14:57:17] t=327 jev INF E2 (conf 0.30)
[14:57:18] t=329 jev INF E2 (conf 0.42)
[14:57:18] t=329 MOVE assault x1 -> (73,120)
[14:57:18] {"kind": "action", "what": "attack_move", "name": null, "qty": null, "ts": "14:57:18"}
[14:57:19] t=331 ALARM 敌军逼近 -> TURTLE (3 v 8, 守塔阵不打野战)
[14:57:19] {"kind": "action", "what": "attack_move", "name": null, "qty": null, "ts": "14:57:19"}
[14:57:20] t=331 jev INF E2 (conf 0.35)
[14:57:21] t=333 jev INF E2 (conf 0.36)
[14:57:23] t=335 jev INF E2 (conf 0.38)
[14:57:24] t=337 jev INF E2 (conf 0.43)
[14:57:26] t=339 jev INF E2 (conf 0.41)
[14:57:27] t=341 jev INF E2 (conf 0.36)
[14:57:28] t=343 ALARM 敌军逼近 -> TURTLE (3 v 9, 守塔阵不打野战)
[14:57:28] {"kind": "action", "what": "attack_move", "name": null, "qty": null, "ts": "14:57:28"}
[14:57:29] t=343 jev INF E2 (conf 0.38)
[14:57:30] t=345 jev INF E2 (conf 0.32)
[14:57:32] t=347 jev INF E2 (conf 0.32)
[14:57:32] t=349 ECON harv#3
[14:57:32] t=349 TANK HTNK x3
[14:57:32] {"kind": "action", "what": "produce", "name": "HARV", "qty": 1, "ts": "14:57:32"}
[14:57:32] {"kind": "action", "what": "produce", "name": "HTNK", "qty": 3, "ts": "14:57:32"}
[14:57:33] t=349 jev BUILD NAHAND (conf 0.19)
[14:57:33] t=349 jev INF E2 (conf 0.30)
[14:57:33] {"kind": "action", "what": "produce", "name": "NAHAND", "qty": 1, "ts": "14:57:33"}
[14:57:33] t=349 tick#175 credits=4185 stance=defend | jev 175 decisions p50=716ms
[14:57:34] t=351 INSURE AA building
[14:57:34] {"kind": "action", "what": "produce", "name": "NAFLAK", "qty": 1, "ts": "14:57:34"}
[14:57:34] t=351 jev INF E2 (conf 0.31)
[14:57:36] t=353 jev INF E2 (conf 0.30)
[14:57:36] {"kind": "action", "what": "produce", "name": "E2", "qty": 1, "ts": "14:57:36"}
[14:57:36] t=353 MOVE assault x1 -> (73,120)
[14:57:36] {"kind": "action", "what": "attack_move", "name": null, "qty": null, "ts": "14:57:36"}
[14:57:37] t=355 ALARM 苏联矿石精炼场被攻击 -> TURTLE (3 v 10, 守塔阵不打野战)
[14:57:37] {"kind": "action", "what": "attack_move", "name": null, "qty": null, "ts": "14:57:37"}
[14:57:40] t=359 jev INF E2 (conf 0.27)
[14:57:42] t=361 jev INF E2 (conf 0.27)
[14:57:44] t=363 jev INF E2 (conf 0.23)
[14:57:45] t=365 jev INF DOG (conf 0.25)
[14:57:45] {"kind": "action", "what": "produce", "name": "DOG", "qty": 1, "ts": "14:57:45"}
[14:57:46] t=367 ALARM 苏联战车工厂被攻击 -> TURTLE (5 v 14, 守塔阵不打野战)
[14:57:46] {"kind": "action", "what": "attack_move", "name": null, "qty": null, "ts": "14:57:46"}
[14:57:49] t=371 RETREAT E2(17%)
[14:57:49] {"kind": "action", "what": "move", "name": null, "qty": null, "ts": "14:57:49"}
[14:57:51] t=373 jev BUILD NAREFN HOLD (资金闸门: 坦克优先, cash=2239)
[14:57:51] t=373 jev INF E2 (conf 0.20)
[14:57:52] t=375 jev BUILD NAREFN HOLD (资金闸门: 坦克优先, cash=2132)
[14:57:52] t=375 jev INF E2 (conf 0.27)
[14:57:54] t=377 jev BUILD NAREFN HOLD (资金闸门: 坦克优先, cash=2033)
[14:57:54] t=377 jev INF E2 (conf 0.24)
[14:57:54] t=377 MOVE assault x2 -> (73,120)
[14:57:54] {"kind": "action", "what": "attack_move", "name": null, "qty": null, "ts": "14:57:54"}
[14:57:55] t=379 ALARM 苏联兵营被攻击 -> TURTLE (5 v 18, 守塔阵不打野战)
[14:57:55] {"kind": "action", "what": "attack_move", "name": null, "qty": null, "ts": "14:57:55"}
[14:57:56] t=379 jev INF E2 (conf 0.35)
[14:57:57] t=381 jev BUILD NARADR (conf 0.19)
[14:57:57] t=381 jev INF E2 (conf 0.31)
[14:57:57] {"kind": "action", "what": "produce", "name": "NARADR", "qty": 1, "ts": "14:57:57"}
[14:57:59] t=383 jev INF E2 (conf 0.34)
[14:58:00] t=385 jev INF E2 (conf 0.37)
[14:58:01] t=387 SCOUT dog #1096->[12, 100]; t=387 SCOUT dog #1105->[130, 83]
[14:58:01] {"kind": "action", "what": "attack_move", "name": null, "qty": null, "ts": "14:58:01"}
[14:58:01] {"kind": "action", "what": "attack_move", "name": null, "qty": null, "ts": "14:58:01"}
[14:58:02] t=387 jev INF E2 (conf 0.33)
[14:58:02] {"kind": "action", "what": "produce", "name": "E2", "qty": 1, "ts": "14:58:02"}
[14:58:04] t=391 ALARM 苏联战车工厂被攻击 -> TURTLE (5 v 18, 守塔阵不打野战)
[14:58:04] {"kind": "action", "what": "attack_move", "name": null, "qty": null, "ts": "14:58:04"}
[14:58:05] t=393 RETREAT DOG(16%)
[14:58:05] {"kind": "action", "what": "move", "name": null, "qty": null, "ts": "14:58:05"}
[14:58:06] t=393 jev INF E2 HOLD (预算保护 gate=False e2=3)
[14:58:08] t=395 jev INF E2 HOLD (预算保护 gate=False e2=3)
[14:58:09] t=397 jev INF E2 (conf 0.32)
[14:58:10] t=399 RETREAT E2(31%)
[14:58:10] t=399 RETREAT E2(31%)
[14:58:10] {"kind": "action", "what": "move", "name": null, "qty": null, "ts": "14:58:10"}
[14:58:10] {"kind": "action", "what": "move", "name": null, "qty": null, "ts": "14:58:10"}
[14:58:11] t=399 jev INF E2 (conf 0.34)
[14:58:11] t=399 tick#200 credits=1811 stance=defend | jev 200 decisions p50=717ms
[14:58:11] t=401 RETREAT E2(33%)
[14:58:11] {"kind": "action", "what": "move", "name": null, "qty": null, "ts": "14:58:11"}
[14:58:12] t=401 jev INF E2 (conf 0.33)
[14:58:12] t=401 MOVE assault x4 -> (73,120); reserve x2 -> (70,125)
[14:58:12] {"kind": "action", "what": "attack_move", "name": null, "qty": null, "ts": "14:58:12"}
[14:58:12] {"kind": "action", "what": "attack_move", "name": null, "qty": null, "ts": "14:58:12"}
[14:58:13] t=403 ALARM 单位损失 -> TURTLE (5 v 16, 守塔阵不打野战)
[14:58:13] {"kind": "action", "what": "attack_move", "name": null, "qty": null, "ts": "14:58:13"}
[14:58:13] t=403 RETREAT E2(30%)
[14:58:13] {"kind": "action", "what": "move", "name": null, "qty": null, "ts": "14:58:13"}
[14:58:14] t=403 jev INF E2 (conf 0.37)
[14:58:15] t=405 jev INF E2 (conf 0.34)
[14:58:16] t=407 jev INF E2 (conf 0.29)
[14:58:18] t=409 jev INF E2 (conf 0.35)
[14:58:19] t=411 jev INF E2 (conf 0.44)
[14:58:21] t=413 jev INF E2 (conf 0.44)
[14:58:22] t=415 ALARM 哨戒炮被攻击 -> TURTLE (4 v 15, 守塔阵不打野战)
[14:58:22] {"kind": "action", "what": "attack_move", "name": null, "qty": null, "ts": "14:58:22"}
[14:58:23] t=415 jev INF E2 (conf 0.39)
[14:58:24] t=417 jev INF E2 (conf 0.46)
[14:58:26] t=419 jev INF E2 (conf 0.35)
[14:58:27] t=421 jev INF E2 (conf 0.31)
[14:58:27] {"kind": "action", "what": "produce", "name": "E2", "qty": 1, "ts": "14:58:27"}
[14:58:28] {"kind": "action", "what": "produce", "name": "NAWEAP", "qty": 1, "ts": "14:58:28"}
[14:58:28] t=423 OPENING BUILD NAWEAP
[14:58:30] t=425 MOVE assault x2 -> (73,120)
[14:58:30] {"kind": "action", "what": "attack_move", "name": null, "qty": null, "ts": "14:58:30"}
[14:58:31] t=427 ALARM 雷达被攻击 -> TURTLE (5 v 14, 守塔阵不打野战)
[14:58:31] {"kind": "action", "what": "attack_move", "name": null, "qty": null, "ts": "14:58:31"}
[14:58:32] t=427 jev INF E2 (conf 0.49)
[14:58:33] t=429 jev INF E2 (conf 0.50)
[14:58:35] t=431 jev INF E2 (conf 0.53)
[14:58:35] t=433 DEFLINE NALASR (have 1)
[14:58:35] t=433 RETREAT DOG(11%)
[14:58:35] {"kind": "action", "what": "produce", "name": "NALASR", "qty": 1, "ts": "14:58:35"}
[14:58:35] {"kind": "action", "what": "move", "name": null, "qty": null, "ts": "14:58:35"}
[14:58:36] t=433 jev INF E2 (conf 0.46)
[14:58:38] t=435 jev INF E2 (conf 0.47)
[14:58:39] t=437 jev INF E2 (conf 0.53)
[14:58:40] t=439 ALARM 雷达被攻击 -> TURTLE (4 v 12, 守塔阵不打野战)
[14:58:40] {"kind": "action", "what": "attack_move", "name": null, "qty": null, "ts": "14:58:40"}
[14:58:41] t=439 jev INF E2 (conf 0.57)
[14:58:41] t=441 RETREAT E2(9%)
[14:58:41] {"kind": "action", "what": "move", "name": null, "qty": null, "ts": "14:58:41"}
[14:58:42] t=441 jev INF E2 (conf 0.57)
[14:58:44] t=443 jev INF E2 (conf 0.54)
[14:58:45] t=445 jev INF E2 (conf 0.55)
[14:58:46] t=447 SCOUT dog* #1096->[104, 13]
[14:58:46] {"kind": "action", "what": "attack_move", "name": null, "qty": null, "ts": "14:58:46"}
[14:58:47] t=447 jev INF E2 (conf 0.56)
[14:58:48] t=449 jev INF E2 (conf 0.52)
[14:58:48] t=449 MOVE assault x2 -> (73,120)
[14:58:48] {"kind": "action", "what": "attack_move", "name": null, "qty": null, "ts": "14:58:48"}
[14:58:48] t=449 tick#225 credits=1341 stance=defend | jev 225 decisions p50=717ms
[14:58:49] t=451 ALARM 雷达被攻击 -> TURTLE (3 v 10, 守塔阵不打野战)
[14:58:49] {"kind": "action", "what": "attack_move", "name": null, "qty": null, "ts": "14:58:49"}
[14:58:50] t=451 jev INF E2 (conf 0.52)
[14:58:51] t=453 jev INF E2 (conf 0.59)
[14:58:53] t=455 jev INF E2 (conf 0.43)
[14:58:53] {"kind": "action", "what": "produce", "name": "E2", "qty": 1, "ts": "14:58:53"}
[14:58:55] t=459 RETREAT E2(2%)
[14:58:55] {"kind": "action", "what": "move", "name": null, "qty": null, "ts": "14:58:55"}
[14:58:57] t=461 jev INF E2 (conf 0.31)
[14:58:58] t=463 ALARM 哨戒炮被攻击 -> TURTLE (3 v 9, 守塔阵不打野战)
[14:58:58] {"kind": "action", "what": "attack_move", "name": null, "qty": null, "ts": "14:58:58"}
[14:58:58] t=463 RETREAT E2(6%)
[14:58:58] {"kind": "action", "what": "move", "name": null, "qty": null, "ts": "14:58:58"}
[14:58:59] t=463 jev INF E2 (conf 0.42)
[14:59:00] t=465 jev INF E2 (conf 0.43)
[14:59:02] t=467 jev INF E2 (conf 0.48)
[14:59:03] t=469 jev INF E2 (conf 0.46)
[14:59:05] t=471 jev INF E2 (conf 0.50)
[14:59:06] t=473 jev INF E2 (conf 0.45)
[14:59:06] t=473 MOVE assault x2 -> (73,120)
[14:59:06] {"kind": "action", "what": "attack_move", "name": null, "qty": null, "ts": "14:59:06"}
[14:59:07] t=475 ALARM 哨戒炮被攻击 -> TURTLE (3 v 8, 守塔阵不打野战)
[14:59:07] {"kind": "action", "what": "attack_move", "name": null, "qty": null, "ts": "14:59:07"}
[14:59:08] t=475 jev INF E2 (conf 0.48)
[14:59:09] t=477 jev INF E2 (conf 0.45)
[14:59:10] t=479 RETREAT E2(36%)
[14:59:10] {"kind": "action", "what": "move", "name": null, "qty": null, "ts": "14:59:10"}
[14:59:11] t=479 jev INF E2 (conf 0.44)
[14:59:12] t=481 jev INF E2 (conf 0.34)
[14:59:14] t=483 jev INF E2 (conf 0.46)
[14:59:15] t=485 jev INF E2 (conf 0.39)
[14:59:16] t=487 ALARM 磁能反应炉被攻击 -> TURTLE (2 v 8, 守塔阵不打野战)
[14:59:16] {"kind": "action", "what": "attack_move", "name": null, "qty": null, "ts": "14:59:16"}
[14:59:17] t=487 jev INF E2 (conf 0.39)
[14:59:18] t=489 jev INF E2 (conf 0.44)
[14:59:18] {"kind": "action", "what": "produce", "name": "E2", "qty": 1, "ts": "14:59:18"}
[14:59:20] t=493 RETREAT E2(23%)
[14:59:20] {"kind": "action", "what": "move", "name": null, "qty": null, "ts": "14:59:20"}
[14:59:23] t=495 jev INF E2 (conf 0.40)
[14:59:24] t=497 jev INF E2 (conf 0.45)
[14:59:24] t=497 MOVE assault x1 -> (73,120)
[14:59:24] {"kind": "action", "what": "attack_move", "name": null, "qty": null, "ts": "14:59:24"}
[14:59:25] t=499 ALARM 苏联矿石精炼场被攻击 -> TURTLE (2 v 8, 守塔阵不打野战)
[14:59:25] {"kind": "action", "what": "attack_move", "name": null, "qty": null, "ts": "14:59:25"}
[14:59:26] t=499 jev INF E2 (conf 0.37)
[14:59:26] t=499 tick#250 credits=893 stance=defend | jev 250 decisions p50=717ms
[14:59:27] t=501 jev INF E2 (conf 0.46)
[14:59:29] t=503 jev INF E2 (conf 0.44)
[14:59:30] t=505 jev INF E2 (conf 0.40)
[14:59:31] t=507 SCOUT dog* #1096->[88, 189]
[14:59:31] {"kind": "action", "what": "attack_move", "name": null, "qty": null, "ts": "14:59:31"}
[14:59:32] t=507 jev INF E2 (conf 0.43)
[14:59:33] t=509 jev INF E2 (conf 0.34)
[14:59:34] t=511 ALARM 苏联矿石精炼场被攻击 -> TURTLE (2 v 8, 守塔阵不打野战)
[14:59:34] {"kind": "action", "what": "attack_move", "name": null, "qty": null, "ts": "14:59:34"}
[14:59:35] t=511 jev INF E2 (conf 0.41)
[14:59:36] t=513 jev INF E2 (conf 0.41)
[14:59:38] t=515 jev INF E2 HOLD (预算保护 gate=False e2=1)
[14:59:38] t=515 jev VEH HTK (conf 0.23)
[14:59:38] {"kind": "action", "what": "produce", "name": "HTK", "qty": 1, "ts": "14:59:38"}
[14:59:39] t=517 jev BUILD NAHAND HOLD (资金闸门: 坦克优先, cash=596)
[14:59:39] t=517 jev INF E2 HOLD (预算保护 gate=False e2=1)
[14:59:40] t=519 jev BUILD NAHAND HOLD (资金闸门: 坦克优先, cash=528)
[14:59:40] t=519 jev INF E2 HOLD (预算保护 gate=False e2=1)
[14:59:42] t=521 jev INF E2 HOLD (预算保护 gate=False e2=1)
[14:59:42] t=521 MOVE assault x1 -> (73,120)
[14:59:42] {"kind": "action", "what": "attack_move", "name": null, "qty": null, "ts": "14:59:42"}
[14:59:43] t=523 ALARM 苏联战车工厂被攻击 -> TURTLE (2 v 8, 守塔阵不打野战)
[14:59:43] {"kind": "action", "what": "attack_move", "name": null, "qty": null, "ts": "14:59:43"}
[14:59:44] t=523 jev INF E2 HOLD (预算保护 gate=False e2=1)
[14:59:45] t=525 jev INF E2 HOLD (预算保护 gate=False e2=1)
[14:59:47] t=527 jev INF E2 HOLD (预算保护 gate=False e2=1)
[14:59:48] t=529 jev INF E2 HOLD (预算保护 gate=False e2=1)
[14:59:50] t=531 jev INF E2 HOLD (预算保护 gate=False e2=1)
[14:59:52] t=535 ALARM 苏联战车工厂被攻击 -> TURTLE (3 v 5, 守塔阵不打野战)
[14:59:52] {"kind": "action", "what": "attack_move", "name": null, "qty": null, "ts": "14:59:52"}
[14:59:52] t=535 SCOUT #2328->[185, 117]
[14:59:52] {"kind": "action", "what": "attack_move", "name": null, "qty": null, "ts": "14:59:52"}
[14:59:53] t=535 jev INF DOG (conf 0.28)
[14:59:53] t=535 jev VEH DRON (conf 0.21)
[14:59:53] {"kind": "action", "what": "produce", "name": "DOG", "qty": 1, "ts": "14:59:53"}
[14:59:53] {"kind": "action", "what": "produce", "name": "DRON", "qty": 1, "ts": "14:59:53"}
[14:59:53] t=537 SCOUT* #2328->[185, 117]
[14:59:53] {"kind": "action", "what": "attack_move", "name": null, "qty": null, "ts": "14:59:53"}
[14:59:54] t=537 jev BUILD NAHAND HOLD (资金闸门: 坦克优先, cash=1077)
[14:59:57] t=541 jev BUILD NAHAND HOLD (资金闸门: 坦克优先, cash=855)
[14:59:59] t=543 jev BUILD NAHAND HOLD (资金闸门: 坦克优先, cash=745)
[15:00:00] t=545 jev BUILD NAHAND HOLD (资金闸门: 坦克优先, cash=679)
[15:00:00] t=545 jev INF E2 HOLD (预算保护 gate=False e2=1)
[15:00:00] t=545 MOVE assault x1 -> (73,120)
[15:00:00] {"kind": "action", "what": "attack_move", "name": null, "qty": null, "ts": "15:00:00"}
[15:00:01] t=547 ALARM 苏联战车工厂被攻击 -> TURTLE (3 v 5, 守塔阵不打野战)
[15:00:01] {"kind": "action", "what": "attack_move", "name": null, "qty": null, "ts": "15:00:01"}
[15:00:02] t=547 jev BUILD NAHAND HOLD (资金闸门: 坦克优先, cash=624)
[15:00:02] t=547 jev INF E2 HOLD (预算保护 gate=False e2=1)
[15:00:03] t=549 jev BUILD NAHAND HOLD (资金闸门: 坦克优先, cash=568)
[15:00:03] t=549 jev INF DOG (conf 0.23)
[15:00:03] t=549 tick#275 credits=568 stance=defend | jev 275 decisions p50=717ms
[15:00:05] t=551 jev BUILD NAHAND HOLD (资金闸门: 坦克优先, cash=525)
[15:00:05] t=551 jev INF DOG (conf 0.33)
[15:00:05] t=551 jev VEH DRON (conf 0.28)
[15:00:06] t=553 jev BUILD NAHAND HOLD (资金闸门: 坦克优先, cash=525)
[15:00:06] t=553 jev INF E2 HOLD (预算保护 gate=False e2=1)
[15:00:06] t=553 jev VEH DRON (conf 0.31)
[15:00:07] t=555 RETREAT E2(22%)
[15:00:07] {"kind": "action", "what": "move", "name": null, "qty": null, "ts": "15:00:07"}
[15:00:07] {"kind": "action", "what": "produce", "name": "NAWEAP", "qty": 1, "ts": "15:00:07"}
[15:00:07] t=555 OPENING BUILD NAWEAP
[15:00:08] t=555 jev INF E2 (conf 0.23)
[15:00:08] {"kind": "action", "what": "produce", "name": "E2", "qty": 1, "ts": "15:00:08"}
[15:00:10] t=559 ALARM 磁能反应炉被攻击 -> counter 6 vs 5 -> [69, 115]
[15:00:10] {"kind": "action", "what": "attack_move", "name": null, "qty": null, "ts": "15:00:10"}
[15:00:12] t=561 jev INF DOG (conf 0.27)
[15:00:13] t=563 RETREAT E2(33%)
[15:00:13] {"kind": "action", "what": "move", "name": null, "qty": null, "ts": "15:00:13"}
[15:00:14] t=563 jev INF E2 (conf 0.24)
[15:00:14] t=565 RETREAT E2(39%)
[15:00:14] {"kind": "action", "what": "move", "name": null, "qty": null, "ts": "15:00:14"}
[15:00:15] t=565 jev INF E2 (conf 0.28)
[15:00:16] t=567 RETREAT E2(36%)
[15:00:16] {"kind": "action", "what": "move", "name": null, "qty": null, "ts": "15:00:16"}
[15:00:16] t=567 SCOUT dog #1096->[100, 188]
[15:00:16] {"kind": "action", "what": "attack_move", "name": null, "qty": null, "ts": "15:00:16"}
[15:00:17] t=567 jev INF E2 (conf 0.35)
[15:00:18] t=569 jev INF E2 (conf 0.21)
[15:00:18] t=569 MOVE assault x4 -> (73,120)
[15:00:18] {"kind": "action", "what": "attack_move", "name": null, "qty": null, "ts": "15:00:18"}
[15:00:19] t=571 ALARM 单位损失 -> TURTLE (3 v 4, 守塔阵不打野战)
[15:00:19] {"kind": "action", "what": "attack_move", "name": null, "qty": null, "ts": "15:00:19"}
[15:00:20] t=571 jev INF DOG (conf 0.24)
[15:00:20] {"kind": "action", "what": "produce", "name": "DOG", "qty": 1, "ts": "15:00:20"}
[15:00:23] t=577 RETREAT E2(29%)
[15:00:23] {"kind": "action", "what": "move", "name": null, "qty": null, "ts": "15:00:23"}
[15:00:28] t=583 ALARM 苏联建造场被攻击 -> counter 2 vs 2 -> [70, 117]
[15:00:28] {"kind": "action", "what": "attack_move", "name": null, "qty": null, "ts": "15:00:28"}
[15:00:33] t=589 jev INF E2 (conf 0.31)
[15:00:33] {"kind": "action", "what": "produce", "name": "E2", "qty": 1, "ts": "15:00:33"}
[15:00:34] t=591 RETREAT HTK(39%)
[15:00:34] {"kind": "action", "what": "move", "name": null, "qty": null, "ts": "15:00:34"}
[15:00:36] t=593 MOVE assault x1 -> (73,120)
[15:00:36] {"kind": "action", "what": "attack_move", "name": null, "qty": null, "ts": "15:00:36"}
[15:00:37] t=595 ALARM 敌军逼近 -> counter 4 vs 2 -> [74, 115]
[15:00:37] {"kind": "action", "what": "attack_move", "name": null, "qty": null, "ts": "15:00:37"}
[15:00:38] t=595 jev INF DOG (conf 0.28)
[15:00:38] t=597 SCOUT* #2328->[185, 59]
[15:00:38] {"kind": "action", "what": "attack_move", "name": null, "qty": null, "ts": "15:00:38"}
[15:00:39] t=597 jev INF DOG (conf 0.28)
[15:00:41] t=599 jev INF DOG (conf 0.27)
[15:00:41] t=599 tick#300 credits=401 stance=defend | jev 300 decisions p50=718ms
[15:00:42] t=601 jev INF E2 (conf 0.34)
[15:00:44] t=603 jev INF DOG (conf 0.23)
[15:00:45] t=605 jev INF E2 (conf 0.27)
[15:00:46] t=607 ALARM 敌军逼近 -> counter 3 vs 1 -> [77, 113]
[15:00:46] {"kind": "action", "what": "attack_move", "name": null, "qty": null, "ts": "15:00:46"}
[15:00:46] t=607 RETREAT DOG(26%)
[15:00:46] {"kind": "action", "what": "move", "name": null, "qty": null, "ts": "15:00:46"}
[15:00:47] t=607 jev INF E2 (conf 0.19)
[15:00:48] t=609 jev INF E2 (conf 0.20)
[15:00:50] t=611 jev INF DOG (conf 0.20)
[15:00:50] {"kind": "action", "what": "produce", "name": "DOG", "qty": 1, "ts": "15:00:50"}
[15:00:53] t=617 RETREAT E2(23%)
[15:00:53] {"kind": "action", "what": "move", "name": null, "qty": null, "ts": "15:00:53"}
[15:00:54] t=617 MOVE assault x2 -> (73,120)
[15:00:54] {"kind": "action", "what": "attack_move", "name": null, "qty": null, "ts": "15:00:54"}
[15:00:55] t=619 ALARM 敌军逼近 -> TURTLE (2 v 4, 守塔阵不打野战)
[15:00:55] {"kind": "action", "what": "attack_move", "name": null, "qty": null, "ts": "15:00:55"}
[15:01:01] t=627 SCOUT dog #1096->[12, 188]
[15:01:01] {"kind": "action", "what": "attack_move", "name": null, "qty": null, "ts": "15:01:01"}
[15:01:04] t=631 ALARM 磁能反应炉被攻击 -> TURTLE (1 v 5, 守塔阵不打野战)
[15:01:04] {"kind": "action", "what": "attack_move", "name": null, "qty": null, "ts": "15:01:04"}
[15:01:04] t=631 RETREAT E2(35%)
[15:01:04] {"kind": "action", "what": "move", "name": null, "qty": null, "ts": "15:01:04"}
[15:01:13] t=643 ALARM 苏联建造场被攻击 -> TURTLE (1 v 5, 守塔阵不打野战)
[15:01:13] {"kind": "action", "what": "attack_move", "name": null, "qty": null, "ts": "15:01:13"}
[15:01:17] t=649 RETREAT DOG(7%)
[15:01:17] {"kind": "action", "what": "move", "name": null, "qty": null, "ts": "15:01:17"}
[15:01:18] t=649 tick#325 credits=0 stance=defend | jev 325 decisions p50=718ms
[15:01:37] t=675 ALARM 敌军逼近 -> TURTLE (1 v 11, 守塔阵不打野战)
[15:01:37] {"kind": "action", "what": "attack_move", "name": null, "qty": null, "ts": "15:01:37"}
[15:01:38] t=675 jev INF SHK (conf 0.26)
[15:01:38] {"kind": "action", "what": "produce", "name": "SHK", "qty": 1, "ts": "15:01:38"}
[15:01:46] t=687 ALARM 苏联矿石精炼场被攻击 -> TURTLE (1 v 13, 守塔阵不打野战)
[15:01:46] {"kind": "action", "what": "attack_move", "name": null, "qty": null, "ts": "15:01:46"}
[15:01:46] t=687 SCOUT dog #2681->[100, 12]
[15:01:46] {"kind": "action", "what": "attack_move", "name": null, "qty": null, "ts": "15:01:46"}
[15:01:55] t=699 ALARM 苏联矿石精炼场被攻击 -> TURTLE (6 v 13, 守塔阵不打野战)
[15:01:56] t=699 tick#350 credits=1733 stance=defend | jev 350 decisions p50=718ms
[15:01:59] t=703 jev INF SHK (conf 0.38)
[15:02:00] t=705 jev INF SHK (conf 0.31)
[15:02:02] t=707 jev INF SHK (conf 0.35)
[15:02:03] t=709 jev INF SHK (conf 0.32)
[15:02:03] {"kind": "action", "what": "produce", "name": "SHK", "qty": 1, "ts": "15:02:03"}
[15:02:04] t=711 ALARM 磁能反应炉被攻击 -> TURTLE (3 v 13, 守塔阵不打野战)
[15:02:13] t=723 ALARM 苏联矿石精炼场被攻击 -> TURTLE (1 v 12, 守塔阵不打野战)
[15:02:18] t=729 jev INF SHK (conf 0.29)
[15:02:20] t=731 jev INF SHK (conf 0.30)
[15:02:21] t=733 jev INF SHK (conf 0.23)
[15:02:23] t=735 jev INF SHK (conf 0.19)
[15:02:23] t=737 ALARM 防空炮被攻击 -> TURTLE (1 v 11, 守塔阵不打野战)
[15:02:24] t=737 jev INF DOG (conf 0.16)
[15:02:24] {"kind": "action", "what": "produce", "name": "DOG", "qty": 1, "ts": "15:02:24"}
[15:02:32] t=747 jev INF SHK (conf 0.15)
[15:02:32] {"kind": "action", "what": "produce", "name": "SHK", "qty": 1, "ts": "15:02:32"}
[15:02:33] t=749 tick#375 credits=949 stance=defend | jev 375 decisions p50=719ms
[15:02:47] t=767 jev INF DOG (conf 0.26)
[15:02:47] t=769 ALARM 哨戒炮被攻击 -> TURTLE (1 v 8, 守塔阵不打野战)
[15:02:48] t=769 jev INF DOG (conf 0.25)
[15:02:50] t=771 jev INF E2 (conf 0.24)
[15:02:50] {"kind": "action", "what": "produce", "name": "E2", "qty": 1, "ts": "15:02:50"}
[15:02:54] t=777 jev INF E2 (conf 0.26)
[15:02:56] t=779 jev INF E2 (conf 0.22)
[15:02:57] t=781 jev INF E2 (conf 0.28)
[15:02:59] t=783 jev INF DOG (conf 0.24)
[15:02:59] {"kind": "action", "what": "produce", "name": "DOG", "qty": 1, "ts": "15:02:59"}
[15:03:05] t=793 ALARM 磁能反应炉被攻击 -> TURTLE (1 v 8, 守塔阵不打野战)
[15:03:06] t=793 jev INF E2 (conf 0.30)
[15:03:08] t=795 jev INF E2 (conf 0.27)
[15:03:09] t=797 jev INF E2 (conf 0.29)
[15:03:11] t=799 jev INF E2 (conf 0.22)
[15:03:11] t=799 tick#400 credits=104 stance=defend | jev 400 decisions p50=719ms
[15:03:13] t=801 jev INF DOG (conf 0.23)
[15:03:14] t=803 jev INF E2 (conf 0.28)
[15:03:15] t=805 jev INF E2 (conf 0.37)
[15:03:15] {"kind": "action", "what": "produce", "name": "E2", "qty": 1, "ts": "15:03:15"}
[2026-09-30 15:03:22] {"kind": "report", "result": "defeat", "t": 815, "ticks": 408, "crisis_ticks": 265, "stance": "defend", "jev": {"decisions": 407, "errors": 0, "input_tokens": 1027335, "output_tokens": 72504, "p50_ms": 719, "p95_ms": 809}, "enemy_base": null, "ts": "2026-09-30 15:03:22"}
[15:03:23] REVIEW game#48 defeat → game-0048-review.md | changes=0
{
  "result": "defeat",
  "t": 815,
  "ticks": 408,
  "crisis_ticks": 265,
  "stance": "defend",
  "jev": {
    "decisions": 407,
    "errors": 0,
    "input_tokens": 1027335,
    "output_tokens": 72504,
    "p50_ms": 719,
    "p95_ms": 809
  },
  "enemy_base": null,
  "ts": "2026-09-30 15:03:22",
  "review": {
    "game_no": 48,
    "rootcause": "no_target",
    "auto_tuned": 0
  }
}
