[14:25:55] 进局中(全自动)...
[14:26:23] {"kind": "start", "policy": "ra2web-jev-player/1.0", "maxDecisions": 1200, "micro": {"events": [{"kind": "micro", "t": 1, "what": "start"}], "loopN": 1, "on": true, "outcome": null, "stall": false}, "ts": "14:26:23"}
[14:26:23] === ra2web-jev-player start (tick=1.5s, max_decisions=1200) ===
[14:26:23] t=1 DEPLOY mcv
[14:26:23] {"kind": "action", "what": "deploy", "ids": [1042], "ts": "14:26:23"}
[14:26:23] {"kind": "action", "what": "deploy", "name": null, "qty": null, "ts": "14:26:23"}
[14:26:25] t=3 POWER plant (reserve 0)
[14:26:25] {"kind": "action", "what": "produce", "name": "NAPOWR", "qty": 1, "ts": "14:26:25"}
[14:26:25] t=3 jev STANCE defend->develop (conf 0.93)
[14:26:43] {"kind": "action", "what": "produce", "name": "NAREFN", "qty": 1, "ts": "14:26:43"}
[14:26:43] t=27 OPENING BUILD NAREFN
[14:27:00] t=49 tick#25 credits=8869 stance=develop | jev 25 decisions p50=719ms
[14:27:37] t=99 tick#50 credits=7661 stance=develop | jev 50 decisions p50=719ms
[14:27:51] t=117 jev BUILD NAREFN (conf 0.71)
[14:27:51] {"kind": "action", "what": "produce", "name": "NAREFN", "qty": 1, "ts": "14:27:51"}
[14:28:15] t=149 tick#75 credits=6652 stance=develop | jev 75 decisions p50=719ms
[14:28:52] t=199 tick#100 credits=5444 stance=defend | jev 100 decisions p50=716ms
[14:28:58] t=207 jev BUILD NAPOWR (conf 0.60)
[14:28:58] {"kind": "action", "what": "produce", "name": "NAPOWR", "qty": 1, "ts": "14:28:58"}
[14:29:16] t=231 jev BUILD NAHAND (conf 0.27)
[14:29:16] {"kind": "action", "what": "produce", "name": "NAHAND", "qty": 1, "ts": "14:29:16"}
[14:29:30] t=249 tick#125 credits=5459 stance=defend | jev 125 decisions p50=714ms
[14:29:35] t=257 DEFLINE NALASR (have 0)
[14:29:35] {"kind": "action", "what": "produce", "name": "NALASR", "qty": 1, "ts": "14:29:35"}
[14:29:35] {"kind": "action", "what": "produce", "name": "NAWEAP", "qty": 1, "ts": "14:29:35"}
[14:29:35] t=257 OPENING BUILD NAWEAP
[14:29:36] t=257 jev INF DOG (conf 0.53)
[14:29:36] {"kind": "action", "what": "produce", "name": "DOG", "qty": 1, "ts": "14:29:36"}
[14:29:43] t=267 SCOUT dog->敌影反推 [45, 189]
[14:29:43] {"kind": "action", "what": "attack_move", "name": null, "qty": null, "ts": "14:29:43"}
[14:29:43] t=267 jev INF DOG (conf 0.26)
[14:29:45] t=269 jev INF DOG (conf 0.24)
[14:29:46] t=271 jev INF DOG (conf 0.24)
[14:29:49] t=275 jev INF DOG (conf 0.24)
[14:29:51] t=277 jev INF DOG (conf 0.26)
[14:29:52] t=279 jev INF DOG (conf 0.20)
[14:29:53] t=281 DEFLINE NALASR (have 1)
[14:29:54] t=281 jev INF DOG (conf 0.24)
[14:29:55] t=283 DEFLINE NALASR (have 1)
[14:29:55] t=283 jev INF DOG (conf 0.23)
[14:29:56] t=285 DEFLINE NALASR (have 1)
[14:29:57] t=285 jev INF DOG (conf 0.25)
[14:29:58] t=287 DEFLINE NALASR (have 1)
[14:29:58] t=287 jev INF DOG (conf 0.28)
[14:29:59] t=289 DEFLINE NALASR (have 1)
[14:30:00] t=289 jev INF DOG (conf 0.24)
[14:30:01] t=291 DEFLINE NALASR (have 1)
[14:30:01] {"kind": "action", "what": "produce", "name": "NALASR", "qty": 1, "ts": "14:30:01"}
[14:30:01] t=291 jev INF DOG (conf 0.25)
[14:30:01] {"kind": "action", "what": "produce", "name": "DOG", "qty": 1, "ts": "14:30:01"}
[14:30:07] t=299 tick#150 credits=3299 stance=defend | jev 150 decisions p50=716ms
[14:30:09] t=301 jev INF DOG (conf 0.25)
[14:30:12] t=305 jev INF DOG (conf 0.23)
[14:30:13] t=307 jev INF DOG (conf 0.24)
[14:30:15] t=309 jev INF DOG (conf 0.26)
[14:30:16] t=311 jev INF DOG (conf 0.26)
[14:30:18] t=313 jev INF DOG (conf 0.26)
[14:30:19] t=315 jev INF DOG (conf 0.25)
[14:30:21] t=317 jev INF DOG (conf 0.23)
[14:30:22] t=319 ALARM 敌军逼近 -> counter 2 vs 1 -> [81, 114]
[14:30:22] {"kind": "action", "what": "attack_move", "name": null, "qty": null, "ts": "14:30:22"}
[14:30:22] t=319 jev INF E2 (conf 0.23)
[14:30:22] {"kind": "action", "what": "produce", "name": "E2", "qty": 1, "ts": "14:30:22"}
[14:30:27] t=325 jev INF E2 (conf 0.28)
[14:30:28] t=327 jev INF E2 (conf 0.31)
[14:30:30] t=329 jev INF E2 (conf 0.37)
[14:30:30] t=329 MOVE assault x1 -> (73,120)
[14:30:30] {"kind": "action", "what": "attack_move", "name": null, "qty": null, "ts": "14:30:30"}
[14:30:31] t=331 ALARM 敌军逼近 -> TURTLE (3 v 9, 守塔阵不打野战)
[14:30:31] {"kind": "action", "what": "attack_move", "name": null, "qty": null, "ts": "14:30:31"}
[14:30:31] t=331 jev INF E2 (conf 0.33)
[14:30:33] t=333 jev INF E2 (conf 0.32)
[14:30:34] t=335 jev INF E2 (conf 0.33)
[14:30:36] t=337 jev INF E2 (conf 0.37)
[14:30:37] t=339 jev INF E2 (conf 0.35)
[14:30:39] t=341 jev INF E2 (conf 0.33)
[14:30:40] t=343 ALARM 敌军逼近 -> TURTLE (3 v 9, 守塔阵不打野战)
[14:30:40] {"kind": "action", "what": "attack_move", "name": null, "qty": null, "ts": "14:30:40"}
[14:30:40] t=343 jev INF E2 (conf 0.38)
[14:30:42] t=345 jev INF E2 (conf 0.38)
[14:30:43] t=347 ECON harv#3
[14:30:43] t=347 TANK HTNK x3
[14:30:43] {"kind": "action", "what": "produce", "name": "HARV", "qty": 1, "ts": "14:30:43"}
[14:30:43] {"kind": "action", "what": "produce", "name": "HTNK", "qty": 3, "ts": "14:30:43"}
[14:30:43] t=347 jev BUILD NAHAND (conf 0.21)
[14:30:43] t=347 jev INF E2 (conf 0.27)
[14:30:43] {"kind": "action", "what": "produce", "name": "NAHAND", "qty": 1, "ts": "14:30:43"}
[14:30:44] t=349 INSURE AA building
[14:30:44] {"kind": "action", "what": "produce", "name": "NAFLAK", "qty": 1, "ts": "14:30:44"}
[14:30:45] t=349 jev INF E2 (conf 0.35)
[14:30:45] t=349 tick#175 credits=4108 stance=defend | jev 175 decisions p50=713ms
[14:30:46] t=351 jev INF E2 (conf 0.34)
[14:30:48] t=353 jev INF E2 (conf 0.32)
[14:30:48] {"kind": "action", "what": "produce", "name": "E2", "qty": 1, "ts": "14:30:48"}
[14:30:48] t=353 MOVE assault x1 -> (73,120)
[14:30:48] {"kind": "action", "what": "attack_move", "name": null, "qty": null, "ts": "14:30:48"}
[14:30:49] t=355 ALARM 苏联矿石精炼场被攻击 -> TURTLE (3 v 10, 守塔阵不打野战)
[14:30:49] {"kind": "action", "what": "attack_move", "name": null, "qty": null, "ts": "14:30:49"}
[14:30:52] t=359 jev INF E2 (conf 0.31)
[14:30:54] t=361 jev INF E2 (conf 0.36)
[14:30:55] t=363 jev INF E2 (conf 0.26)
[14:30:57] t=365 jev INF E2 (conf 0.28)
[14:30:58] t=367 ALARM 苏联战车工厂被攻击 -> TURTLE (4 v 14, 守塔阵不打野战)
[14:30:58] {"kind": "action", "what": "attack_move", "name": null, "qty": null, "ts": "14:30:58"}
[14:30:58] t=367 jev INF E2 (conf 0.18)
[14:31:00] t=369 jev INF E2 (conf 0.20)
[14:31:01] t=371 jev BUILD NAREFN HOLD (资金闸门: 坦克优先, cash=2415)
[14:31:01] t=371 jev INF E2 (conf 0.28)
[14:31:03] t=373 jev BUILD NAREFN HOLD (资金闸门: 坦克优先, cash=2319)
[14:31:03] t=373 jev INF E2 (conf 0.28)
[14:31:04] t=375 RETREAT E2(13%)
[14:31:04] {"kind": "action", "what": "move", "name": null, "qty": null, "ts": "14:31:04"}
[14:31:04] t=375 jev BUILD NAREFN HOLD (资金闸门: 坦克优先, cash=2217)
[14:31:04] t=375 jev INF E2 (conf 0.23)
[14:31:06] t=377 jev BUILD NAREFN HOLD (资金闸门: 坦克优先, cash=2121)
[14:31:06] t=377 jev INF E2 (conf 0.26)
[14:31:06] t=377 MOVE assault x2 -> (73,120)
[14:31:06] {"kind": "action", "what": "attack_move", "name": null, "qty": null, "ts": "14:31:06"}
[14:31:07] t=379 ALARM 苏联兵营被攻击 -> TURTLE (4 v 18, 守塔阵不打野战)
[14:31:07] {"kind": "action", "what": "attack_move", "name": null, "qty": null, "ts": "14:31:07"}
[14:31:07] t=379 jev BUILD NARADR (conf 0.13)
[14:31:07] t=379 jev INF E2 (conf 0.28)
[14:31:07] {"kind": "action", "what": "produce", "name": "NARADR", "qty": 1, "ts": "14:31:07"}
[14:31:09] t=381 jev INF E2 (conf 0.36)
[14:31:10] t=383 jev INF E2 (conf 0.31)
[14:31:12] t=385 jev INF E2 (conf 0.45)
[14:31:13] t=387 jev INF E2 (conf 0.29)
[14:31:13] {"kind": "action", "what": "produce", "name": "E2", "qty": 1, "ts": "14:31:13"}
[14:31:16] t=391 ALARM 苏联兵营被攻击 -> TURTLE (4 v 13, 守塔阵不打野战)
[14:31:16] {"kind": "action", "what": "attack_move", "name": null, "qty": null, "ts": "14:31:16"}
[14:31:18] t=393 jev INF E2 (conf 0.32)
[14:31:19] t=395 jev INF E2 HOLD (预算保护 gate=False e2=3)
[14:31:21] t=397 jev INF E2 HOLD (预算保护 gate=False e2=4)
[14:31:22] t=399 jev INF E2 HOLD (预算保护 gate=False e2=4)
[14:31:22] t=399 tick#200 credits=676 stance=defend | jev 200 decisions p50=713ms
[14:31:23] t=401 RETREAT E2(34%)
[14:31:23] {"kind": "action", "what": "move", "name": null, "qty": null, "ts": "14:31:23"}
[14:31:24] t=401 jev INF E2 (conf 0.31)
[14:31:24] t=401 MOVE assault x4 -> (73,120); hold_a x2 -> (83,122); hold_b x2 -> (60,127)
[14:31:24] {"kind": "action", "what": "attack_move", "name": null, "qty": null, "ts": "14:31:24"}
[14:31:24] {"kind": "action", "what": "attack_move", "name": null, "qty": null, "ts": "14:31:24"}
[14:31:24] {"kind": "action", "what": "attack_move", "name": null, "qty": null, "ts": "14:31:24"}
[14:31:25] t=403 ALARM 磁能反应炉被攻击 -> TURTLE (8 v 13, 守塔阵不打野战)
[14:31:25] {"kind": "action", "what": "attack_move", "name": null, "qty": null, "ts": "14:31:25"}
[14:31:25] t=403 jev INF E2 (conf 0.26)
[14:31:27] t=405 jev INF E2 (conf 0.25)
[14:31:28] t=407 RETREAT E2(10%)
[14:31:28] {"kind": "action", "what": "move", "name": null, "qty": null, "ts": "14:31:28"}
[14:31:28] t=407 jev INF E2 (conf 0.39)
[14:31:30] t=409 jev INF E2 (conf 0.35)
[14:31:31] t=411 jev INF E2 (conf 0.33)
[14:31:33] t=413 jev INF E2 (conf 0.31)
[14:31:34] t=415 ALARM 哨戒炮被攻击 -> TURTLE (5 v 11, 守塔阵不打野战)
[14:31:34] {"kind": "action", "what": "attack_move", "name": null, "qty": null, "ts": "14:31:34"}
[14:31:34] t=415 jev INF E2 (conf 0.32)
[14:31:36] t=417 jev INF E2 (conf 0.42)
[14:31:37] t=419 jev INF E2 (conf 0.45)
[14:31:38] {"kind": "action", "what": "produce", "name": "NAWEAP", "qty": 1, "ts": "14:31:38"}
[14:31:38] t=421 OPENING BUILD NAWEAP
[14:31:39] t=421 jev INF E2 (conf 0.55)
[14:31:39] {"kind": "action", "what": "produce", "name": "E2", "qty": 1, "ts": "14:31:39"}
[14:31:42] t=425 MOVE assault x3 -> (73,120)
[14:31:42] {"kind": "action", "what": "attack_move", "name": null, "qty": null, "ts": "14:31:42"}
[14:31:43] t=427 ALARM 雷达被攻击 -> TURTLE (6 v 10, 守塔阵不打野战)
[14:31:43] {"kind": "action", "what": "attack_move", "name": null, "qty": null, "ts": "14:31:43"}
[14:31:43] t=427 jev INF E2 (conf 0.54)
[14:31:45] t=429 jev INF E2 (conf 0.49)
[14:31:46] t=431 jev INF E2 (conf 0.58)
[14:31:48] t=433 jev INF E2 (conf 0.50)
[14:31:49] t=435 jev INF E2 (conf 0.49)
[14:31:51] t=437 jev INF E2 (conf 0.31)
[14:31:51] t=437 MOVE reserve x1 -> (70,125)
[14:31:51] {"kind": "action", "what": "attack_move", "name": null, "qty": null, "ts": "14:31:51"}
[14:31:52] t=439 ALARM 单位损失 -> TURTLE (6 v 9, 守塔阵不打野战)
[14:31:52] {"kind": "action", "what": "attack_move", "name": null, "qty": null, "ts": "14:31:52"}
[14:31:52] t=439 jev INF E2 (conf 0.21)
[14:31:54] t=441 jev INF E2 (conf 0.22)
[14:31:55] t=443 RETREAT E2(39%)
[14:31:55] {"kind": "action", "what": "move", "name": null, "qty": null, "ts": "14:31:55"}
[14:31:55] t=443 jev INF E2 (conf 0.38)
[14:31:56] t=445 DEFLINE NALASR (have 1)
[14:31:56] t=445 RETREAT E2(34%)
[14:31:56] {"kind": "action", "what": "produce", "name": "NALASR", "qty": 1, "ts": "14:31:56"}
[14:31:56] {"kind": "action", "what": "move", "name": null, "qty": null, "ts": "14:31:56"}
[14:31:57] t=445 jev INF E2 (conf 0.29)
[14:31:58] t=447 jev INF E2 (conf 0.38)
[14:32:00] t=449 jev INF E2 (conf 0.35)
[14:32:00] t=449 MOVE assault x2 -> (73,120)
[14:32:00] {"kind": "action", "what": "attack_move", "name": null, "qty": null, "ts": "14:32:00"}
[14:32:00] t=449 tick#225 credits=1827 stance=defend | jev 225 decisions p50=713ms
[14:32:01] t=451 ALARM 苏联矿石精炼场被攻击 -> TURTLE (4 v 8, 守塔阵不打野战)
[14:32:01] {"kind": "action", "what": "attack_move", "name": null, "qty": null, "ts": "14:32:01"}
[14:32:01] t=451 jev INF E2 (conf 0.31)
[14:32:03] t=453 jev INF E2 (conf 0.36)
[14:32:04] t=455 jev INF E2 (conf 0.34)
[14:32:04] {"kind": "action", "what": "produce", "name": "E2", "qty": 1, "ts": "14:32:04"}
[14:32:08] t=461 RETREAT E2(15%)
[14:32:08] {"kind": "action", "what": "move", "name": null, "qty": null, "ts": "14:32:08"}
[14:32:09] t=461 jev INF E2 (conf 0.34)
[14:32:10] t=463 ALARM 苏联矿石精炼场被攻击 -> TURTLE (4 v 7, 守塔阵不打野战)
[14:32:10] {"kind": "action", "what": "attack_move", "name": null, "qty": null, "ts": "14:32:10"}
[14:32:10] t=463 jev INF E2 (conf 0.35)
[14:32:12] t=465 jev INF E2 (conf 0.23)
[14:32:13] t=467 RETREAT E2(36%)
[14:32:13] {"kind": "action", "what": "move", "name": null, "qty": null, "ts": "14:32:13"}
[14:32:13] t=467 jev INF E2 (conf 0.41)
[14:32:15] t=469 jev INF E2 (conf 0.38)
[14:32:16] t=471 jev INF E2 (conf 0.35)
[14:32:18] t=473 jev INF E2 (conf 0.42)
[14:32:18] t=473 MOVE assault x1 -> (73,120)
[14:32:18] {"kind": "action", "what": "attack_move", "name": null, "qty": null, "ts": "14:32:18"}
[14:32:19] t=475 ALARM 哨戒炮被攻击 -> TURTLE (3 v 7, 守塔阵不打野战)
[14:32:19] {"kind": "action", "what": "attack_move", "name": null, "qty": null, "ts": "14:32:19"}
[14:32:19] t=475 jev INF E2 (conf 0.45)
[14:32:21] t=477 jev INF E2 (conf 0.38)
[14:32:22] t=479 jev INF E2 (conf 0.37)
[14:32:24] t=481 jev INF E2 (conf 0.35)
[14:32:25] t=483 jev INF E2 (conf 0.41)
[14:32:27] t=485 jev INF E2 (conf 0.40)
[14:32:28] t=487 ALARM 哨戒炮被攻击 -> TURTLE (3 v 6, 守塔阵不打野战)
[14:32:28] {"kind": "action", "what": "attack_move", "name": null, "qty": null, "ts": "14:32:28"}
[14:32:28] t=487 jev INF E2 (conf 0.33)
[14:32:30] t=489 jev INF E2 (conf 0.42)
[14:32:30] {"kind": "action", "what": "produce", "name": "E2", "qty": 1, "ts": "14:32:30"}
[14:32:34] t=495 jev INF E2 (conf 0.40)
[14:32:36] t=497 jev INF E2 (conf 0.39)
[14:32:36] t=497 MOVE assault x2 -> (73,120)
[14:32:36] {"kind": "action", "what": "attack_move", "name": null, "qty": null, "ts": "14:32:36"}
[14:32:37] t=499 ALARM 苏联矿石精炼场被攻击 -> TURTLE (4 v 5, 守塔阵不打野战)
[14:32:37] {"kind": "action", "what": "attack_move", "name": null, "qty": null, "ts": "14:32:37"}
[14:32:38] t=499 jev INF E2 (conf 0.31)
[14:32:38] t=499 tick#250 credits=1067 stance=defend | jev 250 decisions p50=714ms
[14:32:39] t=501 jev INF E2 (conf 0.34)
[14:32:40] t=503 jev INF E2 (conf 0.41)
[14:32:42] t=505 jev INF E2 (conf 0.35)
[14:32:43] t=507 jev INF E2 (conf 0.34)
[14:32:45] t=509 jev INF E2 (conf 0.36)
[14:32:46] t=511 ALARM 苏联建造场被攻击 -> TURTLE (3 v 5, 守塔阵不打野战)
[14:32:46] {"kind": "action", "what": "attack_move", "name": null, "qty": null, "ts": "14:32:46"}
[14:32:46] t=511 RETREAT DOG(35%)
[14:32:46] {"kind": "action", "what": "move", "name": null, "qty": null, "ts": "14:32:46"}
[14:32:47] t=511 jev INF E2 (conf 0.35)
[14:32:48] t=513 jev BUILD NAHAND HOLD (资金闸门: 坦克优先, cash=881)
[14:32:48] t=513 jev INF E2 HOLD (预算保护 gate=False e2=2)
[14:32:48] t=513 jev VEH HTK (conf 0.26)
[14:32:48] {"kind": "action", "what": "produce", "name": "HTK", "qty": 1, "ts": "14:32:48"}
[14:32:49] t=515 jev BUILD NAHAND HOLD (资金闸门: 坦克优先, cash=847)
[14:32:49] t=515 jev INF E2 HOLD (预算保护 gate=False e2=2)
[14:32:51] t=517 jev BUILD NAHAND HOLD (资金闸门: 坦克优先, cash=781)
[14:32:51] t=517 jev INF E2 HOLD (预算保护 gate=False e2=2)
[14:32:53] t=519 jev BUILD NAHAND HOLD (资金闸门: 坦克优先, cash=716)
[14:32:53] t=519 jev INF E2 HOLD (预算保护 gate=False e2=2)
[14:32:54] t=521 jev BUILD NAHAND HOLD (资金闸门: 坦克优先, cash=650)
[14:32:54] t=521 jev INF E2 HOLD (预算保护 gate=False e2=2)
[14:32:54] t=521 MOVE assault x2 -> (73,120)
[14:32:54] {"kind": "action", "what": "attack_move", "name": null, "qty": null, "ts": "14:32:54"}
[14:32:55] t=523 ALARM 苏联战车工厂被攻击 -> TURTLE (3 v 3, 守塔阵不打野战)
[14:32:55] {"kind": "action", "what": "attack_move", "name": null, "qty": null, "ts": "14:32:55"}
[14:32:56] t=523 jev BUILD NAHAND HOLD (资金闸门: 坦克优先, cash=584)
[14:32:56] t=523 jev INF DOG (conf 0.25)
[14:32:56] {"kind": "action", "what": "produce", "name": "DOG", "qty": 1, "ts": "14:32:56"}
[14:33:02] t=533 SCOUT #2130->[185, 117]
[14:33:02] {"kind": "action", "what": "attack_move", "name": null, "qty": null, "ts": "14:33:02"}
[14:33:03] t=533 jev INF DOG (conf 0.35)
[14:33:03] t=533 jev VEH DRON (conf 0.24)
[14:33:03] {"kind": "action", "what": "produce", "name": "DRON", "qty": 1, "ts": "14:33:03"}
[14:33:04] t=535 ALARM 苏联战车工厂被攻击 -> counter 4 vs 3 -> [74, 117]
[14:33:04] {"kind": "action", "what": "attack_move", "name": null, "qty": null, "ts": "14:33:04"}
[14:33:04] t=535 SCOUT* #2130->[185, 117]
[14:33:04] {"kind": "action", "what": "attack_move", "name": null, "qty": null, "ts": "14:33:04"}
[14:33:05] t=535 jev INF DOG (conf 0.29)
[14:33:06] t=537 jev BUILD NAHAND HOLD (资金闸门: 坦克优先, cash=1117)
[14:33:06] t=537 jev INF DOG (conf 0.20)
[14:33:07] t=539 jev BUILD NAHAND HOLD (资金闸门: 坦克优先, cash=1053)
[14:33:07] t=539 jev INF DOG (conf 0.26)
[14:33:09] t=541 jev BUILD NAHAND HOLD (资金闸门: 坦克优先, cash=990)
[14:33:09] t=541 jev INF DOG (conf 0.25)
[14:33:10] t=543 jev BUILD NAHAND HOLD (资金闸门: 坦克优先, cash=926)
[14:33:10] t=543 jev INF DOG (conf 0.24)
[14:33:12] t=545 jev BUILD NAHAND HOLD (资金闸门: 坦克优先, cash=865)
[14:33:12] t=545 jev INF DOG (conf 0.22)
[14:33:12] t=545 MOVE assault x2 -> (73,120)
[14:33:12] {"kind": "action", "what": "attack_move", "name": null, "qty": null, "ts": "14:33:12"}
[14:33:13] t=547 ALARM 苏联战车工厂被攻击 -> counter 4 vs 3 -> [74, 117]
[14:33:13] {"kind": "action", "what": "attack_move", "name": null, "qty": null, "ts": "14:33:13"}
[14:33:13] t=547 jev INF DOG (conf 0.27)
[14:33:15] t=549 jev BUILD NAHAND HOLD (资金闸门: 坦克优先, cash=750)
[14:33:15] t=549 jev INF DOG (conf 0.21)
[14:33:15] t=549 tick#275 credits=750 stance=defend | jev 275 decisions p50=715ms
[14:33:16] t=551 jev INF DOG (conf 0.25)
[14:33:18] t=553 jev BUILD NAHAND HOLD (资金闸门: 坦克优先, cash=736)
[14:33:18] t=553 jev INF DOG (conf 0.23)
[14:33:19] t=555 jev BUILD NAHAND HOLD (资金闸门: 坦克优先, cash=728)
[14:33:19] t=555 jev INF DOG (conf 0.30)
[14:33:21] t=557 jev INF DOG (conf 0.31)
[14:33:21] {"kind": "action", "what": "produce", "name": "DOG", "qty": 1, "ts": "14:33:21"}
[14:33:25] t=563 jev BUILD NAHAND HOLD (资金闸门: 坦克优先, cash=558)
[14:33:25] t=563 MOVE assault x2 -> (73,120)
[14:33:26] {"kind": "action", "what": "attack_move", "name": null, "qty": null, "ts": "14:33:26"}
[14:33:28] t=567 jev INF DOG (conf 0.29)
[14:33:30] t=569 jev INF DOG (conf 0.29)
[14:33:31] t=571 jev INF DOG (conf 0.31)
[14:33:33] t=573 jev INF DOG (conf 0.30)
[14:33:34] t=575 jev INF DOG (conf 0.32)
[14:33:35] t=577 DEFLINE NALASR (have 1)
[14:33:35] {"kind": "action", "what": "produce", "name": "NALASR", "qty": 1, "ts": "14:33:35"}
[14:33:36] t=577 jev BUILD NAHAND (conf 0.23)
[14:33:36] t=577 jev INF DOG (conf 0.30)
[14:33:36] {"kind": "action", "what": "produce", "name": "NAHAND", "qty": 1, "ts": "14:33:36"}
[14:33:37] t=579 jev INF DOG (conf 0.36)
[14:33:39] t=581 jev INF DOG (conf 0.37)
[14:33:39] t=581 MOVE assault x2 -> (73,120)
[14:33:39] {"kind": "action", "what": "attack_move", "name": null, "qty": null, "ts": "14:33:39"}
[14:33:40] t=583 jev INF DOG (conf 0.37)
[14:33:42] t=585 jev INF DOG (conf 0.34)
[14:33:43] t=587 jev INF DOG (conf 0.31)
[14:33:45] t=589 jev INF DOG (conf 0.29)
[14:33:47] t=591 jev INF DOG (conf 0.36)
[14:33:47] {"kind": "action", "what": "produce", "name": "DOG", "qty": 1, "ts": "14:33:47"}
[14:33:49] t=595 SCOUT* #2130->[185, 70]
[14:33:49] {"kind": "action", "what": "attack_move", "name": null, "qty": null, "ts": "14:33:49"}
[14:33:52] t=599 ALARM 敌军逼近 -> counter 5 vs 1 -> [85, 111]
[14:33:52] {"kind": "action", "what": "attack_move", "name": null, "qty": null, "ts": "14:33:52"}
[14:33:53] t=599 tick#300 credits=317 stance=defend | jev 300 decisions p50=716ms
[14:33:54] t=601 jev INF E2 HOLD (预算保护 gate=False e2=2)
[14:33:54] t=601 jev VEH HTNK (conf 0.34)
[14:33:54] {"kind": "action", "what": "produce", "name": "HTNK", "qty": 1, "ts": "14:33:54"}
[14:33:57] t=605 jev INF DOG (conf 0.16)
[14:33:58] t=607 jev INF DOG (conf 0.27)
[14:34:00] t=609 jev INF DOG (conf 0.25)
[14:34:00] t=609 MOVE assault x2 -> (73,120)
[14:34:00] {"kind": "action", "what": "attack_move", "name": null, "qty": null, "ts": "14:34:00"}
[14:34:01] t=611 ALARM 敌军逼近 -> counter 5 vs 2 -> [79, 113]
[14:34:01] {"kind": "action", "what": "attack_move", "name": null, "qty": null, "ts": "14:34:01"}
[14:34:03] t=613 jev INF SHK HOLD (预算保护 gate=False e2=2)
[14:34:04] t=615 RETREAT HTK(37%)
[14:34:04] {"kind": "action", "what": "move", "name": null, "qty": null, "ts": "14:34:04"}
[14:34:07] t=619 SCOUT #2199->[104, 13] (敌影)
[14:34:07] {"kind": "action", "what": "attack_move", "name": null, "qty": null, "ts": "14:34:07"}
[14:34:10] t=623 ALARM 单位损失 -> TURTLE (4 v 4, 守塔阵不打野战)
[14:34:10] {"kind": "action", "what": "attack_move", "name": null, "qty": null, "ts": "14:34:10"}
[14:34:11] t=623 jev INF DOG (conf 0.32)
[14:34:12] t=625 jev INF DOG (conf 0.27)
[14:34:12] {"kind": "action", "what": "produce", "name": "DOG", "qty": 1, "ts": "14:34:12"}
[14:34:13] t=627 RETREAT DOG(17%)
[14:34:13] {"kind": "action", "what": "move", "name": null, "qty": null, "ts": "14:34:13"}
[14:34:18] t=633 MOVE assault x2 -> (73,120)
[14:34:18] {"kind": "action", "what": "attack_move", "name": null, "qty": null, "ts": "14:34:18"}
[14:34:19] t=635 ALARM 敌军逼近 -> TURTLE (3 v 4, 守塔阵不打野战)
[14:34:19] {"kind": "action", "what": "attack_move", "name": null, "qty": null, "ts": "14:34:19"}
[14:34:20] t=637 RETREAT E2(27%)
[14:34:20] {"kind": "action", "what": "move", "name": null, "qty": null, "ts": "14:34:20"}
[14:34:28] t=647 ALARM 敌军逼近 -> TURTLE (1 v 4, 守塔阵不打野战)
[14:34:28] {"kind": "action", "what": "attack_move", "name": null, "qty": null, "ts": "14:34:28"}
[14:34:30] t=649 tick#325 credits=0 stance=defend | jev 325 decisions p50=716ms
[14:34:46] t=671 ALARM 苏联战车工厂被攻击 -> TURTLE (1 v 11, 守塔阵不打野战)
[14:34:46] {"kind": "action", "what": "attack_move", "name": null, "qty": null, "ts": "14:34:46"}
[14:34:47] t=671 jev INF SHK HOLD (预算保护 gate=False e2=0)
[14:34:48] t=673 jev INF SHK HOLD (预算保护 gate=False e2=0)
[14:34:50] t=675 jev INF E2 HOLD (预算保护 gate=False e2=0)
[14:34:51] t=677 jev INF E2 HOLD (预算保护 gate=False e2=0)
[14:34:52] t=679 SCOUT* #2199->[185, 117]
[14:34:52] {"kind": "action", "what": "attack_move", "name": null, "qty": null, "ts": "14:34:52"}
[14:34:53] t=679 jev INF E2 HOLD (预算保护 gate=False e2=0)
[14:34:54] t=681 jev INF E2 HOLD (预算保护 gate=False e2=0)
[14:34:55] t=683 ALARM 苏联战车工厂被攻击 -> TURTLE (1 v 12, 守塔阵不打野战)
[14:34:55] {"kind": "action", "what": "attack_move", "name": null, "qty": null, "ts": "14:34:55"}
[14:34:56] t=683 jev INF E2 HOLD (预算保护 gate=False e2=0)
[14:34:57] t=685 jev INF E2 HOLD (预算保护 gate=False e2=0)
[14:34:58] t=687 jev INF E2 HOLD (预算保护 gate=False e2=0)
[14:35:00] t=689 jev INF E2 HOLD (预算保护 gate=False e2=0)
[14:35:02] t=691 jev INF E2 HOLD (预算保护 gate=False e2=0)
[14:35:02] {"kind": "action", "what": "produce", "name": "NAWEAP", "qty": 1, "ts": "14:35:02"}
[14:35:02] t=693 OPENING BUILD NAWEAP
[14:35:03] t=693 jev INF E2 (conf 0.34)
[14:35:03] {"kind": "action", "what": "produce", "name": "E2", "qty": 1, "ts": "14:35:03"}
[14:35:03] t=693 MOVE assault x4 -> (73,120)
[14:35:03] {"kind": "action", "what": "attack_move", "name": null, "qty": null, "ts": "14:35:03"}
[14:35:04] t=695 ALARM 敌军逼近 -> TURTLE (5 v 11, 守塔阵不打野战)
[14:35:04] {"kind": "action", "what": "attack_move", "name": null, "qty": null, "ts": "14:35:04"}
[14:35:05] t=697 RETREAT E2(13%)
[14:35:05] {"kind": "action", "what": "move", "name": null, "qty": null, "ts": "14:35:05"}
[14:35:08] t=699 jev INF DOG (conf 0.29)
[14:35:08] {"kind": "action", "what": "produce", "name": "DOG", "qty": 1, "ts": "14:35:08"}
[14:35:08] t=699 tick#350 credits=71 stance=defend | jev 350 decisions p50=716ms
[14:35:11] t=705 RETREAT E2(11%)
[14:35:11] {"kind": "action", "what": "move", "name": null, "qty": null, "ts": "14:35:11"}
[14:35:13] t=707 ALARM 单位损失 -> TURTLE (2 v 11, 守塔阵不打野战)
[14:35:13] {"kind": "action", "what": "attack_move", "name": null, "qty": null, "ts": "14:35:13"}
[14:35:21] t=717 MOVE assault x1 -> (73,120)
[14:35:21] {"kind": "action", "what": "attack_move", "name": null, "qty": null, "ts": "14:35:21"}
[14:35:22] t=719 ALARM 苏联兵营被攻击 -> TURTLE (2 v 11, 守塔阵不打野战)
[14:35:22] {"kind": "action", "what": "attack_move", "name": null, "qty": null, "ts": "14:35:22"}
[14:35:31] t=731 ALARM 苏联建造场被攻击 -> TURTLE (2 v 11, 守塔阵不打野战)
[14:35:31] {"kind": "action", "what": "attack_move", "name": null, "qty": null, "ts": "14:35:31"}
[14:35:32] t=733 RETREAT E2(38%)
[14:35:32] {"kind": "action", "what": "move", "name": null, "qty": null, "ts": "14:35:32"}
[14:35:40] t=743 ALARM 苏联矿石精炼场被攻击 -> TURTLE (1 v 11, 守塔阵不打野战)
[14:35:40] {"kind": "action", "what": "attack_move", "name": null, "qty": null, "ts": "14:35:40"}
[14:35:45] t=749 tick#375 credits=0 stance=defend | jev 375 decisions p50=716ms
[14:35:49] t=755 ALARM 苏联矿石精炼场被攻击 -> TURTLE (1 v 11, 守塔阵不打野战)
[14:35:49] {"kind": "action", "what": "attack_move", "name": null, "qty": null, "ts": "14:35:49"}
[14:35:56] t=763 jev INF E2 (conf 0.25)
[14:35:56] {"kind": "action", "what": "produce", "name": "E2", "qty": 1, "ts": "14:35:56"}
[14:35:56] {"kind": "action", "what": "produce", "name": "NAREFN", "qty": 1, "ts": "14:35:56"}
[14:35:56] t=765 OPENING BUILD NAREFN
[14:35:57] t=765 MOVE assault x1 -> (73,120)
[14:35:57] {"kind": "action", "what": "attack_move", "name": null, "qty": null, "ts": "14:35:57"}
[14:35:58] t=767 ALARM 敌军逼近 -> TURTLE (3 v 9, 守塔阵不打野战)
[14:35:58] {"kind": "action", "what": "attack_move", "name": null, "qty": null, "ts": "14:35:58"}
[14:35:59] t=769 RETREAT E2(27%)
[14:35:59] {"kind": "action", "what": "move", "name": null, "qty": null, "ts": "14:35:59"}
[14:36:00] t=769 jev INF E2 (conf 0.22)
[14:36:01] t=771 RETREAT DOG(26%)
[14:36:01] {"kind": "action", "what": "move", "name": null, "qty": null, "ts": "14:36:01"}
[14:36:02] t=771 jev INF E2 (conf 0.21)
[14:36:03] t=773 jev INF E2 (conf 0.33)
[14:36:05] t=775 jev INF E2 (conf 0.28)
[14:36:06] t=777 jev INF E2 (conf 0.33)
[14:36:07] t=779 ALARM 防空炮被攻击 -> TURTLE (2 v 9, 守塔阵不打野战)
[14:36:07] {"kind": "action", "what": "attack_move", "name": null, "qty": null, "ts": "14:36:07"}
[14:36:08] t=779 jev INF E2 (conf 0.29)
[14:36:09] t=781 jev INF E2 (conf 0.41)
[14:36:11] t=783 jev INF E2 (conf 0.34)
[14:36:12] t=785 jev INF E2 (conf 0.36)
[14:36:13] t=787 RETREAT E2(23%)
[14:36:13] {"kind": "action", "what": "move", "name": null, "qty": null, "ts": "14:36:13"}
[14:36:14] t=787 jev INF E2 (conf 0.43)
[14:36:15] t=789 jev INF E2 (conf 0.55)
[14:36:16] t=791 ALARM 防空炮被攻击 -> TURTLE (1 v 9, 守塔阵不打野战)
[14:36:16] {"kind": "action", "what": "attack_move", "name": null, "qty": null, "ts": "14:36:16"}
[14:36:17] t=791 jev INF E2 (conf 0.60)
[14:36:18] t=793 jev INF E2 (conf 0.59)
[14:36:20] t=795 jev INF E2 (conf 0.57)
[14:36:21] t=797 jev INF E2 (conf 0.62)
[14:36:21] {"kind": "action", "what": "produce", "name": "E2", "qty": 1, "ts": "14:36:21"}
[14:36:23] t=799 tick#400 credits=131 stance=defend | jev 400 decisions p50=716ms
[14:36:25] t=803 ALARM 防空炮被攻击 -> TURTLE (1 v 9, 守塔阵不打野战)
[14:36:25] {"kind": "action", "what": "attack_move", "name": null, "qty": null, "ts": "14:36:25"}
[14:36:34] t=815 ALARM 防空炮被攻击 -> TURTLE (1 v 9, 守塔阵不打野战)
[14:36:34] {"kind": "action", "what": "attack_move", "name": null, "qty": null, "ts": "14:36:34"}
[14:36:39] t=821 jev INF E2 (conf 0.15)
[14:36:41] t=823 jev INF DOG (conf 0.10)
[14:36:41] {"kind": "action", "what": "produce", "name": "DOG", "qty": 1, "ts": "14:36:41"}
[14:36:43] t=827 ALARM 单位损失 -> TURTLE (3 v 7, 守塔阵不打野战)
[14:36:48] t=833 jev INF SHK (conf 0.16)
[14:36:48] {"kind": "action", "what": "produce", "name": "SHK", "qty": 1, "ts": "14:36:48"}
[14:37:00] t=849 tick#425 credits=243 stance=defend | jev 425 decisions p50=716ms
[14:37:02] t=853 ALARM 磁能反应炉被攻击 -> TURTLE (1 v 7, 守塔阵不打野战)
[14:37:03] t=853 jev INF DOG (conf 0.27)
[14:37:05] t=855 jev INF DOG (conf 0.27)
[14:37:06] t=857 jev INF E2 (conf 0.26)
[14:37:06] {"kind": "action", "what": "produce", "name": "E2", "qty": 1, "ts": "14:37:06"}
[14:37:11] t=863 jev INF DOG (conf 0.45)
[14:37:11] {"kind": "action", "what": "produce", "name": "DOG", "qty": 1, "ts": "14:37:11"}
[14:37:14] t=869 ALARM 磁能反应炉被攻击 -> TURTLE (1 v 6, 守塔阵不打野战)
[14:37:26] t=885 ALARM 哨戒炮被攻击 -> TURTLE (1 v 5, 守塔阵不打野战)
[14:37:38] t=899 tick#450 credits=0 stance=defend | jev 450 decisions p50=716ms
[2026-09-30 14:37:49] {"kind": "report", "result": "defeat", "t": 915, "ticks": 458, "crisis_ticks": 299, "stance": "defend", "jev": {"decisions": 457, "errors": 0, "input_tokens": 1189697, "output_tokens": 86206, "p50_ms": 716, "p95_ms": 780}, "enemy_base": null, "ts": "2026-09-30 14:37:49"}
[14:37:50] REVIEW game#47 defeat → game-0047-review.md | changes=0
{
  "result": "defeat",
  "t": 915,
  "ticks": 458,
  "crisis_ticks": 299,
  "stance": "defend",
  "jev": {
    "decisions": 457,
    "errors": 0,
    "input_tokens": 1189697,
    "output_tokens": 86206,
    "p50_ms": 716,
    "p95_ms": 780
  },
  "enemy_base": null,
  "ts": "2026-09-30 14:37:49",
  "review": {
    "game_no": 47,
    "rootcause": "no_target",
    "auto_tuned": 0
  }
}
