[17:16:48] 进局中(全自动)...
[17:17:16] {"kind": "start", "policy": "ra2web-jev-player/1.0", "maxDecisions": 1200, "micro": {"events": [{"kind": "micro", "t": 2, "what": "start"}], "loopN": 1, "on": true, "outcome": null, "stall": false}, "ts": "17:17:16"}
[17:17:16] === ra2web-jev-player start (tick=1.5s, max_decisions=1200) ===
[17:17:16] t=3 DEPLOY mcv
[17:17:16] {"kind": "action", "what": "deploy", "ids": [1042], "ts": "17:17:16"}
[17:17:16] {"kind": "action", "what": "deploy", "name": null, "qty": null, "tid": null, "ts": "17:17:16"}
[17:17:17] t=5 POWER plant (reserve 0)
[17:17:17] {"kind": "action", "what": "produce", "name": "NAPOWR", "qty": 1, "tid": null, "ts": "17:17:17"}
[17:17:18] t=5 jev STANCE defend->develop (conf 0.95)
[17:17:35] {"kind": "action", "what": "produce", "name": "NAREFN", "qty": 1, "tid": null, "ts": "17:17:35"}
[17:17:35] t=29 OPENING BUILD NAREFN
[17:17:53] t=51 tick#25 credits=8871 stance=develop | jev 25 decisions p50=705ms
[17:18:30] t=101 tick#50 credits=7661 stance=develop | jev 50 decisions p50=709ms
[17:18:43] {"kind": "action", "what": "produce", "name": "NAHAND", "qty": 1, "tid": null, "ts": "17:18:43"}
[17:18:43] t=119 OPENING BUILD NAHAND
[17:19:01] t=143 DEFLINE NALASR (have 0)
[17:19:01] {"kind": "action", "what": "produce", "name": "NALASR", "qty": 1, "tid": null, "ts": "17:19:01"}
[17:19:01] {"kind": "action", "what": "produce", "name": "NAWEAP", "qty": 1, "tid": null, "ts": "17:19:01"}
[17:19:01] t=143 OPENING BUILD NAWEAP
[17:19:02] t=143 jev INF DOG (conf 0.30)
[17:19:02] {"kind": "action", "what": "produce", "name": "DOG", "qty": 1, "tid": null, "ts": "17:19:02"}
[17:19:08] t=151 tick#75 credits=6294 stance=develop | jev 75 decisions p50=718ms
[17:19:08] t=153 SCOUT dog #1058->[12, 120]
[17:19:08] {"kind": "action", "what": "attack_move", "name": null, "qty": null, "tid": null, "ts": "17:19:08"}
[17:19:20] t=169 DEFLINE NALASR (have 1)
[17:19:22] t=171 DEFLINE NALASR (have 1)
[17:19:23] t=173 DEFLINE NALASR (have 1)
[17:19:25] t=175 DEFLINE NALASR (have 1)
[17:19:26] t=177 DEFLINE NALASR (have 1)
[17:19:26] {"kind": "action", "what": "produce", "name": "NALASR", "qty": 1, "tid": null, "ts": "17:19:26"}
[17:19:40] t=195 ALARM 敌军逼近 -> counter 1 vs 1 -> [72, 111]
[17:19:40] {"kind": "action", "what": "attack_move", "name": null, "qty": null, "tid": null, "ts": "17:19:40"}
[17:19:42] t=197 jev INF DOG (conf 0.18)
[17:19:42] {"kind": "action", "what": "produce", "name": "DOG", "qty": 1, "tid": null, "ts": "17:19:42"}
[17:19:45] t=201 tick#100 credits=4222 stance=defend | jev 100 decisions p50=718ms
[17:19:53] t=213 SCOUT dog* #1058->[104, 13]; t=213 SCOUT dog #1066->[12, 138]
[17:19:53] {"kind": "action", "what": "attack_move", "name": null, "qty": null, "tid": null, "ts": "17:19:53"}
[17:19:53] {"kind": "action", "what": "attack_move", "name": null, "qty": null, "tid": null, "ts": "17:19:53"}
[17:20:06] t=229 jev INF DOG (conf 0.23)
[17:20:09] t=233 jev INF DOG (conf 0.26)
[17:20:09] {"kind": "action", "what": "produce", "name": "DOG", "qty": 1, "tid": null, "ts": "17:20:09"}
[17:20:10] t=235 ECON harv#2
[17:20:10] t=235 TANK HTNK x3
[17:20:10] {"kind": "action", "what": "produce", "name": "HARV", "qty": 1, "tid": null, "ts": "17:20:10"}
[17:20:10] {"kind": "action", "what": "produce", "name": "HTNK", "qty": 3, "tid": null, "ts": "17:20:10"}
[17:20:11] t=235 jev BUILD NAPOWR (conf 0.40)
[17:20:11] {"kind": "action", "what": "produce", "name": "NAPOWR", "qty": 1, "tid": null, "ts": "17:20:11"}
[17:20:11] t=237 INSURE AA building
[17:20:11] {"kind": "action", "what": "produce", "name": "NAFLAK", "qty": 1, "tid": null, "ts": "17:20:11"}
[17:20:20] t=247 jev INF DOG (conf 0.29)
[17:20:21] t=249 jev INF DOG (conf 0.23)
[17:20:23] t=251 tick#125 credits=3275 stance=defend | jev 125 decisions p50=712ms
[17:20:24] t=253 jev INF DOG (conf 0.24)
[17:20:28] t=259 jev BUILD NAREFN HOLD (资金闸门: 坦克优先, cash=2687)
[17:20:30] t=261 jev BUILD NAREFN HOLD (资金闸门: 坦克优先, cash=2588)
[17:20:32] t=263 jev BUILD NAREFN HOLD (资金闸门: 坦克优先, cash=2489)
[17:20:33] t=265 jev BUILD NAREFN HOLD (资金闸门: 坦克优先, cash=2389)
[17:20:34] t=267 jev BUILD NAREFN HOLD (资金闸门: 坦克优先, cash=2291)
[17:20:36] t=269 jev BUILD NAREFN HOLD (资金闸门: 坦克优先, cash=2191)
[17:20:38] t=271 jev BUILD NAREFN HOLD (资金闸门: 坦克优先, cash=2092)
[17:20:38] t=273 SCOUT dog #1058->[12, 102]; t=273 SCOUT dog #1066->[12, 156]
[17:20:38] {"kind": "action", "what": "attack_move", "name": null, "qty": null, "tid": null, "ts": "17:20:38"}
[17:20:38] {"kind": "action", "what": "attack_move", "name": null, "qty": null, "tid": null, "ts": "17:20:38"}
[17:20:39] t=273 jev BUILD NAHAND (conf 0.16)
[17:20:39] t=273 jev INF DOG (conf 0.24)
[17:20:39] {"kind": "action", "what": "produce", "name": "NAHAND", "qty": 1, "tid": null, "ts": "17:20:39"}
[17:20:39] {"kind": "action", "what": "produce", "name": "DOG", "qty": 1, "tid": null, "ts": "17:20:39"}
[17:21:00] t=301 tick#150 credits=515 stance=defend | jev 150 decisions p50=712ms
[17:21:23] t=333 SCOUT dog #1058->[12, 84]; t=333 SCOUT dog #1066->[12, 174]
[17:21:23] {"kind": "action", "what": "attack_move", "name": null, "qty": null, "tid": null, "ts": "17:21:23"}
[17:21:23] {"kind": "action", "what": "attack_move", "name": null, "qty": null, "tid": null, "ts": "17:21:23"}
[17:21:34] t=347 ALARM 敌军逼近 -> counter 4 vs 1 -> [83, 114]
[17:21:34] {"kind": "action", "what": "attack_move", "name": null, "qty": null, "tid": null, "ts": "17:21:34"}
[17:21:35] t=347 jev INF E2 (conf 0.28)
[17:21:35] {"kind": "action", "what": "produce", "name": "E2", "qty": 1, "tid": null, "ts": "17:21:35"}
[17:21:35] t=349 SCOUT #1095->[185, 81]
[17:21:35] {"kind": "action", "what": "attack_move", "name": null, "qty": null, "tid": null, "ts": "17:21:35"}
[17:21:37] t=351 SCOUT* #1095->[185, 78]
[17:21:37] {"kind": "action", "what": "attack_move", "name": null, "qty": null, "tid": null, "ts": "17:21:37"}
[17:21:38] t=351 tick#175 credits=777 stance=defend | jev 175 decisions p50=712ms
[17:21:39] t=353 jev INF E2 HOLD (预算保护 gate=False e2=1)
[17:21:41] t=355 jev INF E2 HOLD (预算保护 gate=False e2=1)
[17:21:41] t=357 RETREAT DOG(25%)
[17:21:41] {"kind": "action", "what": "move", "name": null, "qty": null, "tid": null, "ts": "17:21:41"}
[17:21:42] t=357 jev INF E2 HOLD (预算保护 gate=False e2=1)
[17:21:42] t=357 MOVE assault x1 -> (73,120)
[17:21:42] {"kind": "action", "what": "attack_move", "name": null, "qty": null, "tid": null, "ts": "17:21:42"}
[17:21:43] t=359 ALARM 单位损失 -> TURTLE (3 v 5, 守塔阵不打野战)
[17:21:43] {"kind": "action", "what": "attack_move", "name": null, "qty": null, "tid": null, "ts": "17:21:43"}
[17:21:44] t=359 jev INF E2 HOLD (预算保护 gate=False e2=1)
[17:21:44] t=361 RETREAT DOG(6%)
[17:21:45] {"kind": "action", "what": "move", "name": null, "qty": null, "tid": null, "ts": "17:21:45"}
[17:21:45] t=361 jev INF E2 HOLD (预算保护 gate=False e2=1)
[17:21:47] t=363 jev INF DOG (conf 0.26)
[17:21:47] {"kind": "action", "what": "produce", "name": "DOG", "qty": 1, "tid": null, "ts": "17:21:47"}
[17:21:51] t=369 jev INF E2 HOLD (预算保护 gate=False e2=1)
[17:21:52] t=371 ALARM 敌军逼近 -> TURTLE (2 v 5, 守塔阵不打野战)
[17:21:52] {"kind": "action", "what": "attack_move", "name": null, "qty": null, "tid": null, "ts": "17:21:52"}
[17:21:55] t=375 RETREAT HTNK(34%)
[17:21:55] {"kind": "action", "what": "move", "name": null, "qty": null, "tid": null, "ts": "17:21:55"}
[17:22:00] t=381 MOVE assault x1 -> (73,120)
[17:22:00] {"kind": "action", "what": "attack_move", "name": null, "qty": null, "tid": null, "ts": "17:22:00"}
[17:22:01] t=383 ALARM 苏联矿石精炼场被攻击 -> TURTLE (2 v 5, 守塔阵不打野战)
[17:22:01] {"kind": "action", "what": "attack_move", "name": null, "qty": null, "tid": null, "ts": "17:22:01"}
[17:22:03] t=385 jev INF DOG (conf 0.23)
[17:22:08] t=393 SCOUT dog #1150->[12, 66]
[17:22:08] {"kind": "action", "what": "attack_move", "name": null, "qty": null, "tid": null, "ts": "17:22:08"}
[17:22:10] t=395 ALARM 苏联矿石精炼场被攻击 -> TURTLE (2 v 5, 守塔阵不打野战)
[17:22:10] {"kind": "action", "what": "attack_move", "name": null, "qty": null, "tid": null, "ts": "17:22:10"}
[17:22:11] t=395 jev INF DOG (conf 0.27)
[17:22:13] t=399 RETREAT E2(35%)
[17:22:13] {"kind": "action", "what": "move", "name": null, "qty": null, "tid": null, "ts": "17:22:13"}
[17:22:15] t=401 tick#200 credits=0 stance=defend | jev 200 decisions p50=710ms
[17:22:18] t=405 MOVE assault x1 -> (73,120)
[17:22:18] {"kind": "action", "what": "attack_move", "name": null, "qty": null, "tid": null, "ts": "17:22:18"}
[17:22:19] t=407 ALARM 敌军逼近 -> TURTLE (2 v 4, 守塔阵不打野战)
[17:22:19] {"kind": "action", "what": "attack_move", "name": null, "qty": null, "tid": null, "ts": "17:22:19"}
[17:22:19] {"kind": "action", "what": "produce", "name": "NAREFN", "qty": 1, "tid": null, "ts": "17:22:19"}
[17:22:19] t=407 OPENING BUILD NAREFN
[17:22:20] t=407 jev INF DOG (conf 0.28)
[17:22:20] {"kind": "action", "what": "produce", "name": "DOG", "qty": 1, "tid": null, "ts": "17:22:20"}
[17:22:28] t=419 ALARM 单位损失 -> TURTLE (1 v 3, 守塔阵不打野战)
[17:22:28] {"kind": "action", "what": "attack_move", "name": null, "qty": null, "tid": null, "ts": "17:22:28"}
[17:22:36] t=429 MOVE assault x1 -> (73,120)
[17:22:36] {"kind": "action", "what": "attack_move", "name": null, "qty": null, "tid": null, "ts": "17:22:36"}
[17:22:37] t=431 ALARM 苏联战车工厂被攻击 -> TURTLE (1 v 3, 守塔阵不打野战)
[17:22:37] {"kind": "action", "what": "attack_move", "name": null, "qty": null, "tid": null, "ts": "17:22:37"}
[17:22:53] t=451 tick#225 credits=0 stance=defend | jev 225 decisions p50=709ms
[17:22:53] t=453 ALARM 敌军逼近 -> counter 4 vs 3 -> [77, 118]
[17:22:53] {"kind": "action", "what": "attack_move", "name": null, "qty": null, "tid": null, "ts": "17:22:53"}
[17:22:56] t=457 SCOUT dog* #1484->[104, 13]
[17:22:56] {"kind": "action", "what": "attack_move", "name": null, "qty": null, "tid": null, "ts": "17:22:56"}
[17:22:57] t=457 jev INF E2 (conf 0.42)
[17:22:57] {"kind": "action", "what": "produce", "name": "E2", "qty": 1, "tid": null, "ts": "17:22:57"}
[17:22:58] t=459 RETREAT E2(8%)
[17:22:58] {"kind": "action", "what": "move", "name": null, "qty": null, "tid": null, "ts": "17:22:58"}
[17:22:59] t=461 RETREAT E2(37%)
[17:22:59] {"kind": "action", "what": "move", "name": null, "qty": null, "tid": null, "ts": "17:22:59"}
[17:23:02] t=463 jev INF E2 (conf 0.31)
[17:23:02] t=463 MOVE assault x2 -> (73,120)
[17:23:02] {"kind": "action", "what": "attack_move", "name": null, "qty": null, "tid": null, "ts": "17:23:02"}
[17:23:02] t=465 ALARM 单位损失 -> counter 2 vs 2 -> [70, 117]
[17:23:02] {"kind": "action", "what": "attack_move", "name": null, "qty": null, "tid": null, "ts": "17:23:02"}
[17:23:03] t=465 jev INF DOG (conf 0.40)
[17:23:03] {"kind": "action", "what": "produce", "name": "DOG", "qty": 1, "tid": null, "ts": "17:23:03"}
[17:23:11] t=477 ALARM 苏联建造场被攻击 -> counter 1 vs 2 -> [70, 117]
[17:23:11] {"kind": "action", "what": "attack_move", "name": null, "qty": null, "tid": null, "ts": "17:23:11"}
[17:23:16] t=483 RETREAT E2(26%)
[17:23:16] {"kind": "action", "what": "move", "name": null, "qty": null, "tid": null, "ts": "17:23:16"}
[17:23:30] t=501 tick#250 credits=0 stance=defend | jev 250 decisions p50=710ms
[17:24:01] t=543 ALARM 单位损失 -> counter 3 vs 1 -> [0, 0]
[17:24:01] {"kind": "action", "what": "attack_move", "name": null, "qty": null, "tid": null, "ts": "17:24:01"}
[17:24:03] t=545 jev INF E2 (conf 0.41)
[17:24:03] {"kind": "action", "what": "produce", "name": "E2", "qty": 1, "tid": null, "ts": "17:24:03"}
[17:24:08] t=551 jev INF DOG (conf 0.39)
[17:24:08] {"kind": "action", "what": "produce", "name": "DOG", "qty": 1, "tid": null, "ts": "17:24:08"}
[17:24:08] t=551 tick#275 credits=80 stance=defend | jev 275 decisions p50=710ms
[17:24:26] t=577 ALARM 哨戒炮被攻击 -> TURTLE (1 v 5, 守塔阵不打野战)
[17:24:45] t=601 tick#300 credits=0 stance=defend | jev 300 decisions p50=710ms
[2026-09-30 17:25:38] {"kind": "report", "result": "defeat", "t": 673, "ticks": 325, "crisis_ticks": 149, "stance": "defend", "jev": {"decisions": 324, "errors": 0, "input_tokens": 851415, "output_tokens": 59993, "p50_ms": 712, "p95_ms": 881}, "enemy_base": null, "ts": "2026-09-30 17:25:38"}
[17:25:39] REVIEW game#51 defeat → game-0051-review.md | changes=0
{
  "result": "defeat",
  "t": 673,
  "ticks": 325,
  "crisis_ticks": 149,
  "stance": "defend",
  "jev": {
    "decisions": 324,
    "errors": 0,
    "input_tokens": 851415,
    "output_tokens": 59993,
    "p50_ms": 712,
    "p95_ms": 881
  },
  "enemy_base": null,
  "ts": "2026-09-30 17:25:38",
  "review": {
    "game_no": 51,
    "rootcause": "no_target",
    "auto_tuned": 0
  }
}
