Exception in thread Thread-1 (_readerthread):
Traceback (most recent call last):
  File "C:\Users\15652\AppData\Roaming\uv\python\cpython-3.12.10-windows-x86_64-none\Lib\threading.py", line 1075, in _bootstrap_inner
    self.run()
  File "C:\Users\15652\AppData\Roaming\uv\python\cpython-3.12.10-windows-x86_64-none\Lib\threading.py", line 1012, in run
    self._target(*self._args, **self._kwargs)
  File "C:\Users\15652\AppData\Roaming\uv\python\cpython-3.12.10-windows-x86_64-none\Lib\subprocess.py", line 1599, in _readerthread
    buffer.append(fh.read())
                  ^^^^^^^^^
  File "<frozen codecs>", line 322, in decode
UnicodeDecodeError: 'utf-8' codec can't decode byte 0xd0 in position 0: invalid continuation byte
[23:00:37] 进局中(全自动)...
Traceback (most recent call last):
  File "<frozen runpy>", line 198, in _run_module_as_main
  File "<frozen runpy>", line 88, in _run_code
  File "D:\projects\ra2web-jev-player\.venv\Scripts\ra2web-jev-play.exe\__main__.py", line 10, in <module>
  File "D:\projects\ra2web-jev-player\src\ra2web_jev_player\cli.py", line 100, in main_play
    client = launcher.launch()
             ^^^^^^^^^^^^^^^^^
  File "D:\projects\ra2web-jev-player\src\ra2web_jev_player\driver\launcher.py", line 146, in launch
    raise LaunchError("打开游戏站失败: %s" % nav)
ra2web_jev_player.driver.launcher.LaunchError: 打开游戏站失败: {'ok': False, 'elapsed_s': 122.4}
