[20:19:01] 进局中(全自动)...
[20:19:29] {"kind": "start", "policy": "ra2web-jev-player/1.0", "maxDecisions": 1200, "micro": {"events": [{"kind": "micro", "t": 2, "what": "start"}], "loopN": 1, "on": true, "outcome": null, "stall": false}, "ts": "20:19:29"}
[20:19:29] === ra2web-jev-player start (tick=1.5s, max_decisions=1200) ===
[20:19:29] t=2 DEPLOY mcv
[20:19:29] {"kind": "action", "what": "deploy", "ids": [1042], "ts": "20:19:29"}
[20:19:29] {"kind": "action", "what": "deploy", "name": null, "qty": null, "tid": null, "ts": "20:19:29"}
[20:19:31] t=4 POWER plant (reserve 0)
[20:19:31] {"kind": "action", "what": "produce", "name": "NAPOWR", "qty": 1, "tid": null, "ts": "20:19:31"}
[20:19:32] t=4 jev STANCE defend->develop (conf 0.51)
[20:19:49] {"kind": "action", "what": "produce", "name": "NAREFN", "qty": 1, "tid": null, "ts": "20:19:49"}
[20:19:49] t=28 OPENING BUILD NAREFN
[20:20:06] t=50 tick#25 credits=8869 stance=develop | jev 25 decisions p50=717ms
[20:20:38] t=92 jev STANCE develop->recover (conf 0.48)
[20:20:44] t=101 tick#50 credits=7660 stance=recover | jev 50 decisions p50=723ms
[20:20:56] {"kind": "action", "what": "produce", "name": "NAHAND", "qty": 1, "tid": null, "ts": "20:20:56"}
[20:20:56] t=119 OPENING BUILD NAHAND
[20:21:16] t=145 DEFLINE NALASR (have 0)
[20:21:16] {"kind": "action", "what": "produce", "name": "NALASR", "qty": 1, "tid": null, "ts": "20:21:16"}
[20:21:16] {"kind": "action", "what": "produce", "name": "NAWEAP", "qty": 1, "tid": null, "ts": "20:21:16"}
[20:21:16] t=145 OPENING BUILD NAWEAP
[20:21:20] t=149 jev INF E2 (conf 0.33)
[20:21:20] {"kind": "action", "what": "produce", "name": "E2", "qty": 1, "tid": null, "ts": "20:21:20"}
[20:21:22] t=151 tick#75 credits=6568 stance=recover | jev 75 decisions p50=728ms
[20:21:23] t=154 jev INF E2 (conf 0.32)
[20:21:23] t=154 jev STANCE recover->develop (conf 0.48)
[20:21:23] t=154 MOVE hold_a x1 -> (74,110)
[20:21:24] {"kind": "action", "what": "attack_move", "name": null, "qty": null, "tid": null, "ts": "20:21:24"}
[20:21:25] t=156 jev INF E2 (conf 0.34)
[20:21:33] t=168 ALARM enemy approaching -> counter 1 vs 1 -> [73, 110]
[20:21:33] {"kind": "action", "what": "attack_move", "name": null, "qty": null, "tid": null, "ts": "20:21:33"}
[20:21:34] t=168 jev INF E2 (conf 0.44)
[20:21:35] t=170 DEFLINE NALASR (have 1)
[20:21:36] t=170 jev INF E2 (conf 0.58)
[20:21:36] t=172 DEFLINE NALASR (have 1)
[20:21:37] t=172 jev INF E2 (conf 0.56)
[20:21:38] t=174 DEFLINE NALASR (have 1)
[20:21:38] t=174 jev INF E2 (conf 0.57)
[20:21:39] t=176 DEFLINE NALASR (have 1)
[20:21:40] t=176 jev INF E2 (conf 0.56)
[20:21:41] t=178 DEFLINE NALASR (have 1)
[20:21:41] t=178 jev INF E2 (conf 0.51)
[20:21:41] t=178 MOVE hold_a x1 -> (63,112)
[20:21:41] {"kind": "action", "what": "attack_move", "name": null, "qty": null, "tid": null, "ts": "20:21:41"}
[20:21:42] t=180 DEFLINE NALASR (have 1)
[20:21:42] {"kind": "action", "what": "produce", "name": "NALASR", "qty": 1, "tid": null, "ts": "20:21:42"}
[20:21:45] t=180 jev INF E2 (conf 0.56)
[20:21:45] {"kind": "action", "what": "produce", "name": "E2", "qty": 1, "tid": null, "ts": "20:21:45"}
[20:21:49] t=188 jev INF E2 (conf 0.63)
[20:21:49] t=188 MOVE hold_b x1 -> (76,112)
[20:21:49] {"kind": "action", "what": "attack_move", "name": null, "qty": null, "tid": null, "ts": "20:21:49"}
[20:21:51] t=190 jev INF E2 (conf 0.59)
[20:21:52] t=192 jev INF E2 (conf 0.55)
[20:21:53] t=194 jev INF E2 (conf 0.55)
[20:21:55] t=196 jev INF E2 (conf 0.53)
[20:21:56] t=198 jev INF E2 (conf 0.60)
[20:21:58] t=200 jev INF E2 (conf 0.60)
[20:21:59] t=202 jev INF E2 (conf 0.56)
[20:22:01] t=204 jev INF E2 (conf 0.53)
[20:22:01] t=204 tick#100 credits=4295 stance=defend | jev 100 decisions p50=737ms
[20:22:03] t=206 jev INF E2 (conf 0.60)
[20:22:04] t=208 jev INF E2 (conf 0.53)
[20:22:05] t=210 jev INF E2 (conf 0.54)
[20:22:07] t=212 jev INF E2 (conf 0.63)
[20:22:09] t=214 jev INF E2 (conf 0.64)
[20:22:10] t=216 jev INF E2 (conf 0.57)
[20:22:10] {"kind": "action", "what": "produce", "name": "E2", "qty": 1, "tid": null, "ts": "20:22:10"}
[20:22:14] t=222 jev INF E2 (conf 0.52)
[20:22:16] t=224 jev INF E2 (conf 0.51)
[20:22:17] t=226 jev INF E2 (conf 0.45)
[20:22:19] t=228 jev INF E2 (conf 0.51)
[20:22:20] t=230 jev INF E2 (conf 0.49)
[20:22:22] t=232 jev INF E2 (conf 0.50)
[20:22:23] t=234 jev INF E2 (conf 0.53)
[20:22:24] t=236 ECON harv#2
[20:22:24] t=236 TANK HTNK x3
[20:22:24] {"kind": "action", "what": "produce", "name": "HARV", "qty": 1, "tid": null, "ts": "20:22:24"}
[20:22:24] {"kind": "action", "what": "produce", "name": "HTNK", "qty": 3, "tid": null, "ts": "20:22:24"}
[20:22:25] t=236 jev BUILD NAREFN (conf 0.26)
[20:22:25] t=236 jev INF E2 (conf 0.43)
[20:22:25] {"kind": "action", "what": "produce", "name": "NAREFN", "qty": 1, "tid": null, "ts": "20:22:25"}
[20:22:26] t=238 INSURE AA building
[20:22:26] {"kind": "action", "what": "produce", "name": "NAFLAK", "qty": 1, "tid": null, "ts": "20:22:26"}
[20:22:27] t=238 jev INF E2 (conf 0.55)
[20:22:28] t=240 jev INF E2 (conf 0.49)
[20:22:30] t=242 jev INF E2 (conf 0.55)
[20:22:31] t=244 jev INF E2 (conf 0.54)
[20:22:33] t=246 jev INF E2 (conf 0.51)
[20:22:34] t=248 jev INF E2 (conf 0.61)
[20:22:35] t=250 jev INF E2 (conf 0.51)
[20:22:35] {"kind": "action", "what": "produce", "name": "E2", "qty": 1, "tid": null, "ts": "20:22:35"}
[20:22:39] t=254 tick#125 credits=3428 stance=defend | jev 125 decisions p50=741ms
[20:22:40] t=256 jev INF E2 (conf 0.49)
[20:22:41] t=258 jev INF E2 (conf 0.51)
[20:22:41] t=258 MOVE hold_a x2 -> (63,112)
[20:22:41] {"kind": "action", "what": "attack_move", "name": null, "qty": null, "tid": null, "ts": "20:22:41"}
[20:22:43] t=260 jev INF E2 (conf 0.50)
[20:22:44] t=262 jev INF E2 (conf 0.51)
[20:22:46] t=264 jev INF E2 (conf 0.53)
[20:22:48] t=266 jev INF E2 (conf 0.48)
[20:22:49] t=268 jev INF E2 (conf 0.48)
[20:22:51] t=270 jev INF E2 (conf 0.52)
[20:22:51] t=270 MOVE hold_b x2 -> (76,112)
[20:22:51] {"kind": "action", "what": "attack_move", "name": null, "qty": null, "tid": null, "ts": "20:22:51"}
[20:22:52] t=272 jev INF E2 (conf 0.51)
[20:22:54] t=274 jev INF E2 (conf 0.45)
[20:22:55] t=276 jev INF E2 (conf 0.51)
[20:22:57] t=278 jev INF E2 (conf 0.52)
[20:22:58] t=280 jev INF E2 (conf 0.55)
[20:23:00] t=282 jev INF E2 (conf 0.55)
[20:23:01] t=284 jev INF E2 (conf 0.51)
[20:23:01] {"kind": "action", "what": "produce", "name": "E2", "qty": 1, "tid": null, "ts": "20:23:01"}
[20:23:06] t=290 jev INF E2 (conf 0.48)
[20:23:07] t=292 jev INF E2 HOLD (预算保护 gate=False e2=5)
[20:23:09] t=294 jev INF E2 HOLD (预算保护 gate=False e2=5)
[20:23:10] t=296 jev INF E2 HOLD (预算保护 gate=False e2=5)
[20:23:12] t=298 jev INF E2 HOLD (预算保护 gate=False e2=5)
[20:23:13] t=300 jev INF E2 HOLD (预算保护 gate=False e2=5)
[20:23:15] t=302 jev INF E2 HOLD (预算保护 gate=False e2=5)
[20:23:16] t=304 jev INF E2 HOLD (预算保护 gate=False e2=5)
[20:23:16] t=304 tick#150 credits=295 stance=defend | jev 150 decisions p50=742ms
[20:23:21] t=310 jev INF E2 HOLD (预算保护 gate=False e2=5)
[20:23:24] t=316 ALARM enemy approaching -> counter 5 vs 1 -> [82, 111]
[20:23:24] {"kind": "action", "what": "attack_move", "name": null, "qty": null, "tid": null, "ts": "20:23:24"}
[20:23:25] t=316 jev INF E2 HOLD (预算保护 gate=False e2=5)
[20:23:27] t=318 jev INF E2 HOLD (预算保护 gate=False e2=5)
[20:23:28] t=320 jev INF E2 HOLD (预算保护 gate=False e2=5)
[20:23:30] t=322 jev INF E2 HOLD (预算保护 gate=False e2=5)
[20:23:30] t=324 RETREAT E2(23%)
[20:23:30] {"kind": "action", "what": "move", "name": null, "qty": null, "tid": null, "ts": "20:23:30"}
[20:23:31] t=324 jev INF E2 HOLD (预算保护 gate=False e2=5)
[20:23:33] t=326 jev INF E2 HOLD (预算保护 gate=False e2=4)
[20:23:33] t=326 MOVE hold_a x2 -> (74,110); hold_b x2 -> (74,123)
[20:23:33] {"kind": "action", "what": "attack_move", "name": null, "qty": null, "tid": null, "ts": "20:23:33"}
[20:23:33] {"kind": "action", "what": "attack_move", "name": null, "qty": null, "tid": null, "ts": "20:23:33"}
[20:23:33] t=328 ALARM enemy approaching -> TURTLE (4 v 9, 守塔阵不打野战)
[20:23:33] {"kind": "action", "what": "attack_move", "name": null, "qty": null, "tid": null, "ts": "20:23:33"}
[20:23:34] t=328 jev INF E2 HOLD (预算保护 gate=False e2=4)
[20:23:35] t=330 RETREAT E2(36%)
[20:23:35] {"kind": "action", "what": "move", "name": null, "qty": null, "tid": null, "ts": "20:23:35"}
[20:23:36] t=330 jev INF E2 HOLD (预算保护 gate=False e2=4)
[20:23:39] t=332 jev INF E2 HOLD (预算保护 gate=False e2=3)
[20:23:40] t=335 jev INF E2 HOLD (预算保护 gate=False e2=3)
[20:23:41] t=337 jev INF E2 HOLD (预算保护 gate=False e2=3)
[20:23:42] t=339 ALARM enemy approaching -> TURTLE (3 v 10, 守塔阵不打野战)
[20:23:42] {"kind": "action", "what": "attack_move", "name": null, "qty": null, "tid": null, "ts": "20:23:42"}
[20:23:43] t=339 jev INF E2 HOLD (预算保护 gate=False e2=3)
[20:23:43] t=341 RETREAT E2(30%)
[20:23:43] {"kind": "action", "what": "move", "name": null, "qty": null, "tid": null, "ts": "20:23:43"}
[20:23:44] t=341 jev INF E2 (conf 0.89)
[20:23:44] {"kind": "action", "what": "produce", "name": "E2", "qty": 1, "tid": null, "ts": "20:23:44"}
[20:23:48] t=347 RETREAT E2(11%)
[20:23:48] {"kind": "action", "what": "move", "name": null, "qty": null, "tid": null, "ts": "20:23:48"}
[20:23:49] t=347 jev INF E2 HOLD (预算保护 gate=False e2=3)
[20:23:50] t=349 jev INF E2 HOLD (预算保护 gate=False e2=2)
[20:23:50] t=349 MOVE hold_a x1 -> (67,109); hold_b x1 -> (77,116)
[20:23:50] {"kind": "action", "what": "attack_move", "name": null, "qty": null, "tid": null, "ts": "20:23:50"}
[20:23:50] {"kind": "action", "what": "attack_move", "name": null, "qty": null, "tid": null, "ts": "20:23:50"}
[20:23:51] t=351 ALARM NAWEAP under attack -> TURTLE (2 v 10, 守塔阵不打野战)
[20:23:51] {"kind": "action", "what": "attack_move", "name": null, "qty": null, "tid": null, "ts": "20:23:51"}
[20:23:52] t=351 jev BUILD NAPOWR HOLD (资金闸门: 坦克优先, cash=516)
[20:23:52] t=351 jev INF E2 HOLD (预算保护 gate=False e2=2)
[20:23:53] t=353 jev BUILD NAPOWR HOLD (资金闸门: 坦克优先, cash=492)
[20:23:53] t=353 jev INF E2 HOLD (预算保护 gate=False e2=2)
[20:23:55] t=355 jev BUILD NAPOWR HOLD (资金闸门: 坦克优先, cash=466)
[20:23:55] t=355 jev INF E2 HOLD (预算保护 gate=False e2=2)
[20:23:55] t=355 tick#175 credits=466 stance=defend | jev 175 decisions p50=738ms
[20:23:56] t=357 RETREAT E2(30%)
[20:23:56] {"kind": "action", "what": "move", "name": null, "qty": null, "tid": null, "ts": "20:23:56"}
[20:23:56] t=357 jev BUILD NAPOWR HOLD (资金闸门: 坦克优先, cash=441)
[20:23:56] t=357 jev INF E2 HOLD (预算保护 gate=False e2=2)
[20:23:58] t=359 jev BUILD NAPOWR HOLD (资金闸门: 坦克优先, cash=417)
[20:23:58] t=359 jev INF E2 HOLD (预算保护 gate=False e2=2)
[20:23:59] t=361 jev BUILD NAPOWR HOLD (资金闸门: 坦克优先, cash=388)
[20:23:59] t=361 jev INF E2 HOLD (预算保护 gate=False e2=2)
[20:24:00] t=363 ALARM NAWEAP under attack -> TURTLE (1 v 15, 守塔阵不打野战)
[20:24:00] {"kind": "action", "what": "attack_move", "name": null, "qty": null, "tid": null, "ts": "20:24:00"}
[20:24:01] t=363 jev BUILD NAPOWR HOLD (资金闸门: 坦克优先, cash=359)
[20:24:01] t=363 jev INF E2 HOLD (预算保护 gate=False e2=1)
[20:24:02] t=365 jev BUILD NAPOWR HOLD (资金闸门: 坦克优先, cash=331)
[20:24:02] t=365 jev INF E2 HOLD (预算保护 gate=False e2=1)
[20:24:04] t=367 jev BUILD NAPOWR HOLD (资金闸门: 坦克优先, cash=302)
[20:24:04] t=367 jev INF E2 HOLD (预算保护 gate=False e2=1)
[20:24:04] t=369 SCOUT #1294->[139, 13]
[20:24:05] {"kind": "action", "what": "attack_move", "name": null, "qty": null, "tid": null, "ts": "20:24:05"}
[20:24:05] t=369 jev BUILD NAPOWR HOLD (资金闸门: 坦克优先, cash=273)
[20:24:05] t=369 jev INF E2 HOLD (预算保护 gate=False e2=1)
[20:24:06] t=371 SCOUT* #1294->[139, 13]
[20:24:06] {"kind": "action", "what": "attack_move", "name": null, "qty": null, "tid": null, "ts": "20:24:06"}
[20:24:07] t=371 jev BUILD NAPOWR HOLD (资金闸门: 坦克优先, cash=243)
[20:24:07] t=371 jev INF E2 HOLD (预算保护 gate=False e2=1)
[20:24:08] t=373 jev BUILD NAPOWR HOLD (资金闸门: 坦克优先, cash=214)
[20:24:08] t=373 jev INF E2 HOLD (预算保护 gate=False e2=1)
[20:24:09] t=375 ALARM NAWEAP under attack -> TURTLE (1 v 19, 守塔阵不打野战)
[20:24:09] {"kind": "action", "what": "attack_move", "name": null, "qty": null, "tid": null, "ts": "20:24:09"}
[20:24:10] t=375 jev BUILD NAPOWR HOLD (资金闸门: 坦克优先, cash=185)
[20:24:10] t=375 jev INF E2 HOLD (预算保护 gate=False e2=1)
[20:24:11] t=377 jev BUILD NAPOWR HOLD (资金闸门: 坦克优先, cash=156)
[20:24:11] t=377 jev INF E2 HOLD (预算保护 gate=False e2=1)
[20:24:13] t=379 jev BUILD NAPOWR HOLD (资金闸门: 坦克优先, cash=127)
[20:24:13] t=379 jev INF E2 HOLD (预算保护 gate=False e2=1)
[20:24:14] t=381 jev BUILD NAPOWR HOLD (资金闸门: 坦克优先, cash=98)
[20:24:14] t=381 jev INF E2 HOLD (预算保护 gate=False e2=1)
[20:24:15] t=383 RETREAT HTNK(35%)
[20:24:15] {"kind": "action", "what": "move", "name": null, "qty": null, "tid": null, "ts": "20:24:15"}
[20:24:17] t=383 jev BUILD NAPOWR HOLD (资金闸门: 坦克优先, cash=69)
[20:24:17] t=383 jev INF E2 HOLD (预算保护 gate=False e2=1)
[20:24:17] t=383 MOVE hold_a x1 -> (69,109)
[20:24:17] {"kind": "action", "what": "attack_move", "name": null, "qty": null, "tid": null, "ts": "20:24:17"}
[20:24:18] t=387 RETREAT E2(21%)
[20:24:18] {"kind": "action", "what": "move", "name": null, "qty": null, "tid": null, "ts": "20:24:18"}
[20:24:18] t=387 jev BUILD NAPOWR HOLD (资金闸门: 坦克优先, cash=21)
[20:24:18] t=387 jev INF E2 HOLD (预算保护 gate=False e2=1)
[20:24:20] t=389 jev BUILD NAPOWR HOLD (资金闸门: 坦克优先, cash=0)
[20:24:20] t=389 jev INF E2 HOLD (预算保护 gate=False e2=1)
[20:24:20] t=389 MOVE hold_a x1 -> (67,109)
[20:24:20] {"kind": "action", "what": "attack_move", "name": null, "qty": null, "tid": null, "ts": "20:24:20"}
[20:24:21] t=391 jev BUILD NAPOWR HOLD (资金闸门: 坦克优先, cash=0)
[20:24:21] t=391 jev INF E2 HOLD (预算保护 gate=False e2=1)
[20:24:23] t=393 jev BUILD NAPOWR HOLD (资金闸门: 坦克优先, cash=0)
[20:24:23] t=393 jev INF E2 HOLD (预算保护 gate=False e2=0)
[20:24:24] t=395 jev BUILD NAPOWR HOLD (资金闸门: 坦克优先, cash=0)
[20:24:24] t=395 jev INF E2 HOLD (预算保护 gate=False e2=0)
[20:24:26] t=397 jev BUILD NAPOWR HOLD (资金闸门: 坦克优先, cash=0)
[20:24:26] t=397 jev INF E2 HOLD (预算保护 gate=False e2=0)
[20:24:27] t=399 ALARM NAWEAP under attack -> TURTLE (1 v 19, 守塔阵不打野战)
[20:24:27] {"kind": "action", "what": "attack_move", "name": null, "qty": null, "tid": null, "ts": "20:24:27"}
[20:24:28] t=399 jev INF E2 HOLD (预算保护 gate=False e2=1)
[20:24:29] t=401 jev INF E2 HOLD (预算保护 gate=False e2=1)
[20:24:30] t=403 jev INF E2 HOLD (预算保护 gate=False e2=1)
[20:24:32] t=405 jev INF E2 HOLD (预算保护 gate=False e2=1)
[20:24:33] {"kind": "action", "what": "produce", "name": "NAWEAP", "qty": 1, "tid": null, "ts": "20:24:33"}
[20:24:33] t=407 OPENING BUILD NAWEAP
[20:24:34] t=407 jev INF E2 (conf 0.79)
[20:24:34] {"kind": "action", "what": "produce", "name": "E2", "qty": 1, "tid": null, "ts": "20:24:34"}
[20:24:34] t=407 tick#200 credits=254 stance=defend | jev 200 decisions p50=738ms
[20:24:35] t=409 MOVE hold_a x2 -> (74,110); hold_b x2 -> (74,123)
[20:24:35] {"kind": "action", "what": "attack_move", "name": null, "qty": null, "tid": null, "ts": "20:24:35"}
[20:24:35] {"kind": "action", "what": "attack_move", "name": null, "qty": null, "tid": null, "ts": "20:24:35"}
[20:24:36] t=411 ALARM enemy approaching -> TURTLE (4 v 16, 守塔阵不打野战)
[20:24:36] {"kind": "action", "what": "attack_move", "name": null, "qty": null, "tid": null, "ts": "20:24:36"}
[20:24:37] t=413 RETREAT E2(14%)
[20:24:37] {"kind": "action", "what": "move", "name": null, "qty": null, "tid": null, "ts": "20:24:37"}
[20:24:38] t=413 jev INF E2 (conf 0.51)
[20:24:39] t=415 jev INF E2 (conf 0.65)
[20:24:41] t=417 jev INF E2 (conf 0.68)
[20:24:42] t=419 RETREAT E2(23%)
[20:24:42] {"kind": "action", "what": "move", "name": null, "qty": null, "tid": null, "ts": "20:24:42"}
[20:24:42] t=419 jev INF E2 (conf 0.61)
[20:24:44] t=421 jev INF E2 (conf 0.65)
[20:24:45] t=423 ALARM NAREFN under attack -> TURTLE (1 v 16, 守塔阵不打野战)
[20:24:45] {"kind": "action", "what": "attack_move", "name": null, "qty": null, "tid": null, "ts": "20:24:45"}
[20:24:45] t=423 jev INF E2 (conf 0.86)
[20:24:49] t=425 jev INF E2 (conf 0.88)
[20:24:50] t=429 jev INF E2 (conf 0.85)
[20:24:52] t=431 jev INF E2 (conf 0.88)
[20:24:53] t=433 jev INF E2 (conf 0.86)
[20:24:53] t=433 MOVE hold_a x1 -> (62,115)
[20:24:53] {"kind": "action", "what": "attack_move", "name": null, "qty": null, "tid": null, "ts": "20:24:53"}
[20:24:54] t=435 ALARM NAPOWR under attack -> TURTLE (1 v 16, 守塔阵不打野战)
[20:24:54] {"kind": "action", "what": "attack_move", "name": null, "qty": null, "tid": null, "ts": "20:24:54"}
[20:24:55] t=435 jev INF E2 (conf 0.89)
[20:24:56] t=437 jev INF E2 (conf 0.89)
[20:24:58] t=439 jev INF E2 (conf 0.88)
[20:24:59] t=441 jev INF E2 (conf 0.90)
[20:24:59] {"kind": "action", "what": "produce", "name": "E2", "qty": 1, "tid": null, "ts": "20:24:59"}
[20:25:02] t=445 MOVE hold_a x1 -> (77,119)
[20:25:02] {"kind": "action", "what": "attack_move", "name": null, "qty": null, "tid": null, "ts": "20:25:02"}
[20:25:03] t=447 ALARM NAPOWR under attack -> TURTLE (1 v 15, 守塔阵不打野战)
[20:25:03] {"kind": "action", "what": "attack_move", "name": null, "qty": null, "tid": null, "ts": "20:25:03"}
[20:25:07] t=451 jev INF E2 (conf 0.87)
[20:25:08] t=453 jev INF E2 (conf 0.88)
[20:25:10] t=455 jev INF E2 (conf 0.87)
[20:25:11] t=457 jev INF E2 (conf 0.85)
[20:25:11] t=457 MOVE hold_a x1 -> (62,115); hold_b x1 -> (73,109)
[20:25:11] {"kind": "action", "what": "attack_move", "name": null, "qty": null, "tid": null, "ts": "20:25:11"}
[20:25:11] {"kind": "action", "what": "attack_move", "name": null, "qty": null, "tid": null, "ts": "20:25:11"}
[20:25:12] t=459 ALARM NACNST under attack -> TURTLE (2 v 14, 守塔阵不打野战)
[20:25:12] {"kind": "action", "what": "attack_move", "name": null, "qty": null, "tid": null, "ts": "20:25:12"}
[20:25:13] t=459 jev INF E2 (conf 0.88)
[20:25:13] t=459 tick#225 credits=1403 stance=defend | jev 225 decisions p50=737ms
[20:25:13] t=461 RETREAT E2(19%)
[20:25:13] {"kind": "action", "what": "move", "name": null, "qty": null, "tid": null, "ts": "20:25:13"}
[20:25:14] t=461 jev INF E2 (conf 0.86)
[20:25:16] t=463 jev INF E2 (conf 0.88)
[20:25:17] t=465 jev INF E2 (conf 0.87)
[20:25:19] t=467 jev INF E2 (conf 0.88)
[20:25:20] t=469 jev INF E2 (conf 0.87)
[20:25:21] t=471 ALARM NAPOWR under attack -> TURTLE (1 v 12, 守塔阵不打野战)
[20:25:21] {"kind": "action", "what": "attack_move", "name": null, "qty": null, "tid": null, "ts": "20:25:21"}
[20:25:22] t=471 jev INF E2 (conf 0.89)
[20:25:23] t=473 jev INF E2 (conf 0.86)
[20:25:41] t=475 jev INF E2 (conf 0.89)
[20:25:41] {"kind": "action", "what": "produce", "name": "E2", "qty": 1, "tid": null, "ts": "20:25:41"}
[20:25:42] t=499 ALARM NAPOWR under attack -> TURTLE (1 v 9, 守塔阵不打野战)
[20:25:42] {"kind": "action", "what": "attack_move", "name": null, "qty": null, "tid": null, "ts": "20:25:42"}
[20:25:51] t=511 ALARM NAPOWR under attack -> TURTLE (2 v 9, 守塔阵不打野战)
[20:25:51] {"kind": "action", "what": "attack_move", "name": null, "qty": null, "tid": null, "ts": "20:25:51"}
[20:25:51] t=511 jev INF E2 (conf 0.87)
[20:25:53] t=513 jev INF E2 (conf 0.87)
[20:25:54] t=515 jev INF E2 (conf 0.80)
[20:25:56] t=517 jev INF E2 (conf 0.79)
[20:25:57] t=519 jev INF E2 (conf 0.84)
[20:25:59] t=521 jev INF E2 (conf 0.83)
[20:25:59] t=521 MOVE hold_a x1 -> (68,124); hold_b x1 -> (62,113)
[20:25:59] {"kind": "action", "what": "attack_move", "name": null, "qty": null, "tid": null, "ts": "20:25:59"}
[20:25:59] {"kind": "action", "what": "attack_move", "name": null, "qty": null, "tid": null, "ts": "20:25:59"}
[20:26:00] t=523 ALARM NAHAND under attack -> TURTLE (7 v 9, 守塔阵不打野战)
[20:26:00] t=523 jev INF E2 (conf 0.75)
[20:26:02] t=525 jev INF E2 (conf 0.70)
[20:26:03] t=527 jev INF E2 (conf 0.67)
[20:26:05] t=529 jev INF E2 (conf 0.72)
[20:26:07] t=531 jev INF E2 (conf 0.75)
[20:26:07] {"kind": "action", "what": "produce", "name": "E2", "qty": 1, "tid": null, "ts": "20:26:07"}
[20:26:07] t=531 tick#250 credits=3024 stance=defend | jev 250 decisions p50=738ms
[20:26:09] t=535 ALARM NALASR under attack -> TURTLE (2 v 6, 守塔阵不打野战)
[20:26:17] t=545 jev INF E2 (conf 0.72)
[20:26:18] t=547 jev INF E2 (conf 0.69)
[20:26:20] t=549 jev INF E2 (conf 0.67)
[20:26:21] t=551 jev INF E2 (conf 0.73)
[20:26:23] t=553 jev INF E2 (conf 0.71)
[20:26:24] t=555 ALARM unit lost -> counter 2 vs 1 -> [0, 0]
[20:26:24] {"kind": "action", "what": "attack_move", "name": null, "qty": null, "tid": null, "ts": "20:26:24"}
[20:26:24] t=555 jev INF E2 (conf 0.70)
[20:26:26] t=557 jev INF E2 (conf 0.70)
[20:26:27] t=559 jev INF E2 (conf 0.65)
[20:26:29] t=561 jev INF E2 (conf 0.69)
[20:26:31] t=563 jev INF E2 (conf 0.67)
[20:26:32] t=566 ALARM NAREFN under attack -> counter 1 vs 1 -> [71, 121]
[20:26:32] {"kind": "action", "what": "attack_move", "name": null, "qty": null, "tid": null, "ts": "20:26:32"}
[20:26:33] t=566 jev INF E2 (conf 0.69)
[20:26:33] {"kind": "action", "what": "produce", "name": "E2", "qty": 1, "tid": null, "ts": "20:26:33"}
[20:26:42] t=580 ALARM NAREFN under attack -> counter 1 vs 1 -> [71, 121]
[20:26:42] {"kind": "action", "what": "attack_move", "name": null, "qty": null, "tid": null, "ts": "20:26:42"}
[20:26:43] t=580 jev INF E2 (conf 0.72)
[20:26:44] t=582 jev INF E2 (conf 0.74)
[20:26:44] t=582 tick#275 credits=5061 stance=defend | jev 275 decisions p50=738ms
[20:26:46] t=584 jev INF E2 (conf 0.67)
[20:26:48] t=586 jev INF E2 (conf 0.69)
[20:26:51] t=588 jev INF E2 (conf 0.71)
[20:26:52] t=591 jev INF E2 (conf 0.70)
[20:26:53] t=593 jev INF E2 (conf 0.69)
[20:26:55] t=595 jev INF E2 (conf 0.76)
[20:26:56] t=597 jev INF E2 (conf 0.82)
[20:26:58] t=599 jev INF E2 (conf 0.43)
[20:26:58] {"kind": "action", "what": "produce", "name": "E2", "qty": 1, "tid": null, "ts": "20:26:58"}
[20:27:07] t=611 jev INF SHK (conf 0.59)
[20:27:07] {"kind": "action", "what": "produce", "name": "SHK", "qty": 1, "tid": null, "ts": "20:27:07"}
[20:27:15] t=624 ALARM NAHAND under attack -> counter 1 vs 2 -> [68, 118]
[20:27:15] {"kind": "action", "what": "attack_move", "name": null, "qty": null, "tid": null, "ts": "20:27:15"}
[20:27:23] t=633 tick#300 credits=5846 stance=defend | jev 300 decisions p50=740ms
[20:27:24] t=635 ALARM NALASR under attack -> TURTLE (1 v 4, 守塔阵不打野战)
[20:27:33] t=648 ALARM NAFLAK under attack -> TURTLE (1 v 4, 守塔阵不打野战)
[20:27:42] t=660 ALARM NALASR under attack -> TURTLE (1 v 3, 守塔阵不打野战)
[20:27:51] t=672 ALARM NAHAND under attack -> TURTLE (1 v 6, 守塔阵不打野战)
[20:27:59] t=682 ALARM NAREFN under attack -> TURTLE (2 v 11, 守塔阵不打野战)
[20:28:00] t=682 jev INF E2 (conf 0.48)
[20:28:00] {"kind": "action", "what": "produce", "name": "E2", "qty": 1, "tid": null, "ts": "20:28:00"}
[20:28:02] t=684 tick#325 credits=6554 stance=defend | jev 325 decisions p50=746ms
[20:28:08] t=694 ALARM NAREFN under attack -> TURTLE (2 v 12, 守塔阵不打野战)
[20:28:17] t=706 ALARM NAREFN under attack -> TURTLE (2 v 12, 守塔阵不打野战)
[20:28:26] t=718 ALARM NAFLAK under attack -> TURTLE (1 v 10, 守塔阵不打野战)
[20:28:35] t=730 ALARM NAFLAK under attack -> TURTLE (1 v 6, 守塔阵不打野战)
[20:28:38] t=732 jev INF E2 (conf 0.78)
[20:28:38] {"kind": "action", "what": "produce", "name": "E2", "qty": 1, "tid": null, "ts": "20:28:38"}
[20:28:39] t=734 tick#350 credits=6330 stance=defend | jev 350 decisions p50=751ms
[20:28:44] t=742 ALARM NAFLAK under attack -> TURTLE (1 v 4, 守塔阵不打野战)
[20:28:48] t=744 jev INF E2 (conf 0.79)
[20:28:49] t=747 jev INF E2 (conf 0.74)
[20:28:50] t=749 jev INF E2 (conf 0.74)
[20:28:52] t=751 jev INF E2 (conf 0.78)
[20:28:53] t=753 ALARM unit lost -> TURTLE (1 v 3, 守塔阵不打野战)
[20:28:53] t=753 jev INF E2 (conf 0.79)
[20:28:55] t=755 jev INF E2 (conf 0.76)
[20:28:56] t=757 jev INF E2 (conf 0.77)
[20:28:58] t=759 jev INF E2 (conf 0.75)
[20:28:59] t=761 jev INF E2 (conf 0.73)
[20:29:01] t=763 jev INF E2 (conf 0.79)
[20:29:02] t=765 ALARM NAFLAK under attack -> counter 1 vs 2 -> [69, 120]
[20:29:02] {"kind": "action", "what": "attack_move", "name": null, "qty": null, "tid": null, "ts": "20:29:02"}
[20:29:02] t=765 jev INF E2 (conf 0.78)
[20:29:04] t=767 jev INF E2 (conf 0.78)
[20:29:04] {"kind": "action", "what": "produce", "name": "E2", "qty": 1, "tid": null, "ts": "20:29:04"}
[20:29:12] t=779 ALARM NAFLAK under attack -> counter 1 vs 2 -> [69, 120]
[20:29:12] {"kind": "action", "what": "attack_move", "name": null, "qty": null, "tid": null, "ts": "20:29:12"}
[20:29:13] t=779 jev INF E2 (conf 0.74)
[20:29:14] t=781 jev INF E2 (conf 0.67)
[20:29:16] t=783 jev INF E2 (conf 0.76)
[20:29:17] t=785 jev INF E2 (conf 0.70)
[20:29:17] t=785 tick#375 credits=6083 stance=defend | jev 375 decisions p50=753ms
[20:29:19] t=787 jev INF E2 (conf 0.68)
[20:29:20] t=789 jev INF E2 (conf 0.84)
[20:29:22] t=791 jev INF E2 (conf 0.82)
[20:29:23] t=793 jev INF E2 (conf 0.83)
[20:29:25] t=795 jev INF E2 (conf 0.81)
[20:29:26] t=797 jev INF E2 (conf 0.84)
[20:29:28] t=799 jev INF E2 (conf 0.82)
[20:29:29] t=801 jev INF E2 (conf 0.79)
[20:29:29] {"kind": "action", "what": "produce", "name": "E2", "qty": 1, "tid": null, "ts": "20:29:29"}
[20:29:38] t=813 ALARM NAFLAK under attack -> counter 1 vs 2 -> [69, 120]
[20:29:38] {"kind": "action", "what": "attack_move", "name": null, "qty": null, "tid": null, "ts": "20:29:38"}
[20:29:38] t=813 jev INF E2 (conf 0.75)
[20:29:40] t=815 jev INF E2 (conf 0.75)
[20:29:41] t=817 jev INF E2 (conf 0.74)
[20:29:44] t=819 jev INF E2 (conf 0.74)
[20:29:45] t=822 jev INF E2 (conf 0.81)
[20:29:47] t=824 jev INF E2 (conf 0.81)
[20:29:48] t=826 jev INF E2 (conf 0.86)
[20:29:50] t=828 jev INF E2 (conf 0.82)
[20:29:51] t=830 jev INF E2 (conf 0.82)
[20:29:53] t=832 jev INF E2 (conf 0.84)
[20:29:54] t=834 jev INF E2 (conf 0.79)
[20:29:56] t=836 jev INF E2 (conf 0.83)
[20:29:56] {"kind": "action", "what": "produce", "name": "E2", "qty": 1, "tid": null, "ts": "20:29:56"}
[20:29:56] t=836 tick#400 credits=5948 stance=defend | jev 400 decisions p50=755ms
[20:29:57] t=838 jev STANCE defend->recover (conf 0.57)
[20:29:57] t=838 THREAT 0.87 -> force defend
[20:29:58] t=840 jev STANCE defend->recover (conf 0.57)
[20:29:58] t=840 THREAT 0.88 -> force defend
[20:30:00] t=842 jev STANCE defend->recover (conf 0.51)
[20:30:00] t=842 THREAT 0.88 -> force defend
[20:30:02] t=844 jev STANCE defend->recover (conf 0.48)
[20:30:02] t=844 THREAT 0.90 -> force defend
[20:30:03] t=846 jev STANCE defend->recover (conf 0.57)
[20:30:03] t=846 THREAT 0.90 -> force defend
[20:30:04] t=848 ALARM NAHAND under attack -> counter 1 vs 2 -> [68, 118]
[20:30:04] {"kind": "action", "what": "attack_move", "name": null, "qty": null, "tid": null, "ts": "20:30:04"}
[20:30:05] t=848 jev INF E2 (conf 0.78)
[20:30:07] t=850 jev INF E2 (conf 0.74)
[20:30:08] t=853 jev INF E2 (conf 0.68)
[20:30:10] t=855 jev INF E2 (conf 0.83)
[20:30:10] t=855 jev STANCE defend->recover (conf 0.50)
[20:30:10] t=855 THREAT 0.91 -> force defend
[20:30:11] t=857 jev INF E2 (conf 0.78)
[20:30:11] t=857 jev STANCE defend->recover (conf 0.56)
[20:30:11] t=857 THREAT 0.90 -> force defend
[20:30:13] t=859 jev INF E2 (conf 0.80)
[20:30:13] t=859 jev STANCE defend->recover (conf 0.55)
[20:30:13] t=859 THREAT 0.88 -> force defend
[20:30:14] t=861 jev INF E2 (conf 0.79)
[20:30:14] t=861 jev STANCE defend->recover (conf 0.53)
[20:30:14] t=861 THREAT 0.90 -> force defend
[20:30:16] t=863 jev INF E2 (conf 0.78)
[20:30:16] t=863 jev STANCE defend->recover (conf 0.55)
[20:30:16] t=863 THREAT 0.88 -> force defend
[20:30:17] t=865 jev INF E2 (conf 0.80)
[20:30:17] t=865 jev STANCE defend->recover (conf 0.49)
[20:30:17] t=865 THREAT 0.88 -> force defend
[20:30:19] t=867 jev INF E2 (conf 0.76)
[20:30:19] t=867 jev STANCE defend->recover (conf 0.50)
[20:30:19] t=867 THREAT 0.89 -> force defend
[20:30:20] t=869 jev INF E2 (conf 0.80)
[20:30:20] t=869 jev STANCE defend->recover (conf 0.49)
[20:30:20] t=869 THREAT 0.88 -> force defend
[20:30:22] t=871 jev INF E2 (conf 0.61)
[20:30:22] t=871 jev STANCE defend->recover (conf 0.56)
[20:30:22] t=871 THREAT 0.90 -> force defend
[20:30:22] {"kind": "action", "what": "produce", "name": "E2", "qty": 1, "tid": null, "ts": "20:30:22"}
[20:30:23] t=873 jev STANCE defend->recover (conf 0.53)
[20:30:23] t=873 THREAT 0.87 -> force defend
[20:30:25] t=875 jev STANCE defend->recover (conf 0.60)
[20:30:25] t=875 THREAT 0.88 -> force defend
[20:30:27] t=877 jev STANCE defend->recover (conf 0.57)
[20:30:27] t=877 THREAT 0.88 -> force defend
[20:30:28] t=880 jev STANCE defend->recover (conf 0.50)
[20:30:28] t=880 THREAT 0.88 -> force defend
[20:30:30] t=882 jev STANCE defend->recover (conf 0.56)
[20:30:30] t=882 THREAT 0.90 -> force defend
[20:30:31] t=884 ALARM NAHAND under attack -> TURTLE (1 v 3, 守塔阵不打野战)
[20:30:32] t=884 jev INF E2 (conf 0.33)
[20:30:33] t=886 jev INF E2 (conf 0.33)
[20:30:34] t=888 jev INF E2 (conf 0.30)
[20:30:34] t=888 tick#425 credits=5723 stance=defend | jev 425 decisions p50=753ms
[20:30:53] t=890 jev INF E2 (conf 0.35)
[20:30:53] {"kind": "action", "what": "produce", "name": "E2", "qty": 1, "tid": null, "ts": "20:30:53"}
[20:31:00] t=922 jev STANCE defend->recover (conf 0.46)
[20:31:00] t=922 THREAT 0.86 -> force defend
[20:31:09] t=934 jev STANCE defend->recover (conf 0.47)
[20:31:09] t=934 THREAT 0.85 -> force defend
[20:31:22] t=952 jev STANCE defend->recover (conf 0.47)
[20:31:25] t=956 jev STANCE defend->recover (conf 0.58)
[20:31:25] t=956 THREAT 0.62 -> force defend
[20:31:27] t=958 jev STANCE defend->recover (conf 0.50)
[20:31:28] t=960 THREAT 0.62 -> force defend
[20:31:30] t=962 jev STANCE defend->recover (conf 0.58)
[20:31:30] t=962 THREAT 0.61 -> force defend
[20:31:30] t=962 tick#450 credits=5671 stance=defend | jev 450 decisions p50=757ms
[2026-09-30 20:32:05] {"kind": "report", "result": "defeat", "t": 1010, "ticks": 474, "crisis_ticks": 239, "stance": "defend", "jev": {"decisions": 473, "errors": 0, "input_tokens": 1155084, "output_tokens": 77543, "p50_ms": 760, "p95_ms": 972}, "enemy_base": null, "ts": "2026-09-30 20:32:05"}
[20:32:06] REVIEW game#54 defeat → game-0054-review.md | changes=0
{
  "result": "defeat",
  "t": 1010,
  "ticks": 474,
  "crisis_ticks": 239,
  "stance": "defend",
  "jev": {
    "decisions": 473,
    "errors": 0,
    "input_tokens": 1155084,
    "output_tokens": 77543,
    "p50_ms": 760,
    "p95_ms": 972
  },
  "enemy_base": null,
  "ts": "2026-09-30 20:32:05",
  "review": {
    "game_no": 54,
    "rootcause": "no_target",
    "auto_tuned": 0
  }
}
