[15:28:05] 进局中(全自动)...
[15:28:32] {"kind": "start", "policy": "ra2web-jev-player/1.0", "maxDecisions": 1200, "micro": {"events": [{"kind": "micro", "t": 2, "what": "start"}], "loopN": 1, "on": true, "outcome": null, "stall": false}, "ts": "15:28:32"}
[15:28:32] === ra2web-jev-player start (tick=1.5s, max_decisions=1200) ===
[15:28:32] t=2 DEPLOY mcv
[15:28:32] {"kind": "action", "what": "deploy", "ids": [1042], "ts": "15:28:32"}
[15:28:32] {"kind": "action", "what": "deploy", "name": null, "qty": null, "ts": "15:28:32"}
[15:28:33] t=4 POWER plant (reserve 0)
[15:28:33] {"kind": "action", "what": "produce", "name": "NAPOWR", "qty": 1, "ts": "15:28:33"}
[15:28:34] t=4 jev STANCE defend->develop (conf 0.93)
[15:28:51] {"kind": "action", "what": "produce", "name": "NAREFN", "qty": 1, "ts": "15:28:51"}
[15:28:51] t=29 OPENING BUILD NAREFN
[15:29:08] t=51 tick#25 credits=8869 stance=develop | jev 25 decisions p50=711ms
[15:29:47] t=102 tick#50 credits=7632 stance=develop | jev 50 decisions p50=711ms
[15:29:59] t=118 jev BUILD NAREFN (conf 0.74)
[15:29:59] {"kind": "action", "what": "produce", "name": "NAREFN", "qty": 1, "ts": "15:29:59"}
[15:30:24] t=152 tick#75 credits=6602 stance=develop | jev 75 decisions p50=711ms
[15:31:02] t=202 tick#100 credits=5400 stance=defend | jev 100 decisions p50=709ms
[15:31:06] t=208 jev BUILD NAPOWR (conf 0.72)
[15:31:06] {"kind": "action", "what": "produce", "name": "NAPOWR", "qty": 1, "ts": "15:31:06"}
[15:31:26] t=234 jev BUILD NAHAND (conf 0.25)
[15:31:26] {"kind": "action", "what": "produce", "name": "NAHAND", "qty": 1, "ts": "15:31:26"}
[15:31:39] t=252 tick#125 credits=5453 stance=defend | jev 125 decisions p50=709ms
[15:31:43] t=258 DEFLINE NALASR (have 0)
[15:31:43] {"kind": "action", "what": "produce", "name": "NALASR", "qty": 1, "ts": "15:31:43"}
[15:31:43] {"kind": "action", "what": "produce", "name": "NAWEAP", "qty": 1, "ts": "15:31:43"}
[15:31:43] t=258 OPENING BUILD NAWEAP
[15:31:44] t=258 jev INF DOG (conf 0.55)
[15:31:44] {"kind": "action", "what": "produce", "name": "DOG", "qty": 1, "ts": "15:31:44"}
[15:31:51] t=268 SCOUT dog* #1079->[114, 13]
[15:31:51] {"kind": "action", "what": "attack_move", "name": null, "qty": null, "ts": "15:31:51"}
[15:32:01] t=282 DEFLINE NALASR (have 1)
[15:32:03] t=284 DEFLINE NALASR (have 1)
[15:32:04] t=286 DEFLINE NALASR (have 1)
[15:32:06] t=288 DEFLINE NALASR (have 1)
[15:32:07] t=290 DEFLINE NALASR (have 1)
[15:32:09] t=292 DEFLINE NALASR (have 1)
[15:32:09] {"kind": "action", "what": "produce", "name": "NALASR", "qty": 1, "ts": "15:32:09"}
[15:32:17] t=302 tick#150 credits=3391 stance=defend | jev 150 decisions p50=708ms
[15:32:33] t=324 jev INF DOG (conf 0.18)
[15:32:33] {"kind": "action", "what": "produce", "name": "DOG", "qty": 1, "ts": "15:32:33"}
[15:32:36] t=328 SCOUT dog #1079->[12, 120]
[15:32:36] {"kind": "action", "what": "attack_move", "name": null, "qty": null, "ts": "15:32:36"}
[15:32:41] t=334 jev INF DOG (conf 0.27)
[15:32:42] t=336 jev INF DOG (conf 0.27)
[15:32:44] t=338 jev INF DOG (conf 0.28)
[15:32:47] t=342 jev INF DOG (conf 0.29)
[15:32:49] t=344 jev INF DOG (conf 0.25)
[15:32:50] t=346 jev INF DOG (conf 0.27)
[15:32:51] t=348 ALARM 敌军逼近 -> counter 2 vs 1 -> [82, 114]
[15:32:51] {"kind": "action", "what": "attack_move", "name": null, "qty": null, "ts": "15:32:51"}
[15:32:51] t=348 ECON harv#3
[15:32:51] t=348 TANK HTNK x3
[15:32:51] {"kind": "action", "what": "produce", "name": "HARV", "qty": 1, "ts": "15:32:51"}
[15:32:51] {"kind": "action", "what": "produce", "name": "HTNK", "qty": 3, "ts": "15:32:51"}
[15:32:52] t=348 jev BUILD NAHAND (conf 0.17)
[15:32:52] t=348 jev INF E2 (conf 0.20)
[15:32:52] {"kind": "action", "what": "produce", "name": "NAHAND", "qty": 1, "ts": "15:32:52"}
[15:32:52] {"kind": "action", "what": "produce", "name": "E2", "qty": 1, "ts": "15:32:52"}
[15:32:52] t=350 INSURE AA building
[15:32:52] {"kind": "action", "what": "produce", "name": "NAFLAK", "qty": 1, "ts": "15:32:52"}
[15:32:54] t=352 tick#175 credits=3989 stance=defend | jev 175 decisions p50=706ms
[15:32:56] t=354 jev INF E2 (conf 0.28)
[15:32:57] t=356 jev INF E2 (conf 0.36)
[15:32:59] t=358 jev INF E2 (conf 0.36)
[15:32:59] t=358 MOVE assault x1 -> (73,120)
[15:32:59] {"kind": "action", "what": "attack_move", "name": null, "qty": null, "ts": "15:32:59"}
[15:33:00] t=360 ALARM 苏联战车工厂被攻击 -> TURTLE (3 v 4, 守塔阵不打野战)
[15:33:00] {"kind": "action", "what": "attack_move", "name": null, "qty": null, "ts": "15:33:00"}
[15:33:01] t=360 jev INF E2 (conf 0.25)
[15:33:02] t=362 jev INF E2 (conf 0.30)
[15:33:03] t=364 jev INF E2 (conf 0.28)
[15:33:05] t=366 jev INF E2 (conf 0.32)
[15:33:06] t=368 jev INF E2 (conf 0.26)
[15:33:08] t=370 jev INF E2 (conf 0.33)
[15:33:09] t=372 ALARM 苏联战车工厂被攻击 -> TURTLE (3 v 5, 守塔阵不打野战)
[15:33:09] {"kind": "action", "what": "attack_move", "name": null, "qty": null, "ts": "15:33:09"}
[15:33:09] t=372 jev INF E2 (conf 0.32)
[15:33:11] t=374 jev INF E2 (conf 0.30)
[15:33:12] t=376 jev INF E2 (conf 0.36)
[15:33:14] t=378 jev INF E2 (conf 0.28)
[15:33:16] t=380 jev INF E2 (conf 0.28)
[15:33:17] t=382 jev INF E2 (conf 0.35)
[15:33:17] {"kind": "action", "what": "produce", "name": "E2", "qty": 1, "ts": "15:33:17"}
[15:33:17] t=382 MOVE assault x1 -> (73,120)
[15:33:17] {"kind": "action", "what": "attack_move", "name": null, "qty": null, "ts": "15:33:17"}
[15:33:18] t=384 ALARM 苏联战车工厂被攻击 -> TURTLE (2 v 5, 守塔阵不打野战)
[15:33:18] {"kind": "action", "what": "attack_move", "name": null, "qty": null, "ts": "15:33:18"}
[15:33:18] t=384 RETREAT DOG(25%)
[15:33:18] {"kind": "action", "what": "move", "name": null, "qty": null, "ts": "15:33:18"}
[15:33:21] t=388 SCOUT dog #1079->[12, 102]
[15:33:21] {"kind": "action", "what": "attack_move", "name": null, "qty": null, "ts": "15:33:21"}
[15:33:22] t=388 jev INF E2 (conf 0.41)
[15:33:23] t=390 jev INF E2 (conf 0.37)
[15:33:24] t=392 jev INF E2 (conf 0.38)
[15:33:26] t=394 jev INF E2 (conf 0.34)
[15:33:27] t=396 ALARM 苏联矿石精炼场被攻击 -> TURTLE (3 v 5, 守塔阵不打野战)
[15:33:27] {"kind": "action", "what": "attack_move", "name": null, "qty": null, "ts": "15:33:27"}
[15:33:28] t=396 jev INF E2 (conf 0.40)
[15:33:29] t=398 jev INF E2 (conf 0.33)
[15:33:30] t=400 jev INF E2 (conf 0.40)
[15:33:32] t=402 jev INF E2 (conf 0.34)
[15:33:32] t=402 tick#200 credits=1182 stance=defend | jev 200 decisions p50=706ms
[15:33:34] t=404 jev INF E2 (conf 0.41)
[15:33:35] t=406 jev INF E2 (conf 0.33)
[15:33:35] t=406 MOVE assault x2 -> (73,120)
[15:33:35] {"kind": "action", "what": "attack_move", "name": null, "qty": null, "ts": "15:33:35"}
[15:33:36] t=408 ALARM 苏联战车工厂被攻击 -> TURTLE (3 v 5, 守塔阵不打野战)
[15:33:36] {"kind": "action", "what": "attack_move", "name": null, "qty": null, "ts": "15:33:36"}
[15:33:37] t=408 jev INF E2 (conf 0.33)
[15:33:38] t=410 jev INF E2 (conf 0.31)
[15:33:40] t=412 jev INF E2 HOLD (预算保护 gate=False e2=2)
[15:33:41] t=414 jev INF E2 HOLD (预算保护 gate=False e2=2)
[15:33:42] t=416 jev INF E2 HOLD (预算保护 gate=False e2=2)
[15:33:44] t=418 jev INF E2 HOLD (预算保护 gate=False e2=2)
[15:33:45] t=420 ALARM 敌军逼近 -> TURTLE (3 v 4, 守塔阵不打野战)
[15:33:45] {"kind": "action", "what": "attack_move", "name": null, "qty": null, "ts": "15:33:45"}
[15:33:46] t=420 jev INF DOG (conf 0.22)
[15:33:46] {"kind": "action", "what": "produce", "name": "DOG", "qty": 1, "ts": "15:33:46"}
[15:33:50] t=426 jev INF E2 HOLD (预算保护 gate=False e2=2)
[15:33:52] t=428 jev INF E2 HOLD (预算保护 gate=False e2=2)
[15:33:53] t=430 jev INF E2 HOLD (预算保护 gate=False e2=2)
[15:33:53] t=430 MOVE assault x2 -> (73,120)
[15:33:53] {"kind": "action", "what": "attack_move", "name": null, "qty": null, "ts": "15:33:53"}
[15:33:54] t=432 ALARM 苏联矿石精炼场被攻击 -> counter 4 vs 3 -> [74, 117]
[15:33:54] {"kind": "action", "what": "attack_move", "name": null, "qty": null, "ts": "15:33:54"}
[15:33:55] t=432 jev INF E2 HOLD (预算保护 gate=False e2=2)
[15:33:56] t=434 jev INF E2 (conf 0.22)
[15:33:56] {"kind": "action", "what": "produce", "name": "E2", "qty": 1, "ts": "15:33:56"}
[15:34:00] t=440 jev INF E2 (conf 0.25)
[15:34:01] t=442 SCOUT #1326->[185, 93]
[15:34:01] {"kind": "action", "what": "attack_move", "name": null, "qty": null, "ts": "15:34:01"}
[15:34:02] t=442 jev INF DOG (conf 0.26)
[15:34:03] t=444 ALARM 敌军逼近 -> counter 5 vs 2 -> [80, 115]
[15:34:03] {"kind": "action", "what": "attack_move", "name": null, "qty": null, "ts": "15:34:03"}
[15:34:03] t=444 SCOUT* #1326->[185, 93]
[15:34:03] {"kind": "action", "what": "attack_move", "name": null, "qty": null, "ts": "15:34:03"}
[15:34:04] t=444 jev INF E2 HOLD (预算保护 gate=False e2=3)
[15:34:05] t=446 jev INF E2 HOLD (预算保护 gate=False e2=3)
[15:34:06] t=448 SCOUT dog #1079->[12, 138]; t=448 SCOUT dog #1291->[12, 84]
[15:34:06] {"kind": "action", "what": "attack_move", "name": null, "qty": null, "ts": "15:34:06"}
[15:34:06] {"kind": "action", "what": "attack_move", "name": null, "qty": null, "ts": "15:34:06"}
[15:34:07] t=448 jev INF DOG (conf 0.24)
[15:34:08] t=450 jev INF E2 HOLD (预算保护 gate=False e2=3)
[15:34:10] t=452 jev INF E2 HOLD (预算保护 gate=False e2=3)
[15:34:10] t=452 tick#225 credits=574 stance=defend | jev 225 decisions p50=706ms
[15:34:11] t=454 jev INF E2 (conf 0.26)
[15:34:11] t=454 MOVE assault x3 -> (73,120)
[15:34:11] {"kind": "action", "what": "attack_move", "name": null, "qty": null, "ts": "15:34:11"}
[15:34:13] t=456 jev INF DOG (conf 0.29)
[15:34:13] {"kind": "action", "what": "produce", "name": "DOG", "qty": 1, "ts": "15:34:13"}
[15:34:17] t=462 jev INF DOG (conf 0.33)
[15:34:19] t=464 jev INF DOG (conf 0.30)
[15:34:20] t=466 jev INF DOG (conf 0.24)
[15:34:22] t=468 jev INF DOG (conf 0.25)
[15:34:23] t=470 jev INF DOG (conf 0.29)
[15:34:24] t=472 jev INF DOG (conf 0.26)
[15:34:24] t=472 MOVE assault x3 -> (73,120)
[15:34:25] {"kind": "action", "what": "attack_move", "name": null, "qty": null, "ts": "15:34:25"}
[15:34:26] t=474 jev INF DOG (conf 0.28)
[15:34:28] t=476 jev INF DOG (conf 0.25)
[15:34:29] t=478 jev INF DOG (conf 0.26)
[15:34:29] t=478 MOVE assault x4 -> (70,117)
[15:34:29] {"kind": "action", "what": "attack_move", "name": null, "qty": null, "ts": "15:34:29"}
[15:34:31] t=480 jev INF DOG (conf 0.30)
[15:34:32] t=482 jev INF DOG (conf 0.28)
[15:34:34] t=484 jev INF DOG (conf 0.32)
[15:34:35] t=486 jev INF DOG (conf 0.27)
[15:34:36] t=488 jev INF DOG (conf 0.27)
[15:34:38] t=490 jev INF DOG (conf 0.26)
[15:34:38] {"kind": "action", "what": "produce", "name": "DOG", "qty": 1, "ts": "15:34:38"}
[15:34:41] t=494 MOVE assault x4 -> (70,117)
[15:34:41] {"kind": "action", "what": "attack_move", "name": null, "qty": null, "ts": "15:34:41"}
[15:34:47] t=502 tick#250 credits=0 stance=defend | jev 250 decisions p50=707ms
[15:34:51] t=508 SCOUT dog #1079->[12, 156]; t=508 SCOUT dog #1291->[12, 66]
[15:34:51] {"kind": "action", "what": "attack_move", "name": null, "qty": null, "ts": "15:34:51"}
[15:34:51] {"kind": "action", "what": "attack_move", "name": null, "qty": null, "ts": "15:34:51"}
[15:34:53] t=510 MOVE assault x4 -> (70,117)
[15:34:53] {"kind": "action", "what": "attack_move", "name": null, "qty": null, "ts": "15:34:53"}
[15:35:05] t=526 MOVE assault x4 -> (70,117)
[15:35:05] {"kind": "action", "what": "attack_move", "name": null, "qty": null, "ts": "15:35:05"}
[15:35:07] t=528 jev INF E2 (conf 0.29)
[15:35:07] {"kind": "action", "what": "produce", "name": "E2", "qty": 1, "ts": "15:35:07"}
[15:35:11] t=534 jev INF E2 HOLD (预算保护 gate=False e2=4)
[15:35:14] t=538 jev INF E2 HOLD (预算保护 gate=False e2=4)
[15:35:17] t=542 jev INF E2 HOLD (预算保护 gate=False e2=4)
[15:35:17] t=542 MOVE assault x5 -> (70,117)
[15:35:17] {"kind": "action", "what": "attack_move", "name": null, "qty": null, "ts": "15:35:17"}
[15:35:19] t=544 jev VEH HTNK (conf 0.52)
[15:35:19] {"kind": "action", "what": "produce", "name": "HTNK", "qty": 1, "ts": "15:35:19"}
[15:35:25] t=552 jev INF E2 HOLD (预算保护 gate=False e2=4)
[15:35:25] t=552 tick#275 credits=459 stance=defend | jev 275 decisions p50=708ms
[15:35:28] t=556 jev INF E2 HOLD (预算保护 gate=False e2=4)
[15:35:28] t=558 ALARM 敌军逼近 -> counter 10 vs 1 -> [84, 111]
[15:35:28] {"kind": "action", "what": "attack_move", "name": null, "qty": null, "ts": "15:35:28"}
[15:35:28] t=558 SCOUT* #1326->[185, 67]
[15:35:28] {"kind": "action", "what": "attack_move", "name": null, "qty": null, "ts": "15:35:28"}
[15:35:30] t=560 RETREAT DOG(18%)
[15:35:30] {"kind": "action", "what": "move", "name": null, "qty": null, "ts": "15:35:30"}
[15:35:31] t=560 jev INF SHK (conf 0.20)
[15:35:31] {"kind": "action", "what": "produce", "name": "SHK", "qty": 1, "ts": "15:35:31"}
[15:35:36] t=568 SCOUT dog* #1079->[114, 13]; t=568 SCOUT dog #1356->[12, 174]
[15:35:36] {"kind": "action", "what": "attack_move", "name": null, "qty": null, "ts": "15:35:36"}
[15:35:36] {"kind": "action", "what": "attack_move", "name": null, "qty": null, "ts": "15:35:36"}
[15:35:37] t=568 MOVE assault x6 -> (70,117)
[15:35:37] {"kind": "action", "what": "attack_move", "name": null, "qty": null, "ts": "15:35:37"}
[15:35:38] t=570 jev INF SHK HOLD (预算保护 gate=False e2=4)
[15:35:38] t=570 MOVE reserve x1 -> (70,125)
[15:35:38] {"kind": "action", "what": "attack_move", "name": null, "qty": null, "ts": "15:35:38"}
[15:35:40] t=572 jev INF SHK HOLD (预算保护 gate=False e2=4)
[15:35:43] t=576 jev INF SHK HOLD (预算保护 gate=False e2=4)
[15:35:44] t=578 jev INF SHK HOLD (预算保护 gate=False e2=4)
[15:35:46] t=582 ESCORT 坦克#1364 -> 护航矿车@[93, 129]
[15:35:46] t=582 RETREAT HTNK(34%)
[15:35:46] {"kind": "action", "what": "attack_move", "name": null, "qty": null, "ts": "15:35:46"}
[15:35:46] {"kind": "action", "what": "move", "name": null, "qty": null, "ts": "15:35:46"}
[15:35:46] t=582 SCOUT2 #1358->[130, 83]
[15:35:46] {"kind": "action", "what": "attack_move", "name": null, "qty": null, "ts": "15:35:46"}
[15:35:47] t=582 jev VEH HTNK (conf 0.41)
[15:35:47] {"kind": "action", "what": "produce", "name": "HTNK", "qty": 1, "ts": "15:35:47"}
[15:35:47] t=582 MOVE guard x2 -> (73,120)
[15:35:47] {"kind": "action", "what": "attack_move", "name": null, "qty": null, "ts": "15:35:47"}
[15:35:49] t=586 ALARM 敌军逼近 -> counter 10 vs 3 -> [85, 108]
[15:35:49] {"kind": "action", "what": "attack_move", "name": null, "qty": null, "ts": "15:35:49"}
[15:35:50] t=586 jev INF DOG (conf 0.08)
[15:35:50] {"kind": "action", "what": "produce", "name": "DOG", "qty": 1, "ts": "15:35:50"}
[15:35:56] t=594 jev INF SHK (conf 0.37)
[15:35:56] {"kind": "action", "what": "produce", "name": "SHK", "qty": 1, "ts": "15:35:56"}
[15:35:58] t=596 MOVE assault x6 -> (82,112)
[15:35:58] {"kind": "action", "what": "attack_move", "name": null, "qty": null, "ts": "15:35:58"}
[15:35:58] t=598 ALARM 敌军逼近 -> counter 11 vs 1 -> [82, 112]
[15:35:58] {"kind": "action", "what": "attack_move", "name": null, "qty": null, "ts": "15:35:58"}
[15:36:02] t=602 tick#300 credits=401 stance=defend | jev 300 decisions p50=708ms
[15:36:10] t=612 MOVE assault x6 -> (82,112)
[15:36:10] {"kind": "action", "what": "attack_move", "name": null, "qty": null, "ts": "15:36:10"}
[15:36:13] t=618 SCOUT* #1326->[185, 68]
[15:36:13] {"kind": "action", "what": "attack_move", "name": null, "qty": null, "ts": "15:36:13"}
[15:36:21] t=628 SCOUT dog #1079->[12, 48]; t=628 SCOUT dog #1356->[188, 102]
[15:36:21] {"kind": "action", "what": "attack_move", "name": null, "qty": null, "ts": "15:36:21"}
[15:36:21] {"kind": "action", "what": "attack_move", "name": null, "qty": null, "ts": "15:36:21"}
[15:36:22] t=628 MOVE assault x6 -> (82,112)
[15:36:22] {"kind": "action", "what": "attack_move", "name": null, "qty": null, "ts": "15:36:22"}
[15:36:22] t=630 RETREAT DOG(3%)
[15:36:22] {"kind": "action", "what": "move", "name": null, "qty": null, "ts": "15:36:22"}
[15:36:24] t=632 ALARM 单位损失 -> counter 10 vs 4 -> [70, 117]
[15:36:24] {"kind": "action", "what": "attack_move", "name": null, "qty": null, "ts": "15:36:24"}
[15:36:25] t=632 jev INF DOG (conf 0.26)
[15:36:25] {"kind": "action", "what": "produce", "name": "DOG", "qty": 1, "ts": "15:36:25"}
[15:36:30] t=640 RETREAT E2(34%)
[15:36:30] {"kind": "action", "what": "move", "name": null, "qty": null, "ts": "15:36:30"}
[15:36:32] t=642 MOVE assault x6 -> (70,117)
[15:36:32] {"kind": "action", "what": "attack_move", "name": null, "qty": null, "ts": "15:36:32"}
[15:36:33] t=644 ALARM 单位损失 -> counter 9 vs 3 -> [70, 117]
[15:36:33] {"kind": "action", "what": "attack_move", "name": null, "qty": null, "ts": "15:36:33"}
[15:36:40] t=652 tick#325 credits=0 stance=defend | jev 325 decisions p50=708ms
[15:36:41] t=654 MOVE reserve x1 -> (70,125)
[15:36:41] {"kind": "action", "what": "attack_move", "name": null, "qty": null, "ts": "15:36:41"}
[15:36:46] t=660 MOVE assault x6 -> (70,117)
[15:36:46] {"kind": "action", "what": "attack_move", "name": null, "qty": null, "ts": "15:36:46"}
[15:36:47] t=662 jev VEH HTNK (conf 0.54)
[15:36:47] {"kind": "action", "what": "produce", "name": "HTNK", "qty": 1, "ts": "15:36:47"}
[15:36:47] t=662 MOVE guard x2 -> (73,120)
[15:36:47] {"kind": "action", "what": "attack_move", "name": null, "qty": null, "ts": "15:36:47"}
[15:36:50] t=666 jev INF E2 (conf 0.14)
[15:36:50] {"kind": "action", "what": "produce", "name": "E2", "qty": 1, "ts": "15:36:50"}
[15:36:55] t=674 RETREAT HTNK(39%)
[15:36:55] {"kind": "action", "what": "move", "name": null, "qty": null, "ts": "15:36:55"}
[15:36:58] t=676 jev INF DOG (conf 0.14)
[15:36:58] {"kind": "action", "what": "produce", "name": "DOG", "qty": 1, "ts": "15:36:58"}
[15:36:58] t=676 MOVE assault x5 -> (70,117)
[15:36:58] {"kind": "action", "what": "attack_move", "name": null, "qty": null, "ts": "15:36:58"}
[15:37:02] t=682 jev INF E2 HOLD (预算保护 gate=False e2=4)
[15:37:04] t=684 jev INF E2 HOLD (预算保护 gate=False e2=4)
[15:37:05] t=686 jev INF E2 HOLD (预算保护 gate=False e2=4)
[15:37:06] t=688 SCOUT dog #1079->[12, 30]; t=688 SCOUT dog #1423->[12, 12]
[15:37:06] {"kind": "action", "what": "attack_move", "name": null, "qty": null, "ts": "15:37:06"}
[15:37:06] {"kind": "action", "what": "attack_move", "name": null, "qty": null, "ts": "15:37:06"}
[15:37:07] t=688 jev INF E2 HOLD (预算保护 gate=False e2=4)
[15:37:08] t=690 jev INF E2 HOLD (预算保护 gate=False e2=4)
[15:37:10] t=692 jev INF E2 HOLD (预算保护 gate=False e2=4)
[15:37:11] t=694 jev INF E2 HOLD (预算保护 gate=False e2=4)
[15:37:11] t=694 MOVE assault x5 -> (70,117)
[15:37:11] {"kind": "action", "what": "attack_move", "name": null, "qty": null, "ts": "15:37:11"}
[15:37:16] t=700 jev VEH HTNK (conf 0.69)
[15:37:16] {"kind": "action", "what": "produce", "name": "HTNK", "qty": 1, "ts": "15:37:16"}
[15:37:17] t=702 tick#350 credits=394 stance=defend | jev 350 decisions p50=709ms
[15:37:19] t=704 MOVE guard x2 -> (73,120)
[15:37:19] {"kind": "action", "what": "attack_move", "name": null, "qty": null, "ts": "15:37:19"}
[15:37:23] t=710 MOVE assault x6 -> (70,117)
[15:37:23] {"kind": "action", "what": "attack_move", "name": null, "qty": null, "ts": "15:37:23"}
[15:37:35] t=726 MOVE assault x6 -> (70,117)
[15:37:35] {"kind": "action", "what": "attack_move", "name": null, "qty": null, "ts": "15:37:35"}
[15:37:41] t=734 MOVE reserve x2 -> (70,125)
[15:37:41] {"kind": "action", "what": "attack_move", "name": null, "qty": null, "ts": "15:37:41"}
[15:37:47] t=742 MOVE assault x6 -> (70,117)
[15:37:47] {"kind": "action", "what": "attack_move", "name": null, "qty": null, "ts": "15:37:47"}
[15:37:49] t=744 MOVE guard x2 -> (73,120)
[15:37:49] {"kind": "action", "what": "attack_move", "name": null, "qty": null, "ts": "15:37:49"}
[15:37:51] t=748 SCOUT dog #1079->[188, 120]; t=748 SCOUT dog #1423->[188, 138]
[15:37:51] {"kind": "action", "what": "attack_move", "name": null, "qty": null, "ts": "15:37:51"}
[15:37:51] {"kind": "action", "what": "attack_move", "name": null, "qty": null, "ts": "15:37:51"}
[15:37:55] t=752 tick#375 credits=0 stance=defend | jev 375 decisions p50=708ms
[15:38:01] t=760 MOVE assault x6 -> (70,117)
[15:38:01] {"kind": "action", "what": "attack_move", "name": null, "qty": null, "ts": "15:38:01"}
[15:38:13] t=776 MOVE assault x6 -> (70,117)
[15:38:13] {"kind": "action", "what": "attack_move", "name": null, "qty": null, "ts": "15:38:13"}
[15:38:20] t=778 MOVE guard x2 -> (73,120)
[15:38:20] {"kind": "action", "what": "attack_move", "name": null, "qty": null, "ts": "15:38:20"}
[15:38:27] t=787 MOVE assault x6 -> (70,117)
[15:38:27] {"kind": "action", "what": "attack_move", "name": null, "qty": null, "ts": "15:38:27"}
[15:39:11] t=796 MOVE assault x6 -> (70,117); guard x2 -> (73,120); reserve x2 -> (70,125)
[15:39:11] {"kind": "action", "what": "attack_move", "name": null, "qty": null, "ts": "15:39:11"}
[15:39:11] {"kind": "action", "what": "attack_move", "name": null, "qty": null, "ts": "15:39:11"}
[15:39:11] {"kind": "action", "what": "attack_move", "name": null, "qty": null, "ts": "15:39:11"}
[15:39:11] t=855 TANK HTNK x2
[15:39:11] t=855 ESCORT 坦克#1575 -> 护航矿车@[100, 101]
[15:39:11] {"kind": "action", "what": "produce", "name": "HTNK", "qty": 2, "ts": "15:39:11"}
[15:39:11] {"kind": "action", "what": "attack_move", "name": null, "qty": null, "ts": "15:39:11"}
[15:39:11] t=855 SCOUT dog* #1079->[114, 13]; t=855 SCOUT dog #1423->[188, 84]
[15:39:11] {"kind": "action", "what": "attack_move", "name": null, "qty": null, "ts": "15:39:11"}
[15:39:11] {"kind": "action", "what": "attack_move", "name": null, "qty": null, "ts": "15:39:11"}
[15:39:24] t=855 ATTACK (tanks=6)
[15:39:24] t=855 MOVE assault x7 -> (130,83)
[15:39:24] {"kind": "action", "what": "attack_move", "name": null, "qty": null, "ts": "15:39:24"}
[15:39:24] t=872 SCOUT #1326->[114, 13] (敌影)
[15:39:24] {"kind": "action", "what": "attack_move", "name": null, "qty": null, "ts": "15:39:24"}
[15:39:26] t=872 jev STANCE attack->defend (conf 0.46)
[15:39:26] t=872 ATTACK (tanks=6)
[15:39:29] t=875 jev STANCE attack->defend (conf 0.48)
[15:39:29] t=875 ATTACK (tanks=6)
[15:39:33] t=879 jev STANCE attack->defend (conf 0.47)
[15:39:33] t=879 ATTACK (tanks=6)
[15:39:43] t=885 MOVE assault x7 -> (130,83); guard x2 -> (73,120)
[15:39:43] {"kind": "action", "what": "attack_move", "name": null, "qty": null, "ts": "15:39:43"}
[15:39:43] {"kind": "action", "what": "attack_move", "name": null, "qty": null, "ts": "15:39:43"}
[15:39:43] t=897 ESCORT 坦克#1575 -> 护航矿车@[114, 106]
[15:39:43] {"kind": "action", "what": "attack_move", "name": null, "qty": null, "ts": "15:39:43"}
[15:39:55] t=897 MOVE assault x8 -> (119,91)
[15:39:55] {"kind": "action", "what": "attack_move", "name": null, "qty": null, "ts": "15:39:55"}
[15:39:56] t=914 RETREAT HTNK(17%)
[15:39:56] {"kind": "action", "what": "move", "name": null, "qty": null, "ts": "15:39:56"}
[15:39:57] t=914 MOVE assault x8 -> (117,88)
[15:39:57] {"kind": "action", "what": "attack_move", "name": null, "qty": null, "ts": "15:39:57"}
[15:39:57] t=916 ALARM 单位损失 -> 攻势保持（塔阵守家, 前线 15 个单位继续进攻）
[15:39:57] t=916 SCOUT dog #1079->[188, 156]; t=916 SCOUT dog #1423->[188, 66]
[15:39:57] {"kind": "action", "what": "attack_move", "name": null, "qty": null, "ts": "15:39:57"}
[15:39:57] {"kind": "action", "what": "attack_move", "name": null, "qty": null, "ts": "15:39:57"}
[15:40:03] t=916 jev INF E2 HOLD (预算保护 gate=False e2=4)
[15:40:56] t=925 jev STANCE attack->defend (conf 0.45)
[15:40:56] t=925 ATTACK (tanks=6)
[15:40:56] t=925 MOVE assault x7 -> (123,94); guard x2 -> (73,120); reserve x2 -> (70,125)
[15:40:56] {"kind": "action", "what": "attack_move", "name": null, "qty": null, "ts": "15:40:56"}
[15:40:56] {"kind": "action", "what": "attack_move", "name": null, "qty": null, "ts": "15:40:56"}
[15:40:56] {"kind": "action", "what": "attack_move", "name": null, "qty": null, "ts": "15:40:56"}
[15:40:56] t=995 ALARM 单位损失 -> 攻势保持（塔阵守家, 前线 9 个单位继续进攻）
[15:40:56] t=995 ESCORT 坦克#1814 -> 护航矿车@[117, 132]
[15:40:56] t=995 RETREAT HTNK(19%)
[15:40:56] {"kind": "action", "what": "attack_move", "name": null, "qty": null, "ts": "15:40:56"}
[15:40:56] {"kind": "action", "what": "move", "name": null, "qty": null, "ts": "15:40:56"}
[15:40:56] t=995 SCOUT dog #1079->[188, 174]; t=995 SCOUT dog #1423->[188, 48]
[15:40:56] {"kind": "action", "what": "attack_move", "name": null, "qty": null, "ts": "15:40:56"}
[15:40:56] {"kind": "action", "what": "attack_move", "name": null, "qty": null, "ts": "15:40:56"}
[15:41:01] t=995 jev VEH HTK (conf 0.32)
[15:41:01] t=995 jev STANCE attack->defend (conf 0.65)
[15:41:01] {"kind": "action", "what": "produce", "name": "HTK", "qty": 1, "ts": "15:41:01"}
[15:41:01] t=995 MOVE assault x3 -> (73,120)
[15:41:01] {"kind": "action", "what": "attack_move", "name": null, "qty": null, "ts": "15:41:01"}
[15:41:01] t=995 tick#400 credits=217 stance=defend | jev 400 decisions p50=710ms
[15:41:04] t=1002 jev INF E2 HOLD (预算保护 gate=False e2=2)
[15:41:13] t=1017 MOVE assault x3 -> (73,120)
[15:41:13] {"kind": "action", "what": "attack_move", "name": null, "qty": null, "ts": "15:41:13"}
[15:41:28] t=1029 MOVE assault x3 -> (73,120); guard x2 -> (73,120)
[15:41:28] {"kind": "action", "what": "attack_move", "name": null, "qty": null, "ts": "15:41:28"}
[15:41:28] {"kind": "action", "what": "attack_move", "name": null, "qty": null, "ts": "15:41:28"}
[15:41:29] t=1038 ESCORT 坦克#1814 -> 护航矿车@[111, 86]
[15:41:29] {"kind": "action", "what": "attack_move", "name": null, "qty": null, "ts": "15:41:29"}
[15:41:41] t=1053 MOVE assault x3 -> (73,120)
[15:41:41] {"kind": "action", "what": "attack_move", "name": null, "qty": null, "ts": "15:41:41"}
[15:41:41] t=1055 SCOUT dog #1079->[188, 30]; t=1055 SCOUT dog #1423->[188, 12]
[15:41:41] {"kind": "action", "what": "attack_move", "name": null, "qty": null, "ts": "15:41:41"}
[15:41:41] {"kind": "action", "what": "attack_move", "name": null, "qty": null, "ts": "15:41:41"}
[15:41:53] t=1058 MOVE assault x3 -> (73,120)
[15:41:53] {"kind": "action", "what": "attack_move", "name": null, "qty": null, "ts": "15:41:53"}
[15:41:55] t=1073 SCOUT #1326->[114, 13] (敌影)
[15:41:55] {"kind": "action", "what": "attack_move", "name": null, "qty": null, "ts": "15:41:55"}
[15:42:01] t=1077 MOVE guard x2 -> (73,120)
[15:42:01] {"kind": "action", "what": "attack_move", "name": null, "qty": null, "ts": "15:42:01"}
[15:42:08] t=1086 jev INF E2 HOLD (预算保护 gate=False e2=2)
[15:42:08] t=1086 MOVE assault x3 -> (73,120)
[15:42:08] {"kind": "action", "what": "attack_move", "name": null, "qty": null, "ts": "15:42:08"}
[15:42:09] t=1092 jev VEH HTNK (conf 0.22)
[15:42:09] {"kind": "action", "what": "produce", "name": "HTNK", "qty": 1, "ts": "15:42:09"}
[15:42:09] t=1092 MOVE assault x4 -> (70,117)
[15:42:09] {"kind": "action", "what": "attack_move", "name": null, "qty": null, "ts": "15:42:09"}
[15:42:10] t=1094 ALARM 敌军逼近 -> TURTLE (10 v 12, 守塔阵不打野战)
[15:42:10] {"kind": "action", "what": "attack_move", "name": null, "qty": null, "ts": "15:42:10"}
[15:42:10] t=1094 SCOUT* #1326->[185, 66]
[15:42:10] {"kind": "action", "what": "attack_move", "name": null, "qty": null, "ts": "15:42:10"}
[15:42:14] t=1096 jev INF SHK HOLD (预算保护 gate=False e2=2)
[15:42:18] t=1101 jev INF SHK (conf 0.12)
[15:42:18] {"kind": "action", "what": "produce", "name": "SHK", "qty": 1, "ts": "15:42:18"}
[15:42:22] t=1104 MOVE assault x4 -> (73,120)
[15:42:22] {"kind": "action", "what": "attack_move", "name": null, "qty": null, "ts": "15:42:22"}
[15:42:22] t=1104 tick#425 credits=947 stance=defend | jev 425 decisions p50=713ms
[15:42:22] t=1109 ALARM 苏联矿石精炼场被攻击 -> counter 10 vs 5 -> [74, 117]
[15:42:22] {"kind": "action", "what": "attack_move", "name": null, "qty": null, "ts": "15:42:22"}
[15:42:31] t=1121 ALARM 苏联矿石精炼场被攻击 -> counter 11 vs 1 -> [74, 117]
[15:42:31] {"kind": "action", "what": "attack_move", "name": null, "qty": null, "ts": "15:42:31"}
[15:42:31] t=1121 SCOUT dog #1079->[12, 120]; t=1121 SCOUT dog #1423->[12, 102]
[15:42:31] {"kind": "action", "what": "attack_move", "name": null, "qty": null, "ts": "15:42:31"}
[15:42:31] {"kind": "action", "what": "attack_move", "name": null, "qty": null, "ts": "15:42:31"}
[15:42:42] t=1121 jev INF SHK (conf 0.10)
[15:42:42] t=1121 MOVE assault x5 -> (82,117); guard x2 -> (73,120)
[15:42:42] {"kind": "action", "what": "attack_move", "name": null, "qty": null, "ts": "15:42:42"}
[15:42:42] {"kind": "action", "what": "attack_move", "name": null, "qty": null, "ts": "15:42:42"}
[15:42:42] t=1136 TANK HTNK x1
[15:42:42] t=1136 ESCORT 坦克#1814 -> 护航矿车@[101, 100]
[15:42:42] {"kind": "action", "what": "produce", "name": "HTNK", "qty": 1, "ts": "15:42:42"}
[15:42:42] {"kind": "action", "what": "attack_move", "name": null, "qty": null, "ts": "15:42:42"}
[15:42:45] t=1136 ATTACK (tanks=6)
[15:42:45] t=1136 MOVE assault x6 -> (130,83)
[15:42:45] {"kind": "action", "what": "attack_move", "name": null, "qty": null, "ts": "15:42:45"}
[15:42:49] t=1141 jev STANCE attack->defend (conf 0.77)
[15:42:49] t=1141 ATTACK (tanks=6)
[15:42:54] t=1146 jev STANCE attack->defend (conf 0.77)
[15:42:54] t=1146 ATTACK (tanks=6)
[15:42:56] t=1152 jev STANCE attack->defend (conf 0.76)
[15:42:56] t=1152 ATTACK (tanks=6)
[15:42:56] t=1155 SCOUT* #1326->[185, 117]
[15:42:56] {"kind": "action", "what": "attack_move", "name": null, "qty": null, "ts": "15:42:56"}
[15:42:58] t=1155 jev STANCE attack->defend (conf 0.78)
[15:42:58] t=1155 ATTACK (tanks=6)
[15:42:58] t=1155 MOVE assault x6 -> (130,83)
[15:42:58] {"kind": "action", "what": "attack_move", "name": null, "qty": null, "ts": "15:42:58"}
[15:43:04] t=1158 jev STANCE attack->defend (conf 0.75)
[15:43:04] t=1158 ATTACK (tanks=6)
[15:43:18] t=1166 jev INF E2 HOLD (预算保护 gate=False e2=2)
[15:43:18] t=1166 jev STANCE attack->defend (conf 0.59)
[15:43:18] t=1166 ATTACK (tanks=6)
[15:43:18] t=1166 MOVE assault x6 -> (121,88); guard x2 -> (73,120)
[15:43:18] {"kind": "action", "what": "attack_move", "name": null, "qty": null, "ts": "15:43:18"}
[15:43:18] {"kind": "action", "what": "attack_move", "name": null, "qty": null, "ts": "15:43:18"}
[15:43:19] t=1185 ESCORT 坦克#2121 -> 护航矿车@[120, 120]
[15:43:19] {"kind": "action", "what": "attack_move", "name": null, "qty": null, "ts": "15:43:19"}
[15:43:19] t=1185 ENEMY BASE spotted @[131, 80]
[15:43:32] t=1185 jev INF E2 HOLD (预算保护 gate=False e2=2)
[15:43:32] t=1185 jev VEH HTNK (conf 0.31)
[15:43:32] {"kind": "action", "what": "produce", "name": "HTNK", "qty": 1, "ts": "15:43:32"}
[15:43:32] t=1185 MOVE raid x2 -> (108,84); assault x5 -> (131,80)
[15:43:32] {"kind": "action", "what": "attack_move", "name": null, "qty": null, "ts": "15:43:32"}
[15:43:32] {"kind": "action", "what": "attack_move", "name": null, "qty": null, "ts": "15:43:32"}
[15:43:32] t=1203 ALARM 单位损失 -> 攻势保持（塔阵守家, 前线 11 个单位继续进攻）
[15:43:33] t=1203 jev INF E2 HOLD (预算保护 gate=False e2=1)
[15:43:33] t=1203 MOVE raid x2 -> (101,100)
[15:43:33] {"kind": "action", "what": "attack_move", "name": null, "qty": null, "ts": "15:43:33"}
[15:43:39] t=1205 jev INF E2 HOLD (预算保护 gate=False e2=1)
[15:43:39] t=1205 MOVE raid x2 -> (100,100)
[15:43:39] {"kind": "action", "what": "attack_move", "name": null, "qty": null, "ts": "15:43:39"}
[15:43:40] t=1212 jev INF E2 HOLD (预算保护 gate=False e2=1)
[15:43:40] t=1212 MOVE raid x2 -> (99,101)
[15:43:40] {"kind": "action", "what": "attack_move", "name": null, "qty": null, "ts": "15:43:40"}
[15:43:41] t=1214 jev INF SHK HOLD (预算保护 gate=False e2=1)
[15:43:43] t=1216 jev INF SHK HOLD (预算保护 gate=False e2=1)
[15:43:43] t=1216 MOVE raid x2 -> (98,102)
[15:43:43] {"kind": "action", "what": "attack_move", "name": null, "qty": null, "ts": "15:43:43"}
[15:44:35] t=1218 MOVE raid x2 -> (98,102); assault x3 -> (131,80); guard x2 -> (73,120)
[15:44:35] {"kind": "action", "what": "attack_move", "name": null, "qty": null, "ts": "15:44:35"}
[15:44:35] {"kind": "action", "what": "attack_move", "name": null, "qty": null, "ts": "15:44:35"}
[15:44:35] {"kind": "action", "what": "attack_move", "name": null, "qty": null, "ts": "15:44:35"}
[15:44:36] t=1288 ALARM 单位损失 -> 攻势保持（塔阵守家, 前线 11 个单位继续进攻）
[15:44:36] t=1288 ESCORT 坦克#1814 -> 护航矿车@[115, 135]
[15:44:36] {"kind": "action", "what": "attack_move", "name": null, "qty": null, "ts": "15:44:36"}
[15:44:36] t=1288 MOVE raid x2 -> (126,104)
[15:44:37] {"kind": "action", "what": "attack_move", "name": null, "qty": null, "ts": "15:44:37"}
[15:44:37] t=1290 ALARM 单位损失 -> 攻势保持（塔阵守家, 前线 11 个单位继续进攻）
[15:44:54] t=1295 MOVE raid x2 -> (126,103); assault x3 -> (131,80)
[15:44:54] {"kind": "action", "what": "attack_move", "name": null, "qty": null, "ts": "15:44:54"}
[15:44:54] {"kind": "action", "what": "attack_move", "name": null, "qty": null, "ts": "15:44:54"}
[15:44:55] t=1313 ALARM 单位损失 -> 攻势保持（塔阵守家, 前线 9 个单位继续进攻）
[15:44:55] t=1313 SCOUT #1358->[114, 13] (敌影)
[15:44:55] {"kind": "action", "what": "attack_move", "name": null, "qty": null, "ts": "15:44:55"}
[15:44:56] t=1313 jev INF E2 HOLD (预算保护 gate=False e2=0)
[15:44:56] t=1313 MOVE raid x2 -> (127,107)
[15:44:56] {"kind": "action", "what": "attack_move", "name": null, "qty": null, "ts": "15:44:56"}
[15:44:56] t=1315 ALARM 单位损失 -> 攻势保持（塔阵守家, 前线 7 个单位继续进攻）
[15:45:01] t=1315 jev INF SHK HOLD (预算保护 gate=False e2=0)
[15:45:01] t=1315 MOVE raid x2 -> (126,106)
[15:45:01] {"kind": "action", "what": "attack_move", "name": null, "qty": null, "ts": "15:45:01"}
[15:45:09] t=1322 MOVE raid x2 -> (126,105); assault x1 -> (131,80)
[15:45:09] {"kind": "action", "what": "attack_move", "name": null, "qty": null, "ts": "15:45:09"}
[15:45:09] {"kind": "action", "what": "attack_move", "name": null, "qty": null, "ts": "15:45:09"}
[15:45:11] t=1332 MOVE raid x2 -> (128,87)
[15:45:11] {"kind": "action", "what": "attack_move", "name": null, "qty": null, "ts": "15:45:11"}
[15:45:19] t=1335 MOVE raid x2 -> (126,90)
[15:45:19] {"kind": "action", "what": "attack_move", "name": null, "qty": null, "ts": "15:45:19"}
[15:45:19] t=1335 tick#450 credits=0 stance=attack | jev 450 decisions p50=718ms
[15:45:24] t=1346 MOVE raid x2 -> (123,93); assault x1 -> (131,80)
[15:45:24] {"kind": "action", "what": "attack_move", "name": null, "qty": null, "ts": "15:45:24"}
[15:45:24] {"kind": "action", "what": "attack_move", "name": null, "qty": null, "ts": "15:45:24"}
[15:45:24] t=1352 RETREAT HTNK(10%)
[15:45:24] {"kind": "action", "what": "move", "name": null, "qty": null, "ts": "15:45:24"}
[15:45:27] t=1352 MOVE raid x2 -> (123,101)
[15:45:27] {"kind": "action", "what": "attack_move", "name": null, "qty": null, "ts": "15:45:27"}
[15:45:35] t=1357 MOVE raid x2 -> (125,104)
[15:45:35] {"kind": "action", "what": "attack_move", "name": null, "qty": null, "ts": "15:45:35"}
[15:45:36] t=1368 ALARM 单位损失 -> 攻势保持（塔阵守家, 前线 6 个单位继续进攻）
[15:45:37] t=1368 MOVE raid x2 -> (128,105)
[15:45:37] {"kind": "action", "what": "attack_move", "name": null, "qty": null, "ts": "15:45:37"}
[15:45:40] t=1373 MOVE raid x2 -> (128,104)
[15:45:40] {"kind": "action", "what": "attack_move", "name": null, "qty": null, "ts": "15:45:40"}
[15:45:48] t=1375 jev STANCE attack->defend (conf 0.48)
[15:45:48] t=1375 MOVE raid x2 -> (128,103)
[15:45:48] {"kind": "action", "what": "attack_move", "name": null, "qty": null, "ts": "15:45:48"}
[15:45:48] t=1384 RETREAT HTNK(32%)
[15:45:48] {"kind": "action", "what": "move", "name": null, "qty": null, "ts": "15:45:48"}
[15:46:02] t=1384 MOVE raid x2 -> (131,80)
[15:46:02] {"kind": "action", "what": "attack_move", "name": null, "qty": null, "ts": "15:46:02"}
[15:46:29] t=1439 ALARM 单位损失 -> TURTLE (5 v 14, 守塔阵不打野战)
[15:46:29] {"kind": "action", "what": "attack_move", "name": null, "qty": null, "ts": "15:46:29"}
[15:47:19] t=1439 jev VEH HTNK (conf 0.15)
[15:47:19] {"kind": "action", "what": "produce", "name": "HTNK", "qty": 1, "ts": "15:47:19"}
[15:47:19] t=1439 MOVE assault x1 -> (134,79)
[15:47:19] {"kind": "action", "what": "attack_move", "name": null, "qty": null, "ts": "15:47:19"}
[15:48:07] t=1508 MOVE assault x1 -> (134,79)
[15:48:07] {"kind": "action", "what": "attack_move", "name": null, "qty": null, "ts": "15:48:07"}
[15:48:37] t=1570 MOVE assault x1 -> (134,79)
[15:48:37] {"kind": "action", "what": "attack_move", "name": null, "qty": null, "ts": "15:48:37"}
[15:48:38] t=1610 ALARM 单位损失 -> TURTLE (4 v 14, 守塔阵不打野战)
[15:48:38] {"kind": "action", "what": "attack_move", "name": null, "qty": null, "ts": "15:48:38"}
[15:49:07] t=1645 tick#475 credits=0 stance=defend | jev 475 decisions p50=723ms
[15:49:14] t=1656 jev VEH HTNK (conf 0.24)
[15:49:14] {"kind": "action", "what": "produce", "name": "HTNK", "qty": 1, "ts": "15:49:14"}
[15:49:14] t=1656 MOVE assault x1 -> (134,79)
[15:49:14] {"kind": "action", "what": "attack_move", "name": null, "qty": null, "ts": "15:49:14"}
[15:50:01] t=1659 MOVE assault x1 -> (134,79)
[15:50:01] {"kind": "action", "what": "attack_move", "name": null, "qty": null, "ts": "15:50:01"}
[15:50:01] t=1722 RETREAT HTNK(14%)
[15:50:01] t=1722 RETREAT HTNK(28%)
[15:50:01] {"kind": "action", "what": "move", "name": null, "qty": null, "ts": "15:50:01"}
[15:50:01] {"kind": "action", "what": "move", "name": null, "qty": null, "ts": "15:50:01"}
[15:50:06] t=1728 ALARM 单位损失 -> TURTLE (4 v 14, 守塔阵不打野战)
[15:50:06] {"kind": "action", "what": "attack_move", "name": null, "qty": null, "ts": "15:50:06"}
[15:52:05] t=1886 tick#500 credits=0 stance=defend | jev 500 decisions p50=728ms
[15:53:13] t=1977 jev VEH HTNK (conf 0.34)
[15:53:13] {"kind": "action", "what": "produce", "name": "HTNK", "qty": 1, "ts": "15:53:13"}
[15:53:13] t=1977 MOVE assault x1 -> (134,79)
[15:53:13] {"kind": "action", "what": "attack_move", "name": null, "qty": null, "ts": "15:53:13"}
[15:53:25] t=1992 MOVE assault x1 -> (134,79)
[15:53:26] {"kind": "action", "what": "attack_move", "name": null, "qty": null, "ts": "15:53:26"}
[15:53:38] t=2010 MOVE assault x1 -> (134,79)
[15:53:38] {"kind": "action", "what": "attack_move", "name": null, "qty": null, "ts": "15:53:38"}
[15:53:47] t=2023 RETREAT HTNK(14%)
[15:53:47] {"kind": "action", "what": "move", "name": null, "qty": null, "ts": "15:53:47"}
[15:53:50] t=2023 MOVE assault x1 -> (134,79)
[15:53:50] {"kind": "action", "what": "attack_move", "name": null, "qty": null, "ts": "15:53:50"}
[15:53:54] t=2030 tick#525 credits=0 stance=defend | jev 525 decisions p50=737ms
[15:53:59] t=2037 jev INF SHK HOLD (预算保护 gate=False e2=0)
[15:54:04] t=2043 MOVE assault x1 -> (134,79)
[15:54:04] {"kind": "action", "what": "attack_move", "name": null, "qty": null, "ts": "15:54:04"}
[15:54:17] t=2054 MOVE assault x1 -> (134,79)
[15:54:17] {"kind": "action", "what": "attack_move", "name": null, "qty": null, "ts": "15:54:17"}
[15:54:17] t=2063 RETREAT HTNK(1%)
[15:54:17] {"kind": "action", "what": "move", "name": null, "qty": null, "ts": "15:54:17"}
[15:54:20] t=2067 ALARM 单位损失 -> TURTLE (4 v 13, 守塔阵不打野战)
[15:54:20] {"kind": "action", "what": "attack_move", "name": null, "qty": null, "ts": "15:54:20"}
[15:54:47] t=2101 jev INF SHK HOLD (预算保护 gate=False e2=0)
[15:54:59] t=2107 tick#550 credits=0 stance=defend | jev 550 decisions p50=744ms
[15:57:09] t=2288 jev VEH HTNK (conf 0.25)
[15:57:09] {"kind": "action", "what": "produce", "name": "HTNK", "qty": 1, "ts": "15:57:09"}
[15:57:09] t=2288 MOVE assault x1 -> (134,79)
[15:57:09] {"kind": "action", "what": "attack_move", "name": null, "qty": null, "ts": "15:57:09"}
[15:57:29] t=2300 MOVE assault x1 -> (134,79)
[15:57:29] {"kind": "action", "what": "attack_move", "name": null, "qty": null, "ts": "15:57:29"}
[15:58:03] t=2319 MOVE assault x1 -> (134,79)
[15:58:03] {"kind": "action", "what": "attack_move", "name": null, "qty": null, "ts": "15:58:03"}
[15:58:03] t=2364 ALARM 单位损失 -> TURTLE (4 v 13, 守塔阵不打野战)
[15:58:03] {"kind": "action", "what": "attack_move", "name": null, "qty": null, "ts": "15:58:03"}
[15:58:03] t=2364 RETREAT HTNK(14%)
[15:58:03] {"kind": "action", "what": "move", "name": null, "qty": null, "ts": "15:58:03"}
[15:58:30] {"kind": "action", "what": "produce", "name": "NAWEAP", "qty": 1, "ts": "15:58:30"}
[15:58:30] t=2401 OPENING BUILD NAWEAP
[16:00:50] t=2586 jev VEH HTNK (conf 0.28)
[16:00:50] {"kind": "action", "what": "produce", "name": "HTNK", "qty": 1, "ts": "16:00:50"}
[16:00:50] t=2586 MOVE assault x1 -> (134,79)
[16:00:50] {"kind": "action", "what": "attack_move", "name": null, "qty": null, "ts": "16:00:50"}
[16:01:05] t=2588 MOVE assault x1 -> (134,79)
[16:01:05] {"kind": "action", "what": "attack_move", "name": null, "qty": null, "ts": "16:01:05"}
[16:01:05] t=2588 tick#575 credits=0 stance=defend | jev 575 decisions p50=862ms
[16:01:22] t=2619 MOVE assault x1 -> (134,79)
[16:01:22] {"kind": "action", "what": "attack_move", "name": null, "qty": null, "ts": "16:01:22"}
[16:02:05] t=2629 MOVE assault x1 -> (134,79)
[16:02:05] {"kind": "action", "what": "attack_move", "name": null, "qty": null, "ts": "16:02:05"}
[16:02:05] t=2687 RETREAT HTNK(14%)
[16:02:05] {"kind": "action", "what": "move", "name": null, "qty": null, "ts": "16:02:05"}
[16:02:13] t=2698 RETREAT HTNK(13%)
[16:02:13] {"kind": "action", "what": "move", "name": null, "qty": null, "ts": "16:02:13"}
[16:02:17] t=2702 MOVE assault x1 -> (134,79)
[16:02:17] {"kind": "action", "what": "attack_move", "name": null, "qty": null, "ts": "16:02:17"}
[16:02:18] t=2704 ALARM 单位损失 -> TURTLE (4 v 12, 守塔阵不打野战)
[16:02:18] {"kind": "action", "what": "attack_move", "name": null, "qty": null, "ts": "16:02:18"}
[16:02:54] t=2749 tick#600 credits=0 stance=defend | jev 600 decisions p50=953ms
[16:03:07] t=2767 jev INF SHK HOLD (预算保护 gate=False e2=0)
[16:04:32] t=2879 tick#625 credits=0 stance=defend | jev 625 decisions p50=1466ms
[16:06:19] t=3025 RETREAT HTNK(14%)
[16:06:19] {"kind": "action", "what": "move", "name": null, "qty": null, "ts": "16:06:19"}
[16:07:18] t=3099 jev VEH HTNK (conf 0.22)
[16:07:18] {"kind": "action", "what": "produce", "name": "HTNK", "qty": 1, "ts": "16:07:18"}
[16:07:18] t=3099 MOVE assault x1 -> (134,79)
[16:07:18] {"kind": "action", "what": "attack_move", "name": null, "qty": null, "ts": "16:07:18"}
[16:07:32] t=3119 MOVE assault x1 -> (134,79)
[16:07:32] {"kind": "action", "what": "attack_move", "name": null, "qty": null, "ts": "16:07:32"}
[16:07:32] t=3119 tick#650 credits=0 stance=defend | jev 650 decisions p50=1711ms
[16:08:22] t=3126 MOVE assault x1 -> (134,79)
[16:08:22] {"kind": "action", "what": "attack_move", "name": null, "qty": null, "ts": "16:08:22"}
[16:08:22] t=3190 ALARM 单位损失 -> TURTLE (4 v 12, 守塔阵不打野战)
[16:08:22] {"kind": "action", "what": "attack_move", "name": null, "qty": null, "ts": "16:08:22"}
[16:10:04] t=3326 RETREAT HTNK(14%)
[16:10:04] {"kind": "action", "what": "move", "name": null, "qty": null, "ts": "16:10:04"}
[16:10:05] t=3326 tick#675 credits=0 stance=defend | jev 675 decisions p50=1880ms
[16:11:36] t=3437 jev INF SHK HOLD (预算保护 gate=False e2=0)
[16:13:40] t=3611 jev VEH HTNK (conf 0.27)
[16:13:40] {"kind": "action", "what": "produce", "name": "HTNK", "qty": 1, "ts": "16:13:40"}
[16:13:40] t=3611 MOVE assault x1 -> (134,79)
[16:13:40] {"kind": "action", "what": "attack_move", "name": null, "qty": null, "ts": "16:13:40"}
[16:13:41] t=3614 jev INF SHK HOLD (预算保护 gate=False e2=0)
[16:13:41] t=3614 tick#700 credits=58 stance=defend | jev 700 decisions p50=1880ms
[16:13:51] t=3628 RETREAT HTNK(14%)
[16:13:51] {"kind": "action", "what": "move", "name": null, "qty": null, "ts": "16:13:51"}
[16:13:52] t=3628 MOVE assault x1 -> (134,79)
[16:13:52] {"kind": "action", "what": "attack_move", "name": null, "qty": null, "ts": "16:13:52"}
[16:14:37] t=3630 MOVE assault x1 -> (134,79)
[16:14:37] {"kind": "action", "what": "attack_move", "name": null, "qty": null, "ts": "16:14:37"}
[16:14:37] t=3689 RETREAT HTNK(10%)
[16:14:37] {"kind": "action", "what": "move", "name": null, "qty": null, "ts": "16:14:37"}
[16:14:41] t=3695 ALARM 单位损失 -> TURTLE (4 v 14, 守塔阵不打野战)
[16:14:41] {"kind": "action", "what": "attack_move", "name": null, "qty": null, "ts": "16:14:41"}
