Exception in thread Thread-1 (_readerthread):
Traceback (most recent call last):
  File "C:\Users\15652\AppData\Roaming\uv\python\cpython-3.12.10-windows-x86_64-none\Lib\threading.py", line 1075, in _bootstrap_inner
    self.run()
  File "C:\Users\15652\AppData\Roaming\uv\python\cpython-3.12.10-windows-x86_64-none\Lib\threading.py", line 1012, in run
    self._target(*self._args, **self._kwargs)
  File "C:\Users\15652\AppData\Roaming\uv\python\cpython-3.12.10-windows-x86_64-none\Lib\subprocess.py", line 1599, in _readerthread
    buffer.append(fh.read())
                  ^^^^^^^^^
  File "<frozen codecs>", line 322, in decode
UnicodeDecodeError: 'utf-8' codec can't decode byte 0xd0 in position 0: invalid continuation byte
[20:06:01] 进局中(全自动)...
[20:08:00] {"kind": "start", "policy": "ra2web-jev-player/1.0", "maxDecisions": 1200, "micro": {"events": [{"kind": "micro", "t": 2, "what": "start"}], "loopN": 1, "on": true, "outcome": null, "stall": false}, "ts": "20:08:00"}
[20:08:00] === ra2web-jev-player start (tick=1.5s, max_decisions=1200) ===
[20:08:00] t=3 DEPLOY mcv
[20:08:00] {"kind": "action", "what": "deploy", "ids": [1042], "ts": "20:08:00"}
[20:08:00] {"kind": "action", "what": "deploy", "name": null, "qty": null, "tid": null, "ts": "20:08:00"}
[20:08:01] t=5 POWER plant (reserve 0)
[20:08:01] {"kind": "action", "what": "produce", "name": "NAPOWR", "qty": 1, "tid": null, "ts": "20:08:01"}
[20:08:02] t=5 jev STANCE defend->develop (conf 0.51)
[20:08:19] {"kind": "action", "what": "produce", "name": "NAREFN", "qty": 1, "tid": null, "ts": "20:08:19"}
[20:08:19] t=29 OPENING BUILD NAREFN
[20:08:36] t=51 tick#25 credits=8871 stance=develop | jev 25 decisions p50=711ms
[20:09:14] t=101 tick#50 credits=7660 stance=develop | jev 50 decisions p50=712ms
[20:09:27] {"kind": "action", "what": "produce", "name": "NAHAND", "qty": 1, "tid": null, "ts": "20:09:27"}
[20:09:27] t=119 OPENING BUILD NAHAND
[20:09:46] t=145 DEFLINE NALASR (have 0)
[20:09:46] {"kind": "action", "what": "produce", "name": "NALASR", "qty": 1, "tid": null, "ts": "20:09:46"}
[20:09:46] {"kind": "action", "what": "produce", "name": "NAWEAP", "qty": 1, "tid": null, "ts": "20:09:46"}
[20:09:46] t=145 OPENING BUILD NAWEAP
[20:09:51] t=151 tick#75 credits=6591 stance=develop | jev 75 decisions p50=712ms
[20:10:04] t=169 DEFLINE NALASR (have 1)
[20:10:06] t=171 DEFLINE NALASR (have 1)
[20:10:08] t=173 DEFLINE NALASR (have 1)
[20:10:09] t=175 DEFLINE NALASR (have 1)
[20:10:11] t=178 DEFLINE NALASR (have 1)
[20:10:11] {"kind": "action", "what": "produce", "name": "NALASR", "qty": 1, "tid": null, "ts": "20:10:11"}
[20:10:14] t=180 jev INF E2 (conf 0.32)
[20:10:14] {"kind": "action", "what": "produce", "name": "E2", "qty": 1, "tid": null, "ts": "20:10:14"}
[20:10:18] t=186 jev INF E2 (conf 0.34)
[20:10:18] t=186 MOVE hold_a x1 -> (78,105)
[20:10:18] {"kind": "action", "what": "attack_move", "name": null, "qty": null, "tid": null, "ts": "20:10:18"}
[20:10:21] t=190 jev INF E2 (conf 0.34)
[20:10:23] t=192 jev INF E2 (conf 0.38)
[20:10:23] t=194 ALARM enemy approaching -> counter 1 vs 1 -> [72, 111]
[20:10:23] {"kind": "action", "what": "attack_move", "name": null, "qty": null, "tid": null, "ts": "20:10:23"}
[20:10:24] t=194 jev INF E2 (conf 0.69)
[20:10:26] t=196 jev INF E2 (conf 0.78)
[20:10:27] t=198 jev INF E2 (conf 0.73)
[20:10:29] t=200 jev INF E2 (conf 0.54)
[20:10:30] t=202 jev INF E2 (conf 0.50)
[20:10:30] t=202 tick#100 credits=4422 stance=defend | jev 100 decisions p50=713ms
[20:10:32] t=204 jev INF E2 (conf 0.55)
[20:10:32] t=204 MOVE hold_a x1 -> (56,113)
[20:10:32] {"kind": "action", "what": "attack_move", "name": null, "qty": null, "tid": null, "ts": "20:10:32"}
[20:10:33] t=206 jev INF E2 (conf 0.59)
[20:10:35] t=208 jev INF E2 (conf 0.58)
[20:10:36] t=210 jev INF E2 (conf 0.50)
[20:10:38] t=212 jev INF E2 (conf 0.48)
[20:10:39] t=214 jev INF E2 (conf 0.52)
[20:10:39] {"kind": "action", "what": "produce", "name": "E2", "qty": 1, "tid": null, "ts": "20:10:39"}
[20:10:44] t=220 jev INF E2 (conf 0.55)
[20:10:44] t=220 MOVE hold_b x1 -> (78,105)
[20:10:44] {"kind": "action", "what": "attack_move", "name": null, "qty": null, "tid": null, "ts": "20:10:44"}
[20:10:45] t=222 jev INF E2 (conf 0.57)
[20:10:47] t=224 jev INF E2 (conf 0.50)
[20:10:48] t=226 jev INF E2 (conf 0.54)
[20:10:50] t=228 jev INF E2 (conf 0.49)
[20:10:51] t=230 jev INF E2 (conf 0.58)
[20:10:53] t=232 jev INF E2 (conf 0.56)
[20:10:53] t=234 ECON harv#2
[20:10:53] t=234 TANK HTNK x3
[20:10:53] {"kind": "action", "what": "produce", "name": "HARV", "qty": 1, "tid": null, "ts": "20:10:53"}
[20:10:53] {"kind": "action", "what": "produce", "name": "HTNK", "qty": 3, "tid": null, "ts": "20:10:53"}
[20:10:54] t=234 jev BUILD NAREFN (conf 0.33)
[20:10:54] t=234 jev INF E2 (conf 0.47)
[20:10:54] {"kind": "action", "what": "produce", "name": "NAREFN", "qty": 1, "tid": null, "ts": "20:10:54"}
[20:10:55] t=236 INSURE AA building
[20:10:55] {"kind": "action", "what": "produce", "name": "NAFLAK", "qty": 1, "tid": null, "ts": "20:10:55"}
[20:10:56] t=236 jev INF E2 (conf 0.55)
[20:10:57] t=238 jev INF E2 (conf 0.50)
[20:10:59] t=240 jev INF E2 (conf 0.62)
[20:11:00] t=242 jev INF E2 (conf 0.49)
[20:11:02] t=244 jev INF E2 (conf 0.62)
[20:11:03] t=246 jev INF E2 (conf 0.60)
[20:11:05] t=248 jev INF E2 (conf 0.55)
[20:11:05] {"kind": "action", "what": "produce", "name": "E2", "qty": 1, "tid": null, "ts": "20:11:05"}
[20:11:08] t=252 tick#125 credits=3526 stance=defend | jev 125 decisions p50=712ms
[20:11:09] t=254 jev INF E2 (conf 0.55)
[20:11:11] t=256 jev INF E2 (conf 0.59)
[20:11:12] t=258 jev INF E2 (conf 0.52)
[20:11:14] t=260 jev INF E2 (conf 0.52)
[20:11:15] t=262 jev INF E2 (conf 0.51)
[20:11:17] t=264 jev INF E2 (conf 0.52)
[20:11:18] t=266 jev INF E2 (conf 0.56)
[20:11:20] t=268 jev INF E2 (conf 0.54)
[20:11:22] t=270 jev INF E2 (conf 0.51)
[20:11:23] t=273 jev INF E2 (conf 0.51)
[20:11:25] t=275 jev INF E2 (conf 0.57)
[20:11:26] t=277 jev INF E2 (conf 0.55)
[20:11:28] t=279 jev INF E2 (conf 0.49)
[20:11:29] t=281 jev INF E2 (conf 0.53)
[20:11:31] t=283 jev INF E2 (conf 0.56)
[20:11:31] {"kind": "action", "what": "produce", "name": "E2", "qty": 1, "tid": null, "ts": "20:11:31"}
[20:11:32] t=285 MOVE hold_a x2 -> (56,113)
[20:11:32] {"kind": "action", "what": "attack_move", "name": null, "qty": null, "tid": null, "ts": "20:11:32"}
[20:11:35] t=289 jev INF E2 (conf 0.50)
[20:11:37] t=291 jev INF E2 (conf 0.45)
[20:11:38] t=293 jev INF E2 HOLD (预算保护 gate=False e2=4)
[20:11:40] t=295 jev INF E2 HOLD (预算保护 gate=False e2=4)
[20:11:41] t=297 jev INF E2 HOLD (预算保护 gate=False e2=4)
[20:11:43] t=299 jev INF E2 HOLD (预算保护 gate=False e2=4)
[20:11:44] t=301 jev INF E2 HOLD (预算保护 gate=False e2=4)
[20:11:44] t=301 MOVE hold_b x2 -> (78,105)
[20:11:44] {"kind": "action", "what": "attack_move", "name": null, "qty": null, "tid": null, "ts": "20:11:44"}
[20:11:46] t=303 jev INF E2 HOLD (预算保护 gate=False e2=4)
[20:11:46] t=303 tick#150 credits=351 stance=defend | jev 150 decisions p50=714ms
[20:11:47] t=305 jev INF E2 HOLD (预算保护 gate=False e2=4)
[20:11:52] t=311 jev INF E2 HOLD (预算保护 gate=False e2=4)
[20:11:53] t=313 jev INF E2 HOLD (预算保护 gate=False e2=4)
[20:12:02] t=325 jev INF E2 HOLD (预算保护 gate=False e2=4)
[20:12:10] t=335 jev INF E2 HOLD (预算保护 gate=False e2=4)
[20:12:14] t=341 jev INF E2 (conf 0.42)
[20:12:14] {"kind": "action", "what": "produce", "name": "E2", "qty": 1, "tid": null, "ts": "20:12:14"}
[20:12:15] t=343 ALARM enemy approaching -> counter 4 vs 2 -> [83, 105]
[20:12:15] {"kind": "action", "what": "attack_move", "name": null, "qty": null, "tid": null, "ts": "20:12:15"}
[20:12:18] t=347 RETREAT E2(19%)
[20:12:18] {"kind": "action", "what": "move", "name": null, "qty": null, "tid": null, "ts": "20:12:18"}
[20:12:19] t=347 jev INF E2 HOLD (预算保护 gate=False e2=5)
[20:12:20] t=349 jev INF E2 HOLD (预算保护 gate=False e2=4)
[20:12:21] t=351 RETREAT E2(12%)
[20:12:21] {"kind": "action", "what": "move", "name": null, "qty": null, "tid": null, "ts": "20:12:21"}
[20:12:22] t=351 jev BUILD NAPOWR HOLD (资金闸门: 坦克优先, cash=587)
[20:12:22] t=351 jev INF E2 HOLD (预算保护 gate=False e2=4)
[20:12:23] t=353 jev BUILD NAPOWR HOLD (资金闸门: 坦克优先, cash=562)
[20:12:23] t=353 jev INF E2 HOLD (预算保护 gate=False e2=3)
[20:12:23] t=353 MOVE hold_a x2 -> (78,105); hold_b x1 -> (78,128)
[20:12:24] {"kind": "action", "what": "attack_move", "name": null, "qty": null, "tid": null, "ts": "20:12:24"}
[20:12:24] {"kind": "action", "what": "attack_move", "name": null, "qty": null, "tid": null, "ts": "20:12:24"}
[20:12:24] t=353 tick#175 credits=562 stance=defend | jev 175 decisions p50=718ms
[20:12:24] t=355 ALARM enemy approaching -> TURTLE (3 v 5, 守塔阵不打野战)
[20:12:24] {"kind": "action", "what": "attack_move", "name": null, "qty": null, "tid": null, "ts": "20:12:24"}
[20:12:25] t=355 jev BUILD NAPOWR HOLD (资金闸门: 坦克优先, cash=537)
[20:12:25] t=355 jev INF E2 HOLD (预算保护 gate=False e2=3)
[20:12:26] t=357 jev BUILD NAPOWR HOLD (资金闸门: 坦克优先, cash=512)
[20:12:26] t=357 jev INF E2 HOLD (预算保护 gate=False e2=3)
[20:12:28] t=359 jev BUILD NAPOWR HOLD (资金闸门: 坦克优先, cash=487)
[20:12:28] t=359 jev INF E2 HOLD (预算保护 gate=False e2=3)
[20:12:29] t=361 jev BUILD NAPOWR HOLD (资金闸门: 坦克优先, cash=462)
[20:12:29] t=361 jev INF E2 HOLD (预算保护 gate=False e2=3)
[20:12:31] t=363 jev BUILD NAPOWR HOLD (资金闸门: 坦克优先, cash=437)
[20:12:31] t=363 jev INF E2 HOLD (预算保护 gate=False e2=3)
[20:12:32] t=365 jev BUILD NAPOWR HOLD (资金闸门: 坦克优先, cash=412)
[20:12:32] t=365 jev INF E2 HOLD (预算保护 gate=False e2=3)
[20:12:32] t=365 MOVE hold_a x2 -> (69,103); hold_b x1 -> (83,120)
[20:12:32] {"kind": "action", "what": "attack_move", "name": null, "qty": null, "tid": null, "ts": "20:12:32"}
[20:12:32] {"kind": "action", "what": "attack_move", "name": null, "qty": null, "tid": null, "ts": "20:12:32"}
[20:12:33] t=367 ALARM NAREFN under attack -> TURTLE (4 v 5, 守塔阵不打野战)
[20:12:33] {"kind": "action", "what": "attack_move", "name": null, "qty": null, "tid": null, "ts": "20:12:33"}
[20:12:33] t=367 SCOUT #1133->[173, 13]
[20:12:33] {"kind": "action", "what": "attack_move", "name": null, "qty": null, "tid": null, "ts": "20:12:33"}
[20:12:34] t=367 jev BUILD NAPOWR HOLD (资金闸门: 坦克优先, cash=387)
[20:12:34] t=367 jev INF E2 HOLD (预算保护 gate=False e2=3)
[20:12:35] t=369 SCOUT* #1133->[173, 13]
[20:12:35] {"kind": "action", "what": "attack_move", "name": null, "qty": null, "tid": null, "ts": "20:12:35"}
[20:12:35] t=369 jev BUILD NAPOWR HOLD (资金闸门: 坦克优先, cash=362)
[20:12:35] t=369 jev INF E2 HOLD (预算保护 gate=False e2=3)
[20:12:37] t=371 jev BUILD NAPOWR HOLD (资金闸门: 坦克优先, cash=337)
[20:12:37] t=371 jev INF E2 HOLD (预算保护 gate=False e2=3)
[20:12:38] t=373 jev BUILD NAPOWR HOLD (资金闸门: 坦克优先, cash=312)
[20:12:38] t=373 jev INF E2 HOLD (预算保护 gate=False e2=3)
[20:12:40] t=375 jev BUILD NAPOWR HOLD (资金闸门: 坦克优先, cash=285)
[20:12:40] t=375 jev INF E2 HOLD (预算保护 gate=False e2=3)
[20:12:41] t=377 jev BUILD NAPOWR HOLD (资金闸门: 坦克优先, cash=256)
[20:12:41] t=377 jev INF E2 HOLD (预算保护 gate=False e2=3)
[20:12:41] t=377 MOVE hold_a x2 -> (67,103); hold_b x1 -> (83,119)
[20:12:41] {"kind": "action", "what": "attack_move", "name": null, "qty": null, "tid": null, "ts": "20:12:41"}
[20:12:41] {"kind": "action", "what": "attack_move", "name": null, "qty": null, "tid": null, "ts": "20:12:41"}
[20:12:42] t=379 ALARM NAREFN under attack -> TURTLE (3 v 5, 守塔阵不打野战)
[20:12:42] {"kind": "action", "what": "attack_move", "name": null, "qty": null, "tid": null, "ts": "20:12:42"}
[20:12:43] t=379 jev BUILD NAPOWR HOLD (资金闸门: 坦克优先, cash=227)
[20:12:43] t=379 jev INF E2 HOLD (预算保护 gate=False e2=3)
[20:12:44] t=381 jev BUILD NAPOWR HOLD (资金闸门: 坦克优先, cash=198)
[20:12:44] t=381 jev INF E2 HOLD (预算保护 gate=False e2=3)
[20:12:46] t=383 jev BUILD NAPOWR HOLD (资金闸门: 坦克优先, cash=169)
[20:12:46] t=383 jev INF E2 HOLD (预算保护 gate=False e2=3)
[20:12:47] t=385 jev BUILD NAPOWR HOLD (资金闸门: 坦克优先, cash=140)
[20:12:47] t=385 jev INF E2 HOLD (预算保护 gate=False e2=3)
[20:12:49] t=387 jev BUILD NAPOWR HOLD (资金闸门: 坦克优先, cash=111)
[20:12:49] t=387 jev INF E2 HOLD (预算保护 gate=False e2=3)
[20:12:50] t=389 jev BUILD NAPOWR HOLD (资金闸门: 坦克优先, cash=82)
[20:12:50] t=389 jev INF E2 HOLD (预算保护 gate=False e2=3)
[20:12:51] t=391 ALARM NAREFN under attack -> TURTLE (3 v 5, 守塔阵不打野战)
[20:12:51] {"kind": "action", "what": "attack_move", "name": null, "qty": null, "tid": null, "ts": "20:12:51"}
[20:12:52] t=391 jev BUILD NAPOWR HOLD (资金闸门: 坦克优先, cash=53)
[20:12:52] t=391 jev INF E2 HOLD (预算保护 gate=False e2=3)
[20:12:53] t=393 jev BUILD NAPOWR HOLD (资金闸门: 坦克优先, cash=24)
[20:12:53] t=393 jev INF E2 HOLD (预算保护 gate=False e2=3)
[20:12:55] t=395 jev BUILD NAPOWR HOLD (资金闸门: 坦克优先, cash=0)
[20:12:55] t=395 jev INF E2 HOLD (预算保护 gate=False e2=3)
[20:12:56] t=397 jev BUILD NAPOWR HOLD (资金闸门: 坦克优先, cash=0)
[20:12:56] t=397 jev INF E2 HOLD (预算保护 gate=False e2=3)
[20:12:58] t=399 jev INF E2 HOLD (预算保护 gate=False e2=4)
[20:12:59] t=401 jev BUILD NAPOWR HOLD (资金闸门: 坦克优先, cash=0)
[20:12:59] t=401 jev INF E2 HOLD (预算保护 gate=False e2=4)
[20:12:59] t=401 MOVE hold_a x2 -> (69,103); hold_b x2 -> (83,121)
[20:12:59] {"kind": "action", "what": "attack_move", "name": null, "qty": null, "tid": null, "ts": "20:12:59"}
[20:13:00] {"kind": "action", "what": "attack_move", "name": null, "qty": null, "tid": null, "ts": "20:13:00"}
[20:13:00] t=403 ALARM NACNST under attack -> TURTLE (3 v 5, 守塔阵不打野战)
[20:13:00] {"kind": "action", "what": "attack_move", "name": null, "qty": null, "tid": null, "ts": "20:13:00"}
[20:13:01] t=403 jev INF E2 HOLD (预算保护 gate=False e2=3)
[20:13:01] t=403 tick#200 credits=0 stance=defend | jev 200 decisions p50=718ms
[20:13:02] t=405 jev INF E2 HOLD (预算保护 gate=False e2=3)
[20:13:03] t=407 POWER plant (reserve 15)
[20:13:03] {"kind": "action", "what": "produce", "name": "NAPOWR", "qty": 1, "tid": null, "ts": "20:13:03"}
[20:13:04] t=407 jev INF E2 (conf 0.75)
[20:13:04] {"kind": "action", "what": "produce", "name": "E2", "qty": 1, "tid": null, "ts": "20:13:04"}
[20:13:05] t=409 RETREAT HTNK(23%)
[20:13:05] {"kind": "action", "what": "move", "name": null, "qty": null, "tid": null, "ts": "20:13:05"}
[20:13:08] t=413 jev INF E2 HOLD (预算保护 gate=False e2=4)
[20:13:08] t=413 MOVE hold_a x2 -> (78,105); hold_b x2 -> (78,128)
[20:13:08] {"kind": "action", "what": "attack_move", "name": null, "qty": null, "tid": null, "ts": "20:13:08"}
[20:13:08] {"kind": "action", "what": "attack_move", "name": null, "qty": null, "tid": null, "ts": "20:13:08"}
[20:13:09] t=415 ALARM enemy approaching -> TURTLE (4 v 4, 守塔阵不打野战)
[20:13:09] {"kind": "action", "what": "attack_move", "name": null, "qty": null, "tid": null, "ts": "20:13:09"}
[20:13:10] t=415 jev INF E2 HOLD (预算保护 gate=False e2=4)
[20:13:11] t=417 jev INF E2 HOLD (预算保护 gate=False e2=4)
[20:13:13] t=419 jev INF E2 HOLD (预算保护 gate=False e2=4)
[20:13:14] t=421 jev INF E2 HOLD (预算保护 gate=False e2=4)
[20:13:16] t=423 jev INF E2 HOLD (预算保护 gate=False e2=4)
[20:13:17] t=425 jev INF E2 HOLD (预算保护 gate=False e2=4)
[20:13:18] t=427 ALARM NAREFN under attack -> TURTLE (4 v 4, 守塔阵不打野战)
[20:13:18] {"kind": "action", "what": "attack_move", "name": null, "qty": null, "tid": null, "ts": "20:13:18"}
[20:13:19] t=427 jev INF E2 HOLD (预算保护 gate=False e2=4)
[20:13:20] t=429 jev INF E2 HOLD (预算保护 gate=False e2=5)
[20:13:21] t=431 RETREAT E2(37%)
[20:13:21] {"kind": "action", "what": "move", "name": null, "qty": null, "tid": null, "ts": "20:13:21"}
[20:13:22] t=431 jev INF E2 HOLD (预算保护 gate=False e2=5)
[20:13:23] t=433 jev INF E2 HOLD (预算保护 gate=False e2=3)
[20:13:24] t=435 RETREAT E2(37%)
[20:13:24] {"kind": "action", "what": "move", "name": null, "qty": null, "tid": null, "ts": "20:13:24"}
[20:13:25] t=435 jev INF E2 HOLD (预算保护 gate=False e2=3)
[20:13:26] t=437 jev INF E2 HOLD (预算保护 gate=False e2=2)
[20:13:26] t=437 MOVE hold_a x1 -> (72,103); hold_b x1 -> (82,123)
[20:13:26] {"kind": "action", "what": "attack_move", "name": null, "qty": null, "tid": null, "ts": "20:13:26"}
[20:13:26] {"kind": "action", "what": "attack_move", "name": null, "qty": null, "tid": null, "ts": "20:13:26"}
[20:13:27] t=439 ALARM NAFLAK under attack -> TURTLE (2 v 4, 守塔阵不打野战)
[20:13:27] {"kind": "action", "what": "attack_move", "name": null, "qty": null, "tid": null, "ts": "20:13:27"}
[20:13:28] t=439 jev INF E2 HOLD (预算保护 gate=False e2=2)
[20:13:29] t=441 jev INF E2 HOLD (预算保护 gate=False e2=2)
[20:13:31] t=443 jev INF E2 HOLD (预算保护 gate=False e2=2)
[20:13:32] t=445 jev INF E2 HOLD (预算保护 gate=False e2=2)
[20:13:34] t=447 jev INF E2 HOLD (预算保护 gate=False e2=2)
[20:13:35] t=449 jev INF E2 HOLD (预算保护 gate=False e2=2)
[20:13:36] t=451 ALARM NAFLAK under attack -> counter 2 vs 2 -> [72, 116]
[20:13:36] {"kind": "action", "what": "attack_move", "name": null, "qty": null, "tid": null, "ts": "20:13:36"}
[20:13:37] t=451 jev INF E2 HOLD (预算保护 gate=False e2=2)
[20:13:38] t=453 jev INF E2 HOLD (预算保护 gate=False e2=2)
[20:13:38] t=453 tick#225 credits=0 stance=defend | jev 225 decisions p50=718ms
[20:13:40] t=455 jev INF E2 HOLD (预算保护 gate=False e2=2)
[20:13:41] t=457 jev INF E2 HOLD (预算保护 gate=False e2=2)
[20:13:43] t=459 jev INF E2 HOLD (预算保护 gate=False e2=2)
[20:13:44] t=461 jev INF E2 HOLD (预算保护 gate=False e2=2)
[20:13:45] t=463 ALARM NAFLAK under attack -> counter 2 vs 2 -> [72, 116]
[20:13:45] {"kind": "action", "what": "attack_move", "name": null, "qty": null, "tid": null, "ts": "20:13:45"}
[20:13:46] t=463 jev INF E2 HOLD (预算保护 gate=False e2=2)
[20:13:47] t=465 jev INF E2 HOLD (预算保护 gate=False e2=2)
[20:13:48] t=467 RETREAT E2(26%)
[20:13:48] {"kind": "action", "what": "move", "name": null, "qty": null, "tid": null, "ts": "20:13:48"}
[20:13:49] t=467 jev INF E2 HOLD (预算保护 gate=False e2=2)
[20:13:50] t=469 RETREAT E2(5%)
[20:13:50] {"kind": "action", "what": "move", "name": null, "qty": null, "tid": null, "ts": "20:13:50"}
[20:13:50] t=469 jev INF E2 HOLD (预算保护 gate=False e2=1)
[20:13:52] t=471 jev INF E2 HOLD (预算保护 gate=False e2=0)
[20:14:10] t=473 jev INF E2 HOLD (预算保护 gate=False e2=0)
[20:14:11] t=497 jev INF E2 HOLD (预算保护 gate=False e2=0)
[20:14:13] t=499 jev INF E2 HOLD (预算保护 gate=False e2=0)
[20:14:14] t=501 jev INF E2 HOLD (预算保护 gate=False e2=0)
[20:14:16] t=503 jev INF E2 HOLD (预算保护 gate=False e2=0)
[20:14:17] t=505 jev INF E2 HOLD (预算保护 gate=False e2=0)
[20:14:18] t=507 jev INF E2 HOLD (预算保护 gate=False e2=0)
[20:14:20] t=509 jev INF E2 HOLD (预算保护 gate=False e2=0)
[20:14:22] t=511 jev INF E2 HOLD (预算保护 gate=False e2=4)
[20:14:22] t=513 ALARM unit lost -> counter 4 vs 2 -> [0, 0]
[20:14:22] {"kind": "action", "what": "attack_move", "name": null, "qty": null, "tid": null, "ts": "20:14:22"}
[20:14:23] t=513 jev INF E2 HOLD (预算保护 gate=False e2=3)
[20:14:25] t=515 jev INF E2 HOLD (预算保护 gate=False e2=2)
[20:14:26] t=517 jev INF E2 HOLD (预算保护 gate=False e2=0)
[20:14:28] t=519 jev INF E2 HOLD (预算保护 gate=False e2=0)
[20:14:29] t=521 jev INF E2 HOLD (预算保护 gate=False e2=0)
[20:14:31] t=523 jev INF E2 HOLD (预算保护 gate=False e2=0)
[20:14:32] t=525 jev INF E2 HOLD (预算保护 gate=False e2=1)
[20:14:32] t=525 tick#250 credits=173 stance=defend | jev 250 decisions p50=718ms
[20:14:33] t=527 ALARM NAHAND under attack -> counter 1 vs 2 -> [68, 118]
[20:14:33] {"kind": "action", "what": "attack_move", "name": null, "qty": null, "tid": null, "ts": "20:14:33"}
[20:14:34] t=527 jev INF E2 HOLD (预算保护 gate=False e2=0)
[20:14:35] t=529 jev INF E2 HOLD (预算保护 gate=False e2=0)
[20:14:37] t=531 jev INF E2 HOLD (预算保护 gate=False e2=0)
[20:14:38] t=533 jev INF E2 HOLD (预算保护 gate=False e2=0)
[20:14:41] t=535 jev INF E2 HOLD (预算保护 gate=False e2=0)
[20:14:42] t=538 jev INF E2 HOLD (预算保护 gate=False e2=0)
[20:14:48] t=546 jev INF E2 HOLD (预算保护 gate=False e2=0)
[20:14:53] t=553 jev INF E2 HOLD (预算保护 gate=False e2=0)
[20:14:54] t=555 jev INF E2 HOLD (预算保护 gate=False e2=0)
[2026-09-30 20:15:05] {"kind": "report", "result": "defeat", "t": 570, "ticks": 270, "crisis_ticks": 100, "stance": "defend", "jev": {"decisions": 269, "errors": 0, "input_tokens": 677487, "output_tokens": 53507, "p50_ms": 720, "p95_ms": 917}, "enemy_base": null, "ts": "2026-09-30 20:15:05"}
[20:15:06] REVIEW game#53 defeat → game-0053-review.md | changes=0
{
  "result": "defeat",
  "t": 570,
  "ticks": 270,
  "crisis_ticks": 100,
  "stance": "defend",
  "jev": {
    "decisions": 269,
    "errors": 0,
    "input_tokens": 677487,
    "output_tokens": 53507,
    "p50_ms": 720,
    "p95_ms": 917
  },
  "enemy_base": null,
  "ts": "2026-09-30 20:15:05",
  "review": {
    "game_no": 53,
    "rootcause": "no_target",
    "auto_tuned": 0
  }
}
