[23:16:23] 进局中(全自动)...
[23:17:36] {"kind": "start", "policy": "ra2web-jev-player/1.0", "maxDecisions": 1200, "micro": {"events": [{"kind": "micro", "t": 0, "what": "start"}], "loopN": 1, "on": true, "outcome": null, "stall": false}, "ts": "23:17:36"}
[23:17:36] === ra2web-jev-player start (tick=1.5s, max_decisions=1200) ===
[23:17:36] t=1 DEPLOY mcv
[23:17:36] {"kind": "action", "what": "deploy", "ids": [1042], "ts": "23:17:36"}
[23:17:36] {"kind": "action", "what": "deploy", "name": null, "qty": null, "ts": "23:17:36"}
[23:17:38] t=3 POWER plant (reserve 0)
[23:17:38] {"kind": "action", "what": "produce", "name": "NAPOWR", "qty": 1, "ts": "23:17:38"}
[23:17:38] t=3 jev STANCE defend->develop (conf 0.94)
[23:17:56] {"kind": "action", "what": "produce", "name": "NAREFN", "qty": 1, "ts": "23:17:56"}
[23:17:56] t=27 OPENING BUILD NAREFN
[23:18:13] t=49 tick#25 credits=8869 stance=develop | jev 25 decisions p50=818ms
[23:18:50] t=99 tick#50 credits=7661 stance=develop | jev 50 decisions p50=815ms
[23:19:03] {"kind": "action", "what": "produce", "name": "NAHAND", "qty": 1, "ts": "23:19:03"}
[23:19:03] t=117 OPENING BUILD NAHAND
[23:19:21] t=140 DEFLINE NALASR (have 0)
[23:19:21] {"kind": "action", "what": "produce", "name": "NALASR", "qty": 1, "ts": "23:19:21"}
[23:19:21] {"kind": "action", "what": "produce", "name": "NAWEAP", "qty": 1, "ts": "23:19:21"}
[23:19:21] t=140 OPENING BUILD NAWEAP
[23:19:22] t=140 jev INF DOG (conf 0.31)
[23:19:22] {"kind": "action", "what": "produce", "name": "DOG", "qty": 1, "ts": "23:19:22"}
[23:19:28] t=150 SCOUT dog->mirror [66, 121]
[23:19:28] {"kind": "action", "what": "attack_move", "name": null, "qty": null, "ts": "23:19:28"}
[23:19:31] t=152 tick#75 credits=6081 stance=develop | jev 75 decisions p50=821ms
[23:19:40] t=166 DEFLINE NALASR (have 1)
[23:19:42] t=168 DEFLINE NALASR (have 1)
[23:19:43] t=170 DEFLINE NALASR (have 1)
[23:19:45] t=172 DEFLINE NALASR (have 1)
[23:19:46] t=174 DEFLINE NALASR (have 1)
[23:19:46] {"kind": "action", "what": "produce", "name": "NALASR", "qty": 1, "ts": "23:19:46"}
[23:20:09] t=203 tick#100 credits=4185 stance=develop | jev 100 decisions p50=824ms
[23:20:16] t=213 ENEMY BASE spotted @[75, 120]
[23:20:17] t=213 jev INF SHK (conf 0.16)
[23:20:18] {"kind": "action", "what": "produce", "name": "SHK", "qty": 1, "ts": "23:20:18"}
[23:20:30] t=232 ECON harv#2
[23:20:30] t=232 HARASS DRON x2 (have 0)
[23:20:30] t=232 INSURE AA building
[23:20:30] {"kind": "action", "what": "produce", "name": "HARV", "qty": 1, "ts": "23:20:30"}
[23:20:30] {"kind": "action", "what": "produce", "name": "DRON", "qty": 2, "ts": "23:20:30"}
[23:20:30] {"kind": "action", "what": "produce", "name": "NAFLAK", "qty": 1, "ts": "23:20:30"}
[23:20:32] t=232 jev BUILD NAREFN (conf 0.31)
[23:20:32] {"kind": "action", "what": "produce", "name": "NAREFN", "qty": 1, "ts": "23:20:32"}
[23:20:32] t=235 ALARM 敌军逼近 -> TURTLE (1 v 11, 守塔阵不打野战)
[23:20:32] {"kind": "action", "what": "attack_move", "name": null, "qty": null, "ts": "23:20:32"}
[23:20:33] t=235 jev INF E2 (conf 0.15)
[23:20:33] {"kind": "action", "what": "produce", "name": "E2", "qty": 1, "ts": "23:20:33"}
[23:20:37] t=241 jev INF E2 (conf 0.22)
[23:20:39] t=243 jev INF E2 (conf 0.19)
[23:20:40] t=245 jev INF E2 (conf 0.18)
[23:20:40] t=245 MOVE assault x2 -> (70,117)
[23:20:40] {"kind": "action", "what": "attack_move", "name": null, "qty": null, "ts": "23:20:40"}
[23:20:42] t=247 jev INF E2 (conf 0.18)
[23:20:42] t=249 ALARM 单位损失 -> TURTLE (1 v 12, 守塔阵不打野战)
[23:20:43] {"kind": "action", "what": "attack_move", "name": null, "qty": null, "ts": "23:20:43"}
[23:20:43] t=249 jev INF DOG (conf 0.19)
[23:20:43] {"kind": "action", "what": "produce", "name": "DOG", "qty": 1, "ts": "23:20:43"}
[23:20:48] t=255 tick#125 credits=3608 stance=defend | jev 125 decisions p50=824ms
[23:20:51] t=259 jev INF SHK (conf 0.16)
[23:20:51] {"kind": "action", "what": "produce", "name": "SHK", "qty": 1, "ts": "23:20:51"}
[23:20:52] t=261 MOVE assault x1 -> (70,117)
[23:20:52] {"kind": "action", "what": "attack_move", "name": null, "qty": null, "ts": "23:20:52"}
[23:21:04] t=277 MOVE assault x1 -> (70,117)
[23:21:05] {"kind": "action", "what": "attack_move", "name": null, "qty": null, "ts": "23:21:05"}
[23:21:06] t=279 jev INF SHK (conf 0.09)
[23:21:07] t=281 jev INF DOG (conf 0.08)
[23:21:09] t=283 jev INF SHK (conf 0.09)
[23:21:10] t=285 jev INF SHK (conf 0.10)
[23:21:12] t=287 jev INF E2 (conf 0.10)
[23:21:12] {"kind": "action", "what": "produce", "name": "E2", "qty": 1, "ts": "23:21:12"}
[23:21:17] t=293 jev INF E2 HOLD (预算保护 gate=False e2=2)
[23:21:17] t=293 MOVE assault x3 -> (70,117)
[23:21:17] {"kind": "action", "what": "attack_move", "name": null, "qty": null, "ts": "23:21:17"}
[23:21:18] t=295 jev INF E2 HOLD (预算保护 gate=False e2=2)
[23:21:19] t=297 jev INF E2 HOLD (预算保护 gate=False e2=2)
[23:21:21] t=299 jev INF E2 HOLD (预算保护 gate=False e2=2)
[23:21:23] t=301 jev INF E2 HOLD (预算保护 gate=False e2=2)
[23:21:24] t=303 jev INF E2 HOLD (预算保护 gate=False e2=2)
[23:21:25] t=305 SCOUT #1095->[14, 137] (敌影)
[23:21:25] {"kind": "action", "what": "attack_move", "name": null, "qty": null, "ts": "23:21:25"}
[23:21:26] t=305 tick#150 credits=36 stance=defend | jev 150 decisions p50=823ms
[23:21:30] t=311 MOVE assault x3 -> (70,117)
[23:21:30] {"kind": "action", "what": "attack_move", "name": null, "qty": null, "ts": "23:21:30"}
[23:21:31] t=313 jev INF DOG (conf 0.22)
[23:21:32] {"kind": "action", "what": "produce", "name": "DOG", "qty": 1, "ts": "23:21:32"}
[23:21:43] t=329 MOVE assault x3 -> (70,117)
[23:21:43] {"kind": "action", "what": "attack_move", "name": null, "qty": null, "ts": "23:21:43"}
[23:21:55] t=345 MOVE assault x3 -> (70,117)
[23:21:55] {"kind": "action", "what": "attack_move", "name": null, "qty": null, "ts": "23:21:55"}
[23:22:04] t=357 tick#175 credits=0 stance=defend | jev 175 decisions p50=825ms
[23:22:07] t=361 MOVE assault x3 -> (70,117)
[23:22:07] {"kind": "action", "what": "attack_move", "name": null, "qty": null, "ts": "23:22:07"}
[23:22:23] t=378 MOVE assault x3 -> (70,117)
[23:22:23] {"kind": "action", "what": "attack_move", "name": null, "qty": null, "ts": "23:22:23"}
[23:22:23] t=383 ALARM 单位损失 -> TURTLE (3 v 21, 守塔阵不打野战)
[23:22:23] {"kind": "action", "what": "attack_move", "name": null, "qty": null, "ts": "23:22:23"}
[23:22:33] t=395 jev INF DOG (conf 0.11)
[23:22:33] {"kind": "action", "what": "produce", "name": "DOG", "qty": 1, "ts": "23:22:33"}
[23:22:36] t=399 MOVE assault x2 -> (70,117)
[23:22:36] {"kind": "action", "what": "attack_move", "name": null, "qty": null, "ts": "23:22:36"}
[23:22:37] t=401 TANK HTNK x2
[23:22:37] {"kind": "action", "what": "produce", "name": "HTNK", "qty": 2, "ts": "23:22:37"}
[23:22:38] t=401 MOVE raid x2 -> (70,117)
[23:22:38] {"kind": "action", "what": "attack_move", "name": null, "qty": null, "ts": "23:22:38"}
[23:22:39] t=403 MOVE raid x2 -> (78,121)
[23:22:39] {"kind": "action", "what": "attack_move", "name": null, "qty": null, "ts": "23:22:39"}
[23:22:41] t=405 jev INF SHK (conf 0.13)
[23:22:41] {"kind": "action", "what": "produce", "name": "SHK", "qty": 1, "ts": "23:22:41"}
[23:22:41] t=407 POWER plant (reserve -35)
[23:22:41] {"kind": "action", "what": "produce", "name": "NAPOWR", "qty": 1, "ts": "23:22:41"}
[23:22:43] t=409 RETREAT SHK(20%)
[23:22:43] {"kind": "action", "what": "move", "name": null, "qty": null, "ts": "23:22:43"}
[23:22:44] t=409 MOVE raid x2 -> (80,121)
[23:22:44] {"kind": "action", "what": "attack_move", "name": null, "qty": null, "ts": "23:22:44"}
[23:22:44] t=411 ALARM 单位损失 -> TURTLE (4 v 21, 守塔阵不打野战)
[23:22:44] {"kind": "action", "what": "attack_move", "name": null, "qty": null, "ts": "23:22:44"}
[23:22:44] t=411 RETREAT E2(34%)
[23:22:44] {"kind": "action", "what": "move", "name": null, "qty": null, "ts": "23:22:44"}
[23:22:45] t=411 tick#200 credits=936 stance=defend | jev 200 decisions p50=831ms
[23:22:53] t=421 MOVE raid x2 -> (70,117)
[23:22:53] {"kind": "action", "what": "attack_move", "name": null, "qty": null, "ts": "23:22:53"}
[23:22:59] t=429 MOVE raid x2 -> (78,121)
[23:22:59] {"kind": "action", "what": "attack_move", "name": null, "qty": null, "ts": "23:22:59"}
[23:23:02] t=435 ALARM 单位损失 -> TURTLE (3 v 22, 守塔阵不打野战)
[23:23:02] {"kind": "action", "what": "attack_move", "name": null, "qty": null, "ts": "23:23:02"}
[23:23:20] t=458 jev INF DOG (conf 0.09)
[23:23:20] {"kind": "action", "what": "produce", "name": "DOG", "qty": 1, "ts": "23:23:20"}
[23:23:20] t=458 MOVE assault x1 -> (70,117)
[23:23:20] {"kind": "action", "what": "attack_move", "name": null, "qty": null, "ts": "23:23:20"}
[23:23:23] t=462 tick#225 credits=1679 stance=defend | jev 225 decisions p50=831ms
[23:23:32] t=474 jev INF E2 (conf 0.22)
[23:23:32] {"kind": "action", "what": "produce", "name": "E2", "qty": 1, "ts": "23:23:32"}
[23:23:33] t=476 MOVE assault x2 -> (70,117)
[23:23:33] {"kind": "action", "what": "attack_move", "name": null, "qty": null, "ts": "23:23:33"}
[23:23:36] t=480 jev INF E2 (conf 0.16)
[23:23:38] t=482 jev INF E2 (conf 0.15)
[23:23:39] t=484 jev INF E2 (conf 0.11)
[23:23:41] t=486 jev INF E2 (conf 0.15)
[23:23:42] t=488 jev INF E2 HOLD (预算保护 gate=False e2=1)
[23:23:44] t=490 jev INF E2 HOLD (预算保护 gate=False e2=1)
[23:23:45] t=492 jev INF E2 HOLD (预算保护 gate=False e2=1)
[23:23:45] t=492 MOVE assault x3 -> (70,117)
[23:23:45] {"kind": "action", "what": "attack_move", "name": null, "qty": null, "ts": "23:23:45"}
[23:23:47] t=494 jev INF E2 HOLD (预算保护 gate=False e2=1)
[23:23:48] t=496 jev INF E2 HOLD (预算保护 gate=False e2=1)
[23:23:50] t=498 jev INF E2 HOLD (预算保护 gate=False e2=1)
[23:23:51] t=500 jev INF E2 HOLD (预算保护 gate=False e2=1)
[23:23:53] t=502 jev INF E2 HOLD (预算保护 gate=False e2=1)
[23:23:54] t=504 jev INF E2 HOLD (预算保护 gate=False e2=1)
[23:23:56] t=506 jev INF E2 HOLD (预算保护 gate=False e2=1)
[23:23:57] t=508 jev INF E2 HOLD (预算保护 gate=False e2=1)
[23:23:57] t=508 MOVE assault x3 -> (70,117)
[23:23:57] {"kind": "action", "what": "attack_move", "name": null, "qty": null, "ts": "23:23:57"}
[23:23:59] t=510 jev INF E2 HOLD (预算保护 gate=False e2=1)
[23:24:00] t=512 jev INF E2 HOLD (预算保护 gate=False e2=1)
[23:24:00] t=512 jev VEH DRON (conf 0.41)
[23:24:00] {"kind": "action", "what": "produce", "name": "DRON", "qty": 1, "ts": "23:24:00"}
[23:24:00] t=512 MOVE raid x2 -> (86,123)
[23:24:00] {"kind": "action", "what": "attack_move", "name": null, "qty": null, "ts": "23:24:00"}
[23:24:00] t=512 tick#250 credits=280 stance=defend | jev 250 decisions p50=831ms
[23:24:02] t=514 jev INF E2 HOLD (预算保护 gate=False e2=1)
[23:24:05] t=516 jev INF E2 HOLD (预算保护 gate=False e2=1)
[23:24:07] t=521 MOVE raid x2 -> (87,122)
[23:24:07] {"kind": "action", "what": "attack_move", "name": null, "qty": null, "ts": "23:24:07"}
[23:24:11] t=525 MOVE assault x2 -> (70,117)
[23:24:11] {"kind": "action", "what": "attack_move", "name": null, "qty": null, "ts": "23:24:11"}
[23:24:15] t=531 MOVE raid x2 -> (83,125)
[23:24:15] {"kind": "action", "what": "attack_move", "name": null, "qty": null, "ts": "23:24:15"}
[23:24:18] t=535 jev INF E2 (conf 0.11)
[23:24:18] {"kind": "action", "what": "produce", "name": "E2", "qty": 1, "ts": "23:24:18"}
[23:24:19] t=537 MOVE raid x2 -> (85,124)
[23:24:19] {"kind": "action", "what": "attack_move", "name": null, "qty": null, "ts": "23:24:19"}
[23:24:20] t=539 TANK HTNK x1
[23:24:20] t=539 ESCORT 坦克#1211 -> 护航矿车@[126, 103]
[23:24:20] {"kind": "action", "what": "produce", "name": "HTNK", "qty": 1, "ts": "23:24:20"}
[23:24:20] {"kind": "action", "what": "attack_move", "name": null, "qty": null, "ts": "23:24:20"}
[23:24:21] t=539 MOVE raid x2 -> (86,123)
[23:24:21] {"kind": "action", "what": "attack_move", "name": null, "qty": null, "ts": "23:24:21"}
[23:24:23] t=541 jev INF E2 HOLD (预算保护 gate=False e2=2)
[23:24:23] t=541 MOVE raid x2 -> (87,122)
[23:24:23] {"kind": "action", "what": "attack_move", "name": null, "qty": null, "ts": "23:24:23"}
[23:24:24] t=543 jev INF E2 HOLD (预算保护 gate=False e2=2)
[23:24:24] t=543 MOVE assault x4 -> (70,117)
[23:24:24] {"kind": "action", "what": "attack_move", "name": null, "qty": null, "ts": "23:24:24"}
[23:24:25] t=545 jev INF E2 HOLD (预算保护 gate=False e2=2)
[23:24:27] t=547 jev INF E2 HOLD (预算保护 gate=False e2=2)
[23:24:28] t=549 jev INF E2 HOLD (预算保护 gate=False e2=2)
[23:24:30] t=551 jev INF E2 HOLD (预算保护 gate=False e2=2)
[23:24:30] t=551 MOVE raid x2 -> (86,121)
[23:24:30] {"kind": "action", "what": "attack_move", "name": null, "qty": null, "ts": "23:24:30"}
[23:24:31] t=553 jev INF E2 HOLD (预算保护 gate=False e2=2)
[23:24:33] t=555 jev INF E2 HOLD (预算保护 gate=False e2=2)
[23:24:35] t=557 jev INF E2 HOLD (预算保护 gate=False e2=2)
[23:24:36] t=559 jev INF E2 HOLD (预算保护 gate=False e2=2)
[23:24:36] t=559 MOVE assault x4 -> (70,117)
[23:24:36] {"kind": "action", "what": "attack_move", "name": null, "qty": null, "ts": "23:24:36"}
[23:24:38] t=561 jev INF E2 HOLD (预算保护 gate=False e2=2)
[23:24:39] t=563 jev INF E2 HOLD (预算保护 gate=False e2=2)
[23:24:39] t=563 MOVE raid x2 -> (87,121)
[23:24:39] {"kind": "action", "what": "attack_move", "name": null, "qty": null, "ts": "23:24:39"}
[23:24:39] t=563 tick#275 credits=317 stance=defend | jev 275 decisions p50=831ms
[23:24:41] t=565 jev INF E2 HOLD (预算保护 gate=False e2=2)
[23:24:42] t=567 jev INF E2 HOLD (预算保护 gate=False e2=2)
[23:24:42] t=567 MOVE raid x2 -> (86,120)
[23:24:42] {"kind": "action", "what": "attack_move", "name": null, "qty": null, "ts": "23:24:42"}
[23:24:45] t=571 jev INF E2 HOLD (预算保护 gate=False e2=2)
[23:24:46] t=573 RETREAT SHK(16%)
[23:24:46] {"kind": "action", "what": "move", "name": null, "qty": null, "ts": "23:24:46"}
[23:24:47] t=573 MOVE raid x2 -> (85,120)
[23:24:47] {"kind": "action", "what": "attack_move", "name": null, "qty": null, "ts": "23:24:47"}
[23:24:47] t=575 ALARM 单位损失 -> TURTLE (9 v 26, 守塔阵不打野战)
[23:24:47] {"kind": "action", "what": "attack_move", "name": null, "qty": null, "ts": "23:24:47"}
[23:24:50] t=577 jev INF SHK HOLD (预算保护 gate=False e2=2)
[23:24:50] t=577 jev VEH HTNK (conf 0.43)
[23:24:50] {"kind": "action", "what": "produce", "name": "HTNK", "qty": 1, "ts": "23:24:50"}
[23:24:56] t=585 MOVE raid x2 -> (84,122); assault x3 -> (70,117)
[23:24:56] {"kind": "action", "what": "attack_move", "name": null, "qty": null, "ts": "23:24:56"}
[23:24:56] {"kind": "action", "what": "attack_move", "name": null, "qty": null, "ts": "23:24:56"}
[23:24:56] t=587 RETREAT HTNK(30%)
[23:24:56] {"kind": "action", "what": "move", "name": null, "qty": null, "ts": "23:24:56"}
[23:24:59] t=591 ALARM 单位损失 -> TURTLE (8 v 27, 守塔阵不打野战)
[23:24:59] {"kind": "action", "what": "attack_move", "name": null, "qty": null, "ts": "23:24:59"}
[23:25:02] t=595 RETREAT HTNK(34%)
[23:25:02] {"kind": "action", "what": "move", "name": null, "qty": null, "ts": "23:25:02"}
[23:25:08] t=601 jev INF SHK (conf 0.28)
[23:25:08] {"kind": "action", "what": "produce", "name": "SHK", "qty": 1, "ts": "23:25:08"}
[23:25:08] t=601 MOVE raid x2 -> (86,124); assault x2 -> (70,117)
[23:25:08] {"kind": "action", "what": "attack_move", "name": null, "qty": null, "ts": "23:25:08"}
[23:25:08] {"kind": "action", "what": "attack_move", "name": null, "qty": null, "ts": "23:25:08"}
[23:25:12] t=606 MOVE raid x2 -> (87,124)
[23:25:12] {"kind": "action", "what": "attack_move", "name": null, "qty": null, "ts": "23:25:12"}
[23:25:13] t=608 MOVE raid x2 -> (87,128)
[23:25:13] {"kind": "action", "what": "attack_move", "name": null, "qty": null, "ts": "23:25:13"}
[23:25:14] t=610 ALARM 单位损失 -> TURTLE (7 v 29, 守塔阵不打野战)
[23:25:14] {"kind": "action", "what": "attack_move", "name": null, "qty": null, "ts": "23:25:14"}
[23:25:18] t=614 tick#300 credits=948 stance=defend | jev 300 decisions p50=832ms
[23:25:23] t=622 jev INF SHK (conf 0.18)
[23:25:23] t=622 MOVE assault x4 -> (70,117)
[23:25:23] {"kind": "action", "what": "attack_move", "name": null, "qty": null, "ts": "23:25:23"}
[23:25:24] t=624 jev INF SHK (conf 0.17)
[23:25:26] t=626 jev INF SHK (conf 0.14)
[23:25:27] t=628 jev INF SHK (conf 0.12)
[23:25:29] t=630 jev INF SHK (conf 0.17)
[23:25:30] t=632 jev INF SHK (conf 0.17)
[23:25:32] t=634 jev INF SHK (conf 0.14)
[23:25:32] t=636 HARASS DRON x2 (have 1)
[23:25:32] {"kind": "action", "what": "produce", "name": "DRON", "qty": 2, "ts": "23:25:32"}
[23:25:33] t=636 jev INF SHK (conf 0.19)
[23:25:33] {"kind": "action", "what": "produce", "name": "SHK", "qty": 1, "ts": "23:25:33"}
[23:25:33] t=636 MOVE raid x2 -> (87,126)
[23:25:33] {"kind": "action", "what": "attack_move", "name": null, "qty": null, "ts": "23:25:33"}
[23:25:35] t=638 MOVE assault x3 -> (70,117)
[23:25:35] {"kind": "action", "what": "attack_move", "name": null, "qty": null, "ts": "23:25:35"}
[23:25:41] t=646 MOVE raid x2 -> (87,125)
[23:25:41] {"kind": "action", "what": "attack_move", "name": null, "qty": null, "ts": "23:25:41"}
[23:25:44] t=652 ESCORT 坦克#1428 -> 护航矿车@[128, 104]
[23:25:45] {"kind": "action", "what": "attack_move", "name": null, "qty": null, "ts": "23:25:45"}
[23:25:45] t=652 MOVE raid x2 -> (88,124)
[23:25:45] {"kind": "action", "what": "attack_move", "name": null, "qty": null, "ts": "23:25:45"}
[23:25:47] t=654 MOVE assault x4 -> (70,117)
[23:25:47] {"kind": "action", "what": "attack_move", "name": null, "qty": null, "ts": "23:25:47"}
[23:25:48] t=656 jev INF E2 HOLD (预算保护 gate=False e2=2)
[23:25:51] t=660 jev INF SHK (conf 0.14)
[23:25:53] t=662 jev INF SHK (conf 0.12)
[23:25:53] t=662 MOVE raid x2 -> (87,124)
[23:25:53] {"kind": "action", "what": "attack_move", "name": null, "qty": null, "ts": "23:25:53"}
[23:25:54] t=664 jev INF SHK (conf 0.15)
[23:25:55] t=666 TANK HTNK x2
[23:25:55] {"kind": "action", "what": "produce", "name": "HTNK", "qty": 2, "ts": "23:25:55"}
[23:25:56] t=666 jev INF SHK (conf 0.21)
[23:25:56] t=666 tick#325 credits=1215 stance=defend | jev 325 decisions p50=834ms
[23:25:57] t=668 jev INF SHK (conf 0.14)
[23:25:59] t=670 MOVE raid x2 -> (88,126)
[23:25:59] {"kind": "action", "what": "attack_move", "name": null, "qty": null, "ts": "23:25:59"}
[23:26:00] t=672 jev INF SHK (conf 0.16)
[23:26:00] {"kind": "action", "what": "produce", "name": "SHK", "qty": 1, "ts": "23:26:00"}
[23:26:00] t=672 MOVE assault x6 -> (70,117)
[23:26:00] {"kind": "action", "what": "attack_move", "name": null, "qty": null, "ts": "23:26:00"}
[23:26:02] t=674 MOVE raid x2 -> (89,126)
[23:26:02] {"kind": "action", "what": "attack_move", "name": null, "qty": null, "ts": "23:26:02"}
[23:26:05] t=680 RETREAT HTNK(20%)
[23:26:06] {"kind": "action", "what": "move", "name": null, "qty": null, "ts": "23:26:06"}
[23:26:07] t=682 ALARM 单位损失 -> TURTLE (11 v 32, 守塔阵不打野战)
[23:26:07] {"kind": "action", "what": "attack_move", "name": null, "qty": null, "ts": "23:26:07"}
[23:26:15] t=692 ESCORT 坦克#1435 -> 护航矿车@[126, 105]
[23:26:15] {"kind": "action", "what": "attack_move", "name": null, "qty": null, "ts": "23:26:15"}
[23:26:15] t=692 MOVE raid x2 -> (89,125); assault x5 -> (70,117); reserve x1 -> (134,87)
[23:26:15] {"kind": "action", "what": "attack_move", "name": null, "qty": null, "ts": "23:26:15"}
[23:26:16] {"kind": "action", "what": "attack_move", "name": null, "qty": null, "ts": "23:26:16"}
[23:26:16] {"kind": "action", "what": "attack_move", "name": null, "qty": null, "ts": "23:26:16"}
[23:26:17] t=694 jev INF SHK HOLD (预算保护 gate=False e2=2)
[23:26:17] t=694 MOVE raid x2 -> (83,125)
[23:26:17] {"kind": "action", "what": "attack_move", "name": null, "qty": null, "ts": "23:26:17"}
[23:26:21] t=700 MOVE raid x2 -> (85,125)
[23:26:21] {"kind": "action", "what": "attack_move", "name": null, "qty": null, "ts": "23:26:21"}
[23:26:23] t=702 MOVE raid x2 -> (87,125)
[23:26:23] {"kind": "action", "what": "attack_move", "name": null, "qty": null, "ts": "23:26:23"}
[23:26:24] t=704 MOVE raid x2 -> (88,124)
[23:26:24] {"kind": "action", "what": "attack_move", "name": null, "qty": null, "ts": "23:26:24"}
[23:26:26] t=706 MOVE raid x2 -> (89,125)
[23:26:26] {"kind": "action", "what": "attack_move", "name": null, "qty": null, "ts": "23:26:26"}
[23:26:29] t=710 MOVE assault x5 -> (70,117)
[23:26:29] {"kind": "action", "what": "attack_move", "name": null, "qty": null, "ts": "23:26:29"}
[23:26:31] t=714 ALARM 单位损失 -> TURTLE (10 v 32, 守塔阵不打野战)
[23:26:31] {"kind": "action", "what": "attack_move", "name": null, "qty": null, "ts": "23:26:31"}
[23:26:31] t=714 RETREAT E2(13%)
[23:26:31] {"kind": "action", "what": "move", "name": null, "qty": null, "ts": "23:26:31"}
[23:26:35] t=717 tick#350 credits=0 stance=defend | jev 350 decisions p50=835ms
[23:26:39] t=723 MOVE raid x2 -> (88,126)
[23:26:39] {"kind": "action", "what": "attack_move", "name": null, "qty": null, "ts": "23:26:39"}
[23:26:41] t=725 MOVE raid x2 -> (89,125)
[23:26:41] {"kind": "action", "what": "attack_move", "name": null, "qty": null, "ts": "23:26:41"}
[23:26:42] t=727 MOVE assault x4 -> (70,117)
[23:26:42] {"kind": "action", "what": "attack_move", "name": null, "qty": null, "ts": "23:26:42"}
[23:26:44] t=731 RETREAT HTNK(29%)
[23:26:44] {"kind": "action", "what": "move", "name": null, "qty": null, "ts": "23:26:44"}
[23:26:45] t=731 MOVE raid x2 -> (89,124)
[23:26:45] {"kind": "action", "what": "attack_move", "name": null, "qty": null, "ts": "23:26:45"}
[23:26:47] t=735 ALARM 单位损失 -> TURTLE (9 v 30, 守塔阵不打野战)
[23:26:47] {"kind": "action", "what": "attack_move", "name": null, "qty": null, "ts": "23:26:47"}
[23:26:56] t=745 MOVE assault x4 -> (70,117)
[23:26:56] {"kind": "action", "what": "attack_move", "name": null, "qty": null, "ts": "23:26:56"}
[23:27:06] t=759 jev INF SHK (conf 0.11)
[23:27:06] {"kind": "action", "what": "produce", "name": "SHK", "qty": 1, "ts": "23:27:06"}
[23:27:08] t=761 MOVE assault x4 -> (70,117)
[23:27:08] {"kind": "action", "what": "attack_move", "name": null, "qty": null, "ts": "23:27:08"}
[23:27:12] t=767 tick#375 credits=667 stance=defend | jev 375 decisions p50=833ms
[23:27:16] t=773 RETREAT E2(5%)
[23:27:16] {"kind": "action", "what": "move", "name": null, "qty": null, "ts": "23:27:16"}
[23:27:17] t=775 ALARM 单位损失 -> TURTLE (8 v 29, 守塔阵不打野战)
[23:27:17] {"kind": "action", "what": "attack_move", "name": null, "qty": null, "ts": "23:27:17"}
[23:27:23] t=781 jev INF E2 HOLD (预算保护 gate=False e2=0)
[23:27:24] t=783 jev INF E2 (conf 0.16)
[23:27:24] {"kind": "action", "what": "produce", "name": "E2", "qty": 1, "ts": "23:27:24"}
[23:27:27] t=785 MOVE assault x5 -> (70,117)
[23:27:27] {"kind": "action", "what": "attack_move", "name": null, "qty": null, "ts": "23:27:27"}
[23:27:28] t=789 MOVE reserve x1 -> (134,87)
[23:27:28] {"kind": "action", "what": "attack_move", "name": null, "qty": null, "ts": "23:27:28"}
[23:27:36] t=799 jev INF SHK (conf 0.13)
[23:27:36] {"kind": "action", "what": "produce", "name": "SHK", "qty": 1, "ts": "23:27:36"}
[23:27:36] t=801 HARASS DRON x2 (have 1)
[23:27:37] {"kind": "action", "what": "produce", "name": "DRON", "qty": 2, "ts": "23:27:37"}
[23:27:37] t=801 MOVE raid x2 -> (89,126)
[23:27:37] {"kind": "action", "what": "attack_move", "name": null, "qty": null, "ts": "23:27:37"}
[23:27:40] t=805 MOVE raid x2 -> (83,125); assault x4 -> (70,117)
[23:27:40] {"kind": "action", "what": "attack_move", "name": null, "qty": null, "ts": "23:27:40"}
[23:27:40] {"kind": "action", "what": "attack_move", "name": null, "qty": null, "ts": "23:27:40"}
[23:27:44] t=809 MOVE raid x2 -> (85,125)
[23:27:44] {"kind": "action", "what": "attack_move", "name": null, "qty": null, "ts": "23:27:44"}
[23:27:46] t=812 MOVE raid x2 -> (88,126)
[23:27:46] {"kind": "action", "what": "attack_move", "name": null, "qty": null, "ts": "23:27:46"}
[23:27:47] t=814 MOVE raid x2 -> (89,126)
[23:27:47] {"kind": "action", "what": "attack_move", "name": null, "qty": null, "ts": "23:27:47"}
[23:27:48] t=816 ESCORT 坦克#1724 -> 护航矿车@[128, 106]
[23:27:48] {"kind": "action", "what": "attack_move", "name": null, "qty": null, "ts": "23:27:48"}
[23:27:51] t=820 jev INF SHK HOLD (预算保护 gate=False e2=1)
[23:27:51] t=820 tick#400 credits=676 stance=defend | jev 400 decisions p50=831ms
[23:27:53] t=822 MOVE assault x5 -> (70,117)
[23:27:53] {"kind": "action", "what": "attack_move", "name": null, "qty": null, "ts": "23:27:53"}
[23:27:55] t=824 jev BUILD NAHAND HOLD (资金闸门: 坦克优先, cash=565)
[23:27:56] t=826 MOVE raid x2 -> (88,126)
[23:27:56] {"kind": "action", "what": "attack_move", "name": null, "qty": null, "ts": "23:27:56"}
[23:27:59] t=830 jev INF E2 HOLD (预算保护 gate=False e2=1)
[23:27:59] t=830 jev VEH DRON (conf 0.36)
[23:28:01] t=832 jev VEH DRON (conf 0.39)
[23:28:02] t=834 jev INF E2 HOLD (预算保护 gate=False e2=1)
[23:28:02] t=834 jev VEH DRON (conf 0.35)
[23:28:02] {"kind": "action", "what": "produce", "name": "DRON", "qty": 1, "ts": "23:28:02"}
[23:28:02] t=834 MOVE raid x2 -> (89,126)
[23:28:02] {"kind": "action", "what": "attack_move", "name": null, "qty": null, "ts": "23:28:02"}
[23:28:03] t=836 jev INF E2 HOLD (预算保护 gate=False e2=1)
[23:28:05] t=838 MOVE assault x6 -> (70,117)
[23:28:05] {"kind": "action", "what": "attack_move", "name": null, "qty": null, "ts": "23:28:05"}
[23:28:07] t=840 jev INF E2 HOLD (预算保护 gate=False e2=1)
[23:28:07] t=840 MOVE raid x2 -> (88,128)
[23:28:07] {"kind": "action", "what": "attack_move", "name": null, "qty": null, "ts": "23:28:07"}
[23:28:08] t=842 jev INF E2 HOLD (预算保护 gate=False e2=1)
[23:28:08] t=842 MOVE raid x2 -> (89,128)
[23:28:08] {"kind": "action", "what": "attack_move", "name": null, "qty": null, "ts": "23:28:08"}
[23:28:10] t=844 MOVE raid x2 -> (70,117)
[23:28:10] {"kind": "action", "what": "attack_move", "name": null, "qty": null, "ts": "23:28:10"}
[23:28:13] t=848 jev INF SHK HOLD (预算保护 gate=False e2=1)
[23:28:13] t=850 RETREAT HTNK(22%)
[23:28:13] {"kind": "action", "what": "move", "name": null, "qty": null, "ts": "23:28:13"}
[23:28:14] t=850 jev VEH DRON (conf 0.35)
[23:28:14] t=850 ATTACK (tanks=6)
[23:28:14] t=850 MOVE guard x2 -> (137,82)
[23:28:14] {"kind": "action", "what": "attack_move", "name": null, "qty": null, "ts": "23:28:14"}
[23:28:16] t=852 jev VEH DRON (conf 0.33)
[23:28:16] t=854 ALARM 单位损失 -> 攻势保持（塔阵守家, 前线 14 个单位继续进攻）
[23:28:17] t=854 jev VEH DRON (conf 0.33)
[23:28:17] t=854 jev STANCE attack->defend (conf 0.45)
[23:28:17] t=854 MOVE raid x2 -> (88,128)
[23:28:17] {"kind": "action", "what": "attack_move", "name": null, "qty": null, "ts": "23:28:17"}
[23:28:18] t=856 ALARM 单位损失 -> TURTLE (13 v 29, 守塔阵不打野战)
[23:28:18] {"kind": "action", "what": "attack_move", "name": null, "qty": null, "ts": "23:28:18"}
[23:28:18] t=856 ESCORT 坦克#1825 -> 护航矿车@[129, 106]
[23:28:18] {"kind": "action", "what": "attack_move", "name": null, "qty": null, "ts": "23:28:18"}
[23:28:19] t=856 jev VEH DRON (conf 0.36)
[23:28:20] t=858 jev VEH DRON (conf 0.32)
[23:28:22] t=860 jev VEH DRON (conf 0.35)
[23:28:23] t=862 jev VEH DRON (conf 0.35)
[23:28:25] t=864 jev VEH DRON (conf 0.30)
[23:28:26] t=866 jev VEH DRON (conf 0.31)
[23:28:26] t=866 MOVE raid x2 -> (89,126); assault x4 -> (70,117)
[23:28:26] {"kind": "action", "what": "attack_move", "name": null, "qty": null, "ts": "23:28:26"}
[23:28:26] {"kind": "action", "what": "attack_move", "name": null, "qty": null, "ts": "23:28:26"}
[23:28:28] t=868 jev VEH DRON (conf 0.31)
[23:28:28] {"kind": "action", "what": "produce", "name": "DRON", "qty": 1, "ts": "23:28:28"}
[23:28:29] t=870 MOVE raid x2 -> (89,125); reserve x2 -> (134,87)
[23:28:29] {"kind": "action", "what": "attack_move", "name": null, "qty": null, "ts": "23:28:29"}
[23:28:29] {"kind": "action", "what": "attack_move", "name": null, "qty": null, "ts": "23:28:29"}
[23:28:29] t=870 tick#425 credits=0 stance=defend | jev 425 decisions p50=830ms
[23:28:31] t=872 MOVE raid x2 -> (89,123)
[23:28:31] {"kind": "action", "what": "attack_move", "name": null, "qty": null, "ts": "23:28:31"}
[23:28:32] t=874 MOVE raid x2 -> (90,121)
[23:28:32] {"kind": "action", "what": "attack_move", "name": null, "qty": null, "ts": "23:28:32"}
[23:28:34] t=876 MOVE raid x2 -> (91,119)
[23:28:34] {"kind": "action", "what": "attack_move", "name": null, "qty": null, "ts": "23:28:34"}
[23:28:35] t=878 MOVE raid x2 -> (91,117)
[23:28:35] {"kind": "action", "what": "attack_move", "name": null, "qty": null, "ts": "23:28:35"}
[23:28:37] t=880 MOVE raid x2 -> (91,114)
[23:28:37] {"kind": "action", "what": "attack_move", "name": null, "qty": null, "ts": "23:28:37"}
[23:28:38] t=882 MOVE raid x2 -> (91,112); assault x4 -> (70,117)
[23:28:38] {"kind": "action", "what": "attack_move", "name": null, "qty": null, "ts": "23:28:38"}
[23:28:38] {"kind": "action", "what": "attack_move", "name": null, "qty": null, "ts": "23:28:38"}
[23:28:40] t=884 MOVE raid x2 -> (91,110)
[23:28:40] {"kind": "action", "what": "attack_move", "name": null, "qty": null, "ts": "23:28:40"}
[23:28:41] t=886 MOVE raid x2 -> (91,108)
[23:28:41] {"kind": "action", "what": "attack_move", "name": null, "qty": null, "ts": "23:28:41"}
[23:28:43] t=888 MOVE raid x2 -> (92,108)
[23:28:43] {"kind": "action", "what": "attack_move", "name": null, "qty": null, "ts": "23:28:43"}
[23:28:43] t=890 ALARM 单位损失 -> TURTLE (11 v 32, 守塔阵不打野战)
[23:28:43] {"kind": "action", "what": "attack_move", "name": null, "qty": null, "ts": "23:28:43"}
[23:28:46] t=894 RETREAT SHK(14%)
[23:28:46] {"kind": "action", "what": "move", "name": null, "qty": null, "ts": "23:28:46"}
[23:28:52] t=900 MOVE assault x5 -> (70,117)
[23:28:52] {"kind": "action", "what": "attack_move", "name": null, "qty": null, "ts": "23:28:52"}
[23:28:59] t=910 jev INF E2 (conf 0.16)
[23:28:59] {"kind": "action", "what": "produce", "name": "E2", "qty": 1, "ts": "23:28:59"}
[23:29:04] t=916 jev INF E2 HOLD (预算保护 gate=False e2=2)
[23:29:05] t=918 jev INF E2 (conf 0.18)
[23:29:05] t=918 MOVE assault x5 -> (70,117)
[23:29:05] {"kind": "action", "what": "attack_move", "name": null, "qty": null, "ts": "23:29:05"}
[23:29:07] t=920 jev INF E2 (conf 0.27)
[23:29:07] t=920 tick#450 credits=1835 stance=defend | jev 450 decisions p50=831ms
[23:29:08] t=922 jev INF E2 (conf 0.19)
[23:29:09] t=924 TANK HTNK x2
[23:29:09] {"kind": "action", "what": "produce", "name": "HTNK", "qty": 2, "ts": "23:29:09"}
[23:29:10] t=924 jev INF E2 (conf 0.17)
[23:29:10] t=924 MOVE raid x2 -> (95,102)
[23:29:10] {"kind": "action", "what": "attack_move", "name": null, "qty": null, "ts": "23:29:10"}
[23:29:11] t=926 jev INF E2 (conf 0.13)
[23:29:13] t=928 jev INF E2 (conf 0.18)
[23:29:13] t=928 MOVE raid x2 -> (95,104)
[23:29:13] {"kind": "action", "what": "attack_move", "name": null, "qty": null, "ts": "23:29:13"}
[23:29:14] t=930 jev INF E2 (conf 0.21)
[23:29:14] t=930 MOVE raid x2 -> (95,102)
[23:29:14] {"kind": "action", "what": "attack_move", "name": null, "qty": null, "ts": "23:29:14"}
[23:29:16] t=932 jev INF E2 (conf 0.22)
[23:29:17] t=934 jev INF E2 (conf 0.15)
[23:29:17] t=934 MOVE assault x4 -> (70,117)
[23:29:17] {"kind": "action", "what": "attack_move", "name": null, "qty": null, "ts": "23:29:17"}
[23:29:19] t=936 jev INF E2 (conf 0.25)
[23:29:20] t=938 jev INF E2 (conf 0.21)
[23:29:22] t=940 jev INF E2 (conf 0.28)
[23:29:23] t=942 jev INF E2 (conf 0.20)
[23:29:25] t=944 jev INF E2 (conf 0.19)
[23:29:25] {"kind": "action", "what": "produce", "name": "E2", "qty": 1, "ts": "23:29:25"}
[23:29:27] t=948 RETREAT SHK(37%)
[23:29:27] {"kind": "action", "what": "move", "name": null, "qty": null, "ts": "23:29:27"}
[23:29:29] t=950 jev INF E2 (conf 0.25)
[23:29:29] t=950 MOVE reserve x3 -> (134,87)
[23:29:29] {"kind": "action", "what": "attack_move", "name": null, "qty": null, "ts": "23:29:29"}
[23:29:31] t=952 MOVE assault x4 -> (70,117)
[23:29:31] {"kind": "action", "what": "attack_move", "name": null, "qty": null, "ts": "23:29:31"}
[23:29:32] t=954 jev INF E2 (conf 0.19)
[23:29:34] t=956 jev INF E2 HOLD (预算保护 gate=False e2=3)
[23:29:35] t=958 jev INF E2 HOLD (预算保护 gate=False e2=3)
[23:29:35] t=958 MOVE raid x2 -> (92,116)
[23:29:35] {"kind": "action", "what": "attack_move", "name": null, "qty": null, "ts": "23:29:35"}
[23:29:37] t=960 jev INF E2 HOLD (预算保护 gate=False e2=3)
[23:29:37] t=960 MOVE raid x2 -> (91,118)
[23:29:37] {"kind": "action", "what": "attack_move", "name": null, "qty": null, "ts": "23:29:37"}
[23:29:37] t=962 ESCORT 坦克#2014 -> 护航矿车@[131, 105]
[23:29:37] {"kind": "action", "what": "attack_move", "name": null, "qty": null, "ts": "23:29:37"}
[23:29:38] t=962 jev INF E2 HOLD (预算保护 gate=False e2=3)
[23:29:38] t=962 MOVE raid x2 -> (91,120)
[23:29:38] {"kind": "action", "what": "attack_move", "name": null, "qty": null, "ts": "23:29:38"}
[23:29:39] t=964 RETREAT E2(27%)
[23:29:39] {"kind": "action", "what": "move", "name": null, "qty": null, "ts": "23:29:39"}
[23:29:40] t=964 jev INF E2 HOLD (预算保护 gate=False e2=3)
[23:29:40] t=964 MOVE raid x2 -> (89,122)
[23:29:40] {"kind": "action", "what": "attack_move", "name": null, "qty": null, "ts": "23:29:40"}
[23:29:40] t=966 ALARM 单位损失 -> TURTLE (12 v 30, 守塔阵不打野战)
[23:29:40] {"kind": "action", "what": "attack_move", "name": null, "qty": null, "ts": "23:29:40"}
[23:29:43] t=968 jev BUILD NAHAND HOLD (资金闸门: 坦克优先, cash=572)
[23:29:43] t=968 jev INF E2 HOLD (预算保护 gate=False e2=2)
[23:29:45] t=970 jev BUILD NAHAND HOLD (资金闸门: 坦克优先, cash=522)
[23:29:45] t=970 jev INF E2 HOLD (预算保护 gate=False e2=2)
[23:29:45] t=970 tick#475 credits=522 stance=defend | jev 475 decisions p50=830ms
[23:29:46] t=972 jev INF E2 (conf 0.18)
[23:29:47] t=974 jev INF E2 (conf 0.13)
[23:29:49] t=976 jev INF E2 (conf 0.15)
[23:29:49] t=976 MOVE raid x2 -> (70,117); assault x4 -> (70,117)
[23:29:49] {"kind": "action", "what": "attack_move", "name": null, "qty": null, "ts": "23:29:49"}
[23:29:49] {"kind": "action", "what": "attack_move", "name": null, "qty": null, "ts": "23:29:49"}
[23:29:50] t=978 jev INF E2 (conf 0.12)
[23:29:50] {"kind": "action", "what": "produce", "name": "E2", "qty": 1, "ts": "23:29:50"}
[23:29:51] t=980 RETREAT HTNK(25%)
[23:29:51] {"kind": "action", "what": "move", "name": null, "qty": null, "ts": "23:29:51"}
[23:29:55] t=984 jev INF E2 (conf 0.18)
[23:29:55] t=986 ALARM 单位损失 -> TURTLE (11 v 28, 守塔阵不打野战)
[23:29:55] {"kind": "action", "what": "attack_move", "name": null, "qty": null, "ts": "23:29:55"}
[23:29:56] t=986 jev INF E2 (conf 0.23)
[23:29:59] t=988 jev INF E2 (conf 0.24)
[23:30:00] t=991 jev INF E2 (conf 0.24)
[23:30:02] t=993 jev INF E2 (conf 0.20)
[23:30:03] t=995 jev INF E2 (conf 0.23)
[23:30:04] t=997 HARASS DRON x2 (have 1)
[23:30:04] {"kind": "action", "what": "produce", "name": "DRON", "qty": 2, "ts": "23:30:04"}
[23:30:05] t=997 jev INF E2 (conf 0.27)
[23:30:05] t=997 MOVE assault x4 -> (70,117)
[23:30:05] {"kind": "action", "what": "attack_move", "name": null, "qty": null, "ts": "23:30:05"}
[23:30:06] t=999 jev INF E2 HOLD (预算保护 gate=False e2=3)
[23:30:08] t=1001 jev INF E2 HOLD (预算保护 gate=False e2=3)
[23:30:09] t=1003 jev INF E2 HOLD (预算保护 gate=False e2=3)
[23:30:11] t=1005 jev INF E2 HOLD (预算保护 gate=False e2=3)
[23:30:12] t=1007 jev INF E2 HOLD (预算保护 gate=False e2=3)
[23:30:14] t=1009 jev BUILD NAHAND HOLD (资金闸门: 坦克优先, cash=572)
[23:30:14] t=1009 jev INF E2 HOLD (预算保护 gate=False e2=3)
[23:30:14] t=1009 MOVE raid x2 -> (91,127)
[23:30:14] {"kind": "action", "what": "attack_move", "name": null, "qty": null, "ts": "23:30:14"}
[23:30:15] t=1011 jev INF E2 HOLD (预算保护 gate=False e2=3)
[23:30:15] t=1011 MOVE raid x2 -> (90,125)
[23:30:15] {"kind": "action", "what": "attack_move", "name": null, "qty": null, "ts": "23:30:15"}
[23:30:16] t=1013 ESCORT 坦克#2220 -> 护航矿车@[131, 108]
[23:30:16] {"kind": "action", "what": "attack_move", "name": null, "qty": null, "ts": "23:30:16"}
[23:30:17] t=1013 jev INF E2 HOLD (预算保护 gate=False e2=3)
[23:30:17] t=1013 MOVE raid x2 -> (89,123); assault x5 -> (70,117)
[23:30:17] {"kind": "action", "what": "attack_move", "name": null, "qty": null, "ts": "23:30:17"}
[23:30:17] {"kind": "action", "what": "attack_move", "name": null, "qty": null, "ts": "23:30:17"}
[23:30:18] t=1015 jev INF E2 HOLD (预算保护 gate=False e2=3)
[23:30:18] t=1015 MOVE raid x2 -> (89,122)
[23:30:18] {"kind": "action", "what": "attack_move", "name": null, "qty": null, "ts": "23:30:18"}
[23:30:20] t=1017 jev INF E2 HOLD (预算保护 gate=False e2=3)
[23:30:20] t=1017 MOVE raid x2 -> (89,120)
[23:30:20] {"kind": "action", "what": "attack_move", "name": null, "qty": null, "ts": "23:30:20"}
[23:30:21] t=1019 jev INF E2 HOLD (预算保护 gate=False e2=3)
[23:30:21] t=1019 MOVE raid x2 -> (89,117)
[23:30:21] {"kind": "action", "what": "attack_move", "name": null, "qty": null, "ts": "23:30:21"}
[23:30:23] t=1021 jev INF E2 HOLD (预算保护 gate=False e2=3)
[23:30:23] t=1021 MOVE raid x2 -> (89,115)
[23:30:23] {"kind": "action", "what": "attack_move", "name": null, "qty": null, "ts": "23:30:23"}
[23:30:23] t=1021 tick#500 credits=239 stance=defend | jev 500 decisions p50=828ms
[23:30:24] t=1023 jev INF E2 HOLD (预算保护 gate=False e2=3)
[23:30:24] t=1023 MOVE raid x2 -> (89,113)
[23:30:24] {"kind": "action", "what": "attack_move", "name": null, "qty": null, "ts": "23:30:24"}
[23:30:26] t=1025 jev INF E2 HOLD (预算保护 gate=False e2=3)
[23:30:26] t=1025 MOVE raid x2 -> (89,111)
[23:30:26] {"kind": "action", "what": "attack_move", "name": null, "qty": null, "ts": "23:30:26"}
[23:30:27] t=1027 jev INF E2 HOLD (预算保护 gate=False e2=3)
[23:30:27] t=1027 jev VEH HTNK (conf 0.32)
[23:30:27] {"kind": "action", "what": "produce", "name": "HTNK", "qty": 1, "ts": "23:30:27"}
[23:30:27] t=1027 MOVE raid x2 -> (91,109)
[23:30:27] {"kind": "action", "what": "attack_move", "name": null, "qty": null, "ts": "23:30:27"}
[23:30:29] t=1029 MOVE raid x2 -> (91,107); assault x6 -> (70,117)
[23:30:29] {"kind": "action", "what": "attack_move", "name": null, "qty": null, "ts": "23:30:29"}
[23:30:29] {"kind": "action", "what": "attack_move", "name": null, "qty": null, "ts": "23:30:29"}
[23:30:30] t=1031 MOVE raid x2 -> (92,106); reserve x3 -> (134,87)
[23:30:30] {"kind": "action", "what": "attack_move", "name": null, "qty": null, "ts": "23:30:30"}
[23:30:30] {"kind": "action", "what": "attack_move", "name": null, "qty": null, "ts": "23:30:30"}
[23:30:32] t=1033 MOVE raid x2 -> (92,105)
[23:30:32] {"kind": "action", "what": "attack_move", "name": null, "qty": null, "ts": "23:30:32"}
[23:30:32] t=1035 RETREAT SHK(30%)
[23:30:32] {"kind": "action", "what": "move", "name": null, "qty": null, "ts": "23:30:32"}
[23:30:33] t=1035 jev INF E2 (conf 0.20)
[23:30:33] {"kind": "action", "what": "produce", "name": "E2", "qty": 1, "ts": "23:30:33"}
[23:30:33] t=1035 MOVE raid x2 -> (94,103)
[23:30:33] {"kind": "action", "what": "attack_move", "name": null, "qty": null, "ts": "23:30:33"}
[23:30:35] t=1037 MOVE raid x2 -> (95,102)
[23:30:35] {"kind": "action", "what": "attack_move", "name": null, "qty": null, "ts": "23:30:35"}
[23:30:35] t=1039 ALARM 单位损失 -> TURTLE (13 v 29, 守塔阵不打野战)
[23:30:35] {"kind": "action", "what": "attack_move", "name": null, "qty": null, "ts": "23:30:35"}
[23:30:38] t=1041 jev INF E2 HOLD (预算保护 gate=False e2=4)
[23:30:39] t=1043 jev INF E2 HOLD (预算保护 gate=False e2=4)
[23:30:41] t=1045 jev INF E2 HOLD (预算保护 gate=False e2=4)
[23:30:43] t=1047 jev INF E2 HOLD (预算保护 gate=False e2=4)
[23:30:44] t=1049 jev INF E2 HOLD (预算保护 gate=False e2=4)
[23:30:44] t=1049 MOVE raid x2 -> (103,96); assault x5 -> (70,117)
[23:30:44] {"kind": "action", "what": "attack_move", "name": null, "qty": null, "ts": "23:30:44"}
[23:30:44] {"kind": "action", "what": "attack_move", "name": null, "qty": null, "ts": "23:30:44"}
[23:30:45] t=1051 jev INF E2 HOLD (预算保护 gate=False e2=4)
[23:30:45] t=1051 MOVE raid x2 -> (103,95)
[23:30:45] {"kind": "action", "what": "attack_move", "name": null, "qty": null, "ts": "23:30:45"}
[23:30:46] t=1053 ESCORT 坦克#2220 -> 护航矿车@[129, 109]
[23:30:46] {"kind": "action", "what": "attack_move", "name": null, "qty": null, "ts": "23:30:46"}
[23:30:47] t=1053 jev INF E2 HOLD (预算保护 gate=False e2=4)
[23:30:47] t=1053 MOVE raid x2 -> (104,94)
[23:30:47] {"kind": "action", "what": "attack_move", "name": null, "qty": null, "ts": "23:30:47"}
[23:30:48] t=1055 jev BUILD NAHAND HOLD (资金闸门: 坦克优先, cash=529)
[23:30:48] t=1055 jev INF E2 HOLD (预算保护 gate=False e2=4)
[23:30:48] t=1055 MOVE raid x2 -> (103,93)
[23:30:48] {"kind": "action", "what": "attack_move", "name": null, "qty": null, "ts": "23:30:48"}
[23:30:51] t=1057 jev INF E2 HOLD (预算保护 gate=False e2=4)
[23:30:51] t=1057 MOVE raid x2 -> (104,92)
[23:30:51] {"kind": "action", "what": "attack_move", "name": null, "qty": null, "ts": "23:30:51"}
[23:30:53] t=1061 jev INF E2 HOLD (预算保护 gate=False e2=4)
[23:30:53] t=1061 MOVE raid x2 -> (104,91)
[23:30:53] {"kind": "action", "what": "attack_move", "name": null, "qty": null, "ts": "23:30:53"}
[23:30:55] t=1064 jev INF E2 HOLD (预算保护 gate=False e2=4)
[23:30:55] t=1064 MOVE raid x2 -> (103,90)
[23:30:55] {"kind": "action", "what": "attack_move", "name": null, "qty": null, "ts": "23:30:55"}
[23:30:56] t=1066 jev INF E2 HOLD (预算保护 gate=False e2=4)
[23:30:56] t=1066 MOVE raid x2 -> (104,89); assault x5 -> (70,117)
[23:30:56] {"kind": "action", "what": "attack_move", "name": null, "qty": null, "ts": "23:30:56"}
[23:30:56] {"kind": "action", "what": "attack_move", "name": null, "qty": null, "ts": "23:30:56"}
[23:30:58] t=1068 jev INF E2 HOLD (预算保护 gate=False e2=4)
[23:30:58] t=1068 jev VEH HTNK (conf 0.35)
[23:30:58] {"kind": "action", "what": "produce", "name": "HTNK", "qty": 1, "ts": "23:30:58"}
[23:30:58] t=1068 MOVE raid x2 -> (105,88)
[23:30:58] {"kind": "action", "what": "attack_move", "name": null, "qty": null, "ts": "23:30:58"}
[23:30:59] t=1070 jev INF E2 HOLD (预算保护 gate=False e2=4)
[23:30:59] t=1070 MOVE raid x2 -> (106,87)
[23:30:59] {"kind": "action", "what": "attack_move", "name": null, "qty": null, "ts": "23:30:59"}
[23:31:01] t=1072 jev INF E2 HOLD (预算保护 gate=False e2=4)
[23:31:01] t=1072 MOVE raid x2 -> (107,86)
[23:31:01] {"kind": "action", "what": "attack_move", "name": null, "qty": null, "ts": "23:31:01"}
[23:31:02] t=1074 jev INF E2 HOLD (预算保护 gate=False e2=4)
[23:31:02] t=1074 MOVE raid x2 -> (109,84)
[23:31:02] {"kind": "action", "what": "attack_move", "name": null, "qty": null, "ts": "23:31:02"}
[23:31:02] t=1074 tick#525 credits=120 stance=defend | jev 525 decisions p50=828ms
[23:31:05] t=1078 jev INF E2 HOLD (预算保护 gate=False e2=4)
[23:31:05] t=1078 MOVE raid x2 -> (70,117)
[23:31:05] {"kind": "action", "what": "attack_move", "name": null, "qty": null, "ts": "23:31:05"}
[23:31:10] t=1084 MOVE assault x6 -> (70,117)
[23:31:10] {"kind": "action", "what": "attack_move", "name": null, "qty": null, "ts": "23:31:10"}
[23:31:16] t=1094 ESCORT 坦克#2257 -> 护航矿车@[128, 104]
[23:31:16] {"kind": "action", "what": "attack_move", "name": null, "qty": null, "ts": "23:31:16"}
[23:31:18] t=1096 ALARM 单位损失 -> TURTLE (13 v 28, 守塔阵不打野战)
[23:31:18] {"kind": "action", "what": "attack_move", "name": null, "qty": null, "ts": "23:31:18"}
[23:31:26] t=1106 jev INF E2 (conf 0.24)
[23:31:26] {"kind": "action", "what": "produce", "name": "E2", "qty": 1, "ts": "23:31:26"}
[23:31:26] t=1106 MOVE assault x5 -> (70,117)
[23:31:26] {"kind": "action", "what": "attack_move", "name": null, "qty": null, "ts": "23:31:26"}
[23:31:31] t=1112 jev INF E2 HOLD (预算保护 gate=False e2=5)
[23:31:31] t=1112 MOVE hold_a x2 -> (132,92); hold_b x2 -> (121,73)
[23:31:31] {"kind": "action", "what": "attack_move", "name": null, "qty": null, "ts": "23:31:31"}
[23:31:31] {"kind": "action", "what": "attack_move", "name": null, "qty": null, "ts": "23:31:31"}
[23:31:32] t=1114 jev INF E2 HOLD (预算保护 gate=False e2=5)
[23:31:34] t=1116 jev INF E2 HOLD (预算保护 gate=False e2=5)
[23:31:35] t=1118 jev INF E2 HOLD (预算保护 gate=False e2=5)
[23:31:37] t=1120 jev INF E2 HOLD (预算保护 gate=False e2=5)
[23:31:37] t=1120 MOVE raid x2 -> (70,117)
[23:31:37] {"kind": "action", "what": "attack_move", "name": null, "qty": null, "ts": "23:31:37"}
[23:31:38] t=1122 jev INF E2 HOLD (预算保护 gate=False e2=5)
[23:31:40] t=1124 jev INF E2 HOLD (预算保护 gate=False e2=5)
[23:31:40] t=1124 MOVE assault x5 -> (70,117)
[23:31:40] {"kind": "action", "what": "attack_move", "name": null, "qty": null, "ts": "23:31:40"}
[23:31:40] t=1124 tick#550 credits=565 stance=defend | jev 550 decisions p50=828ms
[23:31:41] t=1126 jev BUILD NAHAND HOLD (资金闸门: 坦克优先, cash=515)
[23:31:41] t=1126 jev INF E2 HOLD (预算保护 gate=False e2=5)
[23:31:43] t=1128 jev INF E2 HOLD (预算保护 gate=False e2=5)
[23:31:44] t=1130 jev INF E2 HOLD (预算保护 gate=False e2=5)
[23:31:46] t=1132 jev INF E2 HOLD (预算保护 gate=False e2=5)
[23:31:46] t=1132 jev VEH HTNK (conf 0.45)
[23:31:46] {"kind": "action", "what": "produce", "name": "HTNK", "qty": 1, "ts": "23:31:46"}
[23:31:47] t=1134 jev INF E2 HOLD (预算保护 gate=False e2=5)
[23:31:48] t=1136 ESCORT 坦克#2279 -> 护航矿车@[126, 103]
[23:31:48] {"kind": "action", "what": "attack_move", "name": null, "qty": null, "ts": "23:31:48"}
[23:31:49] t=1136 jev INF E2 HOLD (预算保护 gate=False e2=5)
[23:31:49] t=1138 RETREAT E2(11%)
[23:31:49] {"kind": "action", "what": "move", "name": null, "qty": null, "ts": "23:31:49"}
[23:31:50] t=1138 jev INF E2 HOLD (预算保护 gate=False e2=5)
[23:31:51] t=1140 ALARM 单位损失 -> TURTLE (14 v 28, 守塔阵不打野战)
[23:31:51] {"kind": "action", "what": "attack_move", "name": null, "qty": null, "ts": "23:31:51"}
[23:31:52] t=1140 jev INF E2 HOLD (预算保护 gate=False e2=4)
[23:31:53] t=1142 jev INF E2 HOLD (预算保护 gate=False e2=4)
[23:31:55] t=1144 jev INF E2 HOLD (预算保护 gate=False e2=4)
[23:31:56] t=1146 jev INF E2 HOLD (预算保护 gate=False e2=4)
[23:31:58] t=1148 jev INF E2 HOLD (预算保护 gate=False e2=4)
[23:31:59] t=1150 MOVE assault x6 -> (70,117); reserve x3 -> (134,87)
[23:31:59] {"kind": "action", "what": "attack_move", "name": null, "qty": null, "ts": "23:31:59"}
[23:31:59] {"kind": "action", "what": "attack_move", "name": null, "qty": null, "ts": "23:31:59"}
[23:32:01] t=1154 RETREAT E2(36%)
[23:32:01] {"kind": "action", "what": "move", "name": null, "qty": null, "ts": "23:32:01"}
[23:32:07] t=1160 MOVE raid x2 -> (70,117)
[23:32:07] {"kind": "action", "what": "attack_move", "name": null, "qty": null, "ts": "23:32:07"}
[23:32:11] t=1166 jev INF E2 (conf 0.21)
[23:32:11] {"kind": "action", "what": "produce", "name": "E2", "qty": 1, "ts": "23:32:11"}
[23:32:11] t=1166 MOVE assault x6 -> (70,117)
[23:32:11] {"kind": "action", "what": "attack_move", "name": null, "qty": null, "ts": "23:32:11"}
[23:32:16] t=1172 jev INF E2 HOLD (预算保护 gate=False e2=5)
[23:32:17] t=1174 jev INF E2 (conf 0.22)
[23:32:17] t=1174 tick#575 credits=1957 stance=defend | jev 575 decisions p50=825ms
[23:32:18] t=1176 ESCORT 坦克#2014 -> 护航矿车@[128, 104]
[23:32:18] {"kind": "action", "what": "attack_move", "name": null, "qty": null, "ts": "23:32:18"}
[23:32:19] t=1176 jev INF E2 (conf 0.23)
[23:32:20] t=1178 jev INF E2 (conf 0.16)
[23:32:23] t=1180 jev INF E2 (conf 0.12)
[23:32:24] t=1183 jev INF E2 (conf 0.13)
[23:32:24] t=1183 MOVE assault x6 -> (70,117)
[23:32:24] {"kind": "action", "what": "attack_move", "name": null, "qty": null, "ts": "23:32:24"}
[23:32:26] t=1185 jev INF E2 (conf 0.18)
[23:32:26] t=1187 HARASS DRON x2 (have 1)
[23:32:26] {"kind": "action", "what": "produce", "name": "DRON", "qty": 2, "ts": "23:32:26"}
[23:32:27] t=1187 jev INF E2 (conf 0.13)
[23:32:27] t=1187 ATTACK (tanks=6)
[23:32:27] t=1187 MOVE guard x2 -> (137,82)
[23:32:27] {"kind": "action", "what": "attack_move", "name": null, "qty": null, "ts": "23:32:27"}
[23:32:28] t=1189 jev INF E2 (conf 0.16)
[23:32:30] t=1191 jev INF E2 (conf 0.15)
[23:32:31] t=1193 RETREAT HTNK(37%)
[23:32:31] {"kind": "action", "what": "move", "name": null, "qty": null, "ts": "23:32:31"}
[23:32:31] t=1193 jev INF E2 (conf 0.16)
[23:32:31] t=1193 MOVE hold_a x2 -> (132,92); hold_b x2 -> (121,73)
[23:32:32] {"kind": "action", "what": "attack_move", "name": null, "qty": null, "ts": "23:32:32"}
[23:32:32] {"kind": "action", "what": "attack_move", "name": null, "qty": null, "ts": "23:32:32"}
[23:32:33] t=1195 jev INF E2 (conf 0.19)
[23:32:34] t=1197 jev INF E2 (conf 0.18)
[23:32:35] t=1199 ALARM 单位损失 -> 攻势保持（塔阵守家, 前线 14 个单位继续进攻）
[23:32:36] t=1199 jev INF SHK (conf 0.13)
[23:32:36] {"kind": "action", "what": "produce", "name": "SHK", "qty": 1, "ts": "23:32:36"}
[23:32:36] t=1199 MOVE assault x6 -> (70,117)
[23:32:36] {"kind": "action", "what": "attack_move", "name": null, "qty": null, "ts": "23:32:36"}
[23:32:37] t=1201 RETREAT E2(33%)
[23:32:37] {"kind": "action", "what": "move", "name": null, "qty": null, "ts": "23:32:37"}
[23:32:38] t=1201 MOVE raid x2 -> (70,117)
[23:32:38] {"kind": "action", "what": "attack_move", "name": null, "qty": null, "ts": "23:32:38"}
[23:32:38] t=1203 ALARM 单位损失 -> 攻势保持（塔阵守家, 前线 14 个单位继续进攻）
[23:32:46] t=1213 RETREAT E2(26%)
[23:32:46] {"kind": "action", "what": "move", "name": null, "qty": null, "ts": "23:32:46"}
[23:32:47] t=1215 ALARM 单位损失 -> 攻势保持（塔阵守家, 前线 13 个单位继续进攻）
[23:32:48] t=1215 MOVE assault x5 -> (70,117)
[23:32:48] {"kind": "action", "what": "attack_move", "name": null, "qty": null, "ts": "23:32:48"}
[23:32:50] t=1217 jev VEH HTNK (conf 0.45)
[23:32:50] {"kind": "action", "what": "produce", "name": "HTNK", "qty": 1, "ts": "23:32:50"}
[23:32:51] t=1219 jev INF E2 HOLD (预算保护 gate=False e2=2)
[23:32:52] t=1221 jev INF E2 HOLD (预算保护 gate=False e2=2)
[23:32:54] t=1223 jev INF E2 HOLD (预算保护 gate=False e2=2)
[23:32:55] t=1225 jev INF E2 HOLD (预算保护 gate=False e2=2)
[23:32:55] t=1225 tick#600 credits=167 stance=attack | jev 600 decisions p50=819ms
[23:32:57] t=1227 jev INF E2 HOLD (预算保护 gate=False e2=2)
[23:32:57] t=1227 MOVE guard x2 -> (137,82)
[23:32:57] {"kind": "action", "what": "attack_move", "name": null, "qty": null, "ts": "23:32:57"}
[23:33:00] t=1231 jev INF SHK HOLD (预算保护 gate=False e2=2)
[23:33:00] t=1231 MOVE reserve x2 -> (134,87)
[23:33:00] {"kind": "action", "what": "attack_move", "name": null, "qty": null, "ts": "23:33:00"}
[23:33:01] t=1233 MOVE assault x6 -> (70,117)
[23:33:01] {"kind": "action", "what": "attack_move", "name": null, "qty": null, "ts": "23:33:01"}
[23:33:08] t=1241 MOVE raid x2 -> (70,117)
[23:33:08] {"kind": "action", "what": "attack_move", "name": null, "qty": null, "ts": "23:33:08"}
[23:33:10] t=1245 RETREAT HTNK(34%)
[23:33:10] {"kind": "action", "what": "move", "name": null, "qty": null, "ts": "23:33:10"}
[23:33:13] t=1249 RETREAT SHK(27%)
[23:33:13] {"kind": "action", "what": "move", "name": null, "qty": null, "ts": "23:33:13"}
[23:33:14] t=1249 MOVE assault x6 -> (70,117)
[23:33:14] {"kind": "action", "what": "attack_move", "name": null, "qty": null, "ts": "23:33:14"}
[23:33:14] t=1251 ALARM 单位损失 -> 攻势保持（塔阵守家, 前线 14 个单位继续进攻）
[23:33:17] t=1255 RETREAT E2(36%)
[23:33:17] {"kind": "action", "what": "move", "name": null, "qty": null, "ts": "23:33:17"}
[23:33:18] t=1255 jev STANCE attack->defend (conf 0.45)
[23:33:18] t=1255 ATTACK (tanks=6)
[23:33:20] t=1257 jev STANCE attack->defend (conf 0.46)
[23:33:20] t=1257 ATTACK (tanks=6)
[23:33:20] t=1259 ALARM 单位损失 -> 攻势保持（塔阵守家, 前线 13 个单位继续进攻）
[23:33:25] t=1265 RETREAT HTNK(39%)
[23:33:25] {"kind": "action", "what": "move", "name": null, "qty": null, "ts": "23:33:25"}
[23:33:27] t=1265 MOVE assault x5 -> (70,117)
[23:33:27] {"kind": "action", "what": "attack_move", "name": null, "qty": null, "ts": "23:33:27"}
[23:33:28] t=1269 MOVE guard x2 -> (137,82)
[23:33:28] {"kind": "action", "what": "attack_move", "name": null, "qty": null, "ts": "23:33:28"}
[23:33:32] t=1275 ALARM 单位损失 -> 攻势保持（塔阵守家, 前线 12 个单位继续进攻）
[23:33:32] t=1275 jev INF E2 HOLD (预算保护 gate=False e2=1)
[23:33:32] t=1275 jev STANCE attack->defend (conf 0.52)
[23:33:34] t=1277 jev INF E2 HOLD (预算保护 gate=False e2=1)
[23:33:34] t=1277 tick#625 credits=409 stance=defend | jev 625 decisions p50=817ms
[23:33:36] t=1279 jev INF E2 HOLD (预算保护 gate=False e2=1)
[23:33:36] t=1281 RETREAT E2(14%)
[23:33:36] {"kind": "action", "what": "move", "name": null, "qty": null, "ts": "23:33:36"}
[23:33:37] t=1281 jev INF E2 HOLD (预算保护 gate=False e2=1)
[23:33:38] t=1283 ALARM 单位损失 -> TURTLE (11 v 20, 守塔阵不打野战)
[23:33:38] {"kind": "action", "what": "attack_move", "name": null, "qty": null, "ts": "23:33:38"}
[23:33:39] t=1283 jev INF E2 HOLD (预算保护 gate=False e2=0)
[23:33:40] t=1285 jev INF E2 HOLD (预算保护 gate=False e2=0)
[23:33:42] t=1287 jev INF E2 HOLD (预算保护 gate=False e2=0)
[23:33:43] t=1289 jev INF E2 HOLD (预算保护 gate=False e2=0)
[23:33:45] t=1291 jev INF E2 HOLD (预算保护 gate=False e2=0)
[23:33:46] t=1293 MOVE raid x2 -> (70,117); assault x6 -> (70,117)
[23:33:46] {"kind": "action", "what": "attack_move", "name": null, "qty": null, "ts": "23:33:46"}
[23:33:46] {"kind": "action", "what": "attack_move", "name": null, "qty": null, "ts": "23:33:46"}
[23:33:48] t=1297 TANK HTNK x1
[23:33:48] {"kind": "action", "what": "produce", "name": "HTNK", "qty": 1, "ts": "23:33:48"}
[23:33:49] t=1297 jev INF E2 (conf 0.16)
[23:33:49] {"kind": "action", "what": "produce", "name": "E2", "qty": 1, "ts": "23:33:49"}
[23:33:49] t=1297 ATTACK (tanks=6)
[23:33:51] t=1301 ALARM 单位损失 -> 攻势保持（塔阵守家, 前线 12 个单位继续进攻）
[23:33:52] t=1301 jev STANCE attack->defend (conf 0.48)
[23:33:52] t=1301 ATTACK (tanks=6)
[23:33:55] t=1303 jev INF E2 HOLD (预算保护 gate=False e2=1)
[23:33:55] t=1303 jev STANCE attack->defend (conf 0.45)
[23:33:55] t=1303 ATTACK (tanks=6)
[23:33:55] t=1306 ESCORT 坦克#2014 -> 护航矿车@[128, 104]
[23:33:55] {"kind": "action", "what": "attack_move", "name": null, "qty": null, "ts": "23:33:55"}
[23:33:56] t=1306 jev INF E2 HOLD (预算保护 gate=False e2=1)
[23:33:58] t=1308 jev INF E2 HOLD (预算保护 gate=False e2=1)
[23:33:58] t=1308 jev STANCE attack->defend (conf 0.49)
[23:33:58] t=1308 ATTACK (tanks=6)
[23:33:59] t=1310 jev INF E2 HOLD (预算保护 gate=False e2=1)
[23:33:59] t=1310 MOVE assault x5 -> (70,117); guard x2 -> (137,82)
[23:33:59] {"kind": "action", "what": "attack_move", "name": null, "qty": null, "ts": "23:33:59"}
[23:33:59] {"kind": "action", "what": "attack_move", "name": null, "qty": null, "ts": "23:33:59"}
[23:34:01] t=1312 jev INF E2 HOLD (预算保护 gate=False e2=1)
[23:34:01] t=1314 ALARM 单位损失 -> 攻势保持（塔阵守家, 前线 12 个单位继续进攻）
[23:34:02] t=1314 jev BUILD NAHAND HOLD (资金闸门: 坦克优先, cash=587)
[23:34:02] t=1314 jev INF E2 HOLD (预算保护 gate=False e2=1)
[23:34:04] t=1316 jev INF E2 HOLD (预算保护 gate=False e2=1)
[23:34:04] t=1318 ALARM 单位损失 -> 攻势保持（塔阵守家, 前线 11 个单位继续进攻）
[23:34:05] t=1318 jev INF E2 HOLD (预算保护 gate=False e2=1)
[23:34:07] t=1320 jev INF E2 HOLD (预算保护 gate=False e2=1)
[23:34:08] t=1322 jev INF E2 HOLD (预算保护 gate=False e2=1)
[23:34:10] t=1324 jev INF E2 HOLD (预算保护 gate=False e2=1)
[23:34:11] t=1326 jev INF E2 HOLD (预算保护 gate=False e2=1)
[23:34:11] t=1326 jev STANCE attack->defend (conf 0.45)
[23:34:11] t=1326 MOVE assault x5 -> (70,117)
[23:34:11] {"kind": "action", "what": "attack_move", "name": null, "qty": null, "ts": "23:34:11"}
[23:34:13] t=1328 jev INF E2 HOLD (预算保护 gate=False e2=1)
[23:34:13] t=1328 tick#650 credits=235 stance=defend | jev 650 decisions p50=817ms
[23:34:14] t=1330 jev INF E2 HOLD (预算保护 gate=False e2=1)
[23:34:16] t=1332 jev INF E2 HOLD (预算保护 gate=False e2=1)
[23:34:17] t=1334 jev INF E2 HOLD (预算保护 gate=False e2=1)
[23:34:17] t=1334 jev VEH HTNK (conf 0.42)
[23:34:17] {"kind": "action", "what": "produce", "name": "HTNK", "qty": 1, "ts": "23:34:17"}
[23:34:17] t=1334 MOVE raid x2 -> (70,117)
[23:34:17] {"kind": "action", "what": "attack_move", "name": null, "qty": null, "ts": "23:34:17"}
[23:34:19] t=1336 jev INF E2 HOLD (预算保护 gate=False e2=1)
[23:34:23] t=1342 MOVE assault x6 -> (70,117)
[23:34:23] {"kind": "action", "what": "attack_move", "name": null, "qty": null, "ts": "23:34:23"}
[23:34:25] t=1346 ESCORT 坦克#2738 -> 护航矿车@[130, 116]
[23:34:25] {"kind": "action", "what": "attack_move", "name": null, "qty": null, "ts": "23:34:25"}
[23:34:35] t=1358 MOVE assault x6 -> (70,117)
[23:34:35] {"kind": "action", "what": "attack_move", "name": null, "qty": null, "ts": "23:34:35"}
[23:34:49] t=1376 MOVE raid x2 -> (70,117); assault x6 -> (70,117)
[23:34:49] {"kind": "action", "what": "attack_move", "name": null, "qty": null, "ts": "23:34:49"}
[23:34:49] {"kind": "action", "what": "attack_move", "name": null, "qty": null, "ts": "23:34:49"}
[23:34:50] t=1378 tick#675 credits=0 stance=defend | jev 675 decisions p50=817ms
[23:34:53] t=1382 jev INF E2 HOLD (预算保护 gate=False e2=1)
[23:35:01] t=1393 MOVE assault x6 -> (70,117)
[23:35:01] {"kind": "action", "what": "attack_move", "name": null, "qty": null, "ts": "23:35:01"}
[23:35:09] t=1405 RETREAT HTNK(39%)
[23:35:09] {"kind": "action", "what": "move", "name": null, "qty": null, "ts": "23:35:09"}
[23:35:14] t=1411 ESCORT 坦克#2220 -> 护航矿车@[126, 103]
[23:35:14] {"kind": "action", "what": "attack_move", "name": null, "qty": null, "ts": "23:35:14"}
[23:35:15] t=1411 MOVE assault x6 -> (70,117)
[23:35:15] {"kind": "action", "what": "attack_move", "name": null, "qty": null, "ts": "23:35:15"}
[23:35:19] t=1417 MOVE raid x2 -> (70,117)
[23:35:19] {"kind": "action", "what": "attack_move", "name": null, "qty": null, "ts": "23:35:19"}
[23:35:28] t=1429 MOVE assault x6 -> (70,117)
[23:35:28] {"kind": "action", "what": "attack_move", "name": null, "qty": null, "ts": "23:35:28"}
[23:35:28] t=1429 tick#700 credits=1175 stance=defend | jev 700 decisions p50=817ms
[23:35:40] t=1445 MOVE assault x6 -> (70,117)
[23:35:40] {"kind": "action", "what": "attack_move", "name": null, "qty": null, "ts": "23:35:40"}
[23:35:43] t=1449 jev VEH HTNK (conf 0.41)
[23:35:43] {"kind": "action", "what": "produce", "name": "HTNK", "qty": 1, "ts": "23:35:43"}
[23:35:43] t=1449 ATTACK (tanks=6)
[23:35:43] t=1449 MOVE guard x2 -> (137,82)
[23:35:43] {"kind": "action", "what": "attack_move", "name": null, "qty": null, "ts": "23:35:43"}
[23:35:48] t=1457 ESCORT 坦克#2220 -> 护航矿车@[120, 106]
[23:35:49] {"kind": "action", "what": "attack_move", "name": null, "qty": null, "ts": "23:35:49"}
[23:35:49] t=1457 jev INF E2 HOLD (预算保护 gate=False e2=1)
[23:35:49] t=1457 MOVE raid x2 -> (70,117)
[23:35:49] {"kind": "action", "what": "attack_move", "name": null, "qty": null, "ts": "23:35:49"}
[23:35:51] t=1459 jev INF E2 HOLD (预算保护 gate=False e2=1)
[23:35:52] t=1461 jev INF E2 HOLD (预算保护 gate=False e2=1)
[23:35:54] t=1463 jev INF E2 HOLD (预算保护 gate=False e2=1)
[23:35:54] t=1463 MOVE assault x5 -> (70,117)
[23:35:54] {"kind": "action", "what": "attack_move", "name": null, "qty": null, "ts": "23:35:54"}
[23:35:55] t=1465 jev INF E2 HOLD (预算保护 gate=False e2=1)
[23:36:06] t=1479 MOVE assault x5 -> (70,117)
[23:36:06] {"kind": "action", "what": "attack_move", "name": null, "qty": null, "ts": "23:36:06"}
[23:36:06] t=1479 tick#725 credits=0 stance=attack | jev 725 decisions p50=819ms
[23:36:15] t=1491 MOVE guard x2 -> (137,82)
[23:36:15] {"kind": "action", "what": "attack_move", "name": null, "qty": null, "ts": "23:36:15"}
[23:36:18] t=1495 MOVE assault x5 -> (70,117)
[23:36:18] {"kind": "action", "what": "attack_move", "name": null, "qty": null, "ts": "23:36:18"}
[23:36:19] t=1497 ESCORT 坦克#2220 -> 护航矿车@[120, 132]
[23:36:19] {"kind": "action", "what": "attack_move", "name": null, "qty": null, "ts": "23:36:19"}
[23:36:21] t=1499 MOVE raid x2 -> (70,117)
[23:36:21] {"kind": "action", "what": "attack_move", "name": null, "qty": null, "ts": "23:36:21"}
[23:36:31] t=1513 MOVE assault x5 -> (70,117)
[23:36:31] {"kind": "action", "what": "attack_move", "name": null, "qty": null, "ts": "23:36:31"}
[23:36:34] t=1517 jev INF E2 HOLD (预算保护 gate=False e2=1)
[23:36:40] t=1523 jev VEH HTNK (conf 0.41)
[23:36:40] {"kind": "action", "what": "produce", "name": "HTNK", "qty": 1, "ts": "23:36:40"}
[23:36:44] t=1530 MOVE assault x6 -> (70,117)
[23:36:44] {"kind": "action", "what": "attack_move", "name": null, "qty": null, "ts": "23:36:44"}
[23:36:44] t=1530 tick#750 credits=162 stance=attack | jev 750 decisions p50=820ms
[23:36:46] t=1532 MOVE guard x2 -> (137,82)
[23:36:46] {"kind": "action", "what": "attack_move", "name": null, "qty": null, "ts": "23:36:46"}
[23:36:49] t=1538 ESCORT 坦克#2220 -> 护航矿车@[117, 133]
[23:36:49] {"kind": "action", "what": "attack_move", "name": null, "qty": null, "ts": "23:36:49"}
[23:36:52] t=1540 MOVE raid x2 -> (67,118); assault x6 -> (67,118)
[23:36:52] {"kind": "action", "what": "attack_move", "name": null, "qty": null, "ts": "23:36:52"}
[23:36:52] {"kind": "action", "what": "attack_move", "name": null, "qty": null, "ts": "23:36:52"}
[23:36:52] t=1542 RETREAT E2(26%)
[23:36:53] {"kind": "action", "what": "move", "name": null, "qty": null, "ts": "23:36:53"}
[23:37:04] t=1556 jev INF SHK (conf 0.18)
[23:37:04] {"kind": "action", "what": "produce", "name": "SHK", "qty": 1, "ts": "23:37:04"}
[23:37:04] t=1556 MOVE assault x6 -> (67,118)
[23:37:04] {"kind": "action", "what": "attack_move", "name": null, "qty": null, "ts": "23:37:04"}
[23:37:16] t=1572 MOVE assault x6 -> (67,118); guard x2 -> (137,82)
[23:37:16] {"kind": "action", "what": "attack_move", "name": null, "qty": null, "ts": "23:37:16"}
[23:37:16] {"kind": "action", "what": "attack_move", "name": null, "qty": null, "ts": "23:37:16"}
[23:37:19] t=1576 MOVE raid x2 -> (75,120); assault x6 -> (75,120); reserve x1 -> (134,87)
[23:37:19] {"kind": "action", "what": "attack_move", "name": null, "qty": null, "ts": "23:37:19"}
[23:37:19] {"kind": "action", "what": "attack_move", "name": null, "qty": null, "ts": "23:37:19"}
[23:37:19] {"kind": "action", "what": "attack_move", "name": null, "qty": null, "ts": "23:37:19"}
[23:37:20] t=1578 ESCORT 坦克#2991 -> 护航矿车@[120, 108]
[23:37:20] {"kind": "action", "what": "attack_move", "name": null, "qty": null, "ts": "23:37:20"}
[23:37:22] t=1580 jev INF SHK HOLD (预算保护 gate=False e2=1)
[23:37:22] t=1580 tick#775 credits=15 stance=attack | jev 775 decisions p50=819ms
[23:37:31] t=1592 MOVE assault x6 -> (75,120)
[23:37:31] {"kind": "action", "what": "attack_move", "name": null, "qty": null, "ts": "23:37:31"}
[23:37:38] t=1602 ALARM 单位损失 -> 攻势保持（塔阵守家, 前线 13 个单位继续进攻）
[23:37:44] t=1610 MOVE assault x6 -> (75,120)
[23:37:44] {"kind": "action", "what": "attack_move", "name": null, "qty": null, "ts": "23:37:44"}
[23:37:46] t=1612 MOVE guard x2 -> (137,82)
[23:37:46] {"kind": "action", "what": "attack_move", "name": null, "qty": null, "ts": "23:37:46"}
[23:37:51] t=1616 MOVE raid x2 -> (75,120)
[23:37:51] {"kind": "action", "what": "attack_move", "name": null, "qty": null, "ts": "23:37:51"}
[23:37:55] t=1624 MOVE raid x2 -> (69,122); assault x6 -> (69,122)
[23:37:55] {"kind": "action", "what": "attack_move", "name": null, "qty": null, "ts": "23:37:55"}
[23:37:55] {"kind": "action", "what": "attack_move", "name": null, "qty": null, "ts": "23:37:55"}
[23:37:55] t=1626 HARASS DRON x2 (have 1)
[23:37:55] {"kind": "action", "what": "produce", "name": "DRON", "qty": 2, "ts": "23:37:55"}
[23:37:59] t=1630 MOVE raid x2 -> (80,124); assault x7 -> (80,124)
[23:37:59] {"kind": "action", "what": "attack_move", "name": null, "qty": null, "ts": "23:37:59"}
[23:37:59] {"kind": "action", "what": "attack_move", "name": null, "qty": null, "ts": "23:37:59"}
[23:38:01] t=1632 tick#800 credits=956 stance=attack | jev 800 decisions p50=819ms
[2026-09-29 23:38:04] {"kind": "report", "result": "victory", "t": 1638, "ticks": 803, "crisis_ticks": 45, "stance": "attack", "jev": {"decisions": 802, "errors": 0, "input_tokens": 2655710, "output_tokens": 195828, "p50_ms": 817, "p95_ms": 1050}, "enemy_base": [80, 124], "ts": "2026-09-29 23:38:04"}
[23:38:05] REVIEW game#45 victory → game-0045-review.md | changes=0
{
  "result": "victory",
  "t": 1638,
  "ticks": 803,
  "crisis_ticks": 45,
  "stance": "attack",
  "jev": {
    "decisions": 802,
    "errors": 0,
    "input_tokens": 2655710,
    "output_tokens": 195828,
    "p50_ms": 817,
    "p95_ms": 1050
  },
  "enemy_base": [
    80,
    124
  ],
  "ts": "2026-09-29 23:38:04",
  "review": {
    "game_no": 45,
    "rootcause": "timing",
    "auto_tuned": 0
  }
}
