[22:27:10] 进局中(全自动)...
[22:27:32] {"kind": "start", "policy": "ra2web-jev-player/1.0", "maxDecisions": 1200, "micro": {"events": [{"kind": "micro", "t": 5, "what": "start"}], "loopN": 1, "on": true, "outcome": null, "stall": false}, "ts": "22:27:32"}
[22:27:32] === ra2web-jev-player start (tick=1.5s, max_decisions=1200) ===
[22:27:32] t=5 DEPLOY mcv
[22:27:32] {"kind": "action", "what": "deploy", "ids": [1042], "ts": "22:27:32"}
[22:27:32] {"kind": "action", "what": "deploy", "name": null, "qty": null, "ts": "22:27:32"}
[22:27:33] t=11 POWER plant (reserve 0)
[22:27:33] {"kind": "action", "what": "produce", "name": "NAPOWR", "qty": 1, "ts": "22:27:33"}
[22:27:34] t=11 jev STANCE defend->develop (conf 0.91)
[22:27:45] {"kind": "action", "what": "produce", "name": "NAREFN", "qty": 1, "ts": "22:27:45"}
[22:27:45] t=59 OPENING BUILD NAREFN
[22:28:09] t=152 tick#25 credits=7400 stance=develop | jev 25 decisions p50=860ms
[22:28:10] {"kind": "action", "what": "produce", "name": "NAHAND", "qty": 1, "ts": "22:28:10"}
[22:28:10] t=158 OPENING BUILD NAHAND
[22:28:16] t=182 DEFLINE NALASR (have 0)
[22:28:16] {"kind": "action", "what": "produce", "name": "NALASR", "qty": 1, "ts": "22:28:16"}
[22:28:16] {"kind": "action", "what": "produce", "name": "NAWEAP", "qty": 1, "ts": "22:28:16"}
[22:28:16] t=182 OPENING BUILD NAWEAP
[22:28:17] t=182 jev INF DOG (conf 0.28)
[22:28:17] {"kind": "action", "what": "produce", "name": "DOG", "qty": 1, "ts": "22:28:17"}
[22:28:19] t=194 SCOUT dog->mirror [66, 121]
[22:28:19] {"kind": "action", "what": "attack_move", "name": null, "qty": null, "ts": "22:28:19"}
[22:28:22] t=206 DEFLINE NALASR (have 1)
[22:28:23] t=212 DEFLINE NALASR (have 1)
[22:28:24] t=212 jev INF DOG (conf 0.22)
[22:28:25] t=218 DEFLINE NALASR (have 1)
[22:28:26] t=224 DEFLINE NALASR (have 1)
[22:28:28] t=230 DEFLINE NALASR (have 1)
[22:28:29] t=235 DEFLINE NALASR (have 1)
[22:28:31] t=241 DEFLINE NALASR (have 1)
[22:28:32] t=247 DEFLINE NALASR (have 1)
[22:28:34] t=253 DEFLINE NALASR (have 1)
[22:28:35] t=259 DEFLINE NALASR (have 1)
[22:28:37] t=265 DEFLINE NALASR (have 1)
[22:28:38] t=271 DEFLINE NALASR (have 1)
[22:28:40] t=277 ECON harv#2
[22:28:40] t=277 TANK HTNK x4
[22:28:40] t=277 INSURE AA building
[22:28:40] {"kind": "action", "what": "produce", "name": "HARV", "qty": 1, "ts": "22:28:40"}
[22:28:40] {"kind": "action", "what": "produce", "name": "HTNK", "qty": 4, "ts": "22:28:40"}
[22:28:40] {"kind": "action", "what": "produce", "name": "NAFLAK", "qty": 1, "ts": "22:28:40"}
[22:28:41] t=277 jev BUILD NAPOWR (conf 0.46)
[22:28:41] {"kind": "action", "what": "produce", "name": "NAPOWR", "qty": 1, "ts": "22:28:41"}
[22:28:47] t=303 tick#50 credits=4592 stance=develop | jev 50 decisions p50=843ms
[22:28:53] t=327 jev BUILD NAREFN (conf 0.30)
[22:28:53] {"kind": "action", "what": "produce", "name": "NAREFN", "qty": 1, "ts": "22:28:53"}
[22:28:59] t=351 DEFLINE NALASR (have 1)
[22:28:59] {"kind": "action", "what": "produce", "name": "NALASR", "qty": 1, "ts": "22:28:59"}
[22:29:04] t=372 SCOUT #1093->[14, 125] (敌影)
[22:29:04] {"kind": "action", "what": "attack_move", "name": null, "qty": null, "ts": "22:29:04"}
[22:29:21] t=437 MOVE assault x1 -> (137,82)
[22:29:21] {"kind": "action", "what": "attack_move", "name": null, "qty": null, "ts": "22:29:21"}
[22:29:28] t=465 tick#75 credits=622 stance=develop | jev 75 decisions p50=837ms
[22:29:34] t=489 MOVE assault x2 -> (137,82)
[22:29:34] {"kind": "action", "what": "attack_move", "name": null, "qty": null, "ts": "22:29:34"}
[22:29:40] t=515 TANK HTNK x2
[22:29:40] {"kind": "action", "what": "produce", "name": "HTNK", "qty": 2, "ts": "22:29:40"}
[22:29:40] t=515 SCOUT2 #1102->[66, 121]
[22:29:40] {"kind": "action", "what": "attack_move", "name": null, "qty": null, "ts": "22:29:40"}
[22:29:41] t=515 jev STANCE develop->rush (conf 0.60)
[22:29:41] t=515 MOVE assault x1 -> (66,121); guard x2 -> (137,82)
[22:29:41] {"kind": "action", "what": "attack_move", "name": null, "qty": null, "ts": "22:29:41"}
[22:29:41] {"kind": "action", "what": "attack_move", "name": null, "qty": null, "ts": "22:29:41"}
[22:29:47] t=545 ESCORT 坦克#1102 -> 护航矿车@[126, 103]
[22:29:47] {"kind": "action", "what": "attack_move", "name": null, "qty": null, "ts": "22:29:47"}
[22:29:48] t=545 MOVE assault x1 -> (88,112)
[22:29:48] {"kind": "action", "what": "attack_move", "name": null, "qty": null, "ts": "22:29:48"}
[22:29:49] t=551 MOVE assault x1 -> (66,121)
[22:29:50] {"kind": "action", "what": "attack_move", "name": null, "qty": null, "ts": "22:29:50"}
[22:29:53] t=569 ENEMY BASE spotted @[75, 118]
[22:29:54] t=569 jev INF SHK (conf 0.39)
[22:29:54] {"kind": "action", "what": "produce", "name": "SHK", "qty": 1, "ts": "22:29:54"}
[22:29:54] t=569 MOVE raid x2 -> (75,118); assault x2 -> (75,118)
[22:29:54] {"kind": "action", "what": "attack_move", "name": null, "qty": null, "ts": "22:29:54"}
[22:29:54] {"kind": "action", "what": "attack_move", "name": null, "qty": null, "ts": "22:29:54"}
[22:29:55] t=575 ALARM 单位损失 -> 攻势保持（塔阵守家, 前线 4 个单位继续进攻）
[22:30:00] t=593 jev INF SHK HOLD (预算保护 gate=False e2=0)
[22:30:00] t=593 jev VEH HTNK (conf 0.54)
[22:30:00] t=593 ATTACK (tanks=6)
[22:30:02] t=599 jev INF SHK HOLD (预算保护 gate=False e2=0)
[22:30:02] t=599 jev VEH HTNK (conf 0.49)
[22:30:02] t=599 jev STANCE attack->rush (conf 0.63)
[22:30:02] t=599 ATTACK (tanks=6)
[22:30:03] t=605 jev VEH HTNK (conf 0.62)
[22:30:05] t=611 jev INF SHK HOLD (预算保护 gate=False e2=0)
[22:30:05] t=611 jev VEH HTNK (conf 0.62)
[22:30:05] t=611 jev STANCE attack->rush (conf 0.52)
[22:30:05] t=611 ATTACK (tanks=6)
[22:30:06] t=617 jev INF SHK HOLD (预算保护 gate=False e2=0)
[22:30:06] t=617 jev VEH HTNK (conf 0.61)
[22:30:06] t=617 jev STANCE attack->rush (conf 0.55)
[22:30:06] {"kind": "action", "what": "produce", "name": "HTNK", "qty": 1, "ts": "22:30:06"}
[22:30:06] t=617 ATTACK (tanks=6)
[22:30:06] t=617 MOVE assault x2 -> (75,118)
[22:30:06] {"kind": "action", "what": "attack_move", "name": null, "qty": null, "ts": "22:30:06"}
[22:30:06] t=617 tick#100 credits=600 stance=attack | jev 100 decisions p50=835ms
[22:30:08] t=623 jev INF SHK HOLD (预算保护 gate=False e2=0)
[22:30:08] t=623 jev STANCE attack->rush (conf 0.46)
[22:30:08] t=623 ATTACK (tanks=6)
[22:30:09] t=629 jev INF SHK (conf 0.15)
[22:30:09] t=629 jev STANCE attack->rush (conf 0.45)
[22:30:09] t=629 ATTACK (tanks=6)
[22:30:09] t=629 MOVE raid x2 -> (87,124)
[22:30:09] {"kind": "action", "what": "attack_move", "name": null, "qty": null, "ts": "22:30:09"}
[22:30:11] t=635 jev INF DOG (conf 0.12)
[22:30:11] t=635 jev STANCE attack->rush (conf 0.45)
[22:30:11] {"kind": "action", "what": "produce", "name": "DOG", "qty": 1, "ts": "22:30:11"}
[22:30:11] t=635 ATTACK (tanks=6)
[22:30:11] t=635 MOVE raid x2 -> (89,117)
[22:30:11] {"kind": "action", "what": "attack_move", "name": null, "qty": null, "ts": "22:30:11"}
[22:30:12] t=641 jev STANCE attack->rush (conf 0.50)
[22:30:12] t=641 ATTACK (tanks=6)
[22:30:12] t=641 MOVE raid x2 -> (89,109); guard x2 -> (137,82)
[22:30:13] {"kind": "action", "what": "attack_move", "name": null, "qty": null, "ts": "22:30:13"}
[22:30:13] {"kind": "action", "what": "attack_move", "name": null, "qty": null, "ts": "22:30:13"}
[22:30:14] t=647 jev INF SHK (conf 0.25)
[22:30:14] t=647 MOVE raid x2 -> (93,104)
[22:30:14] {"kind": "action", "what": "attack_move", "name": null, "qty": null, "ts": "22:30:14"}
[22:30:16] t=653 jev INF SHK (conf 0.25)
[22:30:16] t=653 jev STANCE attack->rush (conf 0.55)
[22:30:16] t=653 ATTACK (tanks=6)
[22:30:16] t=653 MOVE raid x2 -> (96,102)
[22:30:16] {"kind": "action", "what": "attack_move", "name": null, "qty": null, "ts": "22:30:16"}
[22:30:17] t=663 HARASS DRON x2 (have 0)
[22:30:17] t=663 TANK HTNK x1
[22:30:17] {"kind": "action", "what": "produce", "name": "DRON", "qty": 2, "ts": "22:30:17"}
[22:30:18] t=663 jev INF SHK (conf 0.30)
[22:30:18] t=669 ESCORT 坦克#1133 -> 护航矿车@[126, 106]
[22:30:18] {"kind": "action", "what": "attack_move", "name": null, "qty": null, "ts": "22:30:18"}
[22:30:19] t=669 jev INF SHK (conf 0.29)
[22:30:19] {"kind": "action", "what": "produce", "name": "SHK", "qty": 1, "ts": "22:30:19"}
[22:30:19] t=669 MOVE raid x2 -> (93,104); assault x3 -> (75,118)
[22:30:19] {"kind": "action", "what": "attack_move", "name": null, "qty": null, "ts": "22:30:19"}
[22:30:19] {"kind": "action", "what": "attack_move", "name": null, "qty": null, "ts": "22:30:19"}
[22:30:21] t=675 MOVE raid x2 -> (89,107)
[22:30:21] {"kind": "action", "what": "attack_move", "name": null, "qty": null, "ts": "22:30:21"}
[22:30:22] t=681 MOVE raid x2 -> (90,109)
[22:30:22] {"kind": "action", "what": "attack_move", "name": null, "qty": null, "ts": "22:30:22"}
[22:30:23] t=687 RETREAT HTNK(12%)
[22:30:23] {"kind": "action", "what": "move", "name": null, "qty": null, "ts": "22:30:23"}
[22:30:24] t=693 ALARM 单位损失 -> 攻势保持（塔阵守家, 前线 10 个单位继续进攻）
[22:30:24] t=693 TANK HTNK x2
[22:30:25] t=693 jev INF SHK (conf 0.39)
[22:30:25] t=693 jev VEH HTNK (conf 0.65)
[22:30:25] t=693 MOVE raid x3 -> (90,108)
[22:30:25] {"kind": "action", "what": "attack_move", "name": null, "qty": null, "ts": "22:30:25"}
[22:30:26] t=699 ALARM 单位损失 -> 攻势保持（塔阵守家, 前线 9 个单位继续进攻）
[22:30:26] t=699 TANK HTNK x2
[22:30:28] t=699 jev INF SHK (conf 0.39)
[22:30:28] t=699 jev VEH HTNK (conf 0.64)
[22:30:28] t=699 jev STANCE attack->rush (conf 0.49)
[22:30:28] t=699 ATTACK (tanks=7)
[22:30:28] t=699 MOVE raid x2 -> (91,111)
[22:30:28] {"kind": "action", "what": "attack_move", "name": null, "qty": null, "ts": "22:30:28"}
[22:30:28] t=708 ALARM 单位损失 -> 攻势保持（塔阵守家, 前线 7 个单位继续进攻）
[22:30:28] t=708 TANK HTNK x2
[22:30:28] t=708 RETREAT HTNK(26%)
[22:30:28] {"kind": "action", "what": "move", "name": null, "qty": null, "ts": "22:30:28"}
[22:30:29] t=708 jev INF SHK (conf 0.36)
[22:30:29] t=708 jev VEH HTNK (conf 0.57)
[22:30:29] t=708 jev STANCE attack->rush (conf 0.64)
[22:30:29] t=708 ATTACK (tanks=6)
[22:30:29] t=708 MOVE raid x2 -> (89,110)
[22:30:29] {"kind": "action", "what": "attack_move", "name": null, "qty": null, "ts": "22:30:29"}
[22:30:29] t=714 ALARM 单位损失 -> 攻势保持（塔阵守家, 前线 6 个单位继续进攻）
[22:30:29] t=714 TANK HTNK x2
[22:30:29] t=714 RETREAT SHK(29%)
[22:30:30] {"kind": "action", "what": "move", "name": null, "qty": null, "ts": "22:30:30"}
[22:30:30] t=714 jev INF SHK (conf 0.40)
[22:30:30] t=714 jev VEH HTNK (conf 0.49)
[22:30:30] t=714 MOVE raid x2 -> (90,117)
[22:30:31] {"kind": "action", "what": "attack_move", "name": null, "qty": null, "ts": "22:30:31"}
[22:30:31] t=720 ALARM 单位损失 -> 攻势保持（塔阵守家, 前线 5 个单位继续进攻）
[22:30:31] t=720 HARASS DRON x2 (have 1)
[22:30:32] t=720 jev INF SHK (conf 0.21)
[22:30:32] t=720 jev VEH HTNK (conf 0.48)
[22:30:32] {"kind": "action", "what": "produce", "name": "HTNK", "qty": 1, "ts": "22:30:32"}
[22:30:32] t=720 MOVE raid x2 -> (89,123); assault x2 -> (75,118)
[22:30:32] {"kind": "action", "what": "attack_move", "name": null, "qty": null, "ts": "22:30:32"}
[22:30:32] {"kind": "action", "what": "attack_move", "name": null, "qty": null, "ts": "22:30:32"}
[22:30:32] t=726 RETREAT HTNK(13%)
[22:30:33] {"kind": "action", "what": "move", "name": null, "qty": null, "ts": "22:30:33"}
[22:30:33] t=726 jev INF SHK (conf 0.18)
[22:30:33] t=726 MOVE raid x2 -> (75,118)
[22:30:33] {"kind": "action", "what": "attack_move", "name": null, "qty": null, "ts": "22:30:33"}
[22:30:34] t=732 ALARM 单位损失 -> 攻势保持（塔阵守家, 前线 4 个单位继续进攻）
[22:30:35] t=732 jev INF SHK (conf 0.28)
[22:30:36] t=738 jev INF SHK (conf 0.25)
[22:30:38] t=744 jev INF SHK (conf 0.26)
[22:30:39] t=750 jev INF SHK (conf 0.25)
[22:30:41] t=756 jev INF SHK HOLD (预算保护 gate=False e2=0)
[22:30:41] t=756 MOVE raid x2 -> (89,122)
[22:30:41] {"kind": "action", "what": "attack_move", "name": null, "qty": null, "ts": "22:30:41"}
[22:30:42] t=762 jev INF SHK HOLD (预算保护 gate=False e2=0)
[22:30:42] t=762 jev VEH DRON (conf 0.34)
[22:30:42] {"kind": "action", "what": "produce", "name": "DRON", "qty": 1, "ts": "22:30:42"}
[22:30:42] t=762 MOVE raid x2 -> (89,114)
[22:30:42] {"kind": "action", "what": "attack_move", "name": null, "qty": null, "ts": "22:30:42"}
[22:30:44] t=768 jev INF SHK (conf 0.26)
[22:30:44] t=768 MOVE raid x2 -> (91,106)
[22:30:44] {"kind": "action", "what": "attack_move", "name": null, "qty": null, "ts": "22:30:44"}
[22:30:45] t=773 ALARM 单位损失 -> 攻势保持（塔阵守家, 前线 3 个单位继续进攻）
[22:30:45] t=773 jev INF SHK (conf 0.23)
[22:30:45] {"kind": "action", "what": "produce", "name": "SHK", "qty": 1, "ts": "22:30:45"}
[22:30:45] t=773 RECOVER (only 2 tanks)
[22:30:45] t=773 MOVE assault x2 -> (75,118)
[22:30:45] {"kind": "action", "what": "attack_move", "name": null, "qty": null, "ts": "22:30:45"}
[22:30:45] t=773 tick#125 credits=1578 stance=recover | jev 125 decisions p50=841ms
[22:30:46] {"kind": "action", "what": "produce", "name": "NAREFN", "qty": 1, "ts": "22:30:46"}
[22:30:46] t=779 OPENING BUILD NAREFN
[22:30:48] t=785 ALARM 单位损失 -> TURTLE (3 v 16, 守塔阵不打野战)
[22:30:48] {"kind": "action", "what": "attack_move", "name": null, "qty": null, "ts": "22:30:48"}
[22:30:48] t=785 HARASS DRON x2 (have 1)
[22:30:48] t=785 TANK HTNK x2
[22:30:49] t=785 jev VEH HTNK (conf 0.44)
[22:30:49] t=791 HARASS DRON x2 (have 1)
[22:30:49] t=791 TANK HTNK x1
[22:30:50] t=791 jev VEH HTNK (conf 0.43)
[22:30:51] t=797 HARASS DRON x2 (have 1)
[22:30:51] t=797 jev INF E2 (conf 0.13)
[22:30:51] t=797 jev VEH HTNK (conf 0.50)
[22:30:51] {"kind": "action", "what": "produce", "name": "E2", "qty": 1, "ts": "22:30:51"}
[22:30:52] t=803 HARASS DRON x2 (have 1)
[22:30:52] t=803 RETREAT DOG(17%)
[22:30:52] {"kind": "action", "what": "move", "name": null, "qty": null, "ts": "22:30:52"}
[22:30:53] t=803 jev VEH HTNK (conf 0.43)
[22:30:54] t=809 HARASS DRON x2 (have 1)
[22:30:54] t=809 jev INF DOG (conf 0.13)
[22:30:54] t=809 jev VEH HTNK (conf 0.36)
[22:30:55] {"kind": "action", "what": "produce", "name": "DOG", "qty": 1, "ts": "22:30:55"}
[22:30:55] t=815 HARASS DRON x2 (have 1)
[22:30:56] t=815 jev VEH HTNK (conf 0.35)
[22:30:56] t=815 MOVE raid x2 -> (118,89)
[22:30:56] {"kind": "action", "what": "attack_move", "name": null, "qty": null, "ts": "22:30:56"}
[22:30:57] t=821 ALARM 敌军逼近 -> TURTLE (4 v 15, 守塔阵不打野战)
[22:30:57] {"kind": "action", "what": "attack_move", "name": null, "qty": null, "ts": "22:30:57"}
[22:30:57] t=821 RETREAT SHK(30%)
[22:30:57] {"kind": "action", "what": "move", "name": null, "qty": null, "ts": "22:30:57"}
[22:30:58] t=821 jev INF SHK HOLD (预算保护 gate=False e2=1)
[22:30:58] t=821 jev VEH HTNK (conf 0.36)
[22:30:58] {"kind": "action", "what": "produce", "name": "HTNK", "qty": 1, "ts": "22:30:58"}
[22:30:59] t=827 jev INF E2 HOLD (预算保护 gate=False e2=1)
[22:31:00] t=833 jev INF E2 HOLD (预算保护 gate=False e2=1)
[22:31:03] t=845 RETREAT HTNK(10%)
[22:31:03] {"kind": "action", "what": "move", "name": null, "qty": null, "ts": "22:31:03"}
[22:31:06] t=851 MOVE assault x2 -> (75,118)
[22:31:06] {"kind": "action", "what": "attack_move", "name": null, "qty": null, "ts": "22:31:06"}
[22:31:07] t=862 RETREAT HTNK(23%)
[22:31:07] t=862 RETREAT E2(23%)
[22:31:07] {"kind": "action", "what": "move", "name": null, "qty": null, "ts": "22:31:07"}
[22:31:07] {"kind": "action", "what": "move", "name": null, "qty": null, "ts": "22:31:07"}
[22:31:09] t=868 jev INF E2 HOLD (预算保护 gate=False e2=0)
[22:31:11] t=874 jev INF E2 HOLD (预算保护 gate=False e2=0)
[22:31:12] t=880 jev INF E2 HOLD (预算保护 gate=False e2=0)
[22:31:25] t=930 tick#150 credits=0 stance=defend | jev 150 decisions p50=845ms
[22:31:25] t=936 HARASS DRON x2 (have 0)
[22:31:25] {"kind": "action", "what": "produce", "name": "DRON", "qty": 2, "ts": "22:31:25"}
[22:31:25] t=936 SCOUT #1741->[14, 142]
[22:31:25] {"kind": "action", "what": "attack_move", "name": null, "qty": null, "ts": "22:31:25"}
[22:31:26] t=936 jev INF E2 (conf 0.31)
[22:31:26] {"kind": "action", "what": "produce", "name": "E2", "qty": 1, "ts": "22:31:26"}
[22:31:29] t=948 jev INF E2 HOLD (预算保护 gate=False e2=1)
[22:31:29] t=948 MOVE assault x1 -> (75,118)
[22:31:29] {"kind": "action", "what": "attack_move", "name": null, "qty": null, "ts": "22:31:29"}
[22:31:31] t=954 jev INF E2 (conf 0.18)
[22:31:31] t=954 MOVE raid x2 -> (120,98)
[22:31:31] {"kind": "action", "what": "attack_move", "name": null, "qty": null, "ts": "22:31:31"}
[22:31:32] t=960 jev INF E2 HOLD (预算保护 gate=False e2=1)
[22:31:32] t=960 MOVE raid x2 -> (119,91)
[22:31:32] {"kind": "action", "what": "attack_move", "name": null, "qty": null, "ts": "22:31:32"}
[22:31:34] t=966 jev INF E2 HOLD (预算保护 gate=False e2=1)
[22:31:34] t=966 jev VEH DRON (conf 0.36)
[22:31:34] t=966 MOVE raid x2 -> (117,88)
[22:31:34] {"kind": "action", "what": "attack_move", "name": null, "qty": null, "ts": "22:31:34"}
[22:31:34] t=972 ALARM 单位损失 -> TURTLE (2 v 9, 守塔阵不打野战)
[22:31:34] {"kind": "action", "what": "attack_move", "name": null, "qty": null, "ts": "22:31:34"}
[22:31:35] t=972 jev INF E2 HOLD (预算保护 gate=False e2=1)
[22:31:35] t=972 jev VEH DRON (conf 0.30)
[22:31:37] t=978 jev INF E2 HOLD (预算保护 gate=False e2=1)
[22:31:37] t=978 jev VEH DRON (conf 0.36)
[22:31:38] t=984 jev INF E2 HOLD (预算保护 gate=False e2=1)
[22:31:38] t=984 jev VEH DRON (conf 0.30)
[22:31:40] t=990 jev INF E2 HOLD (预算保护 gate=False e2=1)
[22:31:40] t=990 jev VEH DRON (conf 0.40)
[22:31:41] t=996 jev INF E2 HOLD (预算保护 gate=False e2=1)
[22:31:41] t=996 jev VEH DRON (conf 0.31)
[22:31:43] t=1002 jev INF E2 HOLD (预算保护 gate=False e2=1)
[22:31:43] t=1002 jev VEH DRON (conf 0.33)
[22:31:43] t=1002 MOVE assault x1 -> (75,118)
[22:31:43] {"kind": "action", "what": "attack_move", "name": null, "qty": null, "ts": "22:31:43"}
[22:31:44] t=1008 jev INF E2 HOLD (预算保护 gate=False e2=1)
[22:31:44] t=1008 jev VEH DRON (conf 0.40)
[22:31:46] t=1014 jev INF E2 HOLD (预算保护 gate=False e2=1)
[22:31:46] t=1014 jev VEH DRON (conf 0.46)
[22:31:46] t=1020 HARASS DRON x2 (have 0)
[22:31:47] t=1020 jev INF E2 HOLD (预算保护 gate=False e2=1)
[22:31:47] t=1020 jev VEH DRON (conf 0.37)
[22:31:48] t=1026 HARASS DRON x2 (have 0)
[22:31:49] t=1026 jev INF E2 HOLD (预算保护 gate=False e2=1)
[22:31:49] t=1026 jev VEH HTNK (conf 0.32)
[22:31:49] {"kind": "action", "what": "produce", "name": "HTNK", "qty": 1, "ts": "22:31:49"}
[22:31:50] t=1032 jev INF SHK HOLD (预算保护 gate=False e2=1)
[22:31:52] t=1038 jev INF E2 HOLD (预算保护 gate=False e2=1)
[22:31:53] t=1044 jev INF E2 HOLD (预算保护 gate=False e2=1)
[22:31:55] t=1050 MOVE assault x1 -> (75,118)
[22:31:55] {"kind": "action", "what": "attack_move", "name": null, "qty": null, "ts": "22:31:55"}
[22:31:58] t=1068 HARASS DRON x2 (have 0)
[22:31:58] {"kind": "action", "what": "produce", "name": "DRON", "qty": 2, "ts": "22:31:58"}
[22:31:59] t=1068 jev INF SHK (conf 0.10)
[22:31:59] {"kind": "action", "what": "produce", "name": "SHK", "qty": 1, "ts": "22:31:59"}
[22:32:03] t=1085 ALARM 单位损失 -> TURTLE (2 v 12, 守塔阵不打野战)
[22:32:03] {"kind": "action", "what": "attack_move", "name": null, "qty": null, "ts": "22:32:03"}
[22:32:04] t=1085 tick#175 credits=309 stance=defend | jev 175 decisions p50=843ms
[22:32:05] t=1091 jev INF SHK (conf 0.13)
[22:32:06] t=1097 TANK HTNK x1
[22:32:06] t=1097 ESCORT 坦克#1788 -> 护航矿车@[119, 132]
[22:32:06] {"kind": "action", "what": "attack_move", "name": null, "qty": null, "ts": "22:32:06"}
[22:32:07] t=1097 jev INF DOG (conf 0.12)
[22:32:07] t=1097 jev VEH HTNK (conf 0.39)
[22:32:07] {"kind": "action", "what": "produce", "name": "DOG", "qty": 1, "ts": "22:32:07"}
[22:32:07] t=1103 TANK HTNK x1
[22:32:08] t=1103 jev VEH HTNK (conf 0.30)
[22:32:10] t=1109 jev INF SHK HOLD (预算保护 gate=False e2=0)
[22:32:10] t=1109 jev VEH DRON (conf 0.30)
[22:32:10] t=1115 TANK HTNK x1
[22:32:11] t=1115 jev INF SHK (conf 0.29)
[22:32:11] t=1115 jev VEH HTNK (conf 0.42)
[22:32:11] t=1115 MOVE raid x2 -> (120,113); assault x2 -> (75,118)
[22:32:11] {"kind": "action", "what": "attack_move", "name": null, "qty": null, "ts": "22:32:11"}
[22:32:11] {"kind": "action", "what": "attack_move", "name": null, "qty": null, "ts": "22:32:11"}
[22:32:12] t=1121 TANK HTNK x1
[22:32:13] t=1121 jev INF SHK (conf 0.30)
[22:32:13] t=1121 jev VEH HTNK (conf 0.29)
[22:32:13] t=1121 MOVE raid x2 -> (120,121)
[22:32:13] {"kind": "action", "what": "attack_move", "name": null, "qty": null, "ts": "22:32:13"}
[22:32:13] t=1127 TANK HTNK x1
[22:32:14] t=1127 jev INF SHK (conf 0.26)
[22:32:14] t=1127 jev VEH DRON (conf 0.30)
[22:32:14] t=1127 MOVE raid x2 -> (119,129)
[22:32:14] {"kind": "action", "what": "attack_move", "name": null, "qty": null, "ts": "22:32:14"}
[22:32:15] t=1133 TANK HTNK x1
[22:32:15] {"kind": "action", "what": "produce", "name": "HTNK", "qty": 1, "ts": "22:32:15"}
[22:32:16] t=1133 jev INF SHK (conf 0.21)
[22:32:16] t=1133 MOVE raid x2 -> (117,133)
[22:32:16] {"kind": "action", "what": "attack_move", "name": null, "qty": null, "ts": "22:32:16"}
[22:32:17] t=1139 jev INF SHK HOLD (预算保护 gate=False e2=0)
[22:32:17] t=1139 MOVE raid x2 -> (117,132)
[22:32:17] {"kind": "action", "what": "attack_move", "name": null, "qty": null, "ts": "22:32:17"}
[22:32:18] t=1145 ALARM 单位损失 -> TURTLE (4 v 12, 守塔阵不打野战)
[22:32:18] {"kind": "action", "what": "attack_move", "name": null, "qty": null, "ts": "22:32:18"}
[22:32:19] t=1145 jev INF SHK HOLD (预算保护 gate=False e2=0)
[22:32:20] t=1151 jev INF SHK HOLD (预算保护 gate=False e2=0)
[22:32:26] t=1175 jev VEH HTNK (conf 0.39)
[22:32:26] t=1175 MOVE raid x2 -> (115,133); assault x2 -> (75,118)
[22:32:26] {"kind": "action", "what": "attack_move", "name": null, "qty": null, "ts": "22:32:26"}
[22:32:26] {"kind": "action", "what": "attack_move", "name": null, "qty": null, "ts": "22:32:26"}
[22:32:28] t=1181 jev VEH HTNK (conf 0.29)
[22:32:28] t=1181 MOVE raid x2 -> (117,135)
[22:32:28] {"kind": "action", "what": "attack_move", "name": null, "qty": null, "ts": "22:32:28"}
[22:32:28] t=1187 HARASS DRON x2 (have 1)
[22:32:28] {"kind": "action", "what": "produce", "name": "DRON", "qty": 2, "ts": "22:32:28"}
[22:32:29] t=1187 jev INF SHK (conf 0.35)
[22:32:29] {"kind": "action", "what": "produce", "name": "SHK", "qty": 1, "ts": "22:32:29"}
[22:32:31] t=1193 MOVE raid x2 -> (89,115)
[22:32:31] {"kind": "action", "what": "attack_move", "name": null, "qty": null, "ts": "22:32:31"}
[22:32:32] t=1199 MOVE raid x2 -> (90,108)
[22:32:32] {"kind": "action", "what": "attack_move", "name": null, "qty": null, "ts": "22:32:32"}
[22:32:34] t=1205 MOVE raid x2 -> (95,102)
[22:32:34] {"kind": "action", "what": "attack_move", "name": null, "qty": null, "ts": "22:32:34"}
[22:32:35] t=1211 MOVE raid x2 -> (101,100)
[22:32:35] {"kind": "action", "what": "attack_move", "name": null, "qty": null, "ts": "22:32:35"}
[22:32:36] t=1217 ALARM 单位损失 -> TURTLE (6 v 13, 守塔阵不打野战)
[22:32:36] {"kind": "action", "what": "attack_move", "name": null, "qty": null, "ts": "22:32:36"}
[22:32:36] t=1217 ESCORT 坦克#2047 -> 护航矿车@[116, 135]
[22:32:36] {"kind": "action", "what": "attack_move", "name": null, "qty": null, "ts": "22:32:36"}
[22:32:38] t=1223 jev VEH HTNK (conf 0.31)
[22:32:40] t=1229 jev VEH DRON (conf 0.30)
[22:32:41] t=1235 jev VEH HTNK (conf 0.31)
[22:32:41] {"kind": "action", "what": "produce", "name": "HTNK", "qty": 1, "ts": "22:32:41"}
[22:32:41] t=1235 tick#200 credits=320 stance=defend | jev 200 decisions p50=841ms
[22:32:43] t=1241 jev INF SHK (conf 0.33)
[22:32:44] t=1247 jev INF SHK (conf 0.40)
[22:32:44] t=1247 MOVE raid x2 -> (120,97); assault x4 -> (75,118)
[22:32:44] {"kind": "action", "what": "attack_move", "name": null, "qty": null, "ts": "22:32:44"}
[22:32:44] {"kind": "action", "what": "attack_move", "name": null, "qty": null, "ts": "22:32:44"}
[22:32:46] t=1253 jev INF SHK (conf 0.36)
[22:32:46] t=1253 MOVE raid x2 -> (120,95)
[22:32:46] {"kind": "action", "what": "attack_move", "name": null, "qty": null, "ts": "22:32:46"}
[22:32:46] t=1259 ALARM 单位损失 -> TURTLE (6 v 12, 守塔阵不打野战)
[22:32:46] {"kind": "action", "what": "attack_move", "name": null, "qty": null, "ts": "22:32:46"}
[22:32:47] t=1259 jev INF SHK (conf 0.31)
[22:32:49] t=1265 jev INF SHK HOLD (预算保护 gate=False e2=0)
[22:32:49] t=1271 RETREAT SHK(10%)
[22:32:49] {"kind": "action", "what": "move", "name": null, "qty": null, "ts": "22:32:49"}
[22:32:50] t=1271 jev INF SHK HOLD (预算保护 gate=False e2=0)
[22:32:52] t=1277 jev INF DOG (conf 0.20)
[22:32:52] t=1277 jev VEH HTNK (conf 0.44)
[22:32:52] {"kind": "action", "what": "produce", "name": "DOG", "qty": 1, "ts": "22:32:52"}
[22:32:52] t=1277 ATTACK (tanks=6)
[22:32:53] t=1283 jev VEH HTNK (conf 0.41)
[22:32:55] t=1289 jev INF E2 HOLD (预算保护 gate=False e2=0)
[22:32:55] t=1289 jev VEH HTNK (conf 0.36)
[22:32:55] t=1289 MOVE raid x2 -> (101,100); guard x2 -> (137,82)
[22:32:55] {"kind": "action", "what": "attack_move", "name": null, "qty": null, "ts": "22:32:55"}
[22:32:55] {"kind": "action", "what": "attack_move", "name": null, "qty": null, "ts": "22:32:55"}
[22:32:56] t=1295 jev INF E2 HOLD (预算保护 gate=False e2=0)
[22:32:56] t=1295 jev VEH HTNK (conf 0.44)
[22:32:56] t=1295 MOVE raid x2 -> (94,103)
[22:32:56] {"kind": "action", "what": "attack_move", "name": null, "qty": null, "ts": "22:32:56"}
[22:32:58] t=1301 jev INF E2 HOLD (预算保护 gate=False e2=0)
[22:32:58] t=1301 jev VEH HTNK (conf 0.39)
[22:32:58] t=1301 MOVE raid x2 -> (91,109); assault x2 -> (75,118)
[22:32:58] {"kind": "action", "what": "attack_move", "name": null, "qty": null, "ts": "22:32:58"}
[22:32:58] {"kind": "action", "what": "attack_move", "name": null, "qty": null, "ts": "22:32:58"}
[22:32:58] t=1306 TANK HTNK x2
[22:32:59] t=1306 jev INF SHK (conf 0.19)
[22:32:59] t=1306 jev VEH HTNK (conf 0.48)
[22:32:59] {"kind": "action", "what": "produce", "name": "SHK", "qty": 1, "ts": "22:32:59"}
[22:32:59] t=1306 MOVE raid x2 -> (91,117)
[22:32:59] {"kind": "action", "what": "attack_move", "name": null, "qty": null, "ts": "22:32:59"}
[22:33:00] t=1312 TANK HTNK x2
[22:33:01] t=1312 jev VEH HTNK (conf 0.43)
[22:33:01] t=1312 MOVE raid x2 -> (89,124)
[22:33:01] {"kind": "action", "what": "attack_move", "name": null, "qty": null, "ts": "22:33:01"}
[22:33:01] t=1318 TANK HTNK x2
[22:33:02] t=1318 jev VEH HTNK (conf 0.36)
[22:33:02] t=1318 MOVE raid x2 -> (89,125)
[22:33:02] {"kind": "action", "what": "attack_move", "name": null, "qty": null, "ts": "22:33:02"}
[22:33:03] t=1324 ALARM 单位损失 -> 攻势保持（塔阵守家, 前线 6 个单位继续进攻）
[22:33:03] t=1324 HARASS DRON x2 (have 1)
[22:33:03] {"kind": "action", "what": "produce", "name": "DRON", "qty": 2, "ts": "22:33:03"}
[22:33:04] t=1324 MOVE raid x2 -> (88,124)
[22:33:04] {"kind": "action", "what": "attack_move", "name": null, "qty": null, "ts": "22:33:04"}
[22:33:05] t=1330 MOVE raid x2 -> (89,126)
[22:33:05] {"kind": "action", "what": "attack_move", "name": null, "qty": null, "ts": "22:33:05"}
[22:33:07] t=1336 MOVE raid x2 -> (87,124)
[22:33:07] {"kind": "action", "what": "attack_move", "name": null, "qty": null, "ts": "22:33:07"}
[22:33:07] t=1342 ESCORT 坦克#1788 -> 护航矿车@[120, 123]
[22:33:07] {"kind": "action", "what": "attack_move", "name": null, "qty": null, "ts": "22:33:07"}
[22:33:10] t=1342 MOVE raid x2 -> (88,124)
[22:33:10] {"kind": "action", "what": "attack_move", "name": null, "qty": null, "ts": "22:33:10"}
[22:33:11] t=1352 MOVE raid x2 -> (89,124); assault x3 -> (75,118)
[22:33:11] {"kind": "action", "what": "attack_move", "name": null, "qty": null, "ts": "22:33:11"}
[22:33:11] {"kind": "action", "what": "attack_move", "name": null, "qty": null, "ts": "22:33:11"}
[22:33:11] t=1358 TANK HTNK x2
[22:33:11] {"kind": "action", "what": "produce", "name": "HTNK", "qty": 2, "ts": "22:33:11"}
[22:33:13] t=1358 MOVE raid x3 -> (89,125)
[22:33:13] {"kind": "action", "what": "attack_move", "name": null, "qty": null, "ts": "22:33:13"}
[22:33:15] t=1367 MOVE raid x3 -> (87,126)
[22:33:15] {"kind": "action", "what": "attack_move", "name": null, "qty": null, "ts": "22:33:15"}
[22:33:15] t=1373 ALARM 单位损失 -> 攻势保持（塔阵守家, 前线 8 个单位继续进攻）
[22:33:16] t=1373 jev INF SHK (conf 0.12)
[22:33:16] t=1373 MOVE raid x2 -> (89,126); assault x3 -> (71,114)
[22:33:16] {"kind": "action", "what": "attack_move", "name": null, "qty": null, "ts": "22:33:16"}
[22:33:16] {"kind": "action", "what": "attack_move", "name": null, "qty": null, "ts": "22:33:16"}
[22:33:17] t=1379 RETREAT HTNK(7%)
[22:33:17] {"kind": "action", "what": "move", "name": null, "qty": null, "ts": "22:33:17"}
[22:33:18] t=1379 MOVE assault x3 -> (70,117)
[22:33:18] {"kind": "action", "what": "attack_move", "name": null, "qty": null, "ts": "22:33:18"}
[22:33:18] t=1385 ALARM 单位损失 -> 攻势保持（塔阵守家, 前线 7 个单位继续进攻）
[22:33:19] t=1385 MOVE raid x2 -> (87,126)
[22:33:19] {"kind": "action", "what": "attack_move", "name": null, "qty": null, "ts": "22:33:19"}
[22:33:20] t=1391 ALARM 单位损失 -> 攻势保持（塔阵守家, 前线 6 个单位继续进攻）
[22:33:20] t=1391 MOVE raid x2 -> (82,115)
[22:33:21] {"kind": "action", "what": "attack_move", "name": null, "qty": null, "ts": "22:33:21"}
[22:33:21] t=1391 tick#225 credits=624 stance=attack | jev 225 decisions p50=841ms
[22:33:22] t=1397 MOVE raid x2 -> (79,108)
[22:33:22] {"kind": "action", "what": "attack_move", "name": null, "qty": null, "ts": "22:33:22"}
[22:33:23] t=1403 ALARM 单位损失 -> 攻势保持（塔阵守家, 前线 6 个单位继续进攻）
[22:33:24] t=1403 MOVE raid x2 -> (87,126)
[22:33:24] {"kind": "action", "what": "attack_move", "name": null, "qty": null, "ts": "22:33:24"}
[22:33:25] t=1409 MOVE raid x2 -> (88,126)
[22:33:25] {"kind": "action", "what": "attack_move", "name": null, "qty": null, "ts": "22:33:25"}
[22:33:26] t=1415 MOVE raid x2 -> (89,126)
[22:33:27] {"kind": "action", "what": "attack_move", "name": null, "qty": null, "ts": "22:33:27"}
[22:33:28] t=1421 MOVE raid x2 -> (88,126)
[22:33:33] exec ERR attack_move agent-browser[eval] rc=1: ✗ Evaluation error: ReferenceError: __rj is not defined
    at <anonymous>:1:1
[22:34:03] tick ERR agent-browser hang: eval -b X19yai5zbmFwc2hvdCgp (killed tree)
[22:34:26] tick ERR agent-browser[eval] rc=1: ✗ Evaluation error: ReferenceError: __rj is not defined
    at <anonymous>:1:1
[22:34:39] tick ERR agent-browser[eval] rc=1: ✗ Evaluation error: ReferenceError: __rj is not defined
    at <anonymous>:1:1
[22:35:12] tick ERR agent-browser hang: eval -b X19yai5zbmFwc2hvdCgp (killed tree)
[22:35:45] tick ERR agent-browser hang: eval -b X19yai5zbmFwc2hvdCgp (killed tree)
[22:35:48] tick ERR agent-browser[eval] rc=1: ✗ Evaluation error: ReferenceError: __rj is not defined
    at <anonymous>:1:1
[22:35:51] tick ERR agent-browser[eval] rc=1: ✗ Evaluation error: ReferenceError: __rj is not defined
    at <anonymous>:1:1
[22:35:54] tick ERR agent-browser[eval] rc=1: ✗ Evaluation error: ReferenceError: __rj is not defined
    at <anonymous>:1:1
[22:35:57] tick ERR agent-browser[eval] rc=1: ✗ Evaluation error: ReferenceError: __rj is not defined
    at <anonymous>:1:1
[22:36:00] tick ERR agent-browser[eval] rc=1: ✗ Evaluation error: ReferenceError: __rj is not defined
    at <anonymous>:1:1
[22:36:03] tick ERR agent-browser[eval] rc=1: ✗ Evaluation error: ReferenceError: __rj is not defined
    at <anonymous>:1:1
[22:36:06] tick ERR agent-browser[eval] rc=1: ✗ Evaluation error: ReferenceError: __rj is not defined
    at <anonymous>:1:1
[22:36:09] tick ERR agent-browser[eval] rc=1: ✗ Evaluation error: ReferenceError: __rj is not defined
    at <anonymous>:1:1
[22:36:12] tick ERR agent-browser[eval] rc=1: ✗ Evaluation error: ReferenceError: __rj is not defined
    at <anonymous>:1:1
[22:36:15] tick ERR agent-browser[eval] rc=1: ✗ Evaluation error: ReferenceError: __rj is not defined
    at <anonymous>:1:1
[22:36:19] tick ERR agent-browser[eval] rc=1: ✗ Evaluation error: ReferenceError: __rj is not defined
    at <anonymous>:1:1
[22:36:22] tick ERR agent-browser[eval] rc=1: ✗ Evaluation error: ReferenceError: __rj is not defined
    at <anonymous>:1:1
[22:36:25] tick ERR agent-browser[eval] rc=1: ✗ Evaluation error: ReferenceError: __rj is not defined
    at <anonymous>:1:1
[22:36:28] tick ERR agent-browser[eval] rc=1: ✗ Evaluation error: ReferenceError: __rj is not defined
    at <anonymous>:1:1
[22:36:31] tick ERR agent-browser[eval] rc=1: ✗ Evaluation error: ReferenceError: __rj is not defined
    at <anonymous>:1:1
[22:36:34] tick ERR agent-browser[eval] rc=1: ✗ Evaluation error: ReferenceError: __rj is not defined
    at <anonymous>:1:1
[22:36:37] tick ERR agent-browser[eval] rc=1: ✗ Evaluation error: ReferenceError: __rj is not defined
    at <anonymous>:1:1
[22:36:40] tick ERR agent-browser[eval] rc=1: ✗ Evaluation error: ReferenceError: __rj is not defined
    at <anonymous>:1:1
[22:36:43] tick ERR agent-browser[eval] rc=1: ✗ Evaluation error: ReferenceError: __rj is not defined
    at <anonymous>:1:1
[22:36:46] tick ERR agent-browser[eval] rc=1: ✗ Evaluation error: ReferenceError: __rj is not defined
    at <anonymous>:1:1
[22:36:49] tick ERR agent-browser[eval] rc=1: ✗ Evaluation error: ReferenceError: __rj is not defined
    at <anonymous>:1:1
[22:36:52] tick ERR agent-browser[eval] rc=1: ✗ Evaluation error: ReferenceError: __rj is not defined
    at <anonymous>:1:1
[22:36:55] tick ERR agent-browser[eval] rc=1: ✗ Evaluation error: ReferenceError: __rj is not defined
    at <anonymous>:1:1
[22:36:58] tick ERR agent-browser[eval] rc=1: ✗ Evaluation error: ReferenceError: __rj is not defined
    at <anonymous>:1:1
[22:37:01] tick ERR agent-browser[eval] rc=1: ✗ Evaluation error: ReferenceError: __rj is not defined
    at <anonymous>:1:1
[22:37:04] tick ERR agent-browser[eval] rc=1: ✗ Evaluation error: ReferenceError: __rj is not defined
    at <anonymous>:1:1
[22:37:07] tick ERR agent-browser[eval] rc=1: ✗ Evaluation error: ReferenceError: __rj is not defined
    at <anonymous>:1:1
[22:37:10] tick ERR agent-browser[eval] rc=1: ✗ Evaluation error: ReferenceError: __rj is not defined
    at <anonymous>:1:1
[22:37:13] tick ERR agent-browser[eval] rc=1: ✗ Evaluation error: ReferenceError: __rj is not defined
    at <anonymous>:1:1
[22:37:16] tick ERR agent-browser[eval] rc=1: ✗ Evaluation error: ReferenceError: __rj is not defined
    at <anonymous>:1:1
[22:37:19] tick ERR agent-browser[eval] rc=1: ✗ Evaluation error: ReferenceError: __rj is not defined
    at <anonymous>:1:1
[22:37:22] tick ERR agent-browser[eval] rc=1: ✗ Evaluation error: ReferenceError: __rj is not defined
    at <anonymous>:1:1
[22:37:25] tick ERR agent-browser[eval] rc=1: ✗ Evaluation error: ReferenceError: __rj is not defined
    at <anonymous>:1:1
