[15:23:22] 进局中(全自动)...
[15:23:48] {"kind": "start", "policy": "ra2web-jev-player/1.0", "maxDecisions": 1200, "micro": {"events": [{"kind": "micro", "t": 3, "what": "start"}], "loopN": 1, "on": true, "outcome": null, "stall": false}, "ts": "15:23:48"}
[15:23:48] === ra2web-jev-player start (tick=1.5s, max_decisions=1200) ===
[15:23:48] t=3 DEPLOY mcv
[15:23:48] {"kind": "action", "what": "deploy", "ids": [1042], "ts": "15:23:48"}
[15:23:48] {"kind": "action", "what": "deploy", "name": null, "qty": null, "ts": "15:23:48"}
[15:23:49] t=9 POWER plant (reserve 0)
[15:23:49] {"kind": "action", "what": "produce", "name": "NAPOWR", "qty": 1, "ts": "15:23:49"}
[15:23:50] t=9 jev STANCE defend->develop (conf 0.93)
[15:24:01] {"kind": "action", "what": "produce", "name": "NAREFN", "qty": 1, "ts": "15:24:01"}
[15:24:01] t=56 OPENING BUILD NAREFN
[15:24:25] t=146 tick#25 credits=7400 stance=develop | jev 25 decisions p50=723ms
[15:24:25] {"kind": "action", "what": "produce", "name": "NAHAND", "qty": 1, "ts": "15:24:25"}
[15:24:25] t=152 OPENING BUILD NAHAND
[15:24:31] t=176 DEFLINE NALASR (have 0)
[15:24:31] {"kind": "action", "what": "produce", "name": "NALASR", "qty": 1, "ts": "15:24:31"}
[15:24:32] {"kind": "action", "what": "produce", "name": "NAWEAP", "qty": 1, "ts": "15:24:32"}
[15:24:32] t=176 OPENING BUILD NAWEAP
[15:24:32] t=176 jev INF DOG (conf 0.31)
[15:24:32] {"kind": "action", "what": "produce", "name": "DOG", "qty": 1, "ts": "15:24:32"}
[15:24:34] t=187 SCOUT dog->mirror [130, 83]
[15:24:34] {"kind": "action", "what": "attack_move", "name": null, "qty": null, "ts": "15:24:34"}
[15:24:37] t=199 DEFLINE NALASR (have 1)
[15:24:39] t=205 DEFLINE NALASR (have 1)
[15:24:40] t=211 DEFLINE NALASR (have 1)
[15:24:42] t=217 ALARM 敌军逼近 -> counter 1 vs 1 -> [83, 110]
[15:24:42] {"kind": "action", "what": "attack_move", "name": null, "qty": null, "ts": "15:24:42"}
[15:24:42] t=217 DEFLINE NALASR (have 1)
[15:24:43] t=223 DEFLINE NALASR (have 1)
[15:24:45] t=229 DEFLINE NALASR (have 1)
[15:24:46] t=235 DEFLINE NALASR (have 1)
[15:24:47] t=235 jev INF DOG (conf 0.26)
[15:24:48] t=241 DEFLINE NALASR (have 1)
[15:24:49] t=247 DEFLINE NALASR (have 1)
[15:24:51] t=253 DEFLINE NALASR (have 1)
[15:24:52] t=259 DEFLINE NALASR (have 1)
[15:24:54] t=265 DEFLINE NALASR (have 1)
[15:24:55] t=271 DEFLINE NALASR (have 1)
[15:24:57] t=277 ECON harv#2
[15:24:57] t=277 TANK HTNK x4
[15:24:57] {"kind": "action", "what": "produce", "name": "HARV", "qty": 1, "ts": "15:24:57"}
[15:24:57] {"kind": "action", "what": "produce", "name": "HTNK", "qty": 4, "ts": "15:24:57"}
[15:24:58] t=277 jev BUILD NAPOWR (conf 0.34)
[15:24:58] t=277 jev INF DOG (conf 0.18)
[15:24:58] {"kind": "action", "what": "produce", "name": "NAPOWR", "qty": 1, "ts": "15:24:58"}
[15:24:58] {"kind": "action", "what": "produce", "name": "DOG", "qty": 1, "ts": "15:24:58"}
[15:24:58] t=283 INSURE AA building
[15:24:58] t=283 DEFLINE NALASR (have 1)
[15:24:58] {"kind": "action", "what": "produce", "name": "NAFLAK", "qty": 1, "ts": "15:24:58"}
[15:24:59] {"kind": "action", "what": "produce", "name": "NALASR", "qty": 1, "ts": "15:24:59"}
[15:25:01] t=289 jev INF DOG (conf 0.23)
[15:25:02] t=295 jev INF DOG (conf 0.24)
[15:25:02] t=295 tick#50 credits=3996 stance=defend | jev 50 decisions p50=723ms
[15:25:04] t=301 jev INF DOG (conf 0.25)
[15:25:05] t=307 jev INF DOG (conf 0.22)
[15:25:08] t=319 jev INF DOG (conf 0.29)
[15:25:10] t=325 jev BUILD NAREFN HOLD (资金闸门: 坦克优先, cash=2373)
[15:25:11] t=331 jev BUILD NAREFN HOLD (资金闸门: 坦克优先, cash=2228)
[15:25:11] t=331 jev INF DOG (conf 0.23)
[15:25:13] t=337 jev BUILD NAREFN HOLD (资金闸门: 坦克优先, cash=2080)
[15:25:14] t=343 jev BUILD NAHAND (conf 0.28)
[15:25:14] t=343 jev INF DOG (conf 0.30)
[15:25:14] {"kind": "action", "what": "produce", "name": "NAHAND", "qty": 1, "ts": "15:25:14"}
[15:25:15] t=349 DEFLINE NALASR (have 1)
[15:25:16] t=349 jev INF DOG (conf 0.23)
[15:25:17] t=355 jev INF DOG (conf 0.26)
[15:25:19] t=361 jev INF DOG (conf 0.27)
[15:25:20] t=367 jev INF DOG (conf 0.29)
[15:25:21] t=373 SCOUT #1091->[185, 39] (敌影)
[15:25:21] {"kind": "action", "what": "attack_move", "name": null, "qty": null, "ts": "15:25:21"}
[15:25:22] t=373 jev INF DOG (conf 0.34)
[15:25:22] t=379 DEFLINE NALASR (have 1)
[15:25:23] t=379 jev INF DOG (conf 0.41)
[15:25:23] {"kind": "action", "what": "produce", "name": "DOG", "qty": 1, "ts": "15:25:23"}
[15:25:26] t=391 jev INF DOG (conf 0.34)
[15:25:28] t=397 jev INF DOG (conf 0.34)
[15:25:29] t=403 jev INF DOG (conf 0.41)
[15:25:31] t=409 jev INF DOG (conf 0.37)
[15:25:31] t=409 MOVE assault x1 -> (73,120)
[15:25:31] {"kind": "action", "what": "attack_move", "name": null, "qty": null, "ts": "15:25:31"}
[15:25:32] t=415 jev INF DOG (conf 0.38)
[15:25:34] t=421 jev INF DOG (conf 0.40)
[15:25:35] t=427 jev INF DOG (conf 0.39)
[15:25:37] t=432 jev INF DOG (conf 0.42)
[15:25:38] t=438 jev INF DOG (conf 0.44)
[15:25:40] t=444 jev INF DOG (conf 0.48)
[15:25:40] t=444 tick#75 credits=0 stance=defend | jev 75 decisions p50=728ms
[15:25:41] t=450 jev INF DOG (conf 0.35)
[15:25:43] t=456 jev INF DOG (conf 0.33)
[15:25:44] t=462 jev INF DOG (conf 0.40)
[15:25:44] t=462 MOVE assault x2 -> (73,120)
[15:25:44] {"kind": "action", "what": "attack_move", "name": null, "qty": null, "ts": "15:25:44"}
[15:25:46] t=468 jev INF DOG (conf 0.35)
[15:25:47] t=474 jev INF DOG (conf 0.37)
[15:25:49] t=480 jev INF DOG (conf 0.34)
[15:25:49] {"kind": "action", "what": "produce", "name": "DOG", "qty": 1, "ts": "15:25:49"}
[15:25:51] t=492 TANK HTNK x1
[15:25:51] {"kind": "action", "what": "produce", "name": "HTNK", "qty": 1, "ts": "15:25:51"}
[15:25:51] t=492 SCOUT2 #1098->[130, 83]
[15:25:51] {"kind": "action", "what": "attack_move", "name": null, "qty": null, "ts": "15:25:51"}
[15:25:52] t=492 MOVE guard x2 -> (73,120)
[15:25:52] {"kind": "action", "what": "attack_move", "name": null, "qty": null, "ts": "15:25:52"}
[15:25:58] t=516 MOVE assault x1 -> (73,120)
[15:25:58] {"kind": "action", "what": "attack_move", "name": null, "qty": null, "ts": "15:25:58"}
[15:26:02] t=534 jev VEH HTNK (conf 0.57)
[15:26:04] t=540 jev VEH HTNK (conf 0.57)
[15:26:05] t=546 jev VEH HTNK (conf 0.66)
[15:26:07] t=552 jev VEH HTNK (conf 0.59)
[15:26:08] t=558 jev VEH HTNK (conf 0.64)
[15:26:09] t=564 TANK HTNK x1
[15:26:10] t=564 jev VEH HTNK (conf 0.65)
[15:26:10] t=564 MOVE assault x2 -> (73,120)
[15:26:10] {"kind": "action", "what": "attack_move", "name": null, "qty": null, "ts": "15:26:10"}
[15:26:10] t=570 TANK HTNK x1
[15:26:11] t=570 jev VEH HTNK (conf 0.65)
[15:26:12] t=576 TANK HTNK x1
[15:26:13] t=576 jev VEH HTNK (conf 0.65)
[15:26:13] t=582 TANK HTNK x1
[15:26:14] t=582 jev VEH HTNK (conf 0.65)
[15:26:15] t=588 TANK HTNK x1
[15:26:16] t=588 jev VEH HTNK (conf 0.62)
[15:26:16] t=594 TANK HTNK x1
[15:26:17] {"kind": "action", "what": "produce", "name": "HTNK", "qty": 1, "ts": "15:26:17"}
[15:26:17] t=594 tick#100 credits=1225 stance=defend | jev 100 decisions p50=726ms
[15:26:19] t=606 DEFLINE NALASR (have 1)
[15:26:20] {"kind": "action", "what": "produce", "name": "NALASR", "qty": 1, "ts": "15:26:20"}
[15:26:21] t=612 ESCORT 坦克#1105 -> 护航矿车@[92, 129]
[15:26:21] {"kind": "action", "what": "attack_move", "name": null, "qty": null, "ts": "15:26:21"}
[15:26:22] t=612 MOVE assault x2 -> (73,120)
[15:26:22] {"kind": "action", "what": "attack_move", "name": null, "qty": null, "ts": "15:26:22"}
[15:26:23] t=618 MOVE guard x2 -> (73,120)
[15:26:23] {"kind": "action", "what": "attack_move", "name": null, "qty": null, "ts": "15:26:23"}
[15:26:28] t=636 jev VEH HTNK (conf 0.53)
[15:26:28] t=636 ATTACK (tanks=6)
[15:26:28] t=636 MOVE assault x3 -> (87,108)
[15:26:28] {"kind": "action", "what": "attack_move", "name": null, "qty": null, "ts": "15:26:28"}
[15:26:29] t=642 jev INF SHK HOLD (预算保护 gate=False e2=0)
[15:26:29] t=642 jev VEH HTNK (conf 0.57)
[15:26:29] t=642 jev STANCE attack->defend (conf 0.47)
[15:26:29] t=642 ATTACK (tanks=6)
[15:26:29] t=642 MOVE assault x3 -> (99,102)
[15:26:29] {"kind": "action", "what": "attack_move", "name": null, "qty": null, "ts": "15:26:29"}
[15:26:31] t=648 jev INF SHK HOLD (预算保护 gate=False e2=0)
[15:26:31] t=648 jev VEH HTNK (conf 0.61)
[15:26:31] t=648 jev STANCE attack->defend (conf 0.49)
[15:26:31] t=648 ATTACK (tanks=6)
[15:26:31] t=648 MOVE assault x3 -> (91,105)
[15:26:31] {"kind": "action", "what": "attack_move", "name": null, "qty": null, "ts": "15:26:31"}
[15:26:31] t=654 ALARM 单位损失 -> 攻势保持（塔阵守家, 前线 8 个单位继续进攻）
[15:26:32] t=654 jev INF SHK HOLD (预算保护 gate=False e2=0)
[15:26:32] t=654 jev VEH HTNK (conf 0.61)
[15:26:32] t=654 MOVE assault x3 -> (89,106)
[15:26:32] {"kind": "action", "what": "attack_move", "name": null, "qty": null, "ts": "15:26:32"}
[15:26:34] t=660 jev INF SHK HOLD (预算保护 gate=False e2=0)
[15:26:34] t=660 jev VEH HTNK (conf 0.67)
[15:26:34] t=660 MOVE assault x3 -> (90,106)
[15:26:34] {"kind": "action", "what": "attack_move", "name": null, "qty": null, "ts": "15:26:34"}
[15:26:35] t=666 jev INF SHK HOLD (预算保护 gate=False e2=0)
[15:26:35] t=666 jev VEH HTNK (conf 0.62)
[15:26:35] t=666 MOVE assault x3 -> (92,105)
[15:26:35] {"kind": "action", "what": "attack_move", "name": null, "qty": null, "ts": "15:26:35"}
[15:26:37] t=672 jev VEH HTNK (conf 0.76)
[15:26:37] t=672 jev STANCE attack->defend (conf 0.47)
[15:26:37] t=672 ATTACK (tanks=6)
[15:26:37] t=672 MOVE assault x3 -> (130,83)
[15:26:37] {"kind": "action", "what": "attack_move", "name": null, "qty": null, "ts": "15:26:37"}
[15:26:38] t=678 jev VEH HTNK (conf 0.74)
[15:26:38] t=678 jev STANCE attack->defend (conf 0.46)
[15:26:38] t=678 ATTACK (tanks=6)
[15:26:40] t=684 jev VEH HTNK (conf 0.66)
[15:26:40] t=684 MOVE assault x3 -> (101,98)
[15:26:40] {"kind": "action", "what": "attack_move", "name": null, "qty": null, "ts": "15:26:40"}
[15:26:41] t=690 TANK HTNK x2
[15:26:41] t=690 RETREAT DOG(25%)
[15:26:41] {"kind": "action", "what": "move", "name": null, "qty": null, "ts": "15:26:41"}
[15:26:41] t=690 jev BUILD NAREFN HOLD (资金闸门: 坦克优先, cash=2075)
[15:26:41] t=690 jev VEH HTNK (conf 0.71)
[15:26:41] t=690 MOVE assault x3 -> (100,99)
[15:26:41] {"kind": "action", "what": "attack_move", "name": null, "qty": null, "ts": "15:26:41"}
[15:26:42] t=696 ALARM 单位损失 -> 攻势保持（塔阵守家, 前线 5 个单位继续进攻）
[15:26:42] t=696 TANK HTNK x2
[15:26:42] t=696 RETREAT DOG(22%)
[15:26:42] t=696 RETREAT DOG(27%)
[15:26:42] {"kind": "action", "what": "produce", "name": "HTNK", "qty": 2, "ts": "15:26:42"}
[15:26:42] {"kind": "action", "what": "move", "name": null, "qty": null, "ts": "15:26:42"}
[15:26:42] {"kind": "action", "what": "move", "name": null, "qty": null, "ts": "15:26:42"}
[15:26:43] t=696 jev BUILD NAWEAP HOLD (资金闸门: 坦克优先, cash=2075)
[15:26:43] t=696 MOVE assault x3 -> (101,98)
[15:26:43] {"kind": "action", "what": "attack_move", "name": null, "qty": null, "ts": "15:26:43"}
[15:26:44] t=701 ALARM 单位损失 -> 攻势保持（塔阵守家, 前线 5 个单位继续进攻）
[15:26:44] t=701 jev INF DOG (conf 0.23)
[15:26:44] {"kind": "action", "what": "produce", "name": "DOG", "qty": 1, "ts": "15:26:44"}
[15:26:44] t=701 MOVE assault x3 -> (102,97)
[15:26:44] {"kind": "action", "what": "attack_move", "name": null, "qty": null, "ts": "15:26:44"}
[15:26:46] t=707 MOVE assault x3 -> (101,98)
[15:26:46] {"kind": "action", "what": "attack_move", "name": null, "qty": null, "ts": "15:26:46"}
[15:26:47] t=713 jev STANCE attack->defend (conf 0.47)
[15:26:47] t=713 ATTACK (tanks=6)
[15:26:47] t=713 MOVE assault x3 -> (130,83)
[15:26:47] {"kind": "action", "what": "attack_move", "name": null, "qty": null, "ts": "15:26:47"}
[15:26:50] t=725 jev STANCE attack->defend (conf 0.46)
[15:26:50] t=725 ATTACK (tanks=6)
[15:26:51] t=731 ESCORT 坦克#1101 -> 护航矿车@[95, 133]
[15:26:51] {"kind": "action", "what": "attack_move", "name": null, "qty": null, "ts": "15:26:51"}
[15:26:52] t=731 jev STANCE attack->defend (conf 0.45)
[15:26:52] t=731 ATTACK (tanks=6)
[15:26:53] t=737 MOVE assault x4 -> (125,86); guard x2 -> (73,120)
[15:26:53] {"kind": "action", "what": "attack_move", "name": null, "qty": null, "ts": "15:26:53"}
[15:26:53] {"kind": "action", "what": "attack_move", "name": null, "qty": null, "ts": "15:26:53"}
[15:26:54] t=743 ENEMY BASE spotted @[125, 75]
[15:26:55] t=743 MOVE raid x2 -> (118,76); assault x2 -> (125,75)
[15:26:55] {"kind": "action", "what": "attack_move", "name": null, "qty": null, "ts": "15:26:55"}
[15:26:55] {"kind": "action", "what": "attack_move", "name": null, "qty": null, "ts": "15:26:55"}
[15:26:55] t=743 tick#125 credits=1810 stance=attack | jev 125 decisions p50=723ms
[15:26:56] t=749 RETREAT HTNK(12%)
[15:26:56] {"kind": "action", "what": "move", "name": null, "qty": null, "ts": "15:26:56"}
[15:26:56] t=749 jev INF SHK (conf 0.18)
[15:26:56] {"kind": "action", "what": "produce", "name": "SHK", "qty": 1, "ts": "15:26:56"}
[15:26:57] t=755 ALARM 单位损失 -> 攻势保持（塔阵守家, 前线 6 个单位继续进攻）
[15:26:58] t=755 MOVE raid x2 -> (117,76)
[15:26:58] {"kind": "action", "what": "attack_move", "name": null, "qty": null, "ts": "15:26:58"}
[15:26:59] t=761 jev INF SHK HOLD (预算保护 gate=False e2=0)
[15:27:01] t=767 jev INF SHK HOLD (预算保护 gate=False e2=0)
[15:27:01] t=767 MOVE raid x2 -> (128,84)
[15:27:01] {"kind": "action", "what": "attack_move", "name": null, "qty": null, "ts": "15:27:01"}
[15:27:02] t=773 RETREAT HTNK(38%)
[15:27:02] {"kind": "action", "what": "move", "name": null, "qty": null, "ts": "15:27:02"}
[15:27:02] t=773 jev VEH HTNK (conf 0.63)
[15:27:02] t=773 MOVE raid x2 -> (126,90)
[15:27:02] {"kind": "action", "what": "attack_move", "name": null, "qty": null, "ts": "15:27:02"}
[15:27:04] t=779 jev INF SHK HOLD (预算保护 gate=False e2=0)
[15:27:04] t=779 jev VEH HTNK (conf 0.59)
[15:27:04] t=779 MOVE raid x2 -> (120,77)
[15:27:04] {"kind": "action", "what": "attack_move", "name": null, "qty": null, "ts": "15:27:04"}
[15:27:05] t=785 jev VEH HTNK (conf 0.62)
[15:27:05] t=785 MOVE raid x2 -> (117,76)
[15:27:05] {"kind": "action", "what": "attack_move", "name": null, "qty": null, "ts": "15:27:05"}
[15:27:06] t=791 ALARM 单位损失 -> 攻势保持（塔阵守家, 前线 7 个单位继续进攻）
[15:27:06] t=791 AA HTK x2 (enemy air)
[15:27:06] {"kind": "action", "what": "produce", "name": "HTK", "qty": 2, "ts": "15:27:06"}
[15:27:07] t=791 jev INF SHK HOLD (预算保护 gate=False e2=0)
[15:27:07] t=791 MOVE raid x2 -> (125,91)
[15:27:07] {"kind": "action", "what": "attack_move", "name": null, "qty": null, "ts": "15:27:07"}
[15:27:08] t=797 jev INF SHK HOLD (预算保护 gate=False e2=0)
[15:27:08] t=797 MOVE raid x2 -> (116,74); assault x2 -> (125,75)
[15:27:08] {"kind": "action", "what": "attack_move", "name": null, "qty": null, "ts": "15:27:08"}
[15:27:08] {"kind": "action", "what": "attack_move", "name": null, "qty": null, "ts": "15:27:08"}
[15:27:10] t=803 MOVE raid x2 -> (116,72)
[15:27:10] {"kind": "action", "what": "attack_move", "name": null, "qty": null, "ts": "15:27:10"}
[15:27:11] t=809 RETREAT HTNK(37%)
[15:27:11] {"kind": "action", "what": "move", "name": null, "qty": null, "ts": "15:27:11"}
[15:27:13] t=815 jev BUILD NAREFN HOLD (资金闸门: 坦克优先, cash=39)
[15:27:13] t=815 jev INF SHK HOLD (预算保护 gate=False e2=0)
[15:27:13] t=815 MOVE raid x2 -> (126,90)
[15:27:13] {"kind": "action", "what": "attack_move", "name": null, "qty": null, "ts": "15:27:13"}
[15:27:14] t=821 MOVE raid x2 -> (127,89)
[15:27:14] {"kind": "action", "what": "attack_move", "name": null, "qty": null, "ts": "15:27:14"}
[15:27:15] t=827 RETREAT HTNK(30%)
[15:27:15] {"kind": "action", "what": "move", "name": null, "qty": null, "ts": "15:27:15"}
[15:27:16] t=827 MOVE raid x2 -> (114,70)
[15:27:16] {"kind": "action", "what": "attack_move", "name": null, "qty": null, "ts": "15:27:16"}
[15:27:17] t=833 MOVE raid x2 -> (131,80); assault x3 -> (131,80)
[15:27:17] {"kind": "action", "what": "attack_move", "name": null, "qty": null, "ts": "15:27:17"}
[15:27:17] {"kind": "action", "what": "attack_move", "name": null, "qty": null, "ts": "15:27:17"}
[15:27:18] t=839 ALARM 单位损失 -> 攻势保持（塔阵守家, 前线 6 个单位继续进攻）
[15:27:19] t=839 MOVE raid x2 -> (122,69)
[15:27:19] {"kind": "action", "what": "attack_move", "name": null, "qty": null, "ts": "15:27:19"}
[15:27:20] t=845 MOVE raid x2 -> (117,69)
[15:27:20] {"kind": "action", "what": "attack_move", "name": null, "qty": null, "ts": "15:27:20"}
[15:27:22] t=851 MOVE raid x2 -> (113,71)
[15:27:22] {"kind": "action", "what": "attack_move", "name": null, "qty": null, "ts": "15:27:22"}
[15:27:23] t=857 MOVE guard x2 -> (73,120)
[15:27:23] {"kind": "action", "what": "attack_move", "name": null, "qty": null, "ts": "15:27:23"}
[15:27:24] t=863 RETREAT HTNK(26%)
[15:27:24] {"kind": "action", "what": "move", "name": null, "qty": null, "ts": "15:27:24"}
[15:27:25] t=863 jev INF SHK (conf 0.27)
[15:27:25] {"kind": "action", "what": "produce", "name": "SHK", "qty": 1, "ts": "15:27:25"}
[15:27:25] t=863 MOVE raid x2 -> (114,72)
[15:27:25] {"kind": "action", "what": "attack_move", "name": null, "qty": null, "ts": "15:27:25"}
[15:27:26] t=869 ALARM 单位损失 -> 攻势保持（塔阵守家, 前线 5 个单位继续进攻）
[15:27:26] t=869 AIR-DEFENSE 2nd AA
[15:27:26] {"kind": "action", "what": "produce", "name": "NAFLAK", "qty": 1, "ts": "15:27:26"}
[15:27:26] t=869 MOVE raid x2 -> (125,91)
[15:27:26] {"kind": "action", "what": "attack_move", "name": null, "qty": null, "ts": "15:27:26"}
[15:27:27] t=875 HARASS DRON x2 (have 0)
[15:27:27] t=875 AA HTK x2 (enemy air)
[15:27:27] {"kind": "action", "what": "produce", "name": "DRON", "qty": 2, "ts": "15:27:27"}
[15:27:28] t=875 jev INF SHK (conf 0.27)
[15:27:28] t=875 MOVE raid x2 -> (112,72)
[15:27:28] {"kind": "action", "what": "attack_move", "name": null, "qty": null, "ts": "15:27:28"}
[15:27:29] t=881 RETREAT HTNK(17%)
[15:27:29] {"kind": "action", "what": "move", "name": null, "qty": null, "ts": "15:27:29"}
[15:27:29] t=881 jev INF SHK HOLD (预算保护 gate=False e2=0)
[15:27:29] t=881 MOVE raid x2 -> (112,73); assault x3 -> (131,80)
[15:27:29] {"kind": "action", "what": "attack_move", "name": null, "qty": null, "ts": "15:27:29"}
[15:27:29] {"kind": "action", "what": "attack_move", "name": null, "qty": null, "ts": "15:27:29"}
[15:27:30] t=887 ALARM 单位损失 -> 攻势保持（塔阵守家, 前线 7 个单位继续进攻）
[15:27:30] t=887 SCOUT #1098->[185, 39] (敌影)
[15:27:30] {"kind": "action", "what": "attack_move", "name": null, "qty": null, "ts": "15:27:30"}
[15:27:31] t=887 jev INF SHK HOLD (预算保护 gate=False e2=0)
[15:27:31] t=887 MOVE raid x2 -> (114,74)
[15:27:31] {"kind": "action", "what": "attack_move", "name": null, "qty": null, "ts": "15:27:31"}
[15:27:32] t=893 jev STANCE attack->defend (conf 0.51)
[15:27:32] t=893 ATTACK (tanks=6)
[15:27:32] t=893 MOVE raid x2 -> (115,75)
[15:27:32] {"kind": "action", "what": "attack_move", "name": null, "qty": null, "ts": "15:27:32"}
[15:27:32] t=893 tick#150 credits=354 stance=attack | jev 150 decisions p50=726ms
[15:27:34] t=899 jev BUILD NAREFN HOLD (资金闸门: 坦克优先, cash=35)
[15:27:34] t=899 jev INF SHK HOLD (预算保护 gate=False e2=0)
[15:27:34] t=899 MOVE raid x2 -> (127,89)
[15:27:34] {"kind": "action", "what": "attack_move", "name": null, "qty": null, "ts": "15:27:34"}
[15:27:35] t=905 ALARM 单位损失 -> 攻势保持（塔阵守家, 前线 7 个单位继续进攻）
[15:27:35] t=905 jev STANCE attack->defend (conf 0.51)
[15:27:38] t=917 RETREAT HTNK(5%)
[15:27:38] {"kind": "action", "what": "move", "name": null, "qty": null, "ts": "15:27:38"}
[15:27:38] t=917 MOVE raid x2 -> (131,80)
[15:27:38] {"kind": "action", "what": "attack_move", "name": null, "qty": null, "ts": "15:27:38"}
[15:27:39] t=923 ALARM 单位损失 -> TURTLE (7 v 14, 守塔阵不打野战)
[15:27:39] {"kind": "action", "what": "attack_move", "name": null, "qty": null, "ts": "15:27:39"}
[15:27:39] t=923 SCOUT #1341->[185, 39] (敌影)
[15:27:39] {"kind": "action", "what": "attack_move", "name": null, "qty": null, "ts": "15:27:39"}
[15:27:41] t=929 RETREAT HTNK(21%)
[15:27:41] {"kind": "action", "what": "move", "name": null, "qty": null, "ts": "15:27:41"}
[15:27:44] t=941 SCOUT #1486->[185, 39] (敌影)
[15:27:44] {"kind": "action", "what": "attack_move", "name": null, "qty": null, "ts": "15:27:44"}
[15:27:45] t=947 RETREAT SHK(15%)
[15:27:45] {"kind": "action", "what": "move", "name": null, "qty": null, "ts": "15:27:45"}
[15:27:47] t=953 MOVE raid x2 -> (123,91); assault x1 -> (131,80)
[15:27:47] {"kind": "action", "what": "attack_move", "name": null, "qty": null, "ts": "15:27:47"}
[15:27:47] {"kind": "action", "what": "attack_move", "name": null, "qty": null, "ts": "15:27:47"}
[15:27:49] t=959 MOVE raid x2 -> (126,90)
[15:27:49] {"kind": "action", "what": "attack_move", "name": null, "qty": null, "ts": "15:27:49"}
[15:27:50] t=965 MOVE raid x2 -> (131,80)
[15:27:50] {"kind": "action", "what": "attack_move", "name": null, "qty": null, "ts": "15:27:50"}
[15:27:56] t=989 ALARM 单位损失 -> TURTLE (3 v 14, 守塔阵不打野战)
[15:27:56] {"kind": "action", "what": "attack_move", "name": null, "qty": null, "ts": "15:27:56"}
[15:27:59] t=1001 jev INF DOG (conf 0.14)
[15:27:59] {"kind": "action", "what": "produce", "name": "DOG", "qty": 1, "ts": "15:27:59"}
[15:28:01] t=1007 jev VEH DRON (conf 0.48)
[15:28:01] {"kind": "action", "what": "produce", "name": "DRON", "qty": 1, "ts": "15:28:01"}
[15:28:02] t=1013 jev INF DOG (conf 0.17)
[15:28:04] t=1019 jev INF SHK HOLD (预算保护 gate=False e2=0)
[15:28:04] t=1019 MOVE raid x2 -> (128,88); assault x1 -> (131,80)
[15:28:04] {"kind": "action", "what": "attack_move", "name": null, "qty": null, "ts": "15:28:04"}
[15:28:04] {"kind": "action", "what": "attack_move", "name": null, "qty": null, "ts": "15:28:04"}
[15:28:05] t=1025 AA HTK x2 (enemy air)
[15:28:05] {"kind": "action", "what": "produce", "name": "HTK", "qty": 2, "ts": "15:28:05"}
[15:28:05] t=1025 jev INF DOG (conf 0.18)
[15:28:05] t=1025 MOVE raid x2 -> (127,87)
[15:28:05] {"kind": "action", "what": "attack_move", "name": null, "qty": null, "ts": "15:28:05"}
[15:28:07] t=1031 jev INF SHK HOLD (预算保护 gate=False e2=0)
[15:28:07] t=1031 MOVE raid x2 -> (128,76)
[15:28:07] {"kind": "action", "what": "attack_move", "name": null, "qty": null, "ts": "15:28:07"}
[15:28:08] t=1036 jev INF DOG (conf 0.20)
[15:28:08] t=1036 MOVE raid x2 -> (126,82)
[15:28:08] {"kind": "action", "what": "attack_move", "name": null, "qty": null, "ts": "15:28:08"}
[15:28:09] t=1042 ALARM 单位损失 -> TURTLE (5 v 16, 守塔阵不打野战)
[15:28:09] {"kind": "action", "what": "attack_move", "name": null, "qty": null, "ts": "15:28:09"}
[15:28:10] t=1042 jev INF DOG (conf 0.13)
[15:28:10] t=1042 tick#175 credits=262 stance=defend | jev 175 decisions p50=726ms
[15:28:11] t=1048 jev INF DOG (conf 0.17)
[15:28:13] t=1054 jev INF SHK HOLD (预算保护 gate=False e2=0)
[15:28:15] t=1066 ESCORT 坦克#1836 -> 护航矿车@[100, 100]
[15:28:15] {"kind": "action", "what": "attack_move", "name": null, "qty": null, "ts": "15:28:15"}
[15:28:16] t=1066 jev INF DOG (conf 0.26)
[15:28:17] t=1072 MOVE raid x2 -> (122,86); assault x2 -> (131,80)
[15:28:17] {"kind": "action", "what": "attack_move", "name": null, "qty": null, "ts": "15:28:17"}
[15:28:17] {"kind": "action", "what": "attack_move", "name": null, "qty": null, "ts": "15:28:17"}
[15:28:19] t=1078 MOVE raid x2 -> (121,93)
[15:28:19] {"kind": "action", "what": "attack_move", "name": null, "qty": null, "ts": "15:28:19"}
[15:28:20] t=1084 MOVE raid x2 -> (131,80)
[15:28:20] {"kind": "action", "what": "attack_move", "name": null, "qty": null, "ts": "15:28:20"}
[15:28:22] t=1090 jev INF DOG (conf 0.32)
[15:28:23] t=1096 ALARM 单位损失 -> TURTLE (5 v 20, 守塔阵不打野战)
[15:28:23] {"kind": "action", "what": "attack_move", "name": null, "qty": null, "ts": "15:28:23"}
[15:28:23] t=1096 jev INF DOG (conf 0.29)
[15:28:26] t=1108 jev INF DOG (conf 0.28)
[15:28:26] {"kind": "action", "what": "produce", "name": "DOG", "qty": 1, "ts": "15:28:26"}
[15:28:31] t=1126 MOVE raid x2 -> (115,133); assault x1 -> (134,79)
[15:28:31] {"kind": "action", "what": "attack_move", "name": null, "qty": null, "ts": "15:28:31"}
[15:28:31] {"kind": "action", "what": "attack_move", "name": null, "qty": null, "ts": "15:28:31"}
[15:28:34] t=1138 MOVE raid x2 -> (114,132)
[15:28:34] {"kind": "action", "what": "attack_move", "name": null, "qty": null, "ts": "15:28:34"}
[15:28:35] t=1144 ALARM 单位损失 -> TURTLE (5 v 24, 守塔阵不打野战)
[15:28:35] {"kind": "action", "what": "attack_move", "name": null, "qty": null, "ts": "15:28:35"}
[15:28:43] t=1174 jev INF DOG (conf 0.29)
[15:28:43] t=1174 MOVE raid x2 -> (116,131); assault x1 -> (134,79)
[15:28:43] {"kind": "action", "what": "attack_move", "name": null, "qty": null, "ts": "15:28:43"}
[15:28:43] {"kind": "action", "what": "attack_move", "name": null, "qty": null, "ts": "15:28:43"}
[15:28:44] t=1180 jev INF DOG (conf 0.28)
[15:28:44] t=1180 jev VEH DRON (conf 0.36)
[15:28:44] {"kind": "action", "what": "produce", "name": "DRON", "qty": 1, "ts": "15:28:44"}
[15:28:44] t=1180 MOVE raid x2 -> (114,133)
[15:28:44] {"kind": "action", "what": "attack_move", "name": null, "qty": null, "ts": "15:28:44"}
[15:28:46] t=1186 jev INF DOG (conf 0.27)
[15:28:46] t=1186 MOVE raid x2 -> (114,134)
[15:28:46] {"kind": "action", "what": "attack_move", "name": null, "qty": null, "ts": "15:28:46"}
[15:28:47] t=1192 jev INF DOG (conf 0.31)
[15:28:47] t=1192 tick#200 credits=0 stance=defend | jev 200 decisions p50=726ms
[15:28:50] t=1204 jev INF DOG (conf 0.26)
[15:28:50] t=1204 MOVE raid x2 -> (114,135)
[15:28:50] {"kind": "action", "what": "attack_move", "name": null, "qty": null, "ts": "15:28:50"}
[15:28:53] t=1216 jev INF DOG (conf 0.33)
[15:28:53] {"kind": "action", "what": "produce", "name": "DOG", "qty": 1, "ts": "15:28:53"}
[15:28:53] t=1216 MOVE raid x2 -> (114,136)
[15:28:53] {"kind": "action", "what": "attack_move", "name": null, "qty": null, "ts": "15:28:53"}
[15:28:55] t=1222 MOVE raid x2 -> (114,134); assault x2 -> (134,79)
[15:28:55] {"kind": "action", "what": "attack_move", "name": null, "qty": null, "ts": "15:28:55"}
[15:28:55] {"kind": "action", "what": "attack_move", "name": null, "qty": null, "ts": "15:28:55"}
[15:28:56] t=1228 MOVE raid x2 -> (113,134)
[15:28:56] {"kind": "action", "what": "attack_move", "name": null, "qty": null, "ts": "15:28:56"}
[15:28:59] t=1239 MOVE raid x2 -> (113,133)
[15:28:59] {"kind": "action", "what": "attack_move", "name": null, "qty": null, "ts": "15:28:59"}
[15:29:00] t=1245 ALARM 单位损失 -> TURTLE (6 v 28, 守塔阵不打野战)
[15:29:00] {"kind": "action", "what": "attack_move", "name": null, "qty": null, "ts": "15:29:00"}
[15:29:08] t=1275 MOVE assault x2 -> (134,79)
[15:29:08] {"kind": "action", "what": "attack_move", "name": null, "qty": null, "ts": "15:29:08"}
[15:29:20] t=1323 MOVE assault x2 -> (134,79)
[15:29:20] {"kind": "action", "what": "attack_move", "name": null, "qty": null, "ts": "15:29:20"}
[15:29:21] t=1329 RETREAT HTK(39%)
[15:29:21] {"kind": "action", "what": "move", "name": null, "qty": null, "ts": "15:29:21"}
[15:29:23] t=1335 ALARM 单位损失 -> TURTLE (5 v 31, 守塔阵不打野战)
[15:29:23] {"kind": "action", "what": "attack_move", "name": null, "qty": null, "ts": "15:29:23"}
[15:29:23] t=1335 jev INF E2 HOLD (预算保护 gate=False e2=0)
[15:29:25] t=1341 jev VEH DRON (conf 0.34)
[15:29:25] {"kind": "action", "what": "produce", "name": "DRON", "qty": 1, "ts": "15:29:25"}
[15:29:25] t=1341 tick#225 credits=0 stance=defend | jev 225 decisions p50=725ms
[15:29:31] t=1365 MOVE raid x2 -> (101,98)
[15:29:31] {"kind": "action", "what": "attack_move", "name": null, "qty": null, "ts": "15:29:31"}
[15:29:32] t=1371 MOVE raid x2 -> (98,102)
[15:29:32] {"kind": "action", "what": "attack_move", "name": null, "qty": null, "ts": "15:29:32"}
[15:29:34] t=1377 MOVE raid x2 -> (93,104); assault x1 -> (134,79)
[15:29:34] {"kind": "action", "what": "attack_move", "name": null, "qty": null, "ts": "15:29:34"}
[15:29:34] {"kind": "action", "what": "attack_move", "name": null, "qty": null, "ts": "15:29:34"}
[15:29:35] t=1383 ALARM 单位损失 -> TURTLE (5 v 31, 守塔阵不打野战)
[15:29:35] {"kind": "action", "what": "attack_move", "name": null, "qty": null, "ts": "15:29:35"}
[15:29:47] t=1431 MOVE assault x1 -> (134,79)
[15:29:47] {"kind": "action", "what": "attack_move", "name": null, "qty": null, "ts": "15:29:47"}
[15:29:52] t=1449 MOVE raid x2 -> (110,85)
[15:29:52] {"kind": "action", "what": "attack_move", "name": null, "qty": null, "ts": "15:29:52"}
[15:29:53] t=1455 MOVE raid x2 -> (106,87)
[15:29:53] {"kind": "action", "what": "attack_move", "name": null, "qty": null, "ts": "15:29:53"}
[15:29:55] t=1461 MOVE raid x2 -> (104,93)
[15:29:55] {"kind": "action", "what": "attack_move", "name": null, "qty": null, "ts": "15:29:55"}
[15:29:56] t=1467 ALARM 单位损失 -> TURTLE (5 v 31, 守塔阵不打野战)
[15:29:56] {"kind": "action", "what": "attack_move", "name": null, "qty": null, "ts": "15:29:56"}
[15:30:02] t=1491 tick#250 credits=0 stance=defend | jev 250 decisions p50=725ms
[15:30:04] t=1497 MOVE assault x1 -> (134,79)
[15:30:04] {"kind": "action", "what": "attack_move", "name": null, "qty": null, "ts": "15:30:04"}
[15:30:08] t=1514 jev INF E2 HOLD (预算保护 gate=False e2=0)
[15:30:08] t=1514 jev VEH DRON (conf 0.26)
[15:30:08] {"kind": "action", "what": "produce", "name": "DRON", "qty": 1, "ts": "15:30:08"}
[15:30:08] t=1514 MOVE raid x2 -> (95,102)
[15:30:08] {"kind": "action", "what": "attack_move", "name": null, "qty": null, "ts": "15:30:08"}
[15:30:14] t=1538 MOVE raid x2 -> (96,102)
[15:30:14] {"kind": "action", "what": "attack_move", "name": null, "qty": null, "ts": "15:30:14"}
[15:30:16] t=1544 MOVE raid x2 -> (95,102); assault x1 -> (134,79)
[15:30:16] {"kind": "action", "what": "attack_move", "name": null, "qty": null, "ts": "15:30:16"}
[15:30:16] {"kind": "action", "what": "attack_move", "name": null, "qty": null, "ts": "15:30:16"}
[15:30:24] t=1580 RETREAT SHK(34%)
[15:30:24] {"kind": "action", "what": "move", "name": null, "qty": null, "ts": "15:30:24"}
[15:30:26] t=1586 ALARM 单位损失 -> TURTLE (4 v 34, 守塔阵不打野战)
[15:30:26] {"kind": "action", "what": "attack_move", "name": null, "qty": null, "ts": "15:30:26"}
[15:30:30] t=1604 RETREAT DOG(35%)
[15:30:30] {"kind": "action", "what": "move", "name": null, "qty": null, "ts": "15:30:30"}
[15:30:32] t=1610 jev INF DOG (conf 0.32)
[15:30:32] {"kind": "action", "what": "produce", "name": "DOG", "qty": 1, "ts": "15:30:32"}
[15:30:40] t=1640 tick#275 credits=0 stance=defend | jev 275 decisions p50=725ms
[15:30:42] {"kind": "action", "what": "produce", "name": "NAREFN", "qty": 1, "ts": "15:30:42"}
[15:30:42] t=1652 OPENING BUILD NAREFN
[15:30:45] t=1664 ALARM 苏联战车工厂被攻击 -> TURTLE (1 v 28, 守塔阵不打野战)
[15:30:45] {"kind": "action", "what": "attack_move", "name": null, "qty": null, "ts": "15:30:45"}
[15:30:53] t=1694 MOVE assault x2 -> (134,79)
[15:30:53] {"kind": "action", "what": "attack_move", "name": null, "qty": null, "ts": "15:30:53"}
[15:30:54] t=1700 ALARM 苏联兵营被攻击 -> TURTLE (4 v 28, 守塔阵不打野战)
[15:30:55] t=1700 jev INF DOG (conf 0.34)
[15:30:56] t=1705 jev INF DOG (conf 0.38)
[15:30:58] t=1711 jev INF E2 (conf 0.21)
[15:30:58] {"kind": "action", "what": "produce", "name": "E2", "qty": 1, "ts": "15:30:58"}
[15:31:01] t=1723 jev INF E2 (conf 0.22)
[2026-09-29 15:31:03] {"kind": "report", "result": "defeat", "t": 1735, "ticks": 291, "crisis_ticks": 50, "stance": "defend", "jev": {"decisions": 290, "errors": 0, "input_tokens": 893018, "output_tokens": 67848, "p50_ms": 724, "p95_ms": 776}, "enemy_base": [134, 79], "ts": "2026-09-29 15:31:03"}
[15:31:04] REVIEW game#41 defeat → game-0041-review.md | changes=0
{
  "result": "defeat",
  "t": 1735,
  "ticks": 291,
  "crisis_ticks": 50,
  "stance": "defend",
  "jev": {
    "decisions": 290,
    "errors": 0,
    "input_tokens": 893018,
    "output_tokens": 67848,
    "p50_ms": 724,
    "p95_ms": 776
  },
  "enemy_base": [
    134,
    79
  ],
  "ts": "2026-09-29 15:31:03",
  "review": {
    "game_no": 41,
    "rootcause": "timing",
    "auto_tuned": 0
  }
}
