[15:38:11] 进局中(全自动)...
[15:38:36] {"kind": "start", "policy": "ra2web-jev-player/1.0", "maxDecisions": 1200, "micro": {"events": [{"kind": "micro", "t": 4, "what": "start"}], "loopN": 1, "on": true, "outcome": null, "stall": false}, "ts": "15:38:36"}
[15:38:36] === ra2web-jev-player start (tick=1.5s, max_decisions=1200) ===
[15:38:36] t=4 DEPLOY mcv
[15:38:36] {"kind": "action", "what": "deploy", "ids": [1042], "ts": "15:38:36"}
[15:38:36] {"kind": "action", "what": "deploy", "name": null, "qty": null, "ts": "15:38:36"}
[15:38:37] t=10 POWER plant (reserve 0)
[15:38:37] {"kind": "action", "what": "produce", "name": "NAPOWR", "qty": 1, "ts": "15:38:37"}
[15:38:38] t=10 jev STANCE defend->develop (conf 0.92)
[15:38:49] {"kind": "action", "what": "produce", "name": "NAREFN", "qty": 1, "ts": "15:38:49"}
[15:38:49] t=58 OPENING BUILD NAREFN
[15:39:12] t=148 tick#25 credits=7400 stance=develop | jev 25 decisions p50=732ms
[15:39:13] {"kind": "action", "what": "produce", "name": "NAHAND", "qty": 1, "ts": "15:39:13"}
[15:39:13] t=154 OPENING BUILD NAHAND
[15:39:19] t=177 DEFLINE NALASR (have 0)
[15:39:19] {"kind": "action", "what": "produce", "name": "NALASR", "qty": 1, "ts": "15:39:19"}
[15:39:19] {"kind": "action", "what": "produce", "name": "NAWEAP", "qty": 1, "ts": "15:39:19"}
[15:39:19] t=177 OPENING BUILD NAWEAP
[15:39:20] t=177 jev INF DOG (conf 0.27)
[15:39:20] {"kind": "action", "what": "produce", "name": "DOG", "qty": 1, "ts": "15:39:20"}
[15:39:22] t=189 SCOUT dog->mirror [66, 121]
[15:39:22] {"kind": "action", "what": "attack_move", "name": null, "qty": null, "ts": "15:39:22"}
[15:39:27] t=207 DEFLINE NALASR (have 1)
[15:39:28] t=213 DEFLINE NALASR (have 1)
[15:39:30] t=219 DEFLINE NALASR (have 1)
[15:39:31] t=225 DEFLINE NALASR (have 1)
[15:39:33] t=231 DEFLINE NALASR (have 1)
[15:39:34] t=237 DEFLINE NALASR (have 1)
[15:39:36] t=243 DEFLINE NALASR (have 1)
[15:39:37] t=249 DEFLINE NALASR (have 1)
[15:39:39] t=255 DEFLINE NALASR (have 1)
[15:39:40] t=261 DEFLINE NALASR (have 1)
[15:39:42] t=267 DEFLINE NALASR (have 1)
[15:39:43] t=273 DEFLINE NALASR (have 1)
[15:39:45] t=279 ECON harv#2
[15:39:45] t=279 TANK HTNK x4
[15:39:45] t=279 INSURE AA building
[15:39:45] {"kind": "action", "what": "produce", "name": "HARV", "qty": 1, "ts": "15:39:45"}
[15:39:45] {"kind": "action", "what": "produce", "name": "HTNK", "qty": 4, "ts": "15:39:45"}
[15:39:45] {"kind": "action", "what": "produce", "name": "NAFLAK", "qty": 1, "ts": "15:39:45"}
[15:39:45] t=279 jev BUILD NAPOWR (conf 0.45)
[15:39:46] {"kind": "action", "what": "produce", "name": "NAPOWR", "qty": 1, "ts": "15:39:46"}
[15:39:50] t=297 tick#50 credits=5189 stance=develop | jev 50 decisions p50=735ms
[15:39:51] t=303 jev INF E2 (conf 0.22)
[15:39:51] {"kind": "action", "what": "produce", "name": "E2", "qty": 1, "ts": "15:39:51"}
[15:39:54] t=314 MOVE assault x1 -> (137,82)
[15:39:54] {"kind": "action", "what": "attack_move", "name": null, "qty": null, "ts": "15:39:54"}
[15:39:57] t=326 jev BUILD NAREFN (conf 0.38)
[15:39:57] {"kind": "action", "what": "produce", "name": "NAREFN", "qty": 1, "ts": "15:39:57"}
[15:40:04] t=356 DEFLINE NALASR (have 1)
[15:40:04] {"kind": "action", "what": "produce", "name": "NALASR", "qty": 1, "ts": "15:40:04"}
[15:40:08] t=368 MOVE assault x1 -> (137,82)
[15:40:08] {"kind": "action", "what": "attack_move", "name": null, "qty": null, "ts": "15:40:08"}
[15:40:09] t=374 SCOUT #1093->[14, 138] (敌影)
[15:40:09] {"kind": "action", "what": "attack_move", "name": null, "qty": null, "ts": "15:40:09"}
[15:40:21] t=422 MOVE assault x1 -> (137,82)
[15:40:21] {"kind": "action", "what": "attack_move", "name": null, "qty": null, "ts": "15:40:21"}
[15:40:27] t=446 tick#75 credits=1065 stance=develop | jev 75 decisions p50=734ms
[15:40:35] t=476 MOVE assault x3 -> (137,82)
[15:40:35] {"kind": "action", "what": "attack_move", "name": null, "qty": null, "ts": "15:40:35"}
[15:40:45] t=517 TANK HTNK x2
[15:40:45] {"kind": "action", "what": "produce", "name": "HTNK", "qty": 2, "ts": "15:40:45"}
[15:40:45] t=517 ENEMY BASE spotted @[75, 118]
[15:40:46] t=517 jev STANCE develop->rush (conf 0.95)
[15:40:46] t=517 MOVE raid x2 -> (75,118); assault x2 -> (75,118)
[15:40:46] {"kind": "action", "what": "attack_move", "name": null, "qty": null, "ts": "15:40:46"}
[15:40:46] {"kind": "action", "what": "attack_move", "name": null, "qty": null, "ts": "15:40:46"}
[15:40:47] t=523 MOVE raid x2 -> (88,124); assault x2 -> (74,122)
[15:40:47] {"kind": "action", "what": "attack_move", "name": null, "qty": null, "ts": "15:40:47"}
[15:40:47] {"kind": "action", "what": "attack_move", "name": null, "qty": null, "ts": "15:40:47"}
[15:40:48] t=529 ALARM 单位损失 -> 攻势保持（塔阵守家, 前线 4 个单位继续进攻）
[15:40:48] t=529 jev INF SHK (conf 0.07)
[15:40:49] {"kind": "action", "what": "produce", "name": "SHK", "qty": 1, "ts": "15:40:49"}
[15:40:49] t=529 MOVE raid x2 -> (87,124); assault x2 -> (70,117)
[15:40:49] {"kind": "action", "what": "attack_move", "name": null, "qty": null, "ts": "15:40:49"}
[15:40:49] {"kind": "action", "what": "attack_move", "name": null, "qty": null, "ts": "15:40:49"}
[15:40:49] t=535 ESCORT 坦克#1112 -> 护航矿车@[126, 103]
[15:40:49] {"kind": "action", "what": "attack_move", "name": null, "qty": null, "ts": "15:40:49"}
[15:40:50] t=535 MOVE raid x2 -> (88,126)
[15:40:50] {"kind": "action", "what": "attack_move", "name": null, "qty": null, "ts": "15:40:50"}
[15:40:51] t=541 MOVE raid x2 -> (89,126)
[15:40:51] {"kind": "action", "what": "attack_move", "name": null, "qty": null, "ts": "15:40:51"}
[15:40:53] t=547 MOVE raid x2 -> (89,125)
[15:40:53] {"kind": "action", "what": "attack_move", "name": null, "qty": null, "ts": "15:40:53"}
[15:40:54] t=553 jev INF E2 HOLD (预算保护 gate=False e2=1)
[15:40:56] t=559 jev INF E2 HOLD (预算保护 gate=False e2=1)
[15:40:56] t=559 MOVE raid x2 -> (90,124)
[15:40:56] {"kind": "action", "what": "attack_move", "name": null, "qty": null, "ts": "15:40:56"}
[15:40:57] t=565 jev INF E2 HOLD (预算保护 gate=False e2=1)
[15:40:57] t=565 MOVE raid x2 -> (89,124)
[15:40:58] {"kind": "action", "what": "attack_move", "name": null, "qty": null, "ts": "15:40:58"}
[15:41:00] t=577 MOVE raid x2 -> (89,126)
[15:41:01] {"kind": "action", "what": "attack_move", "name": null, "qty": null, "ts": "15:41:01"}
[15:41:02] t=583 jev INF DOG (conf 0.26)
[15:41:02] {"kind": "action", "what": "produce", "name": "DOG", "qty": 1, "ts": "15:41:02"}
[15:41:02] t=583 MOVE assault x4 -> (70,117)
[15:41:02] {"kind": "action", "what": "attack_move", "name": null, "qty": null, "ts": "15:41:02"}
[15:41:05] t=595 tick#100 credits=1382 stance=rush | jev 100 decisions p50=730ms
[15:41:06] t=601 MOVE raid x2 -> (89,125)
[15:41:06] {"kind": "action", "what": "attack_move", "name": null, "qty": null, "ts": "15:41:06"}
[15:41:07] t=607 HARASS DRON x2 (have 0)
[15:41:07] {"kind": "action", "what": "produce", "name": "DRON", "qty": 2, "ts": "15:41:07"}
[15:41:08] t=607 ATTACK (tanks=6)
[15:41:08] t=607 MOVE guard x2 -> (137,82)
[15:41:08] {"kind": "action", "what": "attack_move", "name": null, "qty": null, "ts": "15:41:08"}
[15:41:09] t=613 RETREAT HTNK(20%)
[15:41:09] {"kind": "action", "what": "move", "name": null, "qty": null, "ts": "15:41:09"}
[15:41:10] t=613 jev STANCE attack->rush (conf 0.52)
[15:41:10] t=613 ATTACK (tanks=6)
[15:41:10] t=619 ALARM 单位损失 -> 攻势保持（塔阵守家, 前线 7 个单位继续进攻）
[15:41:11] t=619 jev INF E2 HOLD (预算保护 gate=False e2=1)
[15:41:11] t=619 jev STANCE attack->rush (conf 0.52)
[15:41:11] t=619 MOVE raid x2 -> (87,124)
[15:41:11] {"kind": "action", "what": "attack_move", "name": null, "qty": null, "ts": "15:41:11"}
[15:41:13] t=625 ATTACK (tanks=6)
[15:41:13] t=625 MOVE raid x2 -> (88,124)
[15:41:13] {"kind": "action", "what": "attack_move", "name": null, "qty": null, "ts": "15:41:13"}
[15:41:14] t=631 jev INF E2 HOLD (预算保护 gate=False e2=1)
[15:41:14] t=631 jev STANCE attack->rush (conf 0.51)
[15:41:14] t=631 ATTACK (tanks=6)
[15:41:14] t=631 MOVE raid x2 -> (89,120)
[15:41:14] {"kind": "action", "what": "attack_move", "name": null, "qty": null, "ts": "15:41:14"}
[15:41:15] t=637 TANK HTNK x1
[15:41:15] {"kind": "action", "what": "produce", "name": "HTNK", "qty": 1, "ts": "15:41:15"}
[15:41:15] t=637 jev INF SHK (conf 0.13)
[15:41:15] t=637 jev STANCE attack->rush (conf 0.53)
[15:41:16] {"kind": "action", "what": "produce", "name": "SHK", "qty": 1, "ts": "15:41:16"}
[15:41:16] t=637 ATTACK (tanks=7)
[15:41:16] t=637 MOVE raid x2 -> (89,116); assault x4 -> (70,117)
[15:41:16] {"kind": "action", "what": "attack_move", "name": null, "qty": null, "ts": "15:41:16"}
[15:41:16] {"kind": "action", "what": "attack_move", "name": null, "qty": null, "ts": "15:41:16"}
[15:41:16] t=643 RETREAT HTNK(39%)
[15:41:16] {"kind": "action", "what": "move", "name": null, "qty": null, "ts": "15:41:16"}
[15:41:17] t=643 jev STANCE attack->rush (conf 0.64)
[15:41:17] t=643 ATTACK (tanks=7)
[15:41:17] t=643 MOVE raid x2 -> (90,109)
[15:41:17] {"kind": "action", "what": "attack_move", "name": null, "qty": null, "ts": "15:41:17"}
[15:41:18] t=649 ALARM 单位损失 -> 攻势保持（塔阵守家, 前线 6 个单位继续进攻）
[15:41:18] t=649 RETREAT HTNK(17%)
[15:41:18] {"kind": "action", "what": "move", "name": null, "qty": null, "ts": "15:41:18"}
[15:41:19] t=649 jev STANCE attack->rush (conf 0.65)
[15:41:19] t=649 ATTACK (tanks=7)
[15:41:19] t=649 MOVE raid x2 -> (91,105)
[15:41:19] {"kind": "action", "what": "attack_move", "name": null, "qty": null, "ts": "15:41:19"}
[15:41:19] t=655 ALARM 单位损失 -> 攻势保持（塔阵守家, 前线 6 个单位继续进攻）
[15:41:19] t=655 ESCORT 坦克#1234 -> 护航矿车@[128, 106]
[15:41:19] {"kind": "action", "what": "attack_move", "name": null, "qty": null, "ts": "15:41:19"}
[15:41:20] t=655 jev STANCE attack->rush (conf 0.61)
[15:41:20] t=655 MOVE raid x2 -> (95,102)
[15:41:20] {"kind": "action", "what": "attack_move", "name": null, "qty": null, "ts": "15:41:20"}
[15:41:21] t=661 ALARM 单位损失 -> 攻势保持（塔阵守家, 前线 6 个单位继续进攻）
[15:41:22] t=661 jev INF SHK (conf 0.21)
[15:41:22] t=661 MOVE raid x2 -> (100,101)
[15:41:22] {"kind": "action", "what": "attack_move", "name": null, "qty": null, "ts": "15:41:22"}
[15:41:23] t=667 jev INF SHK (conf 0.16)
[15:41:23] t=667 MOVE raid x2 -> (103,98)
[15:41:23] {"kind": "action", "what": "attack_move", "name": null, "qty": null, "ts": "15:41:23"}
[15:41:24] t=673 ALARM 单位损失 -> 攻势保持（塔阵守家, 前线 5 个单位继续进攻）
[15:41:24] t=673 jev INF SHK (conf 0.17)
[15:41:24] t=673 MOVE raid x2 -> (103,94)
[15:41:24] {"kind": "action", "what": "attack_move", "name": null, "qty": null, "ts": "15:41:24"}
[15:41:25] t=679 HARASS DRON x2 (have 0)
[15:41:26] t=679 jev INF SHK (conf 0.17)
[15:41:26] t=679 jev VEH HTNK (conf 0.56)
[15:41:26] t=679 MOVE raid x2 -> (103,91)
[15:41:26] {"kind": "action", "what": "attack_move", "name": null, "qty": null, "ts": "15:41:26"}
[15:41:27] t=685 HARASS DRON x2 (have 0)
[15:41:27] t=685 jev VEH HTNK (conf 0.56)
[15:41:27] t=685 MOVE raid x2 -> (107,86)
[15:41:28] {"kind": "action", "what": "attack_move", "name": null, "qty": null, "ts": "15:41:28"}
[15:41:28] t=691 HARASS DRON x2 (have 0)
[15:41:29] t=691 jev INF SHK (conf 0.26)
[15:41:29] t=691 jev VEH HTNK (conf 0.49)
[15:41:29] t=691 MOVE raid x2 -> (112,87); assault x3 -> (70,117)
[15:41:29] {"kind": "action", "what": "attack_move", "name": null, "qty": null, "ts": "15:41:29"}
[15:41:29] {"kind": "action", "what": "attack_move", "name": null, "qty": null, "ts": "15:41:29"}
[15:41:30] t=697 HARASS DRON x2 (have 0)
[15:41:30] t=697 RETREAT SHK(35%)
[15:41:30] {"kind": "action", "what": "move", "name": null, "qty": null, "ts": "15:41:30"}
[15:41:31] t=697 jev INF SHK (conf 0.21)
[15:41:31] t=697 jev VEH HTNK (conf 0.65)
[15:41:31] t=697 MOVE raid x2 -> (119,90)
[15:41:31] {"kind": "action", "what": "attack_move", "name": null, "qty": null, "ts": "15:41:31"}
[15:41:31] t=702 HARASS DRON x2 (have 0)
[15:41:32] t=702 jev INF SHK (conf 0.23)
[15:41:32] t=702 jev VEH HTNK (conf 0.59)
[15:41:32] t=702 MOVE raid x2 -> (119,97)
[15:41:32] {"kind": "action", "what": "attack_move", "name": null, "qty": null, "ts": "15:41:32"}
[15:41:33] t=708 HARASS DRON x2 (have 0)
[15:41:33] {"kind": "action", "what": "produce", "name": "DRON", "qty": 2, "ts": "15:41:33"}
[15:41:33] t=708 jev INF SHK (conf 0.23)
[15:41:33] t=708 MOVE raid x2 -> (109,84)
[15:41:34] {"kind": "action", "what": "attack_move", "name": null, "qty": null, "ts": "15:41:34"}
[15:41:34] t=714 ALARM 单位损失 -> 攻势保持（塔阵守家, 前线 4 个单位继续进攻）
[15:41:35] t=714 MOVE raid x2 -> (114,87)
[15:41:35] {"kind": "action", "what": "attack_move", "name": null, "qty": null, "ts": "15:41:35"}
[15:41:37] t=720 MOVE raid x2 -> (119,91)
[15:41:37] {"kind": "action", "what": "attack_move", "name": null, "qty": null, "ts": "15:41:37"}
[15:41:38] t=726 MOVE raid x2 -> (121,93)
[15:41:38] {"kind": "action", "what": "attack_move", "name": null, "qty": null, "ts": "15:41:38"}
[15:41:40] t=732 MOVE raid x2 -> (120,96)
[15:41:40] {"kind": "action", "what": "attack_move", "name": null, "qty": null, "ts": "15:41:40"}
[15:41:40] t=738 TANK HTNK x2
[15:41:40] {"kind": "action", "what": "produce", "name": "HTNK", "qty": 2, "ts": "15:41:40"}
[15:41:41] t=738 ATTACK (tanks=6)
[15:41:41] t=738 MOVE raid x2 -> (117,100); assault x3 -> (70,117); guard x2 -> (137,82)
[15:41:41] {"kind": "action", "what": "attack_move", "name": null, "qty": null, "ts": "15:41:41"}
[15:41:41] {"kind": "action", "what": "attack_move", "name": null, "qty": null, "ts": "15:41:41"}
[15:41:41] {"kind": "action", "what": "attack_move", "name": null, "qty": null, "ts": "15:41:41"}
[15:41:42] t=744 jev STANCE attack->rush (conf 0.54)
[15:41:42] t=744 ATTACK (tanks=6)
[15:41:42] t=744 MOVE raid x2 -> (89,123)
[15:41:43] {"kind": "action", "what": "attack_move", "name": null, "qty": null, "ts": "15:41:43"}
[15:41:43] t=744 tick#125 credits=1262 stance=attack | jev 125 decisions p50=732ms
[15:41:44] t=750 jev INF SHK (conf 0.12)
[15:41:44] t=750 jev STANCE attack->rush (conf 0.51)
[15:41:44] {"kind": "action", "what": "produce", "name": "SHK", "qty": 1, "ts": "15:41:44"}
[15:41:44] t=750 ATTACK (tanks=6)
[15:41:44] t=750 MOVE raid x2 -> (89,117)
[15:41:44] {"kind": "action", "what": "attack_move", "name": null, "qty": null, "ts": "15:41:44"}
[15:41:45] t=756 jev STANCE attack->rush (conf 0.53)
[15:41:45] t=756 ATTACK (tanks=6)
[15:41:45] t=756 MOVE raid x2 -> (89,109)
[15:41:46] {"kind": "action", "what": "attack_move", "name": null, "qty": null, "ts": "15:41:46"}
[15:41:47] t=762 jev STANCE attack->rush (conf 0.62)
[15:41:47] t=762 ATTACK (tanks=6)
[15:41:47] t=762 MOVE raid x2 -> (93,104)
[15:41:47] {"kind": "action", "what": "attack_move", "name": null, "qty": null, "ts": "15:41:47"}
[15:41:48] t=768 ALARM 单位损失 -> 攻势保持（塔阵守家, 前线 5 个单位继续进攻）
[15:41:48] t=768 jev STANCE attack->rush (conf 0.62)
[15:41:48] t=768 MOVE raid x2 -> (96,102)
[15:41:49] {"kind": "action", "what": "attack_move", "name": null, "qty": null, "ts": "15:41:49"}
[15:41:49] t=774 ESCORT 坦克#1234 -> 护航矿车@[129, 105]
[15:41:49] {"kind": "action", "what": "attack_move", "name": null, "qty": null, "ts": "15:41:49"}
[15:41:50] t=774 jev INF SHK HOLD (预算保护 gate=False e2=0)
[15:41:51] t=780 ALARM 单位损失 -> 攻势保持（塔阵守家, 前线 5 个单位继续进攻）
[15:41:51] t=780 RETREAT SHK(6%)
[15:41:51] {"kind": "action", "what": "move", "name": null, "qty": null, "ts": "15:41:51"}
[15:41:52] t=786 ALARM 单位损失 -> 攻势保持（塔阵守家, 前线 5 个单位继续进攻）
[15:41:53] t=786 jev INF DOG (conf 0.15)
[15:41:53] {"kind": "action", "what": "produce", "name": "DOG", "qty": 1, "ts": "15:41:53"}
[15:41:53] t=786 MOVE raid x2 -> (99,102)
[15:41:53] {"kind": "action", "what": "attack_move", "name": null, "qty": null, "ts": "15:41:53"}
[15:41:54] t=792 ALARM 单位损失 -> 攻势保持（塔阵守家, 前线 4 个单位继续进攻）
[15:41:55] t=792 MOVE raid x2 -> (100,101); assault x2 -> (70,117)
[15:41:55] {"kind": "action", "what": "attack_move", "name": null, "qty": null, "ts": "15:41:55"}
[15:41:55] {"kind": "action", "what": "attack_move", "name": null, "qty": null, "ts": "15:41:55"}
[15:41:56] t=798 jev BUILD NAHAND HOLD (资金闸门: 坦克优先, cash=597)
[15:41:56] t=798 MOVE raid x2 -> (101,100)
[15:41:56] {"kind": "action", "what": "attack_move", "name": null, "qty": null, "ts": "15:41:56"}
[15:41:58] t=804 MOVE raid x2 -> (102,99)
[15:41:58] {"kind": "action", "what": "attack_move", "name": null, "qty": null, "ts": "15:41:58"}
[15:41:58] t=810 RETREAT HTNK(38%)
[15:41:58] {"kind": "action", "what": "move", "name": null, "qty": null, "ts": "15:41:58"}
[15:41:59] t=810 MOVE raid x2 -> (103,95)
[15:41:59] {"kind": "action", "what": "attack_move", "name": null, "qty": null, "ts": "15:41:59"}
[15:42:00] t=816 MOVE raid x2 -> (105,88)
[15:42:01] {"kind": "action", "what": "attack_move", "name": null, "qty": null, "ts": "15:42:01"}
[15:42:02] t=822 jev VEH HTNK (conf 0.65)
[15:42:02] t=822 MOVE raid x2 -> (108,85)
[15:42:02] {"kind": "action", "what": "attack_move", "name": null, "qty": null, "ts": "15:42:02"}
[15:42:03] t=828 HARASS DRON x2 (have 0)
[15:42:03] t=828 RETREAT HTNK(10%)
[15:42:03] {"kind": "action", "what": "produce", "name": "DRON", "qty": 2, "ts": "15:42:03"}
[15:42:03] {"kind": "action", "what": "move", "name": null, "qty": null, "ts": "15:42:03"}
[15:42:04] t=828 MOVE raid x2 -> (110,85)
[15:42:04] {"kind": "action", "what": "attack_move", "name": null, "qty": null, "ts": "15:42:04"}
[15:42:04] t=834 ALARM 单位损失 -> 攻势保持（塔阵守家, 前线 4 个单位继续进攻）
[15:42:05] t=834 MOVE raid x2 -> (116,88)
[15:42:05] {"kind": "action", "what": "attack_move", "name": null, "qty": null, "ts": "15:42:05"}
[15:42:06] t=840 ALARM 单位损失 -> 攻势保持（塔阵守家, 前线 4 个单位继续进攻）
[15:42:07] t=840 MOVE raid x2 -> (120,92); assault x1 -> (70,117)
[15:42:07] {"kind": "action", "what": "attack_move", "name": null, "qty": null, "ts": "15:42:07"}
[15:42:07] {"kind": "action", "what": "attack_move", "name": null, "qty": null, "ts": "15:42:07"}
[15:42:07] t=846 ALARM 单位损失 -> 攻势保持（塔阵守家, 前线 4 个单位继续进攻）
[15:42:08] t=846 MOVE raid x2 -> (119,91)
[15:42:08] {"kind": "action", "what": "attack_move", "name": null, "qty": null, "ts": "15:42:08"}
[15:42:09] t=852 RETREAT DOG(6%)
[15:42:09] {"kind": "action", "what": "move", "name": null, "qty": null, "ts": "15:42:09"}
[15:42:10] t=852 MOVE raid x2 -> (115,88)
[15:42:10] {"kind": "action", "what": "attack_move", "name": null, "qty": null, "ts": "15:42:10"}
[15:42:10] t=858 ALARM 单位损失 -> 攻势保持（塔阵守家, 前线 4 个单位继续进攻）
[15:42:11] t=858 jev INF DOG (conf 0.19)
[15:42:11] t=858 jev VEH HTNK (conf 0.38)
[15:42:11] {"kind": "action", "what": "produce", "name": "HTNK", "qty": 1, "ts": "15:42:11"}
[15:42:11] t=858 MOVE raid x2 -> (113,87)
[15:42:11] {"kind": "action", "what": "attack_move", "name": null, "qty": null, "ts": "15:42:11"}
[15:42:12] t=864 ALARM 单位损失 -> 攻势保持（塔阵守家, 前线 2 个单位继续进攻）
[15:42:12] t=864 RETREAT HTNK(10%)
[15:42:12] {"kind": "action", "what": "move", "name": null, "qty": null, "ts": "15:42:12"}
[15:42:13] t=864 jev INF DOG (conf 0.28)
[15:42:13] t=864 jev STANCE rush->defend (conf 0.47)
[15:42:13] t=864 MOVE raid x2 -> (111,87)
[15:42:13] {"kind": "action", "what": "attack_move", "name": null, "qty": null, "ts": "15:42:13"}
[15:42:13] t=870 ALARM 单位损失 -> TURTLE (2 v 30, 守塔阵不打野战)
[15:42:13] {"kind": "action", "what": "attack_move", "name": null, "qty": null, "ts": "15:42:13"}
[15:42:14] t=870 jev INF DOG (conf 0.28)
[15:42:16] t=876 jev INF DOG (conf 0.35)
[15:42:16] t=882 RETREAT HTNK(32%)
[15:42:16] {"kind": "action", "what": "move", "name": null, "qty": null, "ts": "15:42:16"}
[15:42:18] t=888 SCOUT #1814->[14, 138] (敌影)
[15:42:18] {"kind": "action", "what": "attack_move", "name": null, "qty": null, "ts": "15:42:18"}
[15:42:20] t=894 jev INF DOG (conf 0.24)
[15:42:20] {"kind": "action", "what": "produce", "name": "DOG", "qty": 1, "ts": "15:42:20"}
[15:42:20] t=894 tick#150 credits=0 stance=defend | jev 150 decisions p50=734ms
[15:42:30] t=935 ALARM 苏联矿石精炼场被攻击 -> TURTLE (1 v 26, 守塔阵不打野战)
[15:42:30] {"kind": "action", "what": "attack_move", "name": null, "qty": null, "ts": "15:42:30"}
[15:42:33] t=947 RETREAT DOG(17%)
[15:42:33] {"kind": "action", "what": "move", "name": null, "qty": null, "ts": "15:42:33"}
[15:42:34] t=947 jev INF E2 (conf 0.20)
[15:42:34] {"kind": "action", "what": "produce", "name": "E2", "qty": 1, "ts": "15:42:34"}
[15:42:34] t=953 HARASS DRON x2 (have 0)
[15:42:34] {"kind": "action", "what": "produce", "name": "DRON", "qty": 2, "ts": "15:42:34"}
[15:42:34] t=953 SCOUT #2207->[14, 138] (敌影)
[15:42:34] {"kind": "action", "what": "attack_move", "name": null, "qty": null, "ts": "15:42:34"}
[15:42:37] t=959 jev INF E2 HOLD (预算保护 gate=False e2=1)
[15:42:38] t=965 MOVE assault x1 -> (70,117)
[15:42:38] {"kind": "action", "what": "attack_move", "name": null, "qty": null, "ts": "15:42:38"}
[15:42:39] t=971 ALARM 单位损失 -> TURTLE (1 v 27, 守塔阵不打野战)
[15:42:39] {"kind": "action", "what": "attack_move", "name": null, "qty": null, "ts": "15:42:39"}
[15:42:40] t=977 RETREAT HTNK(7%)
[15:42:40] {"kind": "action", "what": "move", "name": null, "qty": null, "ts": "15:42:40"}
[15:42:42] t=983 SCOUT #2241->[14, 138] (敌影)
[15:42:42] {"kind": "action", "what": "attack_move", "name": null, "qty": null, "ts": "15:42:42"}
[15:42:43] t=983 jev INF E2 HOLD (预算保护 gate=False e2=0)
[15:42:43] t=983 jev VEH HTNK (conf 0.39)
[15:42:43] {"kind": "action", "what": "produce", "name": "HTNK", "qty": 1, "ts": "15:42:43"}
[15:42:44] t=989 jev INF E2 HOLD (预算保护 gate=False e2=0)
[15:42:45] t=995 SCOUT #2227->[14, 138] (敌影)
[15:42:45] {"kind": "action", "what": "attack_move", "name": null, "qty": null, "ts": "15:42:45"}
[15:42:46] t=995 jev BUILD NAREFN HOLD (资金闸门: 坦克优先, cash=26)
[15:42:46] t=995 jev INF DOG (conf 0.08)
[15:42:46] {"kind": "action", "what": "produce", "name": "DOG", "qty": 1, "ts": "15:42:46"}
[15:42:58] t=1043 tick#175 credits=0 stance=defend | jev 175 decisions p50=730ms
[15:43:28] t=1162 jev INF E2 HOLD (预算保护 gate=False e2=0)
[15:43:29] t=1168 jev BUILD NAREFN HOLD (资金闸门: 坦克优先, cash=49)
[15:43:31] t=1180 HARASS DRON x2 (have 0)
[15:43:31] {"kind": "action", "what": "produce", "name": "DRON", "qty": 2, "ts": "15:43:31"}
[15:43:31] t=1180 SCOUT #2498->[14, 138] (敌影)
[15:43:31] {"kind": "action", "what": "attack_move", "name": null, "qty": null, "ts": "15:43:31"}
[15:43:32] t=1180 jev INF SHK (conf 0.18)
[15:43:32] {"kind": "action", "what": "produce", "name": "SHK", "qty": 1, "ts": "15:43:32"}
[15:43:35] t=1192 jev BUILD NAHAND (conf 0.15)
[15:43:35] {"kind": "action", "what": "produce", "name": "NAHAND", "qty": 1, "ts": "15:43:35"}
[15:43:35] t=1192 tick#200 credits=1580 stance=defend | jev 200 decisions p50=730ms
[15:43:37] t=1198 MOVE raid x2 -> (120,95)
[15:43:37] {"kind": "action", "what": "attack_move", "name": null, "qty": null, "ts": "15:43:37"}
[15:43:38] t=1204 jev INF E2 HOLD (预算保护 gate=False e2=0)
[15:43:38] t=1204 MOVE raid x2 -> (120,103); assault x1 -> (70,117)
[15:43:38] {"kind": "action", "what": "attack_move", "name": null, "qty": null, "ts": "15:43:38"}
[15:43:38] {"kind": "action", "what": "attack_move", "name": null, "qty": null, "ts": "15:43:38"}
[15:43:40] t=1210 jev INF E2 HOLD (预算保护 gate=False e2=0)
[15:43:40] t=1210 jev VEH DRON (conf 0.38)
[15:43:40] t=1210 MOVE raid x2 -> (120,111)
[15:43:40] {"kind": "action", "what": "attack_move", "name": null, "qty": null, "ts": "15:43:40"}
[15:43:41] t=1216 jev INF E2 HOLD (预算保护 gate=False e2=0)
[15:43:41] t=1216 jev VEH DRON (conf 0.30)
[15:43:41] t=1216 MOVE raid x2 -> (120,119)
[15:43:41] {"kind": "action", "what": "attack_move", "name": null, "qty": null, "ts": "15:43:41"}
[15:43:43] t=1222 jev VEH DRON (conf 0.33)
[15:43:43] t=1222 MOVE raid x2 -> (120,127)
[15:43:43] {"kind": "action", "what": "attack_move", "name": null, "qty": null, "ts": "15:43:43"}
[15:43:44] t=1228 jev INF E2 HOLD (预算保护 gate=False e2=0)
[15:43:44] t=1228 jev VEH DRON (conf 0.26)
[15:43:44] t=1228 MOVE raid x2 -> (115,133)
[15:43:44] {"kind": "action", "what": "attack_move", "name": null, "qty": null, "ts": "15:43:44"}
[15:43:45] t=1234 ALARM 单位损失 -> TURTLE (3 v 28, 守塔阵不打野战)
[15:43:45] {"kind": "action", "what": "attack_move", "name": null, "qty": null, "ts": "15:43:45"}
[15:43:46] t=1234 jev INF E2 HOLD (预算保护 gate=False e2=0)
[15:43:46] t=1234 jev VEH HTNK (conf 0.32)
[15:43:46] {"kind": "action", "what": "produce", "name": "HTNK", "qty": 1, "ts": "15:43:46"}
[15:43:47] t=1240 jev INF E2 HOLD (预算保护 gate=False e2=0)
[15:43:49] t=1245 jev INF E2 HOLD (预算保护 gate=False e2=0)
[15:43:53] t=1263 MOVE raid x2 -> (120,111); assault x1 -> (70,117)
[15:43:53] {"kind": "action", "what": "attack_move", "name": null, "qty": null, "ts": "15:43:53"}
[15:43:53] {"kind": "action", "what": "attack_move", "name": null, "qty": null, "ts": "15:43:53"}
[15:43:55] t=1269 MOVE raid x2 -> (120,103)
[15:43:55] {"kind": "action", "what": "attack_move", "name": null, "qty": null, "ts": "15:43:55"}
[15:43:55] t=1276 ALARM 单位损失 -> TURTLE (2 v 28, 守塔阵不打野战)
[15:43:55] {"kind": "action", "what": "attack_move", "name": null, "qty": null, "ts": "15:43:55"}
[15:44:01] t=1293 jev INF E2 HOLD (预算保护 gate=False e2=0)
[15:44:02] t=1299 jev INF E2 HOLD (预算保护 gate=False e2=0)
[15:44:05] t=1311 MOVE assault x1 -> (70,117)
[15:44:05] {"kind": "action", "what": "attack_move", "name": null, "qty": null, "ts": "15:44:05"}
[15:44:07] t=1323 ALARM 单位损失 -> TURTLE (1 v 28, 守塔阵不打野战)
[15:44:07] {"kind": "action", "what": "attack_move", "name": null, "qty": null, "ts": "15:44:07"}
[15:44:13] t=1341 tick#225 credits=0 stance=defend | jev 225 decisions p50=728ms
[15:44:16] t=1353 MOVE raid x2 -> (120,98)
[15:44:16] {"kind": "action", "what": "attack_move", "name": null, "qty": null, "ts": "15:44:16"}
[15:44:16] t=1359 ALARM 单位损失 -> TURTLE (1 v 29, 守塔阵不打野战)
[15:44:16] {"kind": "action", "what": "attack_move", "name": null, "qty": null, "ts": "15:44:16"}
[15:44:25] t=1389 MOVE assault x1 -> (70,117)
[15:44:25] {"kind": "action", "what": "attack_move", "name": null, "qty": null, "ts": "15:44:25"}
[15:44:28] t=1401 jev INF E2 HOLD (预算保护 gate=False e2=0)
[15:44:29] t=1407 jev INF E2 HOLD (预算保护 gate=False e2=0)
[15:44:29] t=1407 jev VEH HTNK (conf 0.34)
[15:44:29] {"kind": "action", "what": "produce", "name": "HTNK", "qty": 1, "ts": "15:44:29"}
[15:44:31] t=1413 jev INF E2 HOLD (预算保护 gate=False e2=0)
[15:44:32] t=1419 jev INF SHK HOLD (预算保护 gate=False e2=0)
[15:44:34] t=1425 jev INF E2 HOLD (预算保护 gate=False e2=0)
[15:44:35] t=1431 jev INF E2 HOLD (预算保护 gate=False e2=0)
[15:44:37] t=1436 MOVE assault x2 -> (70,117)
[15:44:37] {"kind": "action", "what": "attack_move", "name": null, "qty": null, "ts": "15:44:37"}
[15:44:43] t=1466 ALARM 单位损失 -> TURTLE (2 v 30, 守塔阵不打野战)
[15:44:43] {"kind": "action", "what": "attack_move", "name": null, "qty": null, "ts": "15:44:43"}
[15:44:46] t=1478 RETREAT SHK(20%)
[15:44:46] {"kind": "action", "what": "move", "name": null, "qty": null, "ts": "15:44:46"}
[15:44:50] t=1490 tick#250 credits=0 stance=defend | jev 250 decisions p50=729ms
[15:44:52] t=1496 MOVE assault x1 -> (70,117)
[15:44:52] {"kind": "action", "what": "attack_move", "name": null, "qty": null, "ts": "15:44:52"}
[15:45:04] t=1544 jev INF E2 HOLD (预算保护 gate=False e2=0)
[15:45:04] t=1544 jev VEH DRON (conf 0.25)
[15:45:04] {"kind": "action", "what": "produce", "name": "DRON", "qty": 1, "ts": "15:45:04"}
[15:45:04] t=1544 MOVE raid x2 -> (120,101)
[15:45:04] {"kind": "action", "what": "attack_move", "name": null, "qty": null, "ts": "15:45:04"}
[15:45:05] t=1550 jev INF E2 HOLD (预算保护 gate=False e2=0)
[15:45:05] t=1550 MOVE raid x2 -> (120,93)
[15:45:05] {"kind": "action", "what": "attack_move", "name": null, "qty": null, "ts": "15:45:05"}
[15:45:07] t=1556 jev INF E2 HOLD (预算保护 gate=False e2=0)
[15:45:07] t=1556 MOVE raid x2 -> (115,88)
[15:45:07] {"kind": "action", "what": "attack_move", "name": null, "qty": null, "ts": "15:45:07"}
[15:45:08] t=1562 jev BUILD NAREFN HOLD (资金闸门: 坦克优先, cash=17)
[15:45:08] t=1562 jev INF SHK HOLD (预算保护 gate=False e2=0)
[15:45:08] t=1562 jev VEH HTNK (conf 0.48)
[15:45:08] {"kind": "action", "what": "produce", "name": "HTNK", "qty": 1, "ts": "15:45:08"}
[15:45:08] t=1562 MOVE raid x2 -> (109,84); assault x1 -> (70,117)
[15:45:08] {"kind": "action", "what": "attack_move", "name": null, "qty": null, "ts": "15:45:08"}
[15:45:08] {"kind": "action", "what": "attack_move", "name": null, "qty": null, "ts": "15:45:08"}
[15:45:10] t=1568 MOVE raid x2 -> (105,88)
[15:45:10] {"kind": "action", "what": "attack_move", "name": null, "qty": null, "ts": "15:45:10"}
[15:45:11] t=1574 MOVE raid x2 -> (120,111)
[15:45:11] {"kind": "action", "what": "attack_move", "name": null, "qty": null, "ts": "15:45:11"}
[15:45:12] t=1580 ESCORT 坦克#3082 -> 护航矿车@[128, 105]
[15:45:12] {"kind": "action", "what": "attack_move", "name": null, "qty": null, "ts": "15:45:12"}
[15:45:13] t=1580 MOVE raid x2 -> (120,103)
[15:45:13] {"kind": "action", "what": "attack_move", "name": null, "qty": null, "ts": "15:45:13"}
[15:45:13] t=1586 ALARM 单位损失 -> TURTLE (2 v 30, 守塔阵不打野战)
[15:45:13] {"kind": "action", "what": "attack_move", "name": null, "qty": null, "ts": "15:45:13"}
[15:45:16] t=1592 jev INF E2 HOLD (预算保护 gate=False e2=0)
[15:45:16] t=1598 RETREAT HTNK(8%)
[15:45:16] {"kind": "action", "what": "move", "name": null, "qty": null, "ts": "15:45:16"}
[15:45:17] t=1598 jev INF DOG (conf 0.06)
[15:45:17] {"kind": "action", "what": "produce", "name": "DOG", "qty": 1, "ts": "15:45:17"}
[15:45:22] t=1616 MOVE assault x1 -> (70,117)
[15:45:22] {"kind": "action", "what": "attack_move", "name": null, "qty": null, "ts": "15:45:22"}
[15:45:28] t=1640 tick#275 credits=0 stance=defend | jev 275 decisions p50=730ms
[15:45:34] t=1664 MOVE assault x1 -> (70,117)
[15:45:34] {"kind": "action", "what": "attack_move", "name": null, "qty": null, "ts": "15:45:34"}
[15:45:38] t=1682 jev INF SHK HOLD (预算保护 gate=False e2=0)
[15:45:47] t=1717 MOVE assault x1 -> (70,117)
[15:45:47] {"kind": "action", "what": "attack_move", "name": null, "qty": null, "ts": "15:45:47"}
[15:45:58] t=1759 jev INF E2 HOLD (预算保护 gate=False e2=0)
[15:45:59] t=1765 jev INF E2 HOLD (预算保护 gate=False e2=0)
[15:45:59] t=1765 MOVE assault x1 -> (70,117)
[15:45:59] {"kind": "action", "what": "attack_move", "name": null, "qty": null, "ts": "15:45:59"}
[15:46:01] t=1771 jev INF E2 HOLD (预算保护 gate=False e2=0)
[15:46:01] t=1771 jev VEH DRON (conf 0.28)
[15:46:01] {"kind": "action", "what": "produce", "name": "DRON", "qty": 1, "ts": "15:46:01"}
[15:46:01] t=1771 MOVE raid x2 -> (70,117)
[15:46:01] {"kind": "action", "what": "attack_move", "name": null, "qty": null, "ts": "15:46:01"}
[15:46:02] t=1777 jev INF E2 HOLD (预算保护 gate=False e2=0)
[15:46:03] t=1783 RETREAT HTNK(25%)
[15:46:03] {"kind": "action", "what": "move", "name": null, "qty": null, "ts": "15:46:03"}
[15:46:04] t=1783 jev BUILD NAREFN HOLD (资金闸门: 坦克优先, cash=25)
[15:46:05] t=1789 tick#300 credits=0 stance=defend | jev 300 decisions p50=730ms
[15:46:10] t=1807 jev INF E2 HOLD (预算保护 gate=False e2=0)
[15:46:10] t=1813 ESCORT 坦克#3054 -> 护航矿车@[117, 134]
[15:46:10] {"kind": "action", "what": "attack_move", "name": null, "qty": null, "ts": "15:46:10"}
[15:46:11] t=1813 jev INF E2 HOLD (预算保护 gate=False e2=0)
[15:46:11] t=1813 jev VEH HTNK (conf 0.23)
[15:46:11] {"kind": "action", "what": "produce", "name": "HTNK", "qty": 1, "ts": "15:46:11"}
[15:46:11] t=1813 MOVE assault x1 -> (70,117)
[15:46:11] {"kind": "action", "what": "attack_move", "name": null, "qty": null, "ts": "15:46:11"}
[15:46:25] t=1867 MOVE assault x1 -> (70,117)
[15:46:25] {"kind": "action", "what": "attack_move", "name": null, "qty": null, "ts": "15:46:25"}
[15:46:28] t=1885 RETREAT HTNK(37%)
[15:46:28] {"kind": "action", "what": "move", "name": null, "qty": null, "ts": "15:46:28"}
[15:46:32] t=1897 MOVE raid x2 -> (70,117)
[15:46:32] {"kind": "action", "what": "attack_move", "name": null, "qty": null, "ts": "15:46:32"}
[15:46:33] t=1903 ALARM 单位损失 -> TURTLE (1 v 22, 守塔阵不打野战)
[15:46:33] {"kind": "action", "what": "attack_move", "name": null, "qty": null, "ts": "15:46:33"}
[15:46:40] t=1927 jev INF DOG (conf 0.19)
[15:46:40] {"kind": "action", "what": "produce", "name": "DOG", "qty": 1, "ts": "15:46:40"}
[15:46:43] t=1939 tick#325 credits=0 stance=defend | jev 325 decisions p50=729ms
[15:46:59] t=2004 jev VEH DRON (conf 0.23)
[15:46:59] {"kind": "action", "what": "produce", "name": "DRON", "qty": 1, "ts": "15:46:59"}
[15:46:59] t=2004 MOVE assault x1 -> (70,117)
[15:46:59] {"kind": "action", "what": "attack_move", "name": null, "qty": null, "ts": "15:46:59"}
[15:47:02] t=2016 MOVE raid x2 -> (70,117)
[15:47:02] {"kind": "action", "what": "attack_move", "name": null, "qty": null, "ts": "15:47:02"}
[15:47:11] t=2052 MOVE assault x1 -> (70,117)
[15:47:11] {"kind": "action", "what": "attack_move", "name": null, "qty": null, "ts": "15:47:11"}
[15:47:13] t=2064 ESCORT 坦克#3610 -> 护航矿车@[116, 135]
[15:47:13] {"kind": "action", "what": "attack_move", "name": null, "qty": null, "ts": "15:47:13"}
[15:47:14] t=2064 jev VEH DRON (conf 0.29)
[15:47:15] t=2070 RETREAT HTNK(35%)
[15:47:15] {"kind": "action", "what": "move", "name": null, "qty": null, "ts": "15:47:15"}
[15:47:16] t=2070 jev VEH DRON (conf 0.26)
[15:47:17] t=2076 jev VEH DRON (conf 0.29)
[15:47:18] t=2082 ALARM 单位损失 -> TURTLE (3 v 21, 守塔阵不打野战)
[15:47:18] {"kind": "action", "what": "attack_move", "name": null, "qty": null, "ts": "15:47:18"}
[15:47:19] t=2082 jev VEH DRON (conf 0.32)
[15:47:20] t=2088 jev VEH DRON (conf 0.29)
[15:47:20] t=2088 tick#350 credits=392 stance=defend | jev 350 decisions p50=727ms
[15:47:22] t=2094 jev VEH DRON (conf 0.38)
[15:47:23] t=2100 jev VEH DRON (conf 0.35)
[15:47:25] t=2106 jev VEH DRON (conf 0.39)
[15:47:25] {"kind": "action", "what": "produce", "name": "DRON", "qty": 1, "ts": "15:47:25"}
[15:47:32] t=2136 MOVE raid x2 -> (70,117)
[15:47:32] {"kind": "action", "what": "attack_move", "name": null, "qty": null, "ts": "15:47:32"}
[15:47:37] t=2160 ALARM 单位损失 -> TURTLE (2 v 19, 守塔阵不打野战)
[15:47:37] {"kind": "action", "what": "attack_move", "name": null, "qty": null, "ts": "15:47:37"}
[15:47:46] t=2190 jev VEH DRON (conf 0.25)
[15:47:47] t=2196 jev INF E2 HOLD (预算保护 gate=False e2=0)
[15:47:47] t=2196 jev VEH DRON (conf 0.20)
[15:47:49] t=2202 jev VEH DRON (conf 0.23)
[15:47:50] t=2208 jev VEH DRON (conf 0.22)
[15:47:50] {"kind": "action", "what": "produce", "name": "DRON", "qty": 1, "ts": "15:47:50"}
[15:47:53] t=2220 jev INF SHK (conf 0.15)
[15:47:53] {"kind": "action", "what": "produce", "name": "SHK", "qty": 1, "ts": "15:47:53"}
[15:47:55] t=2226 jev VEH DRON (conf 0.23)
[15:47:56] t=2232 jev VEH DRON (conf 0.22)
[15:47:56] t=2232 MOVE assault x1 -> (70,117)
[15:47:56] {"kind": "action", "what": "attack_move", "name": null, "qty": null, "ts": "15:47:56"}
[15:47:58] t=2238 jev VEH DRON (conf 0.22)
[15:47:58] t=2238 tick#375 credits=367 stance=defend | jev 375 decisions p50=728ms
[15:47:59] t=2244 jev INF E2 HOLD (预算保护 gate=False e2=0)
[15:47:59] t=2244 jev VEH DRON (conf 0.16)
[15:48:01] t=2250 jev INF E2 HOLD (预算保护 gate=False e2=0)
[15:48:01] t=2250 jev VEH DRON (conf 0.18)
[15:48:02] t=2256 jev VEH DRON (conf 0.21)
[15:48:02] t=2256 MOVE raid x2 -> (70,117)
[15:48:02] {"kind": "action", "what": "attack_move", "name": null, "qty": null, "ts": "15:48:02"}
[15:48:04] t=2262 jev VEH DRON (conf 0.22)
[15:48:05] t=2268 jev VEH DRON (conf 0.23)
[15:48:07] t=2273 jev VEH DRON (conf 0.20)
[15:48:08] t=2279 jev VEH DRON (conf 0.23)
[15:48:08] t=2279 MOVE assault x1 -> (70,117)
[15:48:08] {"kind": "action", "what": "attack_move", "name": null, "qty": null, "ts": "15:48:08"}
[15:48:09] t=2285 ALARM 单位损失 -> TURTLE (2 v 18, 守塔阵不打野战)
[15:48:09] {"kind": "action", "what": "attack_move", "name": null, "qty": null, "ts": "15:48:09"}
[15:48:10] t=2285 jev INF E2 HOLD (预算保护 gate=False e2=0)
[15:48:10] t=2285 jev VEH DRON (conf 0.29)
[15:48:11] t=2291 jev INF E2 HOLD (预算保护 gate=False e2=0)
[15:48:11] t=2291 jev VEH DRON (conf 0.26)
[15:48:13] t=2297 jev VEH DRON (conf 0.23)
[15:48:14] t=2303 jev VEH DRON (conf 0.24)
[15:48:16] t=2309 jev VEH DRON (conf 0.32)
[15:48:16] {"kind": "action", "what": "produce", "name": "DRON", "qty": 1, "ts": "15:48:16"}
[15:48:20] t=2327 jev VEH DRON (conf 0.21)
[15:48:22] t=2333 jev VEH DRON (conf 0.22)
[15:48:22] t=2333 MOVE assault x1 -> (70,117)
[15:48:22] {"kind": "action", "what": "attack_move", "name": null, "qty": null, "ts": "15:48:22"}
[15:48:23] t=2339 jev VEH DRON (conf 0.21)
[15:48:25] t=2345 jev VEH DRON (conf 0.18)
[15:48:26] t=2351 jev VEH DRON (conf 0.16)
[15:48:28] t=2357 jev VEH DRON (conf 0.20)
[15:48:29] t=2363 jev INF E2 HOLD (预算保护 gate=False e2=0)
[15:48:29] t=2363 jev VEH DRON (conf 0.25)
[15:48:31] t=2369 jev INF E2 HOLD (预算保护 gate=False e2=0)
[15:48:31] t=2369 jev VEH DRON (conf 0.20)
[15:48:32] t=2375 jev VEH DRON (conf 0.27)
[15:48:34] t=2381 jev VEH DRON (conf 0.17)
[15:48:34] t=2381 MOVE raid x2 -> (70,117); assault x1 -> (70,117)
[15:48:34] {"kind": "action", "what": "attack_move", "name": null, "qty": null, "ts": "15:48:34"}
[15:48:34] {"kind": "action", "what": "attack_move", "name": null, "qty": null, "ts": "15:48:34"}
[15:48:35] t=2387 jev VEH DRON (conf 0.24)
[15:48:35] t=2387 tick#400 credits=417 stance=defend | jev 400 decisions p50=728ms
[15:48:37] t=2393 jev VEH DRON (conf 0.16)
[15:48:38] t=2399 jev VEH DRON (conf 0.28)
[15:48:39] {"kind": "action", "what": "produce", "name": "NAWEAP", "qty": 1, "ts": "15:48:39"}
[15:48:39] t=2405 OPENING BUILD NAWEAP
[15:48:40] t=2405 jev VEH DRON (conf 0.22)
[15:48:41] t=2411 jev VEH HTNK (conf 0.22)
[15:48:41] {"kind": "action", "what": "produce", "name": "HTNK", "qty": 1, "ts": "15:48:41"}
[15:48:42] t=2417 ALARM 单位损失 -> TURTLE (2 v 17, 守塔阵不打野战)
[15:48:42] {"kind": "action", "what": "attack_move", "name": null, "qty": null, "ts": "15:48:42"}
[15:48:45] t=2429 RETREAT SHK(30%)
[15:48:45] {"kind": "action", "what": "move", "name": null, "qty": null, "ts": "15:48:45"}
[15:48:50] t=2447 MOVE assault x1 -> (70,117)
[15:48:50] {"kind": "action", "what": "attack_move", "name": null, "qty": null, "ts": "15:48:50"}
[15:48:58] t=2483 ALARM 单位损失 -> TURTLE (1 v 16, 守塔阵不打野战)
[15:48:58] {"kind": "action", "what": "attack_move", "name": null, "qty": null, "ts": "15:48:58"}
[15:49:13] t=2536 tick#425 credits=0 stance=defend | jev 425 decisions p50=728ms
[15:49:28] t=2596 jev VEH HTNK (conf 0.40)
[15:49:28] {"kind": "action", "what": "produce", "name": "HTNK", "qty": 1, "ts": "15:49:28"}
[15:49:28] t=2596 MOVE assault x1 -> (70,117)
[15:49:28] {"kind": "action", "what": "attack_move", "name": null, "qty": null, "ts": "15:49:28"}
[15:49:41] t=2650 MOVE assault x1 -> (70,117)
[15:49:41] {"kind": "action", "what": "attack_move", "name": null, "qty": null, "ts": "15:49:41"}
[15:49:50] t=2686 tick#450 credits=0 stance=defend | jev 450 decisions p50=728ms
[15:49:53] t=2698 MOVE assault x1 -> (70,117)
[15:49:53] {"kind": "action", "what": "attack_move", "name": null, "qty": null, "ts": "15:49:53"}
[15:49:58] t=2721 RETREAT HTNK(26%)
[15:49:59] {"kind": "action", "what": "move", "name": null, "qty": null, "ts": "15:49:59"}
[15:50:07] t=2751 MOVE assault x1 -> (70,117)
[15:50:07] {"kind": "action", "what": "attack_move", "name": null, "qty": null, "ts": "15:50:07"}
[15:50:12] t=2775 ALARM 单位损失 -> TURTLE (1 v 12, 守塔阵不打野战)
[15:50:12] {"kind": "action", "what": "attack_move", "name": null, "qty": null, "ts": "15:50:12"}
[15:50:28] t=2835 tick#475 credits=0 stance=defend | jev 475 decisions p50=729ms
[15:50:43] t=2895 jev INF SHK HOLD (预算保护 gate=False e2=0)
[15:50:43] t=2895 jev VEH DRON (conf 0.32)
[15:50:43] {"kind": "action", "what": "produce", "name": "DRON", "qty": 1, "ts": "15:50:43"}
[15:50:43] t=2895 MOVE assault x1 -> (70,117)
[15:50:43] {"kind": "action", "what": "attack_move", "name": null, "qty": null, "ts": "15:50:43"}
[15:50:46] t=2907 jev VEH DRON (conf 0.30)
[15:50:46] t=2907 MOVE raid x2 -> (70,117)
[15:50:46] {"kind": "action", "what": "attack_move", "name": null, "qty": null, "ts": "15:50:46"}
[15:50:47] t=2913 jev VEH DRON (conf 0.25)
[15:50:49] t=2919 jev VEH DRON (conf 0.28)
[15:50:50] t=2925 jev VEH HTNK (conf 0.30)
[15:50:50] {"kind": "action", "what": "produce", "name": "HTNK", "qty": 1, "ts": "15:50:50"}
[15:50:52] t=2931 jev INF SHK HOLD (预算保护 gate=False e2=0)
[15:50:54] t=2943 ALARM 单位损失 -> TURTLE (2 v 11, 守塔阵不打野战)
[15:50:54] {"kind": "action", "what": "attack_move", "name": null, "qty": null, "ts": "15:50:54"}
[15:51:02] t=2973 MOVE assault x1 -> (70,117)
[15:51:02] {"kind": "action", "what": "attack_move", "name": null, "qty": null, "ts": "15:51:02"}
[15:51:05] t=2984 tick#500 credits=0 stance=defend | jev 500 decisions p50=728ms
[15:51:14] t=3020 MOVE assault x1 -> (70,117)
[15:51:14] {"kind": "action", "what": "attack_move", "name": null, "qty": null, "ts": "15:51:14"}
[15:51:26] t=3068 MOVE assault x1 -> (70,117)
[15:51:26] {"kind": "action", "what": "attack_move", "name": null, "qty": null, "ts": "15:51:26"}
[15:51:35] t=3104 jev INF SHK HOLD (预算保护 gate=False e2=0)
[15:51:36] t=3110 RETREAT HTNK(38%)
[15:51:36] {"kind": "action", "what": "move", "name": null, "qty": null, "ts": "15:51:36"}
[15:51:37] t=3110 jev INF E2 HOLD (预算保护 gate=False e2=0)
[15:51:37] t=3110 jev VEH DRON (conf 0.33)
[15:51:37] {"kind": "action", "what": "produce", "name": "DRON", "qty": 1, "ts": "15:51:37"}
[15:51:37] t=3110 MOVE raid x2 -> (70,117)
[15:51:37] {"kind": "action", "what": "attack_move", "name": null, "qty": null, "ts": "15:51:37"}
[15:51:40] t=3122 jev INF E2 HOLD (预算保护 gate=False e2=0)
[15:51:40] t=3122 jev VEH HTNK (conf 0.34)
[15:51:40] {"kind": "action", "what": "produce", "name": "HTNK", "qty": 1, "ts": "15:51:40"}
[15:51:40] t=3122 MOVE assault x1 -> (70,117)
[15:51:40] {"kind": "action", "what": "attack_move", "name": null, "qty": null, "ts": "15:51:40"}
[15:51:41] t=3128 jev INF E2 HOLD (预算保护 gate=False e2=0)
[15:51:43] t=3134 jev INF E2 HOLD (预算保护 gate=False e2=0)
[15:51:43] t=3134 tick#525 credits=109 stance=defend | jev 525 decisions p50=728ms
[15:51:44] t=3140 ESCORT 坦克#4106 -> 护航矿车@[120, 107]
[15:51:44] {"kind": "action", "what": "attack_move", "name": null, "qty": null, "ts": "15:51:44"}
[15:51:47] t=3152 ALARM 单位损失 -> TURTLE (3 v 13, 守塔阵不打野战)
[15:51:47] {"kind": "action", "what": "attack_move", "name": null, "qty": null, "ts": "15:51:47"}
[15:52:08] t=3236 MOVE raid x2 -> (70,117)
[15:52:08] {"kind": "action", "what": "attack_move", "name": null, "qty": null, "ts": "15:52:08"}
[15:52:15] t=3266 ESCORT 坦克#4106 -> 护航矿车@[120, 129]
[15:52:15] {"kind": "action", "what": "attack_move", "name": null, "qty": null, "ts": "15:52:15"}
[15:52:16] t=3266 jev VEH HTNK (conf 0.23)
[15:52:16] {"kind": "action", "what": "produce", "name": "HTNK", "qty": 1, "ts": "15:52:16"}
[15:52:16] t=3266 MOVE assault x1 -> (70,117)
[15:52:16] {"kind": "action", "what": "attack_move", "name": null, "qty": null, "ts": "15:52:16"}
[15:52:17] t=3272 RETREAT DRON(10%)
[15:52:17] {"kind": "action", "what": "move", "name": null, "qty": null, "ts": "15:52:17"}
[15:52:18] t=3278 ALARM 单位损失 -> TURTLE (3 v 12, 守塔阵不打野战)
[15:52:18] {"kind": "action", "what": "attack_move", "name": null, "qty": null, "ts": "15:52:18"}
[15:52:20] t=3283 tick#550 credits=0 stance=defend | jev 550 decisions p50=726ms
[15:52:32] t=3331 jev INF SHK HOLD (预算保护 gate=False e2=0)
[15:52:38] t=3355 MOVE raid x2 -> (70,117)
[15:52:38] {"kind": "action", "what": "attack_move", "name": null, "qty": null, "ts": "15:52:38"}
[15:52:48] t=3397 ESCORT 坦克#4106 -> 护航矿车@[116, 135]
[15:52:48] {"kind": "action", "what": "attack_move", "name": null, "qty": null, "ts": "15:52:48"}
[15:52:49] t=3397 jev VEH HTNK (conf 0.40)
[15:52:49] {"kind": "action", "what": "produce", "name": "HTNK", "qty": 1, "ts": "15:52:49"}
[15:52:49] t=3397 MOVE assault x1 -> (70,117)
[15:52:49] {"kind": "action", "what": "attack_move", "name": null, "qty": null, "ts": "15:52:49"}
[15:52:50] t=3403 jev INF E2 HOLD (预算保护 gate=False e2=0)
[15:52:58] t=3433 tick#575 credits=0 stance=defend | jev 575 decisions p50=726ms
[15:53:02] t=3451 MOVE assault x1 -> (70,117)
[15:53:02] {"kind": "action", "what": "attack_move", "name": null, "qty": null, "ts": "15:53:02"}
[15:53:10] t=3481 MOVE raid x2 -> (70,117)
[15:53:10] {"kind": "action", "what": "attack_move", "name": null, "qty": null, "ts": "15:53:10"}
[15:53:16] t=3505 MOVE assault x1 -> (70,117)
[15:53:16] {"kind": "action", "what": "attack_move", "name": null, "qty": null, "ts": "15:53:16"}
[15:53:18] t=3517 ESCORT 坦克#4106 -> 护航矿车@[120, 103]
[15:53:18] {"kind": "action", "what": "attack_move", "name": null, "qty": null, "ts": "15:53:18"}
[15:53:23] t=3535 jev INF SHK HOLD (预算保护 gate=False e2=0)
[15:53:25] t=3541 MOVE raid x2 -> (71,114); assault x1 -> (71,114)
[15:53:25] {"kind": "action", "what": "attack_move", "name": null, "qty": null, "ts": "15:53:25"}
[15:53:25] {"kind": "action", "what": "attack_move", "name": null, "qty": null, "ts": "15:53:25"}
[15:53:29] t=3559 jev INF SHK HOLD (预算保护 gate=False e2=0)
[15:53:29] t=3559 jev VEH HTNK (conf 0.33)
[15:53:29] {"kind": "action", "what": "produce", "name": "HTNK", "qty": 1, "ts": "15:53:29"}
[15:53:31] t=3565 jev INF SHK HOLD (预算保护 gate=False e2=0)
[15:53:34] t=3577 jev INF SHK HOLD (预算保护 gate=False e2=0)
[15:53:35] t=3583 MOVE raid x2 -> (67,118); assault x2 -> (67,118)
[15:53:35] {"kind": "action", "what": "attack_move", "name": null, "qty": null, "ts": "15:53:35"}
[15:53:35] {"kind": "action", "what": "attack_move", "name": null, "qty": null, "ts": "15:53:35"}
[15:53:35] t=3583 tick#600 credits=0 stance=defend | jev 600 decisions p50=726ms
[15:53:36] t=3589 RETREAT HTNK(27%)
[15:53:36] {"kind": "action", "what": "move", "name": null, "qty": null, "ts": "15:53:36"}
[15:53:47] t=3631 MOVE assault x2 -> (67,118)
[15:53:47] {"kind": "action", "what": "attack_move", "name": null, "qty": null, "ts": "15:53:47"}
[15:53:48] t=3637 ESCORT 坦克#4194 -> 护航矿车@[116, 135]
[15:53:48] t=3637 RETREAT HTNK(33%)
[15:53:48] {"kind": "action", "what": "attack_move", "name": null, "qty": null, "ts": "15:53:48"}
[15:53:48] {"kind": "action", "what": "move", "name": null, "qty": null, "ts": "15:53:48"}
[15:53:54] t=3661 ALARM 单位损失 -> TURTLE (3 v 19, 守塔阵不打野战)
[15:53:54] {"kind": "action", "what": "attack_move", "name": null, "qty": null, "ts": "15:53:54"}
[15:53:56] t=3667 jev VEH HTNK (conf 0.37)
[15:53:56] {"kind": "action", "what": "produce", "name": "HTNK", "qty": 1, "ts": "15:53:56"}
[15:53:57] t=3673 RETREAT HTNK(32%)
[15:53:57] {"kind": "action", "what": "move", "name": null, "qty": null, "ts": "15:53:57"}
[15:53:58] t=3673 jev INF E2 HOLD (预算保护 gate=False e2=0)
[15:54:07] t=3709 MOVE raid x2 -> (67,118)
[15:54:07] {"kind": "action", "what": "attack_move", "name": null, "qty": null, "ts": "15:54:07"}
[15:54:13] t=3732 tick#625 credits=0 stance=defend | jev 625 decisions p50=726ms
[15:54:24] t=3780 RETREAT HTNK(33%)
[15:54:24] {"kind": "action", "what": "move", "name": null, "qty": null, "ts": "15:54:24"}
[15:54:26] t=3786 jev INF E2 HOLD (预算保护 gate=False e2=0)
[15:54:27] t=3792 ALARM 单位损失 -> TURTLE (2 v 15, 守塔阵不打野战)
[15:54:27] {"kind": "action", "what": "attack_move", "name": null, "qty": null, "ts": "15:54:27"}
[15:54:28] t=3792 jev INF E2 HOLD (预算保护 gate=False e2=0)
[15:54:29] t=3798 jev INF E2 HOLD (预算保护 gate=False e2=0)
[15:54:29] t=3798 jev VEH HTNK (conf 0.26)
[15:54:29] {"kind": "action", "what": "produce", "name": "HTNK", "qty": 1, "ts": "15:54:29"}
[15:54:31] t=3804 jev INF E2 HOLD (预算保护 gate=False e2=0)
[15:54:32] t=3810 RETREAT HTNK(27%)
[15:54:32] {"kind": "action", "what": "move", "name": null, "qty": null, "ts": "15:54:32"}
[15:54:32] t=3810 jev INF E2 HOLD (预算保护 gate=False e2=0)
[15:54:36] t=3828 ALARM 单位损失 -> TURTLE (2 v 14, 守塔阵不打野战)
[15:54:36] {"kind": "action", "what": "attack_move", "name": null, "qty": null, "ts": "15:54:36"}
[15:54:44] t=3858 MOVE assault x1 -> (67,118)
[15:54:44] {"kind": "action", "what": "attack_move", "name": null, "qty": null, "ts": "15:54:44"}
[15:54:50] t=3882 tick#650 credits=0 stance=defend | jev 650 decisions p50=729ms
[15:54:56] t=3906 MOVE assault x1 -> (67,118)
[15:54:56] {"kind": "action", "what": "attack_move", "name": null, "qty": null, "ts": "15:54:56"}
[15:55:02] t=3930 RETREAT HTNK(31%)
[15:55:02] {"kind": "action", "what": "move", "name": null, "qty": null, "ts": "15:55:02"}
[15:55:02] t=3930 jev INF E2 HOLD (预算保护 gate=False e2=0)
[15:55:04] t=3936 jev VEH HTNK (conf 0.36)
[15:55:04] {"kind": "action", "what": "produce", "name": "HTNK", "qty": 1, "ts": "15:55:04"}
[15:55:04] t=3936 MOVE raid x2 -> (67,118)
[15:55:04] {"kind": "action", "what": "attack_move", "name": null, "qty": null, "ts": "15:55:04"}
[15:55:05] t=3942 ALARM 单位损失 -> TURTLE (2 v 12, 守塔阵不打野战)
[15:55:05] {"kind": "action", "what": "attack_move", "name": null, "qty": null, "ts": "15:55:05"}
[15:55:05] t=3942 jev INF SHK HOLD (预算保护 gate=False e2=0)
[15:55:13] t=3972 MOVE assault x1 -> (67,118)
[15:55:13] {"kind": "action", "what": "attack_move", "name": null, "qty": null, "ts": "15:55:13"}
[15:55:22] t=4007 jev INF SHK HOLD (预算保护 gate=False e2=0)
[15:55:25] t=4019 jev INF SHK HOLD (预算保护 gate=False e2=0)
[15:55:25] t=4019 jev VEH HTNK (conf 0.47)
[15:55:26] t=4025 jev INF SHK HOLD (预算保护 gate=False e2=0)
[15:55:26] t=4025 jev VEH HTNK (conf 0.52)
[15:55:28] t=4031 jev INF SHK HOLD (预算保护 gate=False e2=0)
[15:55:28] t=4031 jev VEH HTNK (conf 0.49)
[15:55:28] t=4031 tick#675 credits=17 stance=defend | jev 675 decisions p50=728ms
[15:55:29] t=4037 jev INF SHK HOLD (预算保护 gate=False e2=0)
[15:55:29] t=4037 jev VEH HTNK (conf 0.48)
[15:55:29] {"kind": "action", "what": "produce", "name": "HTNK", "qty": 1, "ts": "15:55:29"}
[15:55:34] t=4055 MOVE raid x2 -> (67,118)
[15:55:34] {"kind": "action", "what": "attack_move", "name": null, "qty": null, "ts": "15:55:34"}
[15:55:42] t=4091 RETREAT HTNK(32%)
[15:55:42] {"kind": "action", "what": "move", "name": null, "qty": null, "ts": "15:55:42"}
[15:56:05] t=4181 MOVE raid x2 -> (67,118)
[15:56:05] {"kind": "action", "what": "attack_move", "name": null, "qty": null, "ts": "15:56:05"}
[15:56:05] t=4181 tick#700 credits=0 stance=defend | jev 700 decisions p50=726ms
[15:56:06] t=4187 RETREAT HTNK(37%)
[15:56:06] {"kind": "action", "what": "move", "name": null, "qty": null, "ts": "15:56:06"}
[15:56:11] t=4205 jev INF SHK HOLD (预算保护 gate=False e2=0)
[15:56:11] t=4205 jev VEH HTNK (conf 0.64)
[15:56:11] {"kind": "action", "what": "produce", "name": "HTNK", "qty": 1, "ts": "15:56:11"}
[15:56:11] t=4205 MOVE assault x1 -> (67,118)
[15:56:11] {"kind": "action", "what": "attack_move", "name": null, "qty": null, "ts": "15:56:11"}
[15:56:18] t=4235 ESCORT 坦克#5405 -> 护航矿车@[127, 105]
[15:56:18] {"kind": "action", "what": "attack_move", "name": null, "qty": null, "ts": "15:56:18"}
[15:56:24] t=4259 ALARM 敌军逼近 -> TURTLE (2 v 8, 守塔阵不打野战)
[15:56:24] {"kind": "action", "what": "attack_move", "name": null, "qty": null, "ts": "15:56:24"}
[15:56:32] t=4289 MOVE assault x1 -> (67,118)
[15:56:32] {"kind": "action", "what": "attack_move", "name": null, "qty": null, "ts": "15:56:32"}
[15:56:37] t=4307 MOVE raid x2 -> (67,118)
[15:56:37] {"kind": "action", "what": "attack_move", "name": null, "qty": null, "ts": "15:56:37"}
[15:56:43] t=4331 tick#725 credits=0 stance=defend | jev 725 decisions p50=724ms
[15:56:44] t=4337 jev INF E2 HOLD (预算保护 gate=False e2=0)
[15:56:44] t=4337 MOVE assault x1 -> (67,118)
[15:56:44] {"kind": "action", "what": "attack_move", "name": null, "qty": null, "ts": "15:56:44"}
[15:56:46] t=4343 jev INF E2 HOLD (预算保护 gate=False e2=0)
[15:56:46] t=4343 jev VEH HTNK (conf 0.55)
[15:56:46] {"kind": "action", "what": "produce", "name": "HTNK", "qty": 1, "ts": "15:56:46"}
[15:56:47] t=4349 jev INF E2 HOLD (预算保护 gate=False e2=0)
[15:56:48] t=4355 ESCORT 坦克#5212 -> 护航矿车@[115, 134]
[15:56:48] {"kind": "action", "what": "attack_move", "name": null, "qty": null, "ts": "15:56:48"}
[15:56:56] t=4385 MOVE assault x2 -> (67,118)
[15:56:57] {"kind": "action", "what": "attack_move", "name": null, "qty": null, "ts": "15:56:57"}
[15:56:59] t=4396 RETREAT HTNK(27%)
[15:56:59] {"kind": "action", "what": "move", "name": null, "qty": null, "ts": "15:56:59"}
[15:57:01] t=4402 MOVE raid x2 -> (74,122); assault x2 -> (74,122)
[15:57:01] {"kind": "action", "what": "attack_move", "name": null, "qty": null, "ts": "15:57:01"}
[15:57:01] {"kind": "action", "what": "attack_move", "name": null, "qty": null, "ts": "15:57:01"}
[15:57:13] t=4450 jev INF E2 HOLD (预算保护 gate=False e2=0)
[15:57:14] t=4456 jev INF E2 HOLD (预算保护 gate=False e2=0)
[15:57:14] t=4456 MOVE assault x2 -> (74,122)
[15:57:15] {"kind": "action", "what": "attack_move", "name": null, "qty": null, "ts": "15:57:15"}
[15:57:16] t=4462 jev VEH HTNK (conf 0.44)
[15:57:16] {"kind": "action", "what": "produce", "name": "HTNK", "qty": 1, "ts": "15:57:16"}
[15:57:16] t=4462 ATTACK (tanks=6)
[15:57:16] t=4462 MOVE guard x2 -> (137,82)
[15:57:16] {"kind": "action", "what": "attack_move", "name": null, "qty": null, "ts": "15:57:16"}
[15:57:17] t=4468 RETREAT HTNK(33%)
[15:57:17] {"kind": "action", "what": "move", "name": null, "qty": null, "ts": "15:57:17"}
[15:57:18] t=4468 jev INF E2 HOLD (预算保护 gate=False e2=0)
[15:57:18] t=4474 ESCORT 坦克#5605 -> 护航矿车@[122, 102]
[15:57:18] {"kind": "action", "what": "attack_move", "name": null, "qty": null, "ts": "15:57:18"}
[15:57:20] t=4480 tick#750 credits=0 stance=attack | jev 750 decisions p50=724ms
[15:57:21] t=4486 ALARM 单位损失 -> 攻势保持（塔阵守家, 前线 3 个单位继续进攻）
[15:57:23] t=4492 ALARM 单位损失 -> 攻势保持（塔阵守家, 前线 3 个单位继续进攻）
[15:57:26] t=4504 MOVE raid x2 -> (80,122); assault x1 -> (80,122)
[15:57:27] {"kind": "action", "what": "attack_move", "name": null, "qty": null, "ts": "15:57:27"}
[15:57:27] {"kind": "action", "what": "attack_move", "name": null, "qty": null, "ts": "15:57:27"}
[15:57:29] t=4516 ALARM 单位损失 -> 攻势保持（塔阵守家, 前线 3 个单位继续进攻）
[15:57:51] t=4600 jev INF E2 HOLD (预算保护 gate=False e2=0)
[15:57:52] t=4606 jev INF E2 HOLD (预算保护 gate=False e2=0)
[15:57:53] t=4612 ESCORT 坦克#5605 -> 护航矿车@[119, 131]
[15:57:53] {"kind": "action", "what": "attack_move", "name": null, "qty": null, "ts": "15:57:53"}
[15:57:54] t=4612 jev INF E2 HOLD (预算保护 gate=False e2=0)
[15:57:54] t=4612 jev VEH HTNK (conf 0.34)
[15:57:54] {"kind": "action", "what": "produce", "name": "HTNK", "qty": 1, "ts": "15:57:54"}
[15:57:54] t=4612 MOVE assault x1 -> (80,122)
[15:57:54] {"kind": "action", "what": "attack_move", "name": null, "qty": null, "ts": "15:57:54"}
[15:57:57] t=4624 MOVE raid x2 -> (85,126); assault x1 -> (85,126)
[15:57:57] {"kind": "action", "what": "attack_move", "name": null, "qty": null, "ts": "15:57:57"}
[15:57:57] {"kind": "action", "what": "attack_move", "name": null, "qty": null, "ts": "15:57:57"}
[15:57:58] t=4630 tick#775 credits=0 stance=attack | jev 775 decisions p50=723ms
[15:58:00] t=4642 RETREAT HTNK(34%)
[15:58:00] {"kind": "action", "what": "move", "name": null, "qty": null, "ts": "15:58:00"}
[15:58:06] t=4666 ALARM 单位损失 -> 攻势保持（塔阵守家, 前线 3 个单位继续进攻）
[15:58:10] t=4678 jev INF E2 HOLD (预算保护 gate=False e2=0)
[15:58:11] t=4684 jev INF E2 HOLD (预算保护 gate=False e2=0)
[15:58:13] t=4690 jev INF E2 HOLD (预算保护 gate=False e2=0)
[15:58:15] t=4696 jev VEH HTNK (conf 0.51)
[15:58:15] t=4696 MOVE assault x1 -> (85,126)
[15:58:15] {"kind": "action", "what": "attack_move", "name": null, "qty": null, "ts": "15:58:15"}
[15:58:16] t=4702 jev INF E2 HOLD (预算保护 gate=False e2=0)
[15:58:16] t=4702 jev VEH HTNK (conf 0.47)
[15:58:18] t=4708 jev INF E2 HOLD (预算保护 gate=False e2=0)
[15:58:18] t=4708 jev VEH HTNK (conf 0.55)
[15:58:19] t=4714 jev INF SHK HOLD (预算保护 gate=False e2=0)
[15:58:19] t=4714 jev VEH HTNK (conf 0.46)
[15:58:19] {"kind": "action", "what": "produce", "name": "HTNK", "qty": 1, "ts": "15:58:19"}
[15:58:23] t=4731 ESCORT 坦克#5815 -> 护航矿车@[118, 132]
[15:58:23] {"kind": "action", "what": "attack_move", "name": null, "qty": null, "ts": "15:58:23"}
[15:58:25] t=4737 jev INF E2 HOLD (预算保护 gate=False e2=0)
[15:58:27] t=4743 jev INF SHK HOLD (预算保护 gate=False e2=0)
[15:58:28] t=4749 MOVE raid x2 -> (85,126); assault x1 -> (85,126)
[15:58:28] {"kind": "action", "what": "attack_move", "name": null, "qty": null, "ts": "15:58:28"}
[15:58:28] {"kind": "action", "what": "attack_move", "name": null, "qty": null, "ts": "15:58:28"}
[15:58:30] t=4761 RETREAT HTNK(37%)
[15:58:30] {"kind": "action", "what": "move", "name": null, "qty": null, "ts": "15:58:30"}
[15:58:36] t=4779 tick#800 credits=0 stance=attack | jev 800 decisions p50=723ms
[15:58:42] t=4803 MOVE assault x1 -> (85,126)
[15:58:42] {"kind": "action", "what": "attack_move", "name": null, "qty": null, "ts": "15:58:42"}
[2026-09-29 15:58:42] {"kind": "report", "result": "victory", "t": 4809, "ticks": 805, "crisis_ticks": 72, "stance": "attack", "jev": {"decisions": 804, "errors": 0, "input_tokens": 2572837, "output_tokens": 202090, "p50_ms": 724, "p95_ms": 791}, "enemy_base": [85, 126], "ts": "2026-09-29 15:58:42"}
[15:58:43] REVIEW game#42 victory → game-0042-review.md | changes=2
{
  "result": "victory",
  "t": 4809,
  "ticks": 805,
  "crisis_ticks": 72,
  "stance": "attack",
  "jev": {
    "decisions": 804,
    "errors": 0,
    "input_tokens": 2572837,
    "output_tokens": 202090,
    "p50_ms": 724,
    "p95_ms": 791
  },
  "enemy_base": [
    85,
    126
  ],
  "ts": "2026-09-29 15:58:42",
  "review": {
    "game_no": 42,
    "rootcause": "starve",
    "auto_tuned": 2
  }
}
