[14:51:52] 进局中(全自动)...
[14:52:15] {"kind": "start", "policy": "ra2web-jev-player/1.0", "maxDecisions": 1200, "micro": {"events": [{"kind": "micro", "t": 2, "what": "start"}], "loopN": 1, "on": true, "outcome": null, "stall": false}, "ts": "14:52:15"}
[14:52:15] === ra2web-jev-player start (tick=1.5s, max_decisions=1200) ===
[14:52:15] t=2 DEPLOY mcv
[14:52:15] {"kind": "action", "what": "deploy", "ids": [1042], "ts": "14:52:15"}
[14:52:15] {"kind": "action", "what": "deploy", "name": null, "qty": null, "ts": "14:52:15"}
[14:52:17] t=4 DEPLOY mcv
[14:52:17] {"kind": "action", "what": "deploy", "ids": [1042], "ts": "14:52:17"}
[14:52:17] {"kind": "action", "what": "deploy", "name": null, "qty": null, "ts": "14:52:17"}
[14:52:18] t=5 POWER plant (reserve 0)
[14:52:18] {"kind": "action", "what": "produce", "name": "NAPOWR", "qty": 1, "ts": "14:52:18"}
[14:52:19] t=5 jev STANCE defend->develop (conf 0.95)
[14:52:47] {"kind": "action", "what": "produce", "name": "NAREFN", "qty": 1, "ts": "14:52:47"}
[14:52:47] t=34 OPENING BUILD NAREFN
[14:52:52] t=38 tick#25 credits=9293 stance=develop | jev 25 decisions p50=833ms
[14:53:30] t=76 tick#50 credits=8386 stance=develop | jev 50 decisions p50=836ms
[14:54:08] t=114 tick#75 credits=7463 stance=develop | jev 75 decisions p50=838ms
[14:54:13] {"kind": "action", "what": "produce", "name": "NAHAND", "qty": 1, "ts": "14:54:13"}
[14:54:13] t=120 OPENING BUILD NAHAND
[14:54:33] t=139 DEFLINE NALASR (have 0)
[14:54:33] {"kind": "action", "what": "produce", "name": "NALASR", "qty": 1, "ts": "14:54:33"}
[14:54:33] {"kind": "action", "what": "produce", "name": "NAWEAP", "qty": 1, "ts": "14:54:33"}
[14:54:33] t=139 OPENING BUILD NAWEAP
[14:54:34] t=139 jev INF DOG (conf 0.29)
[14:54:34] {"kind": "action", "what": "produce", "name": "DOG", "qty": 1, "ts": "14:54:34"}
[14:54:42] t=148 SCOUT dog->mirror [66, 121]
[14:54:42] {"kind": "action", "what": "attack_move", "name": null, "qty": null, "ts": "14:54:42"}
[14:54:45] t=151 tick#100 credits=6079 stance=develop | jev 100 decisions p50=841ms
[14:55:23] t=189 tick#125 credits=5006 stance=develop | jev 125 decisions p50=849ms
[14:55:32] t=198 jev INF DOG (conf 0.38)
[14:55:32] t=198 jev STANCE defend->develop (conf 0.83)
[14:55:32] {"kind": "action", "what": "produce", "name": "DOG", "qty": 1, "ts": "14:55:32"}
[14:55:44] t=210 jev INF DOG (conf 0.25)
[14:55:44] {"kind": "action", "what": "produce", "name": "DOG", "qty": 1, "ts": "14:55:44"}
[14:55:53] t=219 jev INF DOG (conf 0.26)
[14:55:53] {"kind": "action", "what": "produce", "name": "DOG", "qty": 1, "ts": "14:55:53"}
[14:56:00] t=226 ECON harv#2
[14:56:00] t=226 TANK HTNK x2
[14:56:00] {"kind": "action", "what": "produce", "name": "HARV", "qty": 1, "ts": "14:56:00"}
[14:56:01] t=226 jev BUILD NAPOWR (conf 0.44)
[14:56:01] {"kind": "action", "what": "produce", "name": "NAPOWR", "qty": 1, "ts": "14:56:01"}
[14:56:01] t=226 tick#150 credits=3617 stance=develop | jev 150 decisions p50=843ms
[14:56:01] t=228 INSURE AA building
[14:56:01] {"kind": "action", "what": "produce", "name": "NAFLAK", "qty": 1, "ts": "14:56:01"}
[14:56:23] t=249 jev INF E2 (conf 0.33)
[14:56:23] {"kind": "action", "what": "produce", "name": "E2", "qty": 1, "ts": "14:56:23"}
[14:56:24] t=250 jev BUILD NAREFN (conf 0.34)
[14:56:25] {"kind": "action", "what": "produce", "name": "NAREFN", "qty": 1, "ts": "14:56:25"}
[14:56:29] t=255 jev INF E2 (conf 0.29)
[14:56:29] t=255 MOVE assault x1 -> (137,82)
[14:56:29] {"kind": "action", "what": "attack_move", "name": null, "qty": null, "ts": "14:56:29"}
[14:56:38] t=264 tick#175 credits=3039 stance=develop | jev 175 decisions p50=847ms
[14:56:41] t=267 MOVE assault x1 -> (137,82)
[14:56:41] {"kind": "action", "what": "attack_move", "name": null, "qty": null, "ts": "14:56:41"}
[14:56:44] t=270 jev INF E2 (conf 0.28)
[14:56:44] {"kind": "action", "what": "produce", "name": "E2", "qty": 1, "ts": "14:56:44"}
[14:56:50] t=276 jev INF E2 (conf 0.28)
[14:56:50] {"kind": "action", "what": "produce", "name": "E2", "qty": 1, "ts": "14:56:50"}
[14:56:51] t=277 ALARM 单位损失 -> TURTLE (5 v 9, 守塔阵不打野战)
[14:56:51] {"kind": "action", "what": "attack_move", "name": null, "qty": null, "ts": "14:56:51"}
[14:56:52] t=277 jev STANCE defend->develop (conf 0.69)
[14:56:56] t=282 jev INF E2 (conf 0.16)
[14:56:58] t=283 jev INF E2 (conf 0.20)
[14:56:58] {"kind": "action", "what": "produce", "name": "E2", "qty": 1, "ts": "14:56:58"}
[14:56:58] t=285 TANK HTNK x2
[14:56:58] {"kind": "action", "what": "produce", "name": "HTNK", "qty": 2, "ts": "14:56:58"}
[14:56:59] t=285 MOVE assault x3 -> (137,82)
[14:56:59] {"kind": "action", "what": "attack_move", "name": null, "qty": null, "ts": "14:56:59"}
[14:57:04] t=289 jev INF E2 (conf 0.23)
[14:57:04] t=289 MOVE assault x4 -> (134,79)
[14:57:04] {"kind": "action", "what": "attack_move", "name": null, "qty": null, "ts": "14:57:04"}
[14:57:05] t=291 jev INF E2 (conf 0.23)
[14:57:05] {"kind": "action", "what": "produce", "name": "E2", "qty": 1, "ts": "14:57:05"}
[14:57:11] t=297 jev INF E2 (conf 0.22)
[14:57:11] {"kind": "action", "what": "produce", "name": "E2", "qty": 1, "ts": "14:57:11"}
[14:57:11] t=297 MOVE reserve x1 -> (134,87)
[14:57:11] {"kind": "action", "what": "attack_move", "name": null, "qty": null, "ts": "14:57:11"}
[14:57:16] t=301 MOVE assault x4 -> (134,79)
[14:57:16] {"kind": "action", "what": "attack_move", "name": null, "qty": null, "ts": "14:57:16"}
[14:57:16] t=301 tick#200 credits=696 stance=develop | jev 200 decisions p50=855ms
[14:57:17] t=303 jev INF E2 HOLD (预算保护 gate=False e2=6)
[14:57:19] t=304 jev INF E2 HOLD (预算保护 gate=False e2=6)
[14:57:20] t=306 jev INF E2 HOLD (预算保护 gate=False e2=6)
[14:57:22] t=307 jev INF E2 HOLD (预算保护 gate=False e2=6)
[14:57:23] t=309 jev INF E2 HOLD (预算保护 gate=False e2=6)
[14:57:25] t=310 jev INF E2 HOLD (预算保护 gate=False e2=6)
[14:57:26] t=312 jev INF E2 HOLD (预算保护 gate=False e2=6)
[14:57:28] t=313 jev INF E2 HOLD (预算保护 gate=False e2=6)
[14:57:29] t=315 MOVE assault x4 -> (134,79)
[14:57:29] {"kind": "action", "what": "attack_move", "name": null, "qty": null, "ts": "14:57:29"}
[14:57:32] t=318 jev INF DOG (conf 0.22)
[14:57:32] {"kind": "action", "what": "produce", "name": "DOG", "qty": 1, "ts": "14:57:32"}
[14:57:41] t=327 MOVE assault x4 -> (134,79)
[14:57:41] {"kind": "action", "what": "attack_move", "name": null, "qty": null, "ts": "14:57:41"}
[14:57:53] t=339 tick#225 credits=0 stance=develop | jev 225 decisions p50=864ms
[14:57:55] t=340 MOVE assault x4 -> (134,79)
[14:57:55] {"kind": "action", "what": "attack_move", "name": null, "qty": null, "ts": "14:57:55"}
[14:58:08] t=354 MOVE assault x4 -> (134,79)
[14:58:08] {"kind": "action", "what": "attack_move", "name": null, "qty": null, "ts": "14:58:08"}
[14:58:13] t=358 MOVE reserve x2 -> (134,87)
[14:58:13] {"kind": "action", "what": "attack_move", "name": null, "qty": null, "ts": "14:58:13"}
[14:58:22] t=367 MOVE assault x4 -> (134,79)
[14:58:22] {"kind": "action", "what": "attack_move", "name": null, "qty": null, "ts": "14:58:22"}
[14:58:31] t=376 tick#250 credits=0 stance=develop | jev 250 decisions p50=871ms
[14:58:34] t=379 MOVE assault x4 -> (134,79)
[14:58:34] {"kind": "action", "what": "attack_move", "name": null, "qty": null, "ts": "14:58:34"}
[14:58:40] t=387 ALARM 敌军逼近 -> TURTLE (9 v 10, 守塔阵不打野战)
[14:58:40] {"kind": "action", "what": "attack_move", "name": null, "qty": null, "ts": "14:58:40"}
[14:58:46] t=393 SCOUT #1123->[14, 140] (敌影)
[14:58:46] scout ERR 'list' object has no attribute 'get' | AttributeError: 'list' object has no attribute 'get'
[14:58:49] t=394 jev INF E2 (conf 0.47)
[14:58:49] {"kind": "action", "what": "produce", "name": "E2", "qty": 1, "ts": "14:58:49"}
[14:58:49] t=394 MOVE assault x4 -> (122,84)
[14:58:49] {"kind": "action", "what": "attack_move", "name": null, "qty": null, "ts": "14:58:49"}
[14:58:49] t=396 ALARM 敌军逼近 -> TURTLE (10 v 10, 守塔阵不打野战)
[14:58:49] {"kind": "action", "what": "attack_move", "name": null, "qty": null, "ts": "14:58:49"}
[14:58:53] t=399 jev INF E2 (conf 0.46)
[14:58:55] t=400 jev INF E2 (conf 0.50)
[14:58:55] {"kind": "action", "what": "produce", "name": "E2", "qty": 1, "ts": "14:58:55"}
[14:58:58] t=403 MOVE assault x4 -> (122,85)
[14:58:58] {"kind": "action", "what": "attack_move", "name": null, "qty": null, "ts": "14:58:58"}
[14:59:01] t=406 jev INF E2 HOLD (预算保护 gate=False e2=8)
[14:59:01] t=406 MOVE hold_a x2 -> (131,92); hold_b x2 -> (121,72)
[14:59:01] {"kind": "action", "what": "attack_move", "name": null, "qty": null, "ts": "14:59:01"}
[14:59:01] {"kind": "action", "what": "attack_move", "name": null, "qty": null, "ts": "14:59:01"}
[14:59:02] t=408 jev INF E2 HOLD (预算保护 gate=False e2=8)
[14:59:04] t=409 jev INF E2 HOLD (预算保护 gate=False e2=8)
[14:59:05] t=411 jev INF E2 HOLD (预算保护 gate=False e2=8)
[14:59:07] t=412 jev INF E2 HOLD (预算保护 gate=False e2=8)
[14:59:08] t=414 jev INF E2 HOLD (预算保护 gate=False e2=8)
[14:59:08] t=414 tick#275 credits=729 stance=defend | jev 275 decisions p50=880ms
[14:59:10] t=415 jev INF E2 HOLD (预算保护 gate=False e2=8)
[14:59:10] t=415 MOVE assault x4 -> (122,85)
[14:59:10] {"kind": "action", "what": "attack_move", "name": null, "qty": null, "ts": "14:59:10"}
[14:59:11] t=417 jev INF E2 HOLD (预算保护 gate=False e2=8)
[14:59:13] t=418 jev INF E2 HOLD (预算保护 gate=False e2=8)
[14:59:14] t=420 jev BUILD NAHAND HOLD (资金闸门: 坦克优先, cash=579)
[14:59:14] t=420 jev INF E2 HOLD (预算保护 gate=False e2=8)
[14:59:16] t=421 jev BUILD NAHAND HOLD (资金闸门: 坦克优先, cash=540)
[14:59:16] t=421 jev INF E2 HOLD (预算保护 gate=False e2=8)
[14:59:17] t=423 jev BUILD NAHAND HOLD (资金闸门: 坦克优先, cash=504)
[14:59:17] t=423 jev INF E2 HOLD (预算保护 gate=False e2=8)
[14:59:19] t=424 jev INF E2 HOLD (预算保护 gate=False e2=8)
[14:59:20] t=426 jev INF E2 HOLD (预算保护 gate=False e2=8)
[14:59:22] t=427 jev INF E2 HOLD (预算保护 gate=False e2=8)
[14:59:22] t=427 MOVE assault x4 -> (122,85)
[14:59:22] {"kind": "action", "what": "attack_move", "name": null, "qty": null, "ts": "14:59:22"}
[14:59:23] t=429 jev INF E2 HOLD (预算保护 gate=False e2=8)
[14:59:23] t=429 jev VEH HTNK (conf 0.26)
[14:59:23] {"kind": "action", "what": "produce", "name": "HTNK", "qty": 1, "ts": "14:59:23"}
[14:59:25] t=430 jev INF E2 HOLD (预算保护 gate=False e2=8)
[14:59:27] t=432 jev INF E2 HOLD (预算保护 gate=False e2=8)
[14:59:28] t=434 jev INF E2 HOLD (预算保护 gate=False e2=8)
[14:59:29] t=435 jev INF E2 (conf 0.26)
[14:59:30] {"kind": "action", "what": "produce", "name": "E2", "qty": 1, "ts": "14:59:30"}
[14:59:34] t=440 MOVE assault x5 -> (122,85)
[14:59:34] {"kind": "action", "what": "attack_move", "name": null, "qty": null, "ts": "14:59:34"}
[14:59:35] t=441 jev INF E2 (conf 0.27)
[14:59:35] t=441 MOVE reserve x1 -> (134,87)
[14:59:36] {"kind": "action", "what": "attack_move", "name": null, "qty": null, "ts": "14:59:36"}
[14:59:37] t=443 jev INF E2 (conf 0.36)
[14:59:37] {"kind": "action", "what": "produce", "name": "E2", "qty": 1, "ts": "14:59:37"}
[14:59:43] t=449 jev INF E2 (conf 0.38)
[14:59:43] {"kind": "action", "what": "produce", "name": "E2", "qty": 1, "ts": "14:59:43"}
[14:59:46] t=452 tick#300 credits=1855 stance=defend | jev 300 decisions p50=895ms
[14:59:47] t=453 MOVE assault x5 -> (122,85)
[14:59:47] {"kind": "action", "what": "attack_move", "name": null, "qty": null, "ts": "14:59:47"}
[14:59:49] t=455 jev INF E2 (conf 0.44)
[14:59:50] t=456 jev INF E2 (conf 0.38)
[14:59:50] {"kind": "action", "what": "produce", "name": "E2", "qty": 1, "ts": "14:59:50"}
[14:59:56] t=462 jev INF E2 (conf 0.42)
[14:59:58] t=464 jev INF E2 (conf 0.39)
[14:59:58] {"kind": "action", "what": "produce", "name": "E2", "qty": 1, "ts": "14:59:58"}
[14:59:59] t=465 MOVE assault x5 -> (122,85)
[15:00:00] {"kind": "action", "what": "attack_move", "name": null, "qty": null, "ts": "15:00:00"}
[15:00:00] t=467 TANK HTNK x2
[15:00:00] {"kind": "action", "what": "produce", "name": "HTNK", "qty": 2, "ts": "15:00:00"}
[15:00:01] t=467 MOVE hold_a x3 -> (131,92); hold_b x3 -> (121,72)
[15:00:01] {"kind": "action", "what": "attack_move", "name": null, "qty": null, "ts": "15:00:01"}
[15:00:01] {"kind": "action", "what": "attack_move", "name": null, "qty": null, "ts": "15:00:01"}
[15:00:04] t=470 jev INF E2 (conf 0.45)
[15:00:04] {"kind": "action", "what": "produce", "name": "E2", "qty": 1, "ts": "15:00:04"}
[15:00:10] t=476 jev INF E2 (conf 0.49)
[15:00:10] {"kind": "action", "what": "produce", "name": "E2", "qty": 1, "ts": "15:00:10"}
[15:00:12] t=477 MOVE assault x6 -> (122,85)
[15:00:12] {"kind": "action", "what": "attack_move", "name": null, "qty": null, "ts": "15:00:12"}
[15:00:16] t=482 jev INF E2 (conf 0.41)
[15:00:17] t=483 jev INF E2 (conf 0.41)
[15:00:17] {"kind": "action", "what": "produce", "name": "E2", "qty": 1, "ts": "15:00:17"}
[15:00:24] t=489 jev INF E2 (conf 0.45)
[15:00:24] {"kind": "action", "what": "produce", "name": "E2", "qty": 1, "ts": "15:00:24"}
[15:00:24] t=489 MOVE assault x6 -> (122,85)
[15:00:24] {"kind": "action", "what": "attack_move", "name": null, "qty": null, "ts": "15:00:24"}
[15:00:24] t=489 tick#325 credits=1047 stance=defend | jev 325 decisions p50=913ms
[15:00:29] t=495 jev INF E2 HOLD (预算保护 gate=False e2=17)
[15:00:31] t=497 jev INF E2 HOLD (预算保护 gate=False e2=17)
[15:00:33] t=498 jev INF E2 HOLD (预算保护 gate=False e2=17)
[15:00:34] t=500 jev INF E2 HOLD (预算保护 gate=False e2=17)
[15:00:35] t=501 jev INF E2 HOLD (预算保护 gate=False e2=17)
[15:00:37] t=503 jev INF E2 HOLD (预算保护 gate=False e2=17)
[15:00:37] t=503 MOVE assault x7 -> (122,85); reserve x4 -> (134,87)
[15:00:37] {"kind": "action", "what": "attack_move", "name": null, "qty": null, "ts": "15:00:37"}
[15:00:37] {"kind": "action", "what": "attack_move", "name": null, "qty": null, "ts": "15:00:37"}
[15:00:38] t=504 ESCORT 坦克#1147 -> 护航矿车@[126, 103]
[15:00:38] {"kind": "action", "what": "attack_move", "name": null, "qty": null, "ts": "15:00:38"}
[15:00:38] t=504 SCOUT2 #1137->[66, 121]
[15:00:38] scout ERR 'list' object has no attribute 'get' | AttributeError: 'list' object has no attribute 'get'
[15:00:39] t=504 jev INF E2 HOLD (预算保护 gate=False e2=17)
[15:00:39] t=504 MOVE guard x2 -> (137,82)
[15:00:39] {"kind": "action", "what": "attack_move", "name": null, "qty": null, "ts": "15:00:39"}
[15:00:40] t=506 jev BUILD NAHAND HOLD (资金闸门: 坦克优先, cash=545)
[15:00:40] t=506 jev INF E2 HOLD (预算保护 gate=False e2=17)
[15:00:42] t=507 jev INF E2 HOLD (预算保护 gate=False e2=17)
[15:00:43] t=509 jev INF E2 HOLD (预算保护 gate=False e2=17)
[15:00:45] t=510 jev INF E2 HOLD (预算保护 gate=False e2=17)
[15:00:46] t=512 jev INF E2 HOLD (预算保护 gate=False e2=17)
[15:00:48] t=513 jev INF E2 HOLD (预算保护 gate=False e2=17)
[15:00:48] t=515 ALARM 单位损失 -> counter 22 vs 8 -> [134, 79]
[15:00:48] {"kind": "action", "what": "attack_move", "name": null, "qty": null, "ts": "15:00:48"}
[15:00:49] t=515 jev INF DOG (conf 0.22)
[15:00:49] {"kind": "action", "what": "produce", "name": "DOG", "qty": 1, "ts": "15:00:49"}
[15:00:56] t=522 MOVE assault x6 -> (134,79); hold_a x4 -> (142,67); hold_b x4 -> (142,90)
[15:00:56] {"kind": "action", "what": "attack_move", "name": null, "qty": null, "ts": "15:00:56"}
[15:00:56] {"kind": "action", "what": "attack_move", "name": null, "qty": null, "ts": "15:00:56"}
[15:00:57] {"kind": "action", "what": "attack_move", "name": null, "qty": null, "ts": "15:00:57"}
[15:01:01] t=527 tick#350 credits=0 stance=defend | jev 350 decisions p50=929ms
[15:01:02] t=528 ENEMY BASE spotted @[75, 118]
[15:01:03] t=528 jev STANCE defend->rush (conf 0.85)
[15:01:03] t=528 MOVE raid x2 -> (75,118); assault x6 -> (75,118); hold_a x4 -> (133,92); hold_b x4 -> (120,73)
[15:01:03] {"kind": "action", "what": "attack_move", "name": null, "qty": null, "ts": "15:01:03"}
[15:01:03] {"kind": "action", "what": "attack_move", "name": null, "qty": null, "ts": "15:01:03"}
[15:01:03] {"kind": "action", "what": "attack_move", "name": null, "qty": null, "ts": "15:01:03"}
[15:01:03] {"kind": "action", "what": "attack_move", "name": null, "qty": null, "ts": "15:01:03"}
[15:01:06] t=533 ALARM 单位损失 -> 攻势保持（塔阵守家, 前线 22 个单位继续进攻）
[15:01:08] t=534 ESCORT 坦克#1137 -> 护航矿车@[128, 104]
[15:01:08] {"kind": "action", "what": "attack_move", "name": null, "qty": null, "ts": "15:01:08"}
[15:01:15] t=540 MOVE assault x6 -> (75,118)
[15:01:15] {"kind": "action", "what": "attack_move", "name": null, "qty": null, "ts": "15:01:15"}
[15:01:27] t=553 MOVE assault x6 -> (75,118)
[15:01:27] {"kind": "action", "what": "attack_move", "name": null, "qty": null, "ts": "15:01:27"}
[15:01:33] t=559 MOVE raid x2 -> (75,118)
[15:01:33] {"kind": "action", "what": "attack_move", "name": null, "qty": null, "ts": "15:01:33"}
[15:01:38] t=564 MOVE reserve x4 -> (134,87)
[15:01:38] {"kind": "action", "what": "attack_move", "name": null, "qty": null, "ts": "15:01:38"}
[15:01:39] t=565 MOVE assault x6 -> (75,118)
[15:01:39] {"kind": "action", "what": "attack_move", "name": null, "qty": null, "ts": "15:01:39"}
[15:01:39] t=565 tick#375 credits=0 stance=rush | jev 375 decisions p50=945ms
[15:01:42] t=568 MOVE raid x2 -> (84,123)
[15:01:42] {"kind": "action", "what": "attack_move", "name": null, "qty": null, "ts": "15:01:42"}
[15:01:49] t=574 MOVE raid x2 -> (83,123)
[15:01:49] {"kind": "action", "what": "attack_move", "name": null, "qty": null, "ts": "15:01:49"}
[15:01:52] t=577 MOVE assault x6 -> (75,118)
[15:01:52] {"kind": "action", "what": "attack_move", "name": null, "qty": null, "ts": "15:01:52"}
[15:01:54] t=580 ESCORT 坦克#1137 -> 护航矿车@[123, 102]
[15:01:54] {"kind": "action", "what": "attack_move", "name": null, "qty": null, "ts": "15:01:54"}
[15:01:55] t=580 MOVE raid x2 -> (75,118)
[15:01:55] {"kind": "action", "what": "attack_move", "name": null, "qty": null, "ts": "15:01:55"}
[15:01:58] t=583 MOVE raid x2 -> (84,123)
[15:01:58] {"kind": "action", "what": "attack_move", "name": null, "qty": null, "ts": "15:01:58"}
[15:02:02] t=588 jev INF SHK HOLD (预算保护 gate=False e2=17)
[15:02:04] t=589 jev INF SHK HOLD (预算保护 gate=False e2=17)
[15:02:04] t=589 MOVE raid x2 -> (83,123); assault x6 -> (75,118); hold_a x4 -> (133,92); hold_b x4 -> (120,73)
[15:02:04] {"kind": "action", "what": "attack_move", "name": null, "qty": null, "ts": "15:02:04"}
[15:02:04] {"kind": "action", "what": "attack_move", "name": null, "qty": null, "ts": "15:02:04"}
[15:02:04] {"kind": "action", "what": "attack_move", "name": null, "qty": null, "ts": "15:02:04"}
[15:02:04] {"kind": "action", "what": "attack_move", "name": null, "qty": null, "ts": "15:02:04"}
[15:02:07] t=592 MOVE raid x2 -> (84,123)
[15:02:07] {"kind": "action", "what": "attack_move", "name": null, "qty": null, "ts": "15:02:07"}
[15:02:08] t=594 jev INF SHK (conf 0.15)
[15:02:08] {"kind": "action", "what": "produce", "name": "SHK", "qty": 1, "ts": "15:02:08"}
[15:02:13] t=598 MOVE raid x2 -> (83,123)
[15:02:13] {"kind": "action", "what": "attack_move", "name": null, "qty": null, "ts": "15:02:13"}
[15:02:13] t=600 DEFLINE NALASR (have 1)
[15:02:13] {"kind": "action", "what": "produce", "name": "NALASR", "qty": 1, "ts": "15:02:13"}
[15:02:16] t=601 MOVE assault x6 -> (75,118)
[15:02:16] {"kind": "action", "what": "attack_move", "name": null, "qty": null, "ts": "15:02:16"}
[15:02:16] t=603 TANK HTNK x2
[15:02:16] {"kind": "action", "what": "produce", "name": "HTNK", "qty": 2, "ts": "15:02:16"}
[15:02:17] t=603 tick#400 credits=1692 stance=rush | jev 400 decisions p50=960ms
[15:02:19] t=604 MOVE raid x2 -> (75,118)
[15:02:19] {"kind": "action", "what": "attack_move", "name": null, "qty": null, "ts": "15:02:19"}
[15:02:27] t=613 ESCORT 坦克#1137 -> 护航矿车@[124, 102]
[15:02:27] t=613 RETREAT HTNK(34%)
[15:02:27] {"kind": "action", "what": "attack_move", "name": null, "qty": null, "ts": "15:02:27"}
[15:02:27] {"kind": "action", "what": "move", "name": null, "qty": null, "ts": "15:02:27"}
[15:02:28] t=613 MOVE assault x7 -> (75,118)
[15:02:28] {"kind": "action", "what": "attack_move", "name": null, "qty": null, "ts": "15:02:28"}
[15:02:29] t=615 jev INF E2 HOLD (预算保护 gate=False e2=17)
[15:02:31] t=617 jev INF E2 HOLD (预算保护 gate=False e2=17)
[15:02:33] t=618 jev INF E2 HOLD (预算保护 gate=False e2=17)
[15:02:34] t=619 jev INF E2 HOLD (预算保护 gate=False e2=17)
[15:02:35] t=621 jev BUILD NAHAND HOLD (资金闸门: 坦克优先, cash=545)
[15:02:35] t=621 jev INF E2 HOLD (预算保护 gate=False e2=17)
[15:02:37] t=622 jev INF E2 HOLD (预算保护 gate=False e2=17)
[15:02:38] t=624 jev INF E2 (conf 0.10)
[15:02:38] {"kind": "action", "what": "produce", "name": "E2", "qty": 1, "ts": "15:02:38"}
[15:02:38] t=624 MOVE reserve x4 -> (134,87)
[15:02:38] {"kind": "action", "what": "attack_move", "name": null, "qty": null, "ts": "15:02:38"}
[15:02:41] t=627 MOVE assault x7 -> (75,118)
[15:02:41] {"kind": "action", "what": "attack_move", "name": null, "qty": null, "ts": "15:02:41"}
[15:02:43] t=630 RETREAT HTNK(32%)
[15:02:43] {"kind": "action", "what": "move", "name": null, "qty": null, "ts": "15:02:43"}
[15:02:44] t=630 jev INF SHK (conf 0.14)
[15:02:46] t=632 jev INF SHK (conf 0.19)
[15:02:46] {"kind": "action", "what": "produce", "name": "SHK", "qty": 1, "ts": "15:02:46"}
[15:02:49] t=635 MOVE raid x2 -> (75,118)
[15:02:49] {"kind": "action", "what": "attack_move", "name": null, "qty": null, "ts": "15:02:49"}
[15:02:49] t=636 ALARM 单位损失 -> 攻势保持（塔阵守家, 前线 24 个单位继续进攻）
[15:02:52] t=639 ALARM 单位损失 -> 攻势保持（塔阵守家, 前线 24 个单位继续进攻）
[15:02:54] t=639 jev STANCE rush->defend (conf 0.48)
[15:02:54] t=639 MOVE assault x6 -> (75,118)
[15:02:54] {"kind": "action", "what": "attack_move", "name": null, "qty": null, "ts": "15:02:54"}
[15:02:54] t=641 RETREAT E2(20%)
[15:02:54] {"kind": "action", "what": "move", "name": null, "qty": null, "ts": "15:02:54"}
[15:02:55] t=641 jev STANCE defend->rush (conf 0.68)
[15:02:55] t=641 tick#425 credits=872 stance=rush | jev 425 decisions p50=971ms
[15:02:55] t=642 ALARM 单位损失 -> 攻势保持（塔阵守家, 前线 24 个单位继续进攻）
[15:02:57] t=644 ESCORT 坦克#1137 -> 护航矿车@[128, 105]
[15:02:57] {"kind": "action", "what": "attack_move", "name": null, "qty": null, "ts": "15:02:57"}
[15:03:00] t=647 ALARM 单位损失 -> 攻势保持（塔阵守家, 前线 23 个单位继续进攻）
[15:03:03] t=650 RETREAT HTNK(28%)
[15:03:03] {"kind": "action", "what": "move", "name": null, "qty": null, "ts": "15:03:03"}
[15:03:04] t=650 MOVE hold_a x4 -> (133,92); hold_b x4 -> (120,73)
[15:03:04] {"kind": "action", "what": "attack_move", "name": null, "qty": null, "ts": "15:03:04"}
[15:03:04] {"kind": "action", "what": "attack_move", "name": null, "qty": null, "ts": "15:03:04"}
[15:03:07] t=651 jev INF E2 HOLD (预算保护 gate=False e2=16)
[15:03:07] t=651 MOVE assault x6 -> (75,118)
[15:03:07] {"kind": "action", "what": "attack_move", "name": null, "qty": null, "ts": "15:03:07"}
[15:03:07] t=654 ALARM 单位损失 -> 攻势保持（塔阵守家, 前线 24 个单位继续进攻）
[15:03:07] t=654 SCOUT #1137->[14, 140] (敌影)
[15:03:07] scout ERR 'list' object has no attribute 'get' | AttributeError: 'list' object has no attribute 'get'
[15:03:08] t=654 jev INF E2 HOLD (预算保护 gate=False e2=16)
[15:03:08] t=655 ALARM 单位损失 -> 攻势保持（塔阵守家, 前线 22 个单位继续进攻）
[15:03:09] t=655 jev INF E2 HOLD (预算保护 gate=False e2=15)
[15:03:10] t=657 RETREAT E2(39%)
[15:03:10] {"kind": "action", "what": "move", "name": null, "qty": null, "ts": "15:03:10"}
[15:03:11] t=658 ALARM 单位损失 -> 攻势保持（塔阵守家, 前线 21 个单位继续进攻）
[15:03:12] t=658 jev INF E2 HOLD (预算保护 gate=False e2=14)
[15:03:15] t=660 jev INF E2 HOLD (预算保护 gate=False e2=14)
[15:03:17] t=663 jev INF SHK HOLD (预算保护 gate=False e2=14)
[15:03:19] t=664 MOVE assault x4 -> (75,118)
[15:03:19] {"kind": "action", "what": "attack_move", "name": null, "qty": null, "ts": "15:03:19"}
[15:03:20] t=666 MOVE raid x2 -> (75,118)
[15:03:20] {"kind": "action", "what": "attack_move", "name": null, "qty": null, "ts": "15:03:20"}
[15:03:32] t=678 MOVE assault x4 -> (75,118)
[15:03:32] {"kind": "action", "what": "attack_move", "name": null, "qty": null, "ts": "15:03:32"}
[15:03:34] t=679 tick#450 credits=0 stance=rush | jev 450 decisions p50=980ms
[15:03:38] t=684 MOVE raid x2 -> (84,123)
[15:03:38] {"kind": "action", "what": "attack_move", "name": null, "qty": null, "ts": "15:03:38"}
[15:03:40] t=685 MOVE reserve x4 -> (134,87)
[15:03:40] {"kind": "action", "what": "attack_move", "name": null, "qty": null, "ts": "15:03:40"}
[15:03:45] t=690 MOVE raid x2 -> (83,123); assault x4 -> (75,118)
[15:03:45] {"kind": "action", "what": "attack_move", "name": null, "qty": null, "ts": "15:03:45"}
[15:03:45] {"kind": "action", "what": "attack_move", "name": null, "qty": null, "ts": "15:03:45"}
[15:03:51] t=696 MOVE raid x2 -> (75,118)
[15:03:51] {"kind": "action", "what": "attack_move", "name": null, "qty": null, "ts": "15:03:51"}
[15:03:58] t=704 MOVE assault x4 -> (75,118)
[15:03:58] {"kind": "action", "what": "attack_move", "name": null, "qty": null, "ts": "15:03:58"}
[15:04:04] t=710 MOVE hold_a x4 -> (133,92); hold_b x4 -> (120,73)
[15:04:04] {"kind": "action", "what": "attack_move", "name": null, "qty": null, "ts": "15:04:04"}
[15:04:04] {"kind": "action", "what": "attack_move", "name": null, "qty": null, "ts": "15:04:04"}
[15:04:10] t=716 MOVE assault x4 -> (75,118)
[15:04:10] {"kind": "action", "what": "attack_move", "name": null, "qty": null, "ts": "15:04:10"}
[15:04:12] t=717 tick#475 credits=0 stance=rush | jev 475 decisions p50=986ms
[15:04:15] t=721 MOVE raid x2 -> (86,121)
[15:04:15] {"kind": "action", "what": "attack_move", "name": null, "qty": null, "ts": "15:04:15"}
[15:04:22] t=728 MOVE assault x4 -> (75,118)
[15:04:22] {"kind": "action", "what": "attack_move", "name": null, "qty": null, "ts": "15:04:22"}
[15:04:28] t=734 MOVE raid x2 -> (87,121)
[15:04:28] {"kind": "action", "what": "attack_move", "name": null, "qty": null, "ts": "15:04:28"}
[15:04:29] t=736 RETREAT HTNK(31%)
[15:04:29] t=736 RETREAT E2(31%)
[15:04:29] {"kind": "action", "what": "move", "name": null, "qty": null, "ts": "15:04:29"}
[15:04:29] {"kind": "action", "what": "move", "name": null, "qty": null, "ts": "15:04:29"}
[15:04:32] t=739 ALARM 单位损失 -> 攻势保持（塔阵守家, 前线 19 个单位继续进攻）
[15:04:33] t=739 MOVE raid x2 -> (88,122)
[15:04:33] {"kind": "action", "what": "attack_move", "name": null, "qty": null, "ts": "15:04:33"}
[15:04:34] t=740 MOVE assault x4 -> (75,118)
[15:04:35] {"kind": "action", "what": "attack_move", "name": null, "qty": null, "ts": "15:04:35"}
[15:04:35] t=742 ALARM 单位损失 -> 攻势保持（塔阵守家, 前线 19 个单位继续进攻）
[15:04:36] t=742 RECOVER (only 2 tanks)
[15:04:36] {"kind": "action", "what": "produce", "name": "NAREFN", "qty": 1, "ts": "15:04:36"}
[15:04:36] t=743 OPENING BUILD NAREFN
[15:04:38] t=743 jev INF SHK (conf 0.27)
[15:04:38] t=743 jev STANCE recover->defend (conf 0.52)
[15:04:38] {"kind": "action", "what": "produce", "name": "SHK", "qty": 1, "ts": "15:04:38"}
[15:04:40] t=746 MOVE reserve x4 -> (134,87)
[15:04:40] {"kind": "action", "what": "attack_move", "name": null, "qty": null, "ts": "15:04:40"}
[15:04:44] t=751 RETREAT HTNK(25%)
[15:04:44] {"kind": "action", "what": "move", "name": null, "qty": null, "ts": "15:04:44"}
[15:04:45] t=752 RETREAT SHK(31%)
[15:04:45] {"kind": "action", "what": "move", "name": null, "qty": null, "ts": "15:04:45"}
[15:04:47] t=752 MOVE assault x5 -> (75,118)
[15:04:47] {"kind": "action", "what": "attack_move", "name": null, "qty": null, "ts": "15:04:47"}
[15:04:47] t=754 ALARM 单位损失 -> TURTLE (17 v 31, 守塔阵不打野战)
[15:04:47] {"kind": "action", "what": "attack_move", "name": null, "qty": null, "ts": "15:04:47"}
[15:04:48] t=755 TANK HTNK x1
[15:04:48] {"kind": "action", "what": "produce", "name": "HTNK", "qty": 1, "ts": "15:04:48"}
[15:04:49] t=755 tick#500 credits=1394 stance=defend | jev 500 decisions p50=988ms
[15:04:51] t=758 RETREAT SHK(22%)
[15:04:51] {"kind": "action", "what": "move", "name": null, "qty": null, "ts": "15:04:51"}
[15:04:53] t=760 RETREAT E2(38%)
[15:04:53] {"kind": "action", "what": "move", "name": null, "qty": null, "ts": "15:04:53"}
[15:04:56] t=763 ALARM 单位损失 -> TURTLE (17 v 31, 守塔阵不打野战)
[15:04:56] {"kind": "action", "what": "attack_move", "name": null, "qty": null, "ts": "15:04:56"}
[15:04:57] t=763 jev INF E2 HOLD (预算保护 gate=False e2=12)
[15:04:58] t=764 jev INF E2 HOLD (预算保护 gate=False e2=12)
[15:05:00] t=766 jev INF E2 HOLD (预算保护 gate=False e2=12)
[15:05:04] t=770 jev INF E2 HOLD (预算保护 gate=False e2=12)
[15:05:04] t=770 MOVE assault x5 -> (75,118); hold_a x3 -> (133,92); hold_b x3 -> (120,73)
[15:05:04] {"kind": "action", "what": "attack_move", "name": null, "qty": null, "ts": "15:05:04"}
[15:05:05] {"kind": "action", "what": "attack_move", "name": null, "qty": null, "ts": "15:05:05"}
[15:05:05] {"kind": "action", "what": "attack_move", "name": null, "qty": null, "ts": "15:05:05"}
[15:05:06] t=772 jev INF E2 HOLD (预算保护 gate=False e2=12)
[15:05:07] t=773 jev INF E2 HOLD (预算保护 gate=False e2=12)
[15:05:09] t=775 jev INF E2 HOLD (预算保护 gate=False e2=12)
[15:05:13] t=779 jev INF SHK HOLD (预算保护 gate=False e2=12)
[15:05:18] t=784 MOVE assault x5 -> (75,118)
[15:05:18] {"kind": "action", "what": "attack_move", "name": null, "qty": null, "ts": "15:05:18"}
[15:05:27] t=793 tick#525 credits=0 stance=defend | jev 525 decisions p50=984ms
[15:05:31] t=797 MOVE assault x5 -> (75,118)
[15:05:31] {"kind": "action", "what": "attack_move", "name": null, "qty": null, "ts": "15:05:31"}
[15:05:37] t=803 jev INF SHK (conf 0.26)
[15:05:38] {"kind": "action", "what": "produce", "name": "SHK", "qty": 1, "ts": "15:05:38"}
[15:05:40] t=806 MOVE reserve x3 -> (134,87)
[15:05:40] {"kind": "action", "what": "attack_move", "name": null, "qty": null, "ts": "15:05:40"}
[15:05:43] t=809 MOVE assault x5 -> (75,118)
[15:05:43] {"kind": "action", "what": "attack_move", "name": null, "qty": null, "ts": "15:05:43"}
[15:05:49] t=815 jev VEH HTNK (conf 0.47)
[15:05:49] {"kind": "action", "what": "produce", "name": "HTNK", "qty": 1, "ts": "15:05:49"}
[15:05:50] t=815 MOVE raid x2 -> (87,119)
[15:05:50] {"kind": "action", "what": "attack_move", "name": null, "qty": null, "ts": "15:05:50"}
[15:05:52] t=817 MOVE raid x2 -> (89,117)
[15:05:52] {"kind": "action", "what": "attack_move", "name": null, "qty": null, "ts": "15:05:52"}
[15:05:53] t=819 MOVE raid x2 -> (90,115)
[15:05:53] {"kind": "action", "what": "attack_move", "name": null, "qty": null, "ts": "15:05:53"}
[15:05:54] t=820 MOVE raid x2 -> (90,113)
[15:05:54] {"kind": "action", "what": "attack_move", "name": null, "qty": null, "ts": "15:05:54"}
[15:05:57] t=822 MOVE raid x2 -> (90,111); assault x4 -> (75,118)
[15:05:57] {"kind": "action", "what": "attack_move", "name": null, "qty": null, "ts": "15:05:57"}
[15:05:57] {"kind": "action", "what": "attack_move", "name": null, "qty": null, "ts": "15:05:57"}
[15:05:58] t=824 MOVE raid x2 -> (90,110)
[15:05:58] {"kind": "action", "what": "attack_move", "name": null, "qty": null, "ts": "15:05:58"}
[15:06:01] t=827 MOVE raid x2 -> (90,109)
[15:06:01] {"kind": "action", "what": "attack_move", "name": null, "qty": null, "ts": "15:06:01"}
[15:06:03] t=828 MOVE raid x2 -> (90,107)
[15:06:03] {"kind": "action", "what": "attack_move", "name": null, "qty": null, "ts": "15:06:03"}
[15:06:06] t=831 MOVE raid x2 -> (91,105); hold_a x3 -> (133,92); hold_b x3 -> (120,73)
[15:06:06] {"kind": "action", "what": "attack_move", "name": null, "qty": null, "ts": "15:06:06"}
[15:06:06] {"kind": "action", "what": "attack_move", "name": null, "qty": null, "ts": "15:06:06"}
[15:06:06] {"kind": "action", "what": "attack_move", "name": null, "qty": null, "ts": "15:06:06"}
[15:06:06] t=831 tick#550 credits=0 stance=defend | jev 550 decisions p50=983ms
[15:06:09] t=834 MOVE raid x2 -> (90,106)
[15:06:09] {"kind": "action", "what": "attack_move", "name": null, "qty": null, "ts": "15:06:09"}
[15:06:09] t=836 RETREAT HTNK(29%)
[15:06:09] {"kind": "action", "what": "move", "name": null, "qty": null, "ts": "15:06:09"}
[15:06:10] t=836 MOVE assault x4 -> (75,118)
[15:06:10] {"kind": "action", "what": "attack_move", "name": null, "qty": null, "ts": "15:06:10"}
[15:06:12] t=839 ALARM 单位损失 -> TURTLE (17 v 31, 守塔阵不打野战)
[15:06:12] {"kind": "action", "what": "attack_move", "name": null, "qty": null, "ts": "15:06:12"}
[15:06:15] t=842 RETREAT E2(28%)
[15:06:15] {"kind": "action", "what": "move", "name": null, "qty": null, "ts": "15:06:15"}
[15:06:22] t=848 MOVE assault x5 -> (75,118)
[15:06:22] {"kind": "action", "what": "attack_move", "name": null, "qty": null, "ts": "15:06:22"}
[15:06:34] t=860 MOVE assault x5 -> (75,118)
[15:06:34] {"kind": "action", "what": "attack_move", "name": null, "qty": null, "ts": "15:06:34"}
[15:06:38] t=864 RETREAT E2(26%)
[15:06:38] {"kind": "action", "what": "move", "name": null, "qty": null, "ts": "15:06:38"}
[15:06:41] t=867 ALARM 单位损失 -> TURTLE (14 v 30, 守塔阵不打野战)
[15:06:41] {"kind": "action", "what": "attack_move", "name": null, "qty": null, "ts": "15:06:41"}
[15:06:43] t=869 tick#575 credits=0 stance=defend | jev 575 decisions p50=983ms
[15:06:47] t=873 RETREAT SHK(36%)
[15:06:47] {"kind": "action", "what": "move", "name": null, "qty": null, "ts": "15:06:47"}
[15:06:49] t=875 MOVE assault x5 -> (75,118); reserve x1 -> (134,87)
[15:06:49] {"kind": "action", "what": "attack_move", "name": null, "qty": null, "ts": "15:06:49"}
[15:06:49] {"kind": "action", "what": "attack_move", "name": null, "qty": null, "ts": "15:06:49"}
[15:07:03] t=888 MOVE assault x5 -> (75,118)
[15:07:03] {"kind": "action", "what": "attack_move", "name": null, "qty": null, "ts": "15:07:03"}
[15:07:03] t=890 ALARM 敌军逼近 -> TURTLE (13 v 29, 守塔阵不打野战)
[15:07:03] {"kind": "action", "what": "attack_move", "name": null, "qty": null, "ts": "15:07:03"}
[15:07:12] t=897 MOVE hold_a x2 -> (133,92); hold_b x2 -> (120,73)
[15:07:12] {"kind": "action", "what": "attack_move", "name": null, "qty": null, "ts": "15:07:12"}
[15:07:12] {"kind": "action", "what": "attack_move", "name": null, "qty": null, "ts": "15:07:12"}
[15:07:16] t=902 MOVE assault x5 -> (75,118)
[15:07:16] {"kind": "action", "what": "attack_move", "name": null, "qty": null, "ts": "15:07:16"}
[15:07:21] t=906 tick#600 credits=0 stance=defend | jev 600 decisions p50=984ms
[15:07:21] t=908 RETREAT HTNK(27%)
[15:07:21] {"kind": "action", "what": "move", "name": null, "qty": null, "ts": "15:07:21"}
[15:07:24] t=911 ALARM 单位损失 -> TURTLE (12 v 29, 守塔阵不打野战)
[15:07:24] {"kind": "action", "what": "attack_move", "name": null, "qty": null, "ts": "15:07:24"}
[15:07:33] t=918 MOVE assault x4 -> (75,118)
[15:07:33] {"kind": "action", "what": "attack_move", "name": null, "qty": null, "ts": "15:07:33"}
[15:07:36] t=921 jev INF E2 HOLD (预算保护 gate=False e2=9)
[15:07:37] t=923 jev INF E2 HOLD (预算保护 gate=False e2=9)
[15:07:39] t=924 jev INF E2 HOLD (预算保护 gate=False e2=9)
[15:07:40] t=926 jev INF DOG (conf 0.15)
[15:07:40] {"kind": "action", "what": "produce", "name": "DOG", "qty": 1, "ts": "15:07:40"}
[15:07:45] t=930 MOVE assault x4 -> (75,118)
[15:07:45] {"kind": "action", "what": "attack_move", "name": null, "qty": null, "ts": "15:07:45"}
[15:07:51] t=936 MOVE reserve x1 -> (134,87)
[15:07:51] {"kind": "action", "what": "attack_move", "name": null, "qty": null, "ts": "15:07:51"}
[15:07:51] t=938 RETREAT E2(39%)
[15:07:51] {"kind": "action", "what": "move", "name": null, "qty": null, "ts": "15:07:51"}
[15:07:56] t=942 ALARM 单位损失 -> TURTLE (13 v 30, 守塔阵不打野战)
[15:07:56] {"kind": "action", "what": "attack_move", "name": null, "qty": null, "ts": "15:07:56"}
[15:07:57] t=942 jev INF E2 HOLD (预算保护 gate=False e2=8)
[15:07:58] t=944 jev INF E2 HOLD (预算保护 gate=False e2=7)
[15:07:58] t=944 tick#625 credits=431 stance=defend | jev 625 decisions p50=984ms
[15:08:00] t=945 jev INF E2 HOLD (预算保护 gate=False e2=5)
[15:08:01] t=947 jev INF E2 HOLD (预算保护 gate=False e2=5)
[15:08:03] t=948 jev INF E2 HOLD (预算保护 gate=False e2=5)
[15:08:04] t=950 MOVE assault x4 -> (75,118)
[15:08:04] {"kind": "action", "what": "attack_move", "name": null, "qty": null, "ts": "15:08:04"}
[15:08:18] t=963 MOVE assault x4 -> (75,118)
[15:08:18] {"kind": "action", "what": "attack_move", "name": null, "qty": null, "ts": "15:08:18"}
[15:08:31] t=977 MOVE assault x4 -> (75,118)
[15:08:31] {"kind": "action", "what": "attack_move", "name": null, "qty": null, "ts": "15:08:31"}
[15:08:32] t=978 RETREAT DOG(35%)
[15:08:32] t=978 RETREAT DOG(37%)
[15:08:32] {"kind": "action", "what": "move", "name": null, "qty": null, "ts": "15:08:32"}
[15:08:32] {"kind": "action", "what": "move", "name": null, "qty": null, "ts": "15:08:32"}
[15:08:36] t=981 tick#650 credits=0 stance=defend | jev 650 decisions p50=985ms
[15:08:36] t=983 ALARM 单位损失 -> TURTLE (8 v 28, 守塔阵不打野战)
[15:08:36] {"kind": "action", "what": "attack_move", "name": null, "qty": null, "ts": "15:08:36"}
[15:08:41] t=987 RETREAT DOG(16%)
[15:08:41] {"kind": "action", "what": "move", "name": null, "qty": null, "ts": "15:08:41"}
[15:08:45] t=990 MOVE assault x4 -> (75,118)
[15:08:45] {"kind": "action", "what": "attack_move", "name": null, "qty": null, "ts": "15:08:45"}
[15:08:51] t=996 MOVE reserve x2 -> (134,87)
[15:08:51] {"kind": "action", "what": "attack_move", "name": null, "qty": null, "ts": "15:08:51"}
[15:08:57] t=1002 MOVE assault x4 -> (75,118)
[15:08:57] {"kind": "action", "what": "attack_move", "name": null, "qty": null, "ts": "15:08:57"}
[15:09:08] t=1014 jev INF DOG (conf 0.23)
[15:09:08] {"kind": "action", "what": "produce", "name": "DOG", "qty": 1, "ts": "15:09:08"}
[15:09:09] t=1015 MOVE assault x4 -> (75,118)
[15:09:09] {"kind": "action", "what": "attack_move", "name": null, "qty": null, "ts": "15:09:09"}
[15:09:13] t=1020 RETREAT E2(13%)
[15:09:13] {"kind": "action", "what": "move", "name": null, "qty": null, "ts": "15:09:13"}
[15:09:14] t=1020 tick#675 credits=12 stance=defend | jev 675 decisions p50=985ms
[15:09:16] t=1023 RETREAT E2(27%)
[15:09:16] {"kind": "action", "what": "move", "name": null, "qty": null, "ts": "15:09:16"}
[15:09:21] t=1028 ALARM 单位损失 -> TURTLE (5 v 28, 守塔阵不打野战)
[15:09:21] {"kind": "action", "what": "attack_move", "name": null, "qty": null, "ts": "15:09:21"}
[15:09:21] t=1028 RETREAT HTNK(37%)
[15:09:21] {"kind": "action", "what": "move", "name": null, "qty": null, "ts": "15:09:21"}
[15:09:30] t=1035 MOVE assault x4 -> (75,118)
[15:09:30] {"kind": "action", "what": "attack_move", "name": null, "qty": null, "ts": "15:09:30"}
[15:09:38] t=1044 RETREAT E2(26%)
[15:09:38] {"kind": "action", "what": "move", "name": null, "qty": null, "ts": "15:09:38"}
[15:09:43] t=1049 MOVE assault x4 -> (75,118)
[15:09:43] {"kind": "action", "what": "attack_move", "name": null, "qty": null, "ts": "15:09:43"}
[15:09:47] t=1053 ALARM 单位损失 -> TURTLE (4 v 25, 守塔阵不打野战)
[15:09:47] {"kind": "action", "what": "attack_move", "name": null, "qty": null, "ts": "15:09:47"}
[15:09:52] t=1058 tick#700 credits=0 stance=defend | jev 700 decisions p50=984ms
[15:09:55] t=1061 MOVE assault x4 -> (75,118)
[15:09:55] {"kind": "action", "what": "attack_move", "name": null, "qty": null, "ts": "15:09:55"}
[15:09:56] t=1062 ALARM 单位损失 -> TURTLE (4 v 26, 守塔阵不打野战)
[15:09:56] {"kind": "action", "what": "attack_move", "name": null, "qty": null, "ts": "15:09:56"}
[15:10:07] t=1073 MOVE assault x3 -> (75,118)
[15:10:07] {"kind": "action", "what": "attack_move", "name": null, "qty": null, "ts": "15:10:07"}
[15:10:11] t=1077 ALARM 单位损失 -> TURTLE (4 v 22, 守塔阵不打野战)
[15:10:11] {"kind": "action", "what": "attack_move", "name": null, "qty": null, "ts": "15:10:11"}
[15:10:21] t=1086 MOVE assault x3 -> (75,118)
[15:10:21] {"kind": "action", "what": "attack_move", "name": null, "qty": null, "ts": "15:10:21"}
[15:10:30] t=1096 tick#725 credits=0 stance=defend | jev 725 decisions p50=981ms
[15:10:34] t=1100 MOVE assault x3 -> (75,118)
[15:10:34] {"kind": "action", "what": "attack_move", "name": null, "qty": null, "ts": "15:10:34"}
[15:10:47] t=1113 MOVE assault x3 -> (75,118)
[15:10:47] {"kind": "action", "what": "attack_move", "name": null, "qty": null, "ts": "15:10:47"}
[15:11:01] t=1126 MOVE assault x3 -> (75,118)
[15:11:01] {"kind": "action", "what": "attack_move", "name": null, "qty": null, "ts": "15:11:01"}
[15:11:08] t=1134 tick#750 credits=0 stance=defend | jev 750 decisions p50=979ms
[15:11:14] t=1140 MOVE assault x3 -> (75,118)
[15:11:14] {"kind": "action", "what": "attack_move", "name": null, "qty": null, "ts": "15:11:14"}
[15:11:18] t=1144 SCOUT #2674->[14, 140] (敌影)
[15:11:18] scout ERR 'list' object has no attribute 'get' | AttributeError: 'list' object has no attribute 'get'
[15:11:19] t=1144 jev VEH DRON (conf 0.44)
[15:11:19] {"kind": "action", "what": "produce", "name": "DRON", "qty": 1, "ts": "15:11:19"}
[15:11:21] t=1147 RETREAT SHK(37%)
[15:11:21] {"kind": "action", "what": "move", "name": null, "qty": null, "ts": "15:11:21"}
[15:11:28] t=1153 MOVE assault x3 -> (75,118)
[15:11:28] {"kind": "action", "what": "attack_move", "name": null, "qty": null, "ts": "15:11:28"}
[15:11:38] t=1164 jev INF SHK (conf 0.12)
[15:11:38] {"kind": "action", "what": "produce", "name": "SHK", "qty": 1, "ts": "15:11:38"}
[15:11:40] t=1165 MOVE assault x3 -> (75,118)
[15:11:40] {"kind": "action", "what": "attack_move", "name": null, "qty": null, "ts": "15:11:40"}
[15:11:40] t=1167 TANK HTNK x2
[15:11:40] {"kind": "action", "what": "produce", "name": "HTNK", "qty": 2, "ts": "15:11:40"}
[15:11:46] t=1171 tick#775 credits=1865 stance=defend | jev 775 decisions p50=975ms
[15:11:46] t=1173 ALARM 单位损失 -> TURTLE (5 v 20, 守塔阵不打野战)
[15:11:46] {"kind": "action", "what": "attack_move", "name": null, "qty": null, "ts": "15:11:46"}
[15:11:48] t=1174 RETREAT E2(22%)
[15:11:48] {"kind": "action", "what": "move", "name": null, "qty": null, "ts": "15:11:48"}
[15:11:55] t=1180 MOVE assault x2 -> (75,118)
[15:11:55] {"kind": "action", "what": "attack_move", "name": null, "qty": null, "ts": "15:11:55"}
[15:11:59] t=1185 jev BUILD NAWEAP HOLD (资金闸门: 坦克优先, cash=2330)
[15:12:05] t=1191 jev INF DOG (conf 0.09)
[15:12:05] {"kind": "action", "what": "produce", "name": "DOG", "qty": 1, "ts": "15:12:05"}
[15:12:08] t=1194 MOVE assault x3 -> (75,118)
[15:12:08] {"kind": "action", "what": "attack_move", "name": null, "qty": null, "ts": "15:12:08"}
[15:12:14] t=1200 jev INF E2 (conf 0.20)
[15:12:14] {"kind": "action", "what": "produce", "name": "E2", "qty": 1, "ts": "15:12:14"}
[15:12:19] t=1204 MOVE raid x2 -> (75,118)
[15:12:19] {"kind": "action", "what": "attack_move", "name": null, "qty": null, "ts": "15:12:19"}
[15:12:20] t=1206 jev INF E2 (conf 0.16)
[15:12:20] {"kind": "action", "what": "produce", "name": "E2", "qty": 1, "ts": "15:12:20"}
[15:12:22] t=1207 MOVE assault x3 -> (75,118)
[15:12:22] {"kind": "action", "what": "attack_move", "name": null, "qty": null, "ts": "15:12:22"}
[15:12:23] t=1209 tick#800 credits=1392 stance=defend | jev 800 decisions p50=974ms
[15:12:25] t=1212 ALARM 单位损失 -> TURTLE (7 v 20, 守塔阵不打野战)
[15:12:25] {"kind": "action", "what": "attack_move", "name": null, "qty": null, "ts": "15:12:25"}
[15:12:25] t=1212 RETREAT E2(10%)
[15:12:25] {"kind": "action", "what": "move", "name": null, "qty": null, "ts": "15:12:25"}
[15:12:26] t=1212 jev INF E2 (conf 0.19)
[15:12:26] {"kind": "action", "what": "produce", "name": "E2", "qty": 1, "ts": "15:12:26"}
[15:12:32] t=1218 jev INF SHK (conf 0.14)
[15:12:32] {"kind": "action", "what": "produce", "name": "SHK", "qty": 1, "ts": "15:12:32"}
[15:12:35] t=1221 MOVE assault x5 -> (75,118)
[15:12:35] {"kind": "action", "what": "attack_move", "name": null, "qty": null, "ts": "15:12:35"}
[15:12:47] t=1233 MOVE assault x5 -> (75,118)
[15:12:47] {"kind": "action", "what": "attack_move", "name": null, "qty": null, "ts": "15:12:47"}
[15:12:52] t=1237 MOVE reserve x1 -> (134,87)
[15:12:52] {"kind": "action", "what": "attack_move", "name": null, "qty": null, "ts": "15:12:52"}
[15:12:53] t=1239 jev INF SHK HOLD (预算保护 gate=False e2=3)
[15:12:55] t=1240 jev INF SHK HOLD (预算保护 gate=False e2=3)
[15:12:55] t=1240 jev VEH HTNK (conf 0.35)
[15:12:55] {"kind": "action", "what": "produce", "name": "HTNK", "qty": 1, "ts": "15:12:55"}
[15:12:55] t=1240 MOVE raid x2 -> (75,118)
[15:12:55] {"kind": "action", "what": "attack_move", "name": null, "qty": null, "ts": "15:12:55"}
[15:12:59] t=1245 MOVE assault x4 -> (75,118)
[15:12:59] {"kind": "action", "what": "attack_move", "name": null, "qty": null, "ts": "15:12:59"}
[15:13:01] t=1246 tick#825 credits=0 stance=defend | jev 825 decisions p50=973ms
[15:13:10] t=1255 jev INF E2 HOLD (预算保护 gate=False e2=3)
[15:13:10] t=1255 MOVE raid x2 -> (84,123)
[15:13:10] {"kind": "action", "what": "attack_move", "name": null, "qty": null, "ts": "15:13:10"}
[15:13:13] t=1258 jev INF E2 HOLD (预算保护 gate=False e2=3)
[15:13:13] t=1258 MOVE assault x4 -> (75,118)
[15:13:13] {"kind": "action", "what": "attack_move", "name": null, "qty": null, "ts": "15:13:13"}
[15:13:14] t=1260 jev INF E2 HOLD (预算保护 gate=False e2=3)
[15:13:16] t=1261 MOVE raid x2 -> (83,123)
[15:13:16] {"kind": "action", "what": "attack_move", "name": null, "qty": null, "ts": "15:13:16"}
[15:13:23] t=1269 jev INF SHK HOLD (预算保护 gate=False e2=3)
[15:13:23] t=1269 MOVE raid x2 -> (75,118)
[15:13:23] {"kind": "action", "what": "attack_move", "name": null, "qty": null, "ts": "15:13:23"}
[15:13:25] t=1270 MOVE assault x4 -> (75,118)
[15:13:25] {"kind": "action", "what": "attack_move", "name": null, "qty": null, "ts": "15:13:25"}
[15:13:38] t=1284 MOVE assault x4 -> (75,118)
[15:13:38] {"kind": "action", "what": "attack_move", "name": null, "qty": null, "ts": "15:13:38"}
[15:13:38] t=1284 tick#850 credits=0 stance=defend | jev 850 decisions p50=975ms
[15:13:42] t=1288 RETREAT DOG(16%)
[15:13:42] {"kind": "action", "what": "move", "name": null, "qty": null, "ts": "15:13:42"}
[15:13:50] t=1296 MOVE raid x2 -> (84,123)
[15:13:50] {"kind": "action", "what": "attack_move", "name": null, "qty": null, "ts": "15:13:50"}
[15:13:52] t=1297 MOVE assault x4 -> (75,118); reserve x1 -> (134,87)
[15:13:52] {"kind": "action", "what": "attack_move", "name": null, "qty": null, "ts": "15:13:52"}
[15:13:52] {"kind": "action", "what": "attack_move", "name": null, "qty": null, "ts": "15:13:52"}
[15:13:58] t=1303 MOVE raid x2 -> (83,123)
[15:13:58] {"kind": "action", "what": "attack_move", "name": null, "qty": null, "ts": "15:13:58"}
[15:14:04] t=1309 MOVE raid x2 -> (75,118)
[15:14:04] {"kind": "action", "what": "attack_move", "name": null, "qty": null, "ts": "15:14:04"}
[15:14:05] t=1311 MOVE assault x4 -> (75,118)
[15:14:05] {"kind": "action", "what": "attack_move", "name": null, "qty": null, "ts": "15:14:05"}
[15:14:16] t=1321 tick#875 credits=0 stance=defend | jev 875 decisions p50=973ms
[15:14:17] t=1323 MOVE assault x4 -> (75,118)
[15:14:17] {"kind": "action", "what": "attack_move", "name": null, "qty": null, "ts": "15:14:17"}
[15:14:21] t=1327 RETREAT HTNK(38%)
[15:14:21] {"kind": "action", "what": "move", "name": null, "qty": null, "ts": "15:14:21"}
[15:14:26] t=1332 jev INF SHK (conf 0.17)
[15:14:26] {"kind": "action", "what": "produce", "name": "SHK", "qty": 1, "ts": "15:14:26"}
[15:14:31] t=1336 MOVE assault x4 -> (75,118)
[15:14:31] {"kind": "action", "what": "attack_move", "name": null, "qty": null, "ts": "15:14:31"}
[15:14:31] t=1338 RETREAT E2(23%)
[15:14:31] {"kind": "action", "what": "move", "name": null, "qty": null, "ts": "15:14:31"}
[15:14:32] t=1338 MOVE raid x2 -> (84,123)
[15:14:32] {"kind": "action", "what": "attack_move", "name": null, "qty": null, "ts": "15:14:32"}
[15:14:36] t=1342 RETREAT E2(35%)
[15:14:36] {"kind": "action", "what": "move", "name": null, "qty": null, "ts": "15:14:36"}
[15:14:38] t=1344 MOVE raid x2 -> (83,123)
[15:14:38] {"kind": "action", "what": "attack_move", "name": null, "qty": null, "ts": "15:14:38"}
[15:14:39] t=1345 ALARM 单位损失 -> TURTLE (7 v 12, 守塔阵不打野战)
[15:14:39] {"kind": "action", "what": "attack_move", "name": null, "qty": null, "ts": "15:14:39"}
[15:14:46] t=1351 jev INF E2 HOLD (预算保护 gate=False e2=1)
[15:14:47] t=1353 jev INF E2 HOLD (预算保护 gate=False e2=0)
[15:14:47] t=1353 jev VEH HTNK (conf 0.37)
[15:14:47] {"kind": "action", "what": "produce", "name": "HTNK", "qty": 1, "ts": "15:14:47"}
[15:14:47] t=1353 MOVE raid x2 -> (75,118); assault x3 -> (75,118)
[15:14:47] {"kind": "action", "what": "attack_move", "name": null, "qty": null, "ts": "15:14:47"}
[15:14:47] {"kind": "action", "what": "attack_move", "name": null, "qty": null, "ts": "15:14:47"}
[15:14:53] t=1359 tick#900 credits=0 stance=defend | jev 900 decisions p50=973ms
[15:15:01] t=1366 jev INF SHK (conf 0.20)
[15:15:01] {"kind": "action", "what": "produce", "name": "SHK", "qty": 1, "ts": "15:15:01"}
[15:15:01] t=1366 MOVE assault x3 -> (75,118)
[15:15:01] {"kind": "action", "what": "attack_move", "name": null, "qty": null, "ts": "15:15:01"}
[15:15:09] t=1375 RETREAT HTNK(38%)
[15:15:09] {"kind": "action", "what": "move", "name": null, "qty": null, "ts": "15:15:09"}
[15:15:13] t=1378 MOVE raid x2 -> (84,123)
[15:15:13] {"kind": "action", "what": "attack_move", "name": null, "qty": null, "ts": "15:15:13"}
[15:15:14] t=1380 MOVE assault x3 -> (75,118)
[15:15:14] {"kind": "action", "what": "attack_move", "name": null, "qty": null, "ts": "15:15:14"}
[15:15:20] t=1386 MOVE raid x2 -> (83,123)
[15:15:20] {"kind": "action", "what": "attack_move", "name": null, "qty": null, "ts": "15:15:20"}
[15:15:23] t=1389 jev INF SHK (conf 0.17)
[15:15:23] {"kind": "action", "what": "produce", "name": "SHK", "qty": 1, "ts": "15:15:23"}
[15:15:26] t=1392 MOVE raid x2 -> (75,118); assault x4 -> (75,118)
[15:15:26] {"kind": "action", "what": "attack_move", "name": null, "qty": null, "ts": "15:15:26"}
[15:15:26] {"kind": "action", "what": "attack_move", "name": null, "qty": null, "ts": "15:15:26"}
[15:15:30] t=1396 TANK HTNK x1
[15:15:30] t=1396 ESCORT 坦克#2994 -> 护航矿车@[128, 105]
[15:15:30] {"kind": "action", "what": "produce", "name": "HTNK", "qty": 1, "ts": "15:15:30"}
[15:15:30] {"kind": "action", "what": "attack_move", "name": null, "qty": null, "ts": "15:15:30"}
[15:15:31] t=1396 tick#925 credits=1158 stance=defend | jev 925 decisions p50=973ms
[15:15:31] t=1398 ALARM 单位损失 -> counter 9 vs 6 -> [134, 79]
[15:15:31] {"kind": "action", "what": "attack_move", "name": null, "qty": null, "ts": "15:15:31"}
[15:15:40] t=1405 MOVE assault x4 -> (75,118)
[15:15:40] {"kind": "action", "what": "attack_move", "name": null, "qty": null, "ts": "15:15:40"}
[15:15:43] t=1408 MOVE reserve x1 -> (134,87)
[15:15:43] {"kind": "action", "what": "attack_move", "name": null, "qty": null, "ts": "15:15:43"}
[15:15:47] t=1413 MOVE raid x2 -> (85,123)
[15:15:47] {"kind": "action", "what": "attack_move", "name": null, "qty": null, "ts": "15:15:47"}
[15:15:49] t=1414 MOVE raid x2 -> (84,123)
[15:15:49] {"kind": "action", "what": "attack_move", "name": null, "qty": null, "ts": "15:15:49"}
[15:15:53] t=1419 MOVE raid x2 -> (83,123); assault x4 -> (75,118)
[15:15:53] {"kind": "action", "what": "attack_move", "name": null, "qty": null, "ts": "15:15:53"}
[15:15:53] {"kind": "action", "what": "attack_move", "name": null, "qty": null, "ts": "15:15:53"}
[15:15:59] t=1425 ALARM 单位损失 -> counter 9 vs 7 -> [134, 79]
[15:15:59] {"kind": "action", "what": "attack_move", "name": null, "qty": null, "ts": "15:15:59"}
[15:16:04] t=1430 jev BUILD NAWEAP HOLD (资金闸门: 坦克优先, cash=4)
[15:16:07] t=1433 MOVE raid x2 -> (75,118); assault x4 -> (75,118)
[15:16:07] {"kind": "action", "what": "attack_move", "name": null, "qty": null, "ts": "15:16:07"}
[15:16:07] {"kind": "action", "what": "attack_move", "name": null, "qty": null, "ts": "15:16:07"}
[15:16:09] t=1434 tick#950 credits=0 stance=defend | jev 950 decisions p50=973ms
[15:16:19] t=1445 MOVE assault x4 -> (75,118)
[15:16:19] {"kind": "action", "what": "attack_move", "name": null, "qty": null, "ts": "15:16:19"}
[15:16:28] t=1454 MOVE raid x2 -> (84,123)
[15:16:28] {"kind": "action", "what": "attack_move", "name": null, "qty": null, "ts": "15:16:28"}
[15:16:33] t=1458 MOVE assault x4 -> (75,118)
[15:16:33] {"kind": "action", "what": "attack_move", "name": null, "qty": null, "ts": "15:16:33"}
[15:16:35] t=1461 MOVE raid x2 -> (83,123)
[15:16:36] {"kind": "action", "what": "attack_move", "name": null, "qty": null, "ts": "15:16:36"}
[15:16:42] t=1467 MOVE raid x2 -> (75,118)
[15:16:42] {"kind": "action", "what": "attack_move", "name": null, "qty": null, "ts": "15:16:42"}
[15:16:46] t=1472 MOVE assault x4 -> (75,118)
[15:16:46] {"kind": "action", "what": "attack_move", "name": null, "qty": null, "ts": "15:16:46"}
[15:16:46] t=1472 tick#975 credits=0 stance=defend | jev 975 decisions p50=975ms
[15:16:50] t=1476 TANK HTNK x2
[15:16:50] t=1476 ESCORT 坦克#2994 -> 护航矿车@[116, 135]
[15:16:50] {"kind": "action", "what": "produce", "name": "HTNK", "qty": 2, "ts": "15:16:50"}
[15:16:50] {"kind": "action", "what": "attack_move", "name": null, "qty": null, "ts": "15:16:50"}
[15:16:58] t=1484 MOVE assault x5 -> (75,118)
[15:16:58] {"kind": "action", "what": "attack_move", "name": null, "qty": null, "ts": "15:16:58"}
[15:17:10] t=1496 MOVE raid x2 -> (84,123); assault x5 -> (75,118)
[15:17:10] {"kind": "action", "what": "attack_move", "name": null, "qty": null, "ts": "15:17:10"}
[15:17:10] {"kind": "action", "what": "attack_move", "name": null, "qty": null, "ts": "15:17:10"}
[15:17:16] t=1502 MOVE raid x2 -> (83,123)
[15:17:16] {"kind": "action", "what": "attack_move", "name": null, "qty": null, "ts": "15:17:16"}
[15:17:20] t=1506 ESCORT 坦克#3154 -> 护航矿车@[128, 105]
[15:17:20] {"kind": "action", "what": "attack_move", "name": null, "qty": null, "ts": "15:17:20"}
[15:17:24] t=1509 MOVE raid x2 -> (75,118); assault x5 -> (75,118)
[15:17:24] {"kind": "action", "what": "attack_move", "name": null, "qty": null, "ts": "15:17:24"}
[15:17:24] {"kind": "action", "what": "attack_move", "name": null, "qty": null, "ts": "15:17:24"}
[15:17:24] t=1509 tick#1000 credits=612 stance=defend | jev 1000 decisions p50=978ms
[15:17:36] t=1521 MOVE assault x6 -> (75,118)
[15:17:36] {"kind": "action", "what": "attack_move", "name": null, "qty": null, "ts": "15:17:36"}
[15:17:38] t=1524 RETREAT HTNK(30%)
[15:17:38] {"kind": "action", "what": "move", "name": null, "qty": null, "ts": "15:17:38"}
[15:17:48] t=1533 jev BUILD NAWEAP HOLD (资金闸门: 坦克优先, cash=12)
[15:17:49] t=1535 MOVE assault x6 -> (75,118)
[15:17:49] {"kind": "action", "what": "attack_move", "name": null, "qty": null, "ts": "15:17:49"}
[15:17:50] t=1536 ESCORT 坦克#3154 -> 护航矿车@[128, 105]
[15:17:50] t=1536 RETREAT HTNK(26%)
[15:17:50] {"kind": "action", "what": "attack_move", "name": null, "qty": null, "ts": "15:17:50"}
[15:17:50] {"kind": "action", "what": "move", "name": null, "qty": null, "ts": "15:17:50"}
[15:17:51] t=1536 MOVE raid x2 -> (84,123)
[15:17:51] {"kind": "action", "what": "attack_move", "name": null, "qty": null, "ts": "15:17:51"}
[15:17:58] t=1544 MOVE raid x2 -> (83,123)
[15:17:58] {"kind": "action", "what": "attack_move", "name": null, "qty": null, "ts": "15:17:58"}
[15:18:01] t=1547 MOVE assault x6 -> (75,118)
[15:18:01] {"kind": "action", "what": "attack_move", "name": null, "qty": null, "ts": "15:18:01"}
[15:18:01] t=1547 tick#1025 credits=0 stance=defend | jev 1025 decisions p50=980ms
[15:18:04] t=1550 MOVE raid x2 -> (75,118)
[15:18:04] {"kind": "action", "what": "attack_move", "name": null, "qty": null, "ts": "15:18:04"}
[15:18:11] t=1556 MOVE raid x2 -> (74,122); assault x6 -> (74,122)
[15:18:11] {"kind": "action", "what": "attack_move", "name": null, "qty": null, "ts": "15:18:11"}
[15:18:11] {"kind": "action", "what": "attack_move", "name": null, "qty": null, "ts": "15:18:11"}
[15:18:17] t=1563 MOVE raid x2 -> (70,117); assault x6 -> (70,117)
[15:18:17] {"kind": "action", "what": "attack_move", "name": null, "qty": null, "ts": "15:18:17"}
[15:18:17] {"kind": "action", "what": "attack_move", "name": null, "qty": null, "ts": "15:18:17"}
[15:18:20] t=1567 ESCORT 坦克#3154 -> 护航矿车@[115, 135]
[15:18:21] {"kind": "action", "what": "attack_move", "name": null, "qty": null, "ts": "15:18:21"}
[15:18:23] t=1569 MOVE raid x2 -> (87,125)
[15:18:23] {"kind": "action", "what": "attack_move", "name": null, "qty": null, "ts": "15:18:23"}
[15:18:24] t=1570 MOVE raid x2 -> (85,123)
[15:18:25] {"kind": "action", "what": "attack_move", "name": null, "qty": null, "ts": "15:18:25"}
[15:18:26] t=1572 MOVE raid x2 -> (84,123)
[15:18:26] {"kind": "action", "what": "attack_move", "name": null, "qty": null, "ts": "15:18:26"}
[15:18:29] t=1575 MOVE assault x6 -> (70,117)
[15:18:29] {"kind": "action", "what": "attack_move", "name": null, "qty": null, "ts": "15:18:29"}
[15:18:31] t=1576 MOVE raid x2 -> (83,123)
[15:18:31] {"kind": "action", "what": "attack_move", "name": null, "qty": null, "ts": "15:18:31"}
[15:18:38] t=1584 MOVE raid x2 -> (84,124)
[15:18:38] {"kind": "action", "what": "attack_move", "name": null, "qty": null, "ts": "15:18:38"}
[15:18:40] t=1585 MOVE raid x2 -> (85,124)
[15:18:40] {"kind": "action", "what": "attack_move", "name": null, "qty": null, "ts": "15:18:40"}
[15:18:40] t=1585 tick#1050 credits=167 stance=defend | jev 1050 decisions p50=980ms
[15:18:41] t=1587 MOVE raid x2 -> (86,125)
[15:18:41] {"kind": "action", "what": "attack_move", "name": null, "qty": null, "ts": "15:18:41"}
[15:18:42] t=1588 MOVE raid x2 -> (88,126); assault x6 -> (70,117)
[15:18:43] {"kind": "action", "what": "attack_move", "name": null, "qty": null, "ts": "15:18:43"}
[15:18:43] {"kind": "action", "what": "attack_move", "name": null, "qty": null, "ts": "15:18:43"}
[15:18:43] t=1590 RETREAT DOG(16%)
[15:18:43] {"kind": "action", "what": "move", "name": null, "qty": null, "ts": "15:18:43"}
[15:18:44] t=1590 MOVE raid x2 -> (89,126)
[15:18:44] {"kind": "action", "what": "attack_move", "name": null, "qty": null, "ts": "15:18:44"}
[15:18:51] t=1597 ESCORT 坦克#3110 -> 护航矿车@[120, 114]
[15:18:51] {"kind": "action", "what": "attack_move", "name": null, "qty": null, "ts": "15:18:51"}
[15:18:54] t=1600 TANK HTNK x2
[15:18:54] {"kind": "action", "what": "produce", "name": "HTNK", "qty": 2, "ts": "15:18:54"}
[15:18:55] t=1600 jev INF SHK (conf 0.23)
[15:18:55] {"kind": "action", "what": "produce", "name": "SHK", "qty": 1, "ts": "15:18:55"}
[15:18:55] t=1600 ATTACK (tanks=6)
[15:18:55] t=1600 MOVE raid x2 -> (89,124); assault x5 -> (70,117); guard x2 -> (137,82)
[15:18:55] {"kind": "action", "what": "attack_move", "name": null, "qty": null, "ts": "15:18:55"}
[15:18:55] {"kind": "action", "what": "attack_move", "name": null, "qty": null, "ts": "15:18:55"}
[15:18:55] {"kind": "action", "what": "attack_move", "name": null, "qty": null, "ts": "15:18:55"}
[15:18:56] t=1602 MOVE raid x2 -> (88,123)
[15:18:56] {"kind": "action", "what": "attack_move", "name": null, "qty": null, "ts": "15:18:56"}
[15:18:58] t=1603 MOVE raid x2 -> (87,122)
[15:18:58] {"kind": "action", "what": "attack_move", "name": null, "qty": null, "ts": "15:18:58"}
[15:18:59] t=1605 MOVE raid x2 -> (70,117)
[15:18:59] {"kind": "action", "what": "attack_move", "name": null, "qty": null, "ts": "15:18:59"}
[15:19:08] t=1614 MOVE assault x5 -> (70,117)
[15:19:08] {"kind": "action", "what": "attack_move", "name": null, "qty": null, "ts": "15:19:08"}
[15:19:12] t=1618 RETREAT SHK(37%)
[15:19:12] {"kind": "action", "what": "move", "name": null, "qty": null, "ts": "15:19:12"}
[15:19:14] t=1620 jev INF SHK (conf 0.23)
[15:19:14] {"kind": "action", "what": "produce", "name": "SHK", "qty": 1, "ts": "15:19:14"}
[15:19:14] t=1620 MOVE reserve x1 -> (134,87)
[15:19:14] {"kind": "action", "what": "attack_move", "name": null, "qty": null, "ts": "15:19:14"}
[15:19:17] t=1623 tick#1075 credits=1073 stance=attack | jev 1075 decisions p50=981ms
[15:19:21] t=1627 ESCORT 坦克#3254 -> 护航矿车@[128, 104]
[15:19:21] {"kind": "action", "what": "attack_move", "name": null, "qty": null, "ts": "15:19:21"}
[15:19:22] t=1627 MOVE assault x5 -> (70,117)
[15:19:22] {"kind": "action", "what": "attack_move", "name": null, "qty": null, "ts": "15:19:22"}
[15:19:24] t=1630 ALARM 单位损失 -> 攻势保持（塔阵守家, 前线 10 个单位继续进攻）
[15:19:26] t=1632 MOVE guard x2 -> (137,82)
[15:19:26] {"kind": "action", "what": "attack_move", "name": null, "qty": null, "ts": "15:19:26"}
[15:19:29] t=1635 MOVE raid x2 -> (70,117)
[15:19:29] {"kind": "action", "what": "attack_move", "name": null, "qty": null, "ts": "15:19:29"}
[15:19:35] t=1641 MOVE assault x6 -> (70,117)
[15:19:35] {"kind": "action", "what": "attack_move", "name": null, "qty": null, "ts": "15:19:35"}
[15:19:49] t=1654 MOVE assault x6 -> (70,117)
[15:19:49] {"kind": "action", "what": "attack_move", "name": null, "qty": null, "ts": "15:19:49"}
[15:19:51] t=1657 ESCORT 坦克#3158 -> 护航矿车@[128, 105]
[15:19:51] {"kind": "action", "what": "attack_move", "name": null, "qty": null, "ts": "15:19:51"}
[15:19:55] t=1660 tick#1100 credits=810 stance=attack | jev 1100 decisions p50=980ms
[15:19:56] t=1662 MOVE raid x2 -> (71,114); assault x6 -> (71,114); guard x2 -> (137,82)
[15:19:56] {"kind": "action", "what": "attack_move", "name": null, "qty": null, "ts": "15:19:56"}
[15:19:56] {"kind": "action", "what": "attack_move", "name": null, "qty": null, "ts": "15:19:56"}
[15:19:56] {"kind": "action", "what": "attack_move", "name": null, "qty": null, "ts": "15:19:56"}
[15:20:07] t=1674 RETREAT DOG(38%)
[15:20:07] {"kind": "action", "what": "move", "name": null, "qty": null, "ts": "15:20:07"}
[15:20:08] t=1674 jev VEH DRON (conf 0.25)
[15:20:08] {"kind": "action", "what": "produce", "name": "DRON", "qty": 1, "ts": "15:20:08"}
[15:20:08] t=1674 MOVE assault x7 -> (71,114)
[15:20:08] {"kind": "action", "what": "attack_move", "name": null, "qty": null, "ts": "15:20:08"}
[15:20:10] t=1677 RETREAT SHK(37%)
[15:20:10] {"kind": "action", "what": "move", "name": null, "qty": null, "ts": "15:20:10"}
[15:20:16] t=1681 MOVE reserve x1 -> (134,87)
[15:20:16] {"kind": "action", "what": "attack_move", "name": null, "qty": null, "ts": "15:20:16"}
[15:20:21] t=1687 ESCORT 坦克#3254 -> 护航矿车@[120, 124]
[15:20:21] {"kind": "action", "what": "attack_move", "name": null, "qty": null, "ts": "15:20:21"}
[15:20:22] t=1687 MOVE assault x7 -> (71,114)
[15:20:22] {"kind": "action", "what": "attack_move", "name": null, "qty": null, "ts": "15:20:22"}
[15:20:25] t=1690 jev VEH DRON (conf 0.29)
[15:20:25] {"kind": "action", "what": "produce", "name": "DRON", "qty": 1, "ts": "15:20:25"}
[15:20:28] t=1693 MOVE raid x2 -> (71,114); guard x2 -> (137,82)
[15:20:28] {"kind": "action", "what": "attack_move", "name": null, "qty": null, "ts": "15:20:28"}
[15:20:28] {"kind": "action", "what": "attack_move", "name": null, "qty": null, "ts": "15:20:28"}
[15:20:32] t=1698 tick#1125 credits=0 stance=attack | jev 1125 decisions p50=980ms
[15:20:35] t=1701 MOVE assault x8 -> (71,114)
[15:20:35] {"kind": "action", "what": "attack_move", "name": null, "qty": null, "ts": "15:20:35"}
[15:20:49] t=1714 MOVE assault x8 -> (71,114)
[15:20:49] {"kind": "action", "what": "attack_move", "name": null, "qty": null, "ts": "15:20:49"}
[15:20:51] t=1718 ESCORT 坦克#3254 -> 护航矿车@[118, 130]
[15:20:51] {"kind": "action", "what": "attack_move", "name": null, "qty": null, "ts": "15:20:51"}
[15:20:57] t=1722 jev VEH DRON (conf 0.30)
[15:20:57] {"kind": "action", "what": "produce", "name": "DRON", "qty": 1, "ts": "15:20:57"}
[15:20:58] t=1724 MOVE raid x2 -> (71,114); guard x2 -> (137,82)
[15:20:58] {"kind": "action", "what": "attack_move", "name": null, "qty": null, "ts": "15:20:58"}
[15:20:58] {"kind": "action", "what": "attack_move", "name": null, "qty": null, "ts": "15:20:58"}
[15:20:59] t=1725 MOVE raid x2 -> (67,118); assault x9 -> (67,118)
[15:21:00] {"kind": "action", "what": "attack_move", "name": null, "qty": null, "ts": "15:21:00"}
[15:21:00] {"kind": "action", "what": "attack_move", "name": null, "qty": null, "ts": "15:21:00"}
[15:21:10] t=1736 tick#1150 credits=0 stance=attack | jev 1150 decisions p50=981ms
[15:21:12] t=1737 MOVE assault x9 -> (67,118)
[15:21:12] {"kind": "action", "what": "attack_move", "name": null, "qty": null, "ts": "15:21:12"}
[15:21:16] t=1742 MOVE reserve x1 -> (134,87)
[15:21:16] {"kind": "action", "what": "attack_move", "name": null, "qty": null, "ts": "15:21:16"}
[15:21:21] t=1748 ESCORT 坦克#3581 -> 护航矿车@[127, 105]
[15:21:21] {"kind": "action", "what": "attack_move", "name": null, "qty": null, "ts": "15:21:21"}
[15:21:22] t=1748 MOVE raid x2 -> (74,122); assault x9 -> (74,122)
[15:21:22] {"kind": "action", "what": "attack_move", "name": null, "qty": null, "ts": "15:21:22"}
[15:21:22] {"kind": "action", "what": "attack_move", "name": null, "qty": null, "ts": "15:21:22"}
[15:21:28] t=1754 MOVE guard x2 -> (137,82)
[15:21:28] {"kind": "action", "what": "attack_move", "name": null, "qty": null, "ts": "15:21:28"}
[15:21:36] t=1761 MOVE assault x9 -> (74,122)
[15:21:36] {"kind": "action", "what": "attack_move", "name": null, "qty": null, "ts": "15:21:36"}
[15:21:40] t=1766 jev VEH DRON (conf 0.22)
[15:21:40] {"kind": "action", "what": "produce", "name": "DRON", "qty": 1, "ts": "15:21:40"}
[15:21:45] t=1770 MOVE raid x2 -> (75,118); assault x10 -> (75,118)
[15:21:45] {"kind": "action", "what": "attack_move", "name": null, "qty": null, "ts": "15:21:45"}
[15:21:45] {"kind": "action", "what": "attack_move", "name": null, "qty": null, "ts": "15:21:45"}
[15:21:48] t=1773 tick#1175 credits=708 stance=attack | jev 1175 decisions p50=987ms
[15:21:51] t=1776 MOVE raid x2 -> (70,122); assault x10 -> (70,122)
[15:21:51] {"kind": "action", "what": "attack_move", "name": null, "qty": null, "ts": "15:21:51"}
[15:21:51] {"kind": "action", "what": "attack_move", "name": null, "qty": null, "ts": "15:21:51"}
[15:21:51] t=1778 ESCORT 坦克#3158 -> 护航矿车@[126, 105]
[15:21:51] {"kind": "action", "what": "attack_move", "name": null, "qty": null, "ts": "15:21:51"}
[15:21:56] t=1782 TANK HTNK x1
[15:21:56] {"kind": "action", "what": "produce", "name": "HTNK", "qty": 1, "ts": "15:21:56"}
[15:21:58] t=1784 MOVE guard x2 -> (137,82)
[15:21:58] {"kind": "action", "what": "attack_move", "name": null, "qty": null, "ts": "15:21:58"}
[2026-09-28 15:22:00] {"kind": "report", "result": "victory", "t": 1787, "ticks": 1184, "crisis_ticks": 57, "stance": "attack", "jev": {"decisions": 1183, "errors": 0, "input_tokens": 3679357, "output_tokens": 287407, "p50_ms": 987, "p95_ms": 1078}, "enemy_base": [70, 122], "ts": "2026-09-28 15:22:00"}
[15:22:01] REVIEW game#34 victory → game-0034-review.md | changes=0
{
  "result": "victory",
  "t": 1787,
  "ticks": 1184,
  "crisis_ticks": 57,
  "stance": "attack",
  "jev": {
    "decisions": 1183,
    "errors": 0,
    "input_tokens": 3679357,
    "output_tokens": 287407,
    "p50_ms": 987,
    "p95_ms": 1078
  },
  "enemy_base": [
    70,
    122
  ],
  "ts": "2026-09-28 15:22:00",
  "review": {
    "game_no": 34,
    "rootcause": "bug",
    "auto_tuned": 0
  }
}
