Exception in thread Thread-1 (_readerthread):
Traceback (most recent call last):
  File "C:\Users\15652\AppData\Roaming\uv\python\cpython-3.12.10-windows-x86_64-none\Lib\threading.py", line 1075, in _bootstrap_inner
    self.run()
  File "C:\Users\15652\AppData\Roaming\uv\python\cpython-3.12.10-windows-x86_64-none\Lib\threading.py", line 1012, in run
    self._target(*self._args, **self._kwargs)
  File "C:\Users\15652\AppData\Roaming\uv\python\cpython-3.12.10-windows-x86_64-none\Lib\subprocess.py", line 1599, in _readerthread
    buffer.append(fh.read())
                  ^^^^^^^^^
  File "<frozen codecs>", line 322, in decode
UnicodeDecodeError: 'utf-8' codec can't decode byte 0xd0 in position 0: invalid continuation byte
[21:07:13] 进局中(全自动)...
[21:07:37] {"kind": "start", "policy": "ra2web-jev-player/1.0", "maxDecisions": 1200, "micro": {"events": [{"kind": "micro", "t": 2, "what": "start"}], "loopN": 1, "on": true, "outcome": null, "stall": false}, "ts": "21:07:37"}
[21:07:37] === ra2web-jev-player start (tick=1.5s, max_decisions=1200) ===
[21:07:37] t=2 DEPLOY mcv
[21:07:37] {"kind": "action", "what": "deploy", "ids": [1042], "ts": "21:07:37"}
[21:07:37] {"kind": "action", "what": "deploy", "name": null, "qty": null, "ts": "21:07:37"}
[21:07:39] t=3 DEPLOY mcv
[21:07:39] {"kind": "action", "what": "deploy", "ids": [1042], "ts": "21:07:39"}
[21:07:39] {"kind": "action", "what": "deploy", "name": null, "qty": null, "ts": "21:07:39"}
[21:07:40] t=5 POWER plant (reserve 0)
[21:07:40] {"kind": "action", "what": "produce", "name": "NAPOWR", "qty": 1, "ts": "21:07:40"}
[21:07:41] t=5 jev STANCE defend->develop (conf 0.94)
[21:08:08] t=33 OPENING BUILD NAREFN
[21:08:08] {"kind": "action", "what": "produce", "name": "NAREFN", "qty": 1, "ts": "21:08:08"}
[21:08:15] t=39 tick#25 credits=9256 stance=develop | jev 25 decisions p50=909ms
[21:08:53] t=76 tick#50 credits=8351 stance=develop | jev 50 decisions p50=882ms
[21:09:30] t=114 tick#75 credits=7444 stance=develop | jev 75 decisions p50=882ms
[21:09:35] t=120 OPENING BUILD NAHAND
[21:09:35] {"kind": "action", "what": "produce", "name": "NAHAND", "qty": 1, "ts": "21:09:35"}
[21:09:59] t=144 DEFLINE NALASR (have 0)
[21:09:59] {"kind": "action", "what": "produce", "name": "NALASR", "qty": 1, "ts": "21:09:59"}
[21:09:59] t=144 OPENING BUILD NAWEAP
[21:10:00] {"kind": "action", "what": "produce", "name": "NAWEAP", "qty": 1, "ts": "21:10:00"}
[21:10:01] t=144 jev INF DOG (conf 0.32)
[21:10:01] {"kind": "action", "what": "produce", "name": "DOG", "qty": 1, "ts": "21:10:01"}
[21:10:08] t=153 SCOUT dog->mirror [66, 121]
[21:10:08] {"kind": "action", "what": "attack_move", "name": null, "qty": null, "ts": "21:10:08"}
[21:10:09] t=153 tick#100 credits=6237 stance=develop | jev 100 decisions p50=882ms
[21:10:47] t=190 tick#125 credits=5078 stance=develop | jev 125 decisions p50=874ms
[21:11:15] t=219 ENEMY BASE spotted @[71, 114]
[21:11:25] t=228 tick#150 credits=4200 stance=develop | jev 150 decisions p50=874ms
[21:11:27] t=231 ECON harv#2
[21:11:27] t=231 TANK HTNK x3
[21:11:27] {"kind": "action", "what": "produce", "name": "HARV", "qty": 1, "ts": "21:11:27"}
[21:11:27] {"kind": "action", "what": "produce", "name": "HTNK", "qty": 3, "ts": "21:11:27"}
[21:11:28] t=231 jev BUILD NAPOWR (conf 0.42)
[21:11:28] {"kind": "action", "what": "produce", "name": "NAPOWR", "qty": 1, "ts": "21:11:28"}
[21:11:28] t=233 INSURE AA building
[21:11:28] {"kind": "action", "what": "produce", "name": "NAFLAK", "qty": 1, "ts": "21:11:28"}
[21:11:32] t=236 jev STANCE defend->develop (conf 0.63)
[21:11:46] t=249 jev STANCE defend->develop (conf 0.69)
[21:11:53] t=257 jev BUILD NAREFN (conf 0.38)
[21:11:53] {"kind": "action", "what": "produce", "name": "NAREFN", "qty": 1, "ts": "21:11:53"}
[21:11:55] t=258 jev STANCE defend->develop (conf 0.71)
[21:12:02] t=266 tick#175 credits=3972 stance=develop | jev 175 decisions p50=877ms
[21:12:10] t=273 jev STANCE defend->develop (conf 0.73)
[21:12:18] t=281 jev STANCE defend->develop (conf 0.66)
[21:12:41] t=304 tick#200 credits=1945 stance=develop | jev 200 decisions p50=890ms
[21:13:18] t=342 tick#225 credits=125 stance=develop | jev 225 decisions p50=912ms
[21:13:20] t=343 jev BUILD NAPOWR HOLD (资金闸门: 坦克优先, cash=89)
[21:13:21] t=345 jev BUILD NAPOWR HOLD (资金闸门: 坦克优先, cash=50)
[21:13:23] t=346 jev BUILD NAPOWR HOLD (资金闸门: 坦克优先, cash=14)
[21:13:24] t=348 jev BUILD NAPOWR HOLD (资金闸门: 坦克优先, cash=0)
[21:13:28] t=349 jev BUILD NAPOWR HOLD (资金闸门: 坦克优先, cash=0)
[21:13:29] t=352 jev BUILD NAPOWR HOLD (资金闸门: 坦克优先, cash=0)
[21:13:30] t=354 jev BUILD NAPOWR HOLD (资金闸门: 坦克优先, cash=0)
[21:13:32] t=355 jev BUILD NAPOWR HOLD (资金闸门: 坦克优先, cash=0)
[21:13:33] t=357 jev BUILD NAPOWR HOLD (资金闸门: 坦克优先, cash=0)
[21:13:35] t=358 jev BUILD NAPOWR HOLD (资金闸门: 坦克优先, cash=0)
[21:13:36] t=360 jev BUILD NAPOWR HOLD (资金闸门: 坦克优先, cash=0)
[21:13:38] t=361 jev BUILD NAPOWR HOLD (资金闸门: 坦克优先, cash=0)
[21:13:39] t=363 jev BUILD NAPOWR HOLD (资金闸门: 坦克优先, cash=0)
[21:13:41] t=364 jev BUILD NAPOWR HOLD (资金闸门: 坦克优先, cash=0)
[21:13:42] t=366 jev BUILD NAPOWR HOLD (资金闸门: 坦克优先, cash=0)
[21:13:44] t=367 jev BUILD NAPOWR HOLD (资金闸门: 坦克优先, cash=0)
[21:13:45] t=369 jev BUILD NAPOWR HOLD (资金闸门: 坦克优先, cash=0)
[21:13:47] t=370 jev BUILD NAPOWR HOLD (资金闸门: 坦克优先, cash=0)
[21:13:48] t=372 jev BUILD NAPOWR HOLD (资金闸门: 坦克优先, cash=0)
[21:13:50] t=373 jev BUILD NAPOWR HOLD (资金闸门: 坦克优先, cash=0)
[21:13:51] t=375 jev BUILD NAPOWR HOLD (资金闸门: 坦克优先, cash=0)
[21:13:53] t=376 jev BUILD NAPOWR HOLD (资金闸门: 坦克优先, cash=0)
[21:13:55] t=378 jev BUILD NAPOWR HOLD (资金闸门: 坦克优先, cash=0)
[21:13:56] t=379 jev BUILD NAPOWR HOLD (资金闸门: 坦克优先, cash=0)
[21:13:57] t=381 jev BUILD NAPOWR HOLD (资金闸门: 坦克优先, cash=0)
[21:13:57] t=381 tick#250 credits=0 stance=develop | jev 250 decisions p50=923ms
[21:13:59] t=382 jev BUILD NAPOWR HOLD (资金闸门: 坦克优先, cash=0)
[21:14:00] t=384 jev BUILD NAPOWR HOLD (资金闸门: 坦克优先, cash=0)
[21:14:02] t=385 jev BUILD NAPOWR (conf 0.47)
[21:14:02] {"kind": "action", "what": "produce", "name": "NAPOWR", "qty": 1, "ts": "21:14:02"}
[21:14:17] t=400 MOVE assault x1 -> (70,117)
[21:14:17] {"kind": "action", "what": "attack_move", "name": null, "qty": null, "ts": "21:14:17"}
[21:14:30] t=413 jev BUILD NAHAND HOLD (资金闸门: 坦克优先, cash=955)
[21:14:30] t=413 MOVE assault x1 -> (70,117)
[21:14:30] {"kind": "action", "what": "attack_move", "name": null, "qty": null, "ts": "21:14:30"}
[21:14:31] t=414 jev BUILD NAHAND HOLD (资金闸门: 坦克优先, cash=917)
[21:14:33] t=416 jev BUILD NAHAND HOLD (资金闸门: 坦克优先, cash=880)
[21:14:34] t=417 jev BUILD NAHAND HOLD (资金闸门: 坦克优先, cash=842)
[21:14:36] t=419 jev BUILD NAHAND HOLD (资金闸门: 坦克优先, cash=805)
[21:14:36] t=419 tick#275 credits=805 stance=develop | jev 275 decisions p50=931ms
[21:14:37] t=420 jev BUILD NAHAND HOLD (资金闸门: 坦克优先, cash=767)
[21:14:39] t=422 jev BUILD NAHAND HOLD (资金闸门: 坦克优先, cash=730)
[21:14:40] t=423 jev BUILD NAHAND HOLD (资金闸门: 坦克优先, cash=692)
[21:14:42] t=425 jev BUILD NAHAND HOLD (资金闸门: 坦克优先, cash=655)
[21:14:43] t=426 jev BUILD NAHAND HOLD (资金闸门: 坦克优先, cash=617)
[21:14:43] t=426 MOVE assault x1 -> (70,117)
[21:14:43] {"kind": "action", "what": "attack_move", "name": null, "qty": null, "ts": "21:14:43"}
[21:14:45] t=428 jev BUILD NAHAND HOLD (资金闸门: 坦克优先, cash=580)
[21:14:46] t=429 jev BUILD NAHAND HOLD (资金闸门: 坦克优先, cash=542)
[21:14:48] t=431 jev BUILD NAHAND HOLD (资金闸门: 坦克优先, cash=505)
[21:14:52] t=435 jev BUILD NAREFN HOLD (资金闸门: 坦克优先, cash=400)
[21:14:52] t=435 jev VEH HTNK (conf 0.62)
[21:14:52] {"kind": "action", "what": "produce", "name": "HTNK", "qty": 1, "ts": "21:14:52"}
[21:14:52] t=435 MOVE raid x2 -> (70,117)
[21:14:52] {"kind": "action", "what": "attack_move", "name": null, "qty": null, "ts": "21:14:52"}
[21:14:54] t=437 jev BUILD NAHAND (conf 0.27)
[21:14:54] {"kind": "action", "what": "produce", "name": "NAHAND", "qty": 1, "ts": "21:14:54"}
[21:15:13] t=456 tick#300 credits=2704 stance=develop | jev 300 decisions p50=940ms
[21:15:19] t=462 jev BUILD NAREFN HOLD (资金闸门: 坦克优先, cash=2554)
[21:15:21] t=464 jev BUILD NAWEAP HOLD (资金闸门: 坦克优先, cash=2515)
[21:15:23] t=465 jev BUILD NAWEAP HOLD (资金闸门: 坦克优先, cash=2479)
[21:15:23] t=465 MOVE raid x2 -> (70,117)
[21:15:23] {"kind": "action", "what": "attack_move", "name": null, "qty": null, "ts": "21:15:23"}
[21:15:24] t=468 jev BUILD NAREFN HOLD (资金闸门: 坦克优先, cash=2419)
[21:15:26] t=469 jev BUILD NAPOWR (conf 0.16)
[21:15:26] {"kind": "action", "what": "produce", "name": "NAPOWR", "qty": 1, "ts": "21:15:26"}
[21:15:29] t=474 TANK HTNK x2
[21:15:29] {"kind": "action", "what": "produce", "name": "HTNK", "qty": 2, "ts": "21:15:29"}
[21:15:31] t=474 jev STANCE develop->rush (conf 0.91)
[21:15:31] t=474 MOVE assault x1 -> (70,117)
[21:15:31] {"kind": "action", "what": "attack_move", "name": null, "qty": null, "ts": "21:15:31"}
[21:15:44] t=487 MOVE assault x1 -> (70,117)
[21:15:44] {"kind": "action", "what": "attack_move", "name": null, "qty": null, "ts": "21:15:44"}
[21:15:46] t=490 ESCORT 坦克#1120 -> 护航矿车@[126, 103]
[21:15:46] {"kind": "action", "what": "attack_move", "name": null, "qty": null, "ts": "21:15:46"}
[21:15:52] t=495 jev BUILD NAPOWR HOLD (资金闸门: 坦克优先, cash=1174)
[21:15:52] t=495 tick#325 credits=1174 stance=rush | jev 325 decisions p50=950ms
[21:15:53] t=496 jev BUILD NAPOWR HOLD (资金闸门: 坦克优先, cash=1137)
[21:15:53] t=496 MOVE raid x2 -> (70,117)
[21:15:53] {"kind": "action", "what": "attack_move", "name": null, "qty": null, "ts": "21:15:53"}
[21:15:55] t=498 jev BUILD NAPOWR HOLD (资金闸门: 坦克优先, cash=1099)
[21:15:55] t=499 RETREAT HTNK(38%)
[21:15:55] {"kind": "action", "what": "move", "name": null, "qty": null, "ts": "21:15:55"}
[21:15:56] t=499 jev BUILD NAPOWR HOLD (资金闸门: 坦克优先, cash=1062)
[21:15:56] t=499 MOVE assault x1 -> (70,117)
[21:15:56] {"kind": "action", "what": "attack_move", "name": null, "qty": null, "ts": "21:15:56"}
[21:15:58] t=501 jev BUILD NAPOWR HOLD (资金闸门: 坦克优先, cash=1024)
[21:15:59] t=502 jev BUILD NAPOWR HOLD (资金闸门: 坦克优先, cash=987)
[21:16:00] t=504 ALARM 敌军逼近 -> 攻势保持（塔阵守家, 前线 3 个单位继续进攻）
[21:16:01] t=504 jev BUILD NAPOWR HOLD (资金闸门: 坦克优先, cash=949)
[21:16:01] t=505 ALARM 敌军逼近 -> 攻势保持（塔阵守家, 前线 3 个单位继续进攻）
[21:16:02] t=505 jev BUILD NAPOWR HOLD (资金闸门: 坦克优先, cash=912)
[21:16:03] t=507 ALARM 敌军逼近 -> 攻势保持（塔阵守家, 前线 3 个单位继续进攻）
[21:16:04] t=507 jev BUILD NARADR HOLD (资金闸门: 坦克优先, cash=874)
[21:16:04] t=508 ALARM 敌军逼近 -> 攻势保持（塔阵守家, 前线 3 个单位继续进攻）
[21:16:05] t=508 jev BUILD NAPOWR HOLD (资金闸门: 坦克优先, cash=837)
[21:16:05] t=508 jev INF DOG (conf 0.24)
[21:16:05] {"kind": "action", "what": "produce", "name": "DOG", "qty": 1, "ts": "21:16:05"}
[21:16:06] t=510 ALARM 敌军逼近 -> 攻势保持（塔阵守家, 前线 4 个单位继续进攻）
[21:16:07] t=510 jev BUILD NAPOWR HOLD (资金闸门: 坦克优先, cash=774)
[21:16:07] t=511 ALARM 敌军逼近 -> 攻势保持（塔阵守家, 前线 4 个单位继续进攻）
[21:16:08] t=511 jev BUILD NAPOWR HOLD (资金闸门: 坦克优先, cash=649)
[21:16:08] t=511 MOVE assault x2 -> (70,117)
[21:16:08] {"kind": "action", "what": "attack_move", "name": null, "qty": null, "ts": "21:16:08"}
[21:16:09] t=513 ALARM 敌军逼近 -> 攻势保持（塔阵守家, 前线 4 个单位继续进攻）
[21:16:10] t=514 ALARM 敌军逼近 -> 攻势保持（塔阵守家, 前线 5 个单位继续进攻）
[21:16:12] t=516 ALARM 敌军逼近 -> 攻势保持（塔阵守家, 前线 5 个单位继续进攻）
[21:16:13] t=518 ALARM 敌军逼近 -> 攻势保持（塔阵守家, 前线 5 个单位继续进攻）
[21:16:15] t=519 ALARM 敌军逼近 -> 攻势保持（塔阵守家, 前线 5 个单位继续进攻）
[21:16:16] t=521 ALARM 敌军逼近 -> 攻势保持（塔阵守家, 前线 5 个单位继续进攻）
[21:16:18] t=522 ALARM 敌军逼近 -> 攻势保持（塔阵守家, 前线 5 个单位继续进攻）
[21:16:19] t=524 ALARM 敌军逼近 -> 攻势保持（塔阵守家, 前线 5 个单位继续进攻）
[21:16:21] t=524 MOVE assault x2 -> (70,117)
[21:16:21] {"kind": "action", "what": "attack_move", "name": null, "qty": null, "ts": "21:16:21"}
[21:16:23] t=527 MOVE raid x2 -> (70,117)
[21:16:24] {"kind": "action", "what": "attack_move", "name": null, "qty": null, "ts": "21:16:24"}
[21:16:30] t=533 jev BUILD NAREFN HOLD (资金闸门: 坦克优先, cash=25)
[21:16:30] t=533 tick#350 credits=25 stance=rush | jev 350 decisions p50=963ms
[21:16:34] t=537 MOVE assault x2 -> (70,117)
[21:16:34] {"kind": "action", "what": "attack_move", "name": null, "qty": null, "ts": "21:16:34"}
[21:16:46] t=549 MOVE assault x2 -> (70,117)
[21:16:46] {"kind": "action", "what": "attack_move", "name": null, "qty": null, "ts": "21:16:46"}
[21:16:54] t=557 MOVE raid x2 -> (70,117)
[21:16:54] {"kind": "action", "what": "attack_move", "name": null, "qty": null, "ts": "21:16:54"}
[21:16:58] t=561 MOVE assault x2 -> (70,117)
[21:16:58] {"kind": "action", "what": "attack_move", "name": null, "qty": null, "ts": "21:16:58"}
[21:17:08] t=570 tick#375 credits=0 stance=rush | jev 375 decisions p50=975ms
[21:17:08] t=572 ALARM 单位损失 -> 攻势保持（塔阵守家, 前线 4 个单位继续进攻）
[21:17:09] t=572 jev BUILD NAPOWR HOLD (资金闸门: 坦克优先, cash=1077)
[21:17:09] t=572 jev INF SHK (conf 0.33)
[21:17:09] {"kind": "action", "what": "produce", "name": "SHK", "qty": 1, "ts": "21:17:09"}
[21:17:11] t=574 jev BUILD NAPOWR HOLD (资金闸门: 坦克优先, cash=1013)
[21:17:11] t=574 MOVE assault x2 -> (70,117)
[21:17:11] {"kind": "action", "what": "attack_move", "name": null, "qty": null, "ts": "21:17:11"}
[21:17:12] t=575 jev BUILD NAPOWR HOLD (资金闸门: 坦克优先, cash=868)
[21:17:20] t=583 jev VEH HTNK (conf 0.56)
[21:17:20] {"kind": "action", "what": "produce", "name": "HTNK", "qty": 1, "ts": "21:17:20"}
[21:17:20] t=583 MOVE guard x2 -> (137,82)
[21:17:20] {"kind": "action", "what": "attack_move", "name": null, "qty": null, "ts": "21:17:20"}
[21:17:24] t=587 MOVE raid x2 -> (70,117); assault x2 -> (70,117)
[21:17:24] {"kind": "action", "what": "attack_move", "name": null, "qty": null, "ts": "21:17:24"}
[21:17:24] {"kind": "action", "what": "attack_move", "name": null, "qty": null, "ts": "21:17:24"}
[21:17:29] t=592 jev BUILD NAPOWR HOLD (资金闸门: 坦克优先, cash=1250)
[21:17:29] t=593 ESCORT 坦克#1113 -> 护航矿车@[126, 103]
[21:17:29] t=593 RETREAT HTNK(37%)
[21:17:29] {"kind": "action", "what": "attack_move", "name": null, "qty": null, "ts": "21:17:29"}
[21:17:29] {"kind": "action", "what": "move", "name": null, "qty": null, "ts": "21:17:29"}
[21:17:31] t=593 jev BUILD NAPOWR HOLD (资金闸门: 坦克优先, cash=1214)
[21:17:32] t=596 jev BUILD NAPOWR HOLD (资金闸门: 坦克优先, cash=1160)
[21:17:34] t=597 jev BUILD NAPOWR HOLD (资金闸门: 坦克优先, cash=1124)
[21:17:35] t=599 jev BUILD NAPOWR HOLD (资金闸门: 坦克优先, cash=1085)
[21:17:37] t=600 jev BUILD NAPOWR HOLD (资金闸门: 坦克优先, cash=1049)
[21:17:37] t=600 MOVE assault x2 -> (70,117)
[21:17:37] {"kind": "action", "what": "attack_move", "name": null, "qty": null, "ts": "21:17:37"}
[21:17:38] t=602 jev BUILD NAPOWR HOLD (资金闸门: 坦克优先, cash=1010)
[21:17:40] t=603 jev BUILD NARADR HOLD (资金闸门: 坦克优先, cash=974)
[21:17:41] t=605 jev BUILD NARADR HOLD (资金闸门: 坦克优先, cash=935)
[21:17:43] t=606 jev BUILD NAPOWR HOLD (资金闸门: 坦克优先, cash=897)
[21:17:44] t=608 jev BUILD NAPOWR HOLD (资金闸门: 坦克优先, cash=860)
[21:17:46] t=609 jev BUILD NAPOWR HOLD (资金闸门: 坦克优先, cash=822)
[21:17:46] t=609 tick#400 credits=822 stance=rush | jev 400 decisions p50=986ms
[21:17:47] t=611 jev BUILD NAPOWR HOLD (资金闸门: 坦克优先, cash=785)
[21:17:49] t=612 jev BUILD NAPOWR HOLD (资金闸门: 坦克优先, cash=747)
[21:17:50] t=614 jev BUILD NAPOWR HOLD (资金闸门: 坦克优先, cash=710)
[21:17:50] t=614 MOVE assault x2 -> (70,117); guard x2 -> (137,82)
[21:17:50] {"kind": "action", "what": "attack_move", "name": null, "qty": null, "ts": "21:17:50"}
[21:17:50] {"kind": "action", "what": "attack_move", "name": null, "qty": null, "ts": "21:17:50"}
[21:17:51] t=615 ALARM 单位损失 -> 攻势保持（塔阵守家, 前线 6 个单位继续进攻）
[21:17:55] t=618 MOVE raid x2 -> (70,117)
[21:17:55] {"kind": "action", "what": "attack_move", "name": null, "qty": null, "ts": "21:17:55"}
[21:17:59] t=621 jev VEH HTNK (conf 0.63)
[21:17:59] {"kind": "action", "what": "produce", "name": "HTNK", "qty": 1, "ts": "21:17:59"}
[21:18:01] t=625 DEFLINE NALASR (have 1)
[21:18:01] t=625 ESCORT 坦克#1271 -> 护航矿车@[127, 106]
[21:18:01] {"kind": "action", "what": "produce", "name": "NALASR", "qty": 1, "ts": "21:18:01"}
[21:18:01] {"kind": "action", "what": "attack_move", "name": null, "qty": null, "ts": "21:18:01"}
[21:18:02] t=625 jev BUILD NAPOWR (conf 0.22)
[21:18:02] {"kind": "action", "what": "produce", "name": "NAPOWR", "qty": 1, "ts": "21:18:02"}
[21:18:03] t=626 MOVE assault x2 -> (70,117)
[21:18:03] {"kind": "action", "what": "attack_move", "name": null, "qty": null, "ts": "21:18:03"}
[21:18:17] t=640 MOVE assault x2 -> (70,117)
[21:18:17] {"kind": "action", "what": "attack_move", "name": null, "qty": null, "ts": "21:18:17"}
[21:18:21] t=644 MOVE guard x2 -> (137,82)
[21:18:21] {"kind": "action", "what": "attack_move", "name": null, "qty": null, "ts": "21:18:21"}
[21:18:25] t=649 MOVE raid x2 -> (70,117)
[21:18:25] {"kind": "action", "what": "attack_move", "name": null, "qty": null, "ts": "21:18:25"}
[21:18:25] t=649 tick#425 credits=0 stance=rush | jev 425 decisions p50=1001ms
[21:18:30] t=653 MOVE assault x2 -> (70,117)
[21:18:30] {"kind": "action", "what": "attack_move", "name": null, "qty": null, "ts": "21:18:30"}
[21:18:39] t=662 jev STANCE rush->attack (conf 0.45)
[21:18:42] t=665 MOVE assault x2 -> (70,117)
[21:18:42] {"kind": "action", "what": "attack_move", "name": null, "qty": null, "ts": "21:18:42"}
[21:18:51] t=674 MOVE guard x2 -> (137,82)
[21:18:51] {"kind": "action", "what": "attack_move", "name": null, "qty": null, "ts": "21:18:51"}
[21:18:56] t=679 MOVE raid x2 -> (70,117); assault x2 -> (70,117)
[21:18:56] {"kind": "action", "what": "attack_move", "name": null, "qty": null, "ts": "21:18:56"}
[21:18:56] {"kind": "action", "what": "attack_move", "name": null, "qty": null, "ts": "21:18:56"}
[21:19:03] t=686 tick#450 credits=0 stance=attack | jev 450 decisions p50=1014ms
[21:19:05] t=689 ESCORT 坦克#1113 -> 护航矿车@[126, 103]
[21:19:05] {"kind": "action", "what": "attack_move", "name": null, "qty": null, "ts": "21:19:05"}
[21:19:09] t=692 MOVE assault x2 -> (70,117)
[21:19:09] {"kind": "action", "what": "attack_move", "name": null, "qty": null, "ts": "21:19:09"}
[21:19:17] t=701 ALARM 单位损失 -> 攻势保持（塔阵守家, 前线 6 个单位继续进攻）
[21:19:21] t=704 MOVE assault x2 -> (70,117); guard x2 -> (137,82)
[21:19:21] {"kind": "action", "what": "attack_move", "name": null, "qty": null, "ts": "21:19:21"}
[21:19:21] {"kind": "action", "what": "attack_move", "name": null, "qty": null, "ts": "21:19:21"}
[21:19:28] t=710 MOVE raid x2 -> (70,117)
[21:19:28] {"kind": "action", "what": "attack_move", "name": null, "qty": null, "ts": "21:19:28"}
[21:20:18] jev ERR typesafe failed: <urlopen error [WinError 10054] 远程主机强迫关闭了一个现有的连接。>
[21:20:18] t=714 MOVE raid x2 -> (70,117); assault x2 -> (70,117); guard x2 -> (137,82)
[21:20:18] {"kind": "action", "what": "attack_move", "name": null, "qty": null, "ts": "21:20:18"}
[21:20:18] {"kind": "action", "what": "attack_move", "name": null, "qty": null, "ts": "21:20:18"}
[21:20:18] {"kind": "action", "what": "attack_move", "name": null, "qty": null, "ts": "21:20:18"}
[21:20:19] t=763 TANK HTNK x2
[21:20:19] t=763 ESCORT 坦克#1271 -> 护航矿车@[127, 106]
[21:20:19] {"kind": "action", "what": "produce", "name": "HTNK", "qty": 2, "ts": "21:20:19"}
[21:20:19] {"kind": "action", "what": "attack_move", "name": null, "qty": null, "ts": "21:20:19"}
[21:20:52] jev ERR typesafe failed: <urlopen error [WinError 10054] 远程主机强迫关闭了一个现有的连接。>
[21:20:52] t=763 MOVE raid x2 -> (70,117); assault x3 -> (70,117); guard x2 -> (137,82)
[21:20:52] {"kind": "action", "what": "attack_move", "name": null, "qty": null, "ts": "21:20:52"}
[21:20:52] {"kind": "action", "what": "attack_move", "name": null, "qty": null, "ts": "21:20:52"}
[21:20:52] {"kind": "action", "what": "attack_move", "name": null, "qty": null, "ts": "21:20:52"}
[21:20:52] t=796 ESCORT 坦克#1271 -> 护航矿车@[128, 105]
[21:20:52] {"kind": "action", "what": "attack_move", "name": null, "qty": null, "ts": "21:20:52"}
[21:21:25] jev ERR typesafe failed: <urlopen error [WinError 10054] 远程主机强迫关闭了一个现有的连接。>
[21:21:25] t=796 MOVE raid x2 -> (70,117); assault x3 -> (70,117); guard x2 -> (137,82)
[21:21:25] {"kind": "action", "what": "attack_move", "name": null, "qty": null, "ts": "21:21:25"}
[21:21:25] {"kind": "action", "what": "attack_move", "name": null, "qty": null, "ts": "21:21:25"}
[21:21:25] {"kind": "action", "what": "attack_move", "name": null, "qty": null, "ts": "21:21:25"}
[21:21:26] t=830 ALARM 单位损失 -> 攻势保持（塔阵守家, 前线 8 个单位继续进攻）
[21:21:26] t=830 ESCORT 坦克#1517 -> 护航矿车@[130, 105]
[21:21:26] {"kind": "action", "what": "attack_move", "name": null, "qty": null, "ts": "21:21:26"}
[21:21:59] jev ERR typesafe failed: <urlopen error [WinError 10054] 远程主机强迫关闭了一个现有的连接。>
[21:21:59] t=830 MOVE raid x2 -> (70,117); assault x3 -> (70,117); guard x2 -> (137,82)
[21:21:59] {"kind": "action", "what": "attack_move", "name": null, "qty": null, "ts": "21:21:59"}
[21:21:59] {"kind": "action", "what": "attack_move", "name": null, "qty": null, "ts": "21:21:59"}
[21:21:59] {"kind": "action", "what": "attack_move", "name": null, "qty": null, "ts": "21:21:59"}
[21:21:59] t=863 TANK HTNK x1
[21:21:59] t=863 ESCORT 坦克#1517 -> 护航矿车@[133, 125]
[21:21:59] {"kind": "action", "what": "produce", "name": "HTNK", "qty": 1, "ts": "21:21:59"}
[21:21:59] {"kind": "action", "what": "attack_move", "name": null, "qty": null, "ts": "21:21:59"}
[21:22:32] jev ERR typesafe failed: <urlopen error [WinError 10054] 远程主机强迫关闭了一个现有的连接。>
[21:22:32] t=863 MOVE raid x2 -> (70,117); assault x4 -> (70,117); guard x2 -> (137,82)
[21:22:32] {"kind": "action", "what": "attack_move", "name": null, "qty": null, "ts": "21:22:32"}
[21:22:32] {"kind": "action", "what": "attack_move", "name": null, "qty": null, "ts": "21:22:32"}
[21:22:32] {"kind": "action", "what": "attack_move", "name": null, "qty": null, "ts": "21:22:32"}
[21:22:33] t=897 ESCORT 坦克#1517 -> 护航矿车@[120, 132]
[21:22:33] {"kind": "action", "what": "attack_move", "name": null, "qty": null, "ts": "21:22:33"}
[21:23:06] jev ERR typesafe failed: <urlopen error [WinError 10054] 远程主机强迫关闭了一个现有的连接。>
[21:23:06] t=897 MOVE raid x2 -> (70,117); assault x4 -> (70,117); guard x2 -> (137,82)
[21:23:06] {"kind": "action", "what": "attack_move", "name": null, "qty": null, "ts": "21:23:06"}
[21:23:06] {"kind": "action", "what": "attack_move", "name": null, "qty": null, "ts": "21:23:06"}
[21:23:06] {"kind": "action", "what": "attack_move", "name": null, "qty": null, "ts": "21:23:06"}
[21:23:06] t=930 TANK HTNK x2
[21:23:06] {"kind": "action", "what": "produce", "name": "HTNK", "qty": 2, "ts": "21:23:06"}
[21:23:39] jev ERR typesafe failed: <urlopen error [WinError 10054] 远程主机强迫关闭了一个现有的连接。>
[21:23:39] t=930 MOVE raid x2 -> (70,117); assault x5 -> (70,117); guard x2 -> (137,82)
[21:23:39] {"kind": "action", "what": "attack_move", "name": null, "qty": null, "ts": "21:23:39"}
[21:23:39] {"kind": "action", "what": "attack_move", "name": null, "qty": null, "ts": "21:23:39"}
[21:23:39] {"kind": "action", "what": "attack_move", "name": null, "qty": null, "ts": "21:23:39"}
[21:24:13] jev ERR typesafe failed: <urlopen error [WinError 10054] 远程主机强迫关闭了一个现有的连接。>
[21:24:13] t=964 MOVE raid x2 -> (71,114); assault x5 -> (71,114); guard x2 -> (137,82)
[21:24:13] {"kind": "action", "what": "attack_move", "name": null, "qty": null, "ts": "21:24:13"}
[21:24:13] {"kind": "action", "what": "attack_move", "name": null, "qty": null, "ts": "21:24:13"}
[21:24:13] {"kind": "action", "what": "attack_move", "name": null, "qty": null, "ts": "21:24:13"}
[21:24:13] t=964 tick#475 credits=1014 stance=attack | jev 467 decisions p50=1017ms
[21:24:46] jev ERR typesafe failed: <urlopen error [WinError 10054] 远程主机强迫关闭了一个现有的连接。>
[21:24:46] t=997 MOVE raid x2 -> (67,118); assault x6 -> (67,118); guard x2 -> (137,82)
[21:24:46] {"kind": "action", "what": "attack_move", "name": null, "qty": null, "ts": "21:24:46"}
[21:24:46] {"kind": "action", "what": "attack_move", "name": null, "qty": null, "ts": "21:24:46"}
[21:24:46] {"kind": "action", "what": "attack_move", "name": null, "qty": null, "ts": "21:24:46"}
[21:24:46] t=1031 TANK HTNK x2
[21:24:46] t=1031 ESCORT 坦克#1638 -> 护航矿车@[128, 105]
[21:24:46] t=1031 RETREAT HTNK(28%)
[21:24:46] {"kind": "action", "what": "produce", "name": "HTNK", "qty": 2, "ts": "21:24:46"}
[21:24:46] {"kind": "action", "what": "attack_move", "name": null, "qty": null, "ts": "21:24:46"}
[21:24:46] {"kind": "action", "what": "move", "name": null, "qty": null, "ts": "21:24:46"}
[21:25:20] jev ERR typesafe failed: <urlopen error [WinError 10054] 远程主机强迫关闭了一个现有的连接。>
[21:25:20] t=1031 MOVE raid x2 -> (74,122); assault x7 -> (74,122); guard x2 -> (137,82)
[21:25:20] {"kind": "action", "what": "attack_move", "name": null, "qty": null, "ts": "21:25:20"}
[21:25:20] {"kind": "action", "what": "attack_move", "name": null, "qty": null, "ts": "21:25:20"}
[21:25:20] {"kind": "action", "what": "attack_move", "name": null, "qty": null, "ts": "21:25:20"}
[21:25:20] t=1064 ALARM 单位损失 -> 攻势保持（塔阵守家, 前线 11 个单位继续进攻）
[21:25:20] t=1064 ESCORT 坦克#1517 -> 护航矿车@[120, 125]
[21:25:20] {"kind": "action", "what": "attack_move", "name": null, "qty": null, "ts": "21:25:20"}
[21:25:53] jev ERR typesafe failed: <urlopen error [WinError 10054] 远程主机强迫关闭了一个现有的连接。>
[21:25:53] t=1064 MOVE raid x2 -> (74,122); assault x6 -> (74,122); guard x2 -> (137,82)
[21:25:53] {"kind": "action", "what": "attack_move", "name": null, "qty": null, "ts": "21:25:53"}
[21:25:53] {"kind": "action", "what": "attack_move", "name": null, "qty": null, "ts": "21:25:53"}
[21:25:53] {"kind": "action", "what": "attack_move", "name": null, "qty": null, "ts": "21:25:53"}
[21:25:54] t=1098 ESCORT 坦克#1517 -> 护航矿车@[115, 133]
[21:25:54] t=1098 RETREAT HTNK(27%)
[21:25:54] {"kind": "action", "what": "attack_move", "name": null, "qty": null, "ts": "21:25:54"}
[21:25:54] {"kind": "action", "what": "move", "name": null, "qty": null, "ts": "21:25:54"}
[21:26:27] jev ERR typesafe failed: <urlopen error [WinError 10054] 远程主机强迫关闭了一个现有的连接。>
[21:26:27] t=1098 MOVE raid x2 -> (74,122); assault x7 -> (74,122); guard x2 -> (137,82)
[21:26:27] {"kind": "action", "what": "attack_move", "name": null, "qty": null, "ts": "21:26:27"}
[21:26:27] {"kind": "action", "what": "attack_move", "name": null, "qty": null, "ts": "21:26:27"}
[21:26:27] {"kind": "action", "what": "attack_move", "name": null, "qty": null, "ts": "21:26:27"}
[21:26:27] t=1130 ALARM 单位损失 -> 攻势保持（塔阵守家, 前线 12 个单位继续进攻）
[21:26:27] t=1130 TANK HTNK x1
[21:26:27] {"kind": "action", "what": "produce", "name": "HTNK", "qty": 1, "ts": "21:26:27"}
[21:27:00] jev ERR typesafe failed: <urlopen error [WinError 10054] 远程主机强迫关闭了一个现有的连接。>
[21:27:00] t=1130 MOVE raid x2 -> (74,122); assault x7 -> (74,122); guard x2 -> (137,82)
[21:27:00] {"kind": "action", "what": "attack_move", "name": null, "qty": null, "ts": "21:27:00"}
[21:27:00] {"kind": "action", "what": "attack_move", "name": null, "qty": null, "ts": "21:27:00"}
[21:27:00] {"kind": "action", "what": "attack_move", "name": null, "qty": null, "ts": "21:27:00"}
[21:27:01] t=1163 ESCORT 坦克#1517 -> 护航矿车@[120, 123]
[21:27:01] {"kind": "action", "what": "attack_move", "name": null, "qty": null, "ts": "21:27:01"}
[21:27:34] jev ERR typesafe failed: <urlopen error [WinError 10054] 远程主机强迫关闭了一个现有的连接。>
[21:27:34] t=1163 MOVE raid x2 -> (74,122); assault x7 -> (74,122); guard x2 -> (137,82)
[21:27:34] {"kind": "action", "what": "attack_move", "name": null, "qty": null, "ts": "21:27:34"}
[21:27:34] {"kind": "action", "what": "attack_move", "name": null, "qty": null, "ts": "21:27:34"}
[21:27:34] {"kind": "action", "what": "attack_move", "name": null, "qty": null, "ts": "21:27:34"}
[21:27:34] t=1197 ESCORT 坦克#1638 -> 护航矿车@[116, 135]
[21:27:34] {"kind": "action", "what": "attack_move", "name": null, "qty": null, "ts": "21:27:34"}
[21:27:58] jev ERR typesafe failed: <urlopen error [WinError 10054] 远程主机强迫关闭了一个现有的连接。>
[21:27:58] t=1197 MOVE assault x8 -> (74,122)
[21:27:58] {"kind": "action", "what": "attack_move", "name": null, "qty": null, "ts": "21:27:58"}
[21:28:13] jev ERR typesafe failed: <urlopen error [WinError 10054] 远程主机强迫关闭了一个现有的连接。>
[21:28:13] t=1221 MOVE raid x2 -> (74,122); assault x8 -> (74,122); guard x2 -> (137,82)
[21:28:13] {"kind": "action", "what": "attack_move", "name": null, "qty": null, "ts": "21:28:13"}
[21:28:13] {"kind": "action", "what": "attack_move", "name": null, "qty": null, "ts": "21:28:13"}
[21:28:13] {"kind": "action", "what": "attack_move", "name": null, "qty": null, "ts": "21:28:13"}
[21:28:13] t=1236 TANK HTNK x2
[21:28:13] t=1236 ESCORT 坦克#1638 -> 护航矿车@[117, 135]
[21:28:13] {"kind": "action", "what": "produce", "name": "HTNK", "qty": 2, "ts": "21:28:13"}
[21:28:13] {"kind": "action", "what": "attack_move", "name": null, "qty": null, "ts": "21:28:13"}
[21:28:27] jev ERR typesafe failed: <urlopen error [WinError 10054] 远程主机强迫关闭了一个现有的连接。>
[21:28:27] t=1236 MOVE assault x8 -> (74,122)
[21:28:27] {"kind": "action", "what": "attack_move", "name": null, "qty": null, "ts": "21:28:27"}
[21:28:42] jev ERR typesafe failed: <urlopen error [WinError 10054] 远程主机强迫关闭了一个现有的连接。>
[21:28:42] t=1250 MOVE assault x8 -> (74,122)
[21:28:42] {"kind": "action", "what": "attack_move", "name": null, "qty": null, "ts": "21:28:42"}
[21:28:57] jev ERR typesafe failed: <urlopen error [WinError 10054] 远程主机强迫关闭了一个现有的连接。>
[21:28:57] t=1264 MOVE raid x2 -> (74,122); assault x8 -> (74,122); guard x2 -> (137,82)
[21:28:57] {"kind": "action", "what": "attack_move", "name": null, "qty": null, "ts": "21:28:57"}
[21:28:57] {"kind": "action", "what": "attack_move", "name": null, "qty": null, "ts": "21:28:57"}
[21:28:57] {"kind": "action", "what": "attack_move", "name": null, "qty": null, "ts": "21:28:57"}
[21:28:57] t=1279 ESCORT 坦克#1638 -> 护航矿车@[120, 118]
[21:28:57] {"kind": "action", "what": "attack_move", "name": null, "qty": null, "ts": "21:28:57"}
[21:29:11] jev ERR typesafe failed: <urlopen error [WinError 10054] 远程主机强迫关闭了一个现有的连接。>
[21:29:11] t=1279 MOVE assault x9 -> (74,122)
[21:29:11] {"kind": "action", "what": "attack_move", "name": null, "qty": null, "ts": "21:29:11"}
[21:29:26] jev ERR typesafe failed: <urlopen error [WinError 10054] 远程主机强迫关闭了一个现有的连接。>
[21:29:26] t=1293 MOVE assault x9 -> (74,122)
[21:29:26] {"kind": "action", "what": "attack_move", "name": null, "qty": null, "ts": "21:29:26"}
[21:29:41] jev ERR typesafe failed: <urlopen error [WinError 10054] 远程主机强迫关闭了一个现有的连接。>
[21:29:41] t=1308 MOVE raid x2 -> (68,122); assault x10 -> (68,122); guard x2 -> (137,82)
[21:29:41] {"kind": "action", "what": "attack_move", "name": null, "qty": null, "ts": "21:29:41"}
[21:29:41] {"kind": "action", "what": "attack_move", "name": null, "qty": null, "ts": "21:29:41"}
[21:29:41] {"kind": "action", "what": "attack_move", "name": null, "qty": null, "ts": "21:29:41"}
[21:29:42] t=1323 ESCORT 坦克#2171 -> 护航矿车@[118, 133]
[21:29:42] {"kind": "action", "what": "attack_move", "name": null, "qty": null, "ts": "21:29:42"}
[21:29:56] jev ERR typesafe failed: <urlopen error [WinError 10054] 远程主机强迫关闭了一个现有的连接。>
[21:29:56] t=1323 MOVE assault x10 -> (68,122)
[21:29:56] {"kind": "action", "what": "attack_move", "name": null, "qty": null, "ts": "21:29:56"}
[21:30:11] jev ERR typesafe failed: <urlopen error [WinError 10054] 远程主机强迫关闭了一个现有的连接。>
[21:30:11] t=1338 MOVE raid x2 -> (79,125); assault x10 -> (79,125); guard x2 -> (137,82)
[21:30:11] exec ERR attack_move agent-browser[eval] rc=1: ✗ Evaluation error: Error: werhd is not available outside a running battle
    at Ax.ensureAli
[21:30:11] exec ERR attack_move agent-browser[eval] rc=1: ✗ Evaluation error: Error: werhd is not available outside a running battle
    at Ax.ensureAli
[21:30:11] exec ERR attack_move agent-browser[eval] rc=1: ✗ Evaluation error: Error: werhd is not available outside a running battle
    at Ax.ensureAli
[2026-09-27 21:30:11] {"kind": "report", "result": "battle-ended", "t": null, "ticks": 492, "crisis_ticks": 26, "stance": "attack", "jev": {"decisions": 467, "errors": 24, "input_tokens": 1322668, "output_tokens": 104345, "p50_ms": 1017, "p95_ms": 1343}, "enemy_base": [79, 125], "ts": "2026-09-27 21:30:11"}
[21:30:26] review jev ERR typesafe failed: <urlopen error [WinError 10054] 远程主机强迫关闭了一个现有的连接。>
[21:30:26] REVIEW game#29 battle-ended → game-0029-review.md | changes=0
{
  "result": "battle-ended",
  "t": null,
  "ticks": 492,
  "crisis_ticks": 26,
  "stance": "attack",
  "jev": {
    "decisions": 467,
    "errors": 24,
    "input_tokens": 1322668,
    "output_tokens": 104345,
    "p50_ms": 1017,
    "p95_ms": 1343
  },
  "enemy_base": [
    79,
    125
  ],
  "ts": "2026-09-27 21:30:11",
  "review": {
    "game_no": 29,
    "rootcause": null,
    "auto_tuned": 0
  }
}
