[08:22:06] 进局中(全自动)...
[08:23:01] {"kind": "start", "policy": "ra2web-jev-player/1.0", "maxDecisions": 1200, "micro": {"events": [{"kind": "micro", "t": 0, "what": "start"}], "loopN": 1, "on": true, "outcome": null, "stall": false}, "ts": "08:23:01"}
[08:23:01] === ra2web-jev-player start (tick=1.5s, max_decisions=1200) ===
[08:23:01] t=0 DEPLOY mcv
[08:23:01] {"kind": "action", "what": "deploy", "ids": [1042], "ts": "08:23:01"}
[08:23:01] {"kind": "action", "what": "deploy", "name": null, "qty": null, "ts": "08:23:01"}
[08:23:03] t=2 DEPLOY mcv
[08:23:03] {"kind": "action", "what": "deploy", "ids": [1042], "ts": "08:23:03"}
[08:23:03] {"kind": "action", "what": "deploy", "name": null, "qty": null, "ts": "08:23:03"}
[08:23:04] t=3 POWER plant (reserve 0)
[08:23:04] {"kind": "action", "what": "produce", "name": "NAPOWR", "qty": 1, "ts": "08:23:04"}
[08:23:05] t=3 jev STANCE defend->develop (conf 0.93)
[08:23:27] t=26 OPENING BUILD NAREFN
[08:23:27] {"kind": "action", "what": "produce", "name": "NAREFN", "qty": 1, "ts": "08:23:27"}
[08:23:38] t=36 tick#25 credits=9148 stance=develop | jev 25 decisions p50=721ms
[08:24:16] t=74 tick#50 credits=8239 stance=develop | jev 50 decisions p50=719ms
[08:24:53] t=112 tick#75 credits=7400 stance=develop | jev 75 decisions p50=722ms
[08:24:54] t=113 OPENING BUILD NAHAND
[08:24:54] {"kind": "action", "what": "produce", "name": "NAHAND", "qty": 1, "ts": "08:24:54"}
[08:25:18] t=137 DEFLINE NALASR (have 0)
[08:25:18] {"kind": "action", "what": "produce", "name": "NALASR", "qty": 1, "ts": "08:25:18"}
[08:25:18] t=137 OPENING BUILD NAWEAP
[08:25:18] {"kind": "action", "what": "produce", "name": "NAWEAP", "qty": 1, "ts": "08:25:18"}
[08:25:19] t=137 jev INF DOG (conf 0.32)
[08:25:19] {"kind": "action", "what": "produce", "name": "DOG", "qty": 1, "ts": "08:25:19"}
[08:25:27] t=146 SCOUT dog->mirror [130, 83]
[08:25:27] {"kind": "action", "what": "attack_move", "name": null, "qty": null, "ts": "08:25:27"}
[08:25:31] t=149 tick#100 credits=6081 stance=develop | jev 100 decisions p50=719ms
[08:26:07] t=185 jev INF DOG (conf 0.30)
[08:26:07] t=185 jev STANCE defend->develop (conf 0.55)
[08:26:07] {"kind": "action", "what": "produce", "name": "DOG", "qty": 1, "ts": "08:26:07"}
[08:26:08] t=187 tick#125 credits=4986 stance=develop | jev 125 decisions p50=719ms
[08:26:16] t=194 jev INF DOG (conf 0.25)
[08:26:16] {"kind": "action", "what": "produce", "name": "DOG", "qty": 1, "ts": "08:26:16"}
[08:26:28] t=206 jev INF DOG (conf 0.22)
[08:26:28] {"kind": "action", "what": "produce", "name": "DOG", "qty": 1, "ts": "08:26:28"}
[08:26:38] t=217 jev INF DOG (conf 0.28)
[08:26:38] {"kind": "action", "what": "produce", "name": "DOG", "qty": 1, "ts": "08:26:38"}
[08:26:45] t=224 ECON harv#2
[08:26:45] t=224 TANK HTNK x2
[08:26:45] {"kind": "action", "what": "produce", "name": "HARV", "qty": 1, "ts": "08:26:45"}
[08:26:45] {"kind": "action", "what": "produce", "name": "HTNK", "qty": 2, "ts": "08:26:45"}
[08:26:46] t=224 jev BUILD NAPOWR (conf 0.41)
[08:26:46] {"kind": "action", "what": "produce", "name": "NAPOWR", "qty": 1, "ts": "08:26:46"}
[08:26:46] t=224 tick#150 credits=3415 stance=develop | jev 150 decisions p50=720ms
[08:26:46] t=226 INSURE AA building
[08:26:47] {"kind": "action", "what": "produce", "name": "NAFLAK", "qty": 1, "ts": "08:26:47"}
[08:27:10] t=248 jev BUILD NAREFN HOLD (资金闸门: 坦克优先, cash=2773)
[08:27:11] t=250 jev BUILD NAREFN HOLD (资金闸门: 坦克优先, cash=2701)
[08:27:13] t=251 jev BUILD NAREFN HOLD (资金闸门: 坦克优先, cash=2625)
[08:27:13] t=251 jev INF E2 (conf 0.24)
[08:27:13] {"kind": "action", "what": "produce", "name": "E2", "qty": 1, "ts": "08:27:13"}
[08:27:14] t=253 jev BUILD NAREFN HOLD (资金闸门: 坦克优先, cash=2535)
[08:27:16] t=254 jev BUILD NAREFN HOLD (资金闸门: 坦克优先, cash=2420)
[08:27:17] t=256 jev BUILD NAREFN HOLD (资金闸门: 坦克优先, cash=2314)
[08:27:17] t=256 jev INF E2 (conf 0.36)
[08:27:17] {"kind": "action", "what": "produce", "name": "E2", "qty": 1, "ts": "08:27:17"}
[08:27:17] t=256 MOVE assault x1 -> (73,120)
[08:27:17] {"kind": "action", "what": "attack_move", "name": null, "qty": null, "ts": "08:27:17"}
[08:27:19] t=257 jev BUILD NAREFN HOLD (资金闸门: 坦克优先, cash=2219)
[08:27:20] t=259 jev BUILD NAREFN HOLD (资金闸门: 坦克优先, cash=2110)
[08:27:22] t=260 jev BUILD NAREFN HOLD (资金闸门: 坦克优先, cash=1998)
[08:27:22] t=260 jev INF E2 (conf 0.44)
[08:27:22] {"kind": "action", "what": "produce", "name": "E2", "qty": 1, "ts": "08:27:22"}
[08:27:23] t=262 jev BUILD NAHAND (conf 0.24)
[08:27:23] {"kind": "action", "what": "produce", "name": "NAHAND", "qty": 1, "ts": "08:27:23"}
[08:27:23] t=262 tick#175 credits=1908 stance=develop | jev 175 decisions p50=720ms
[08:27:26] t=265 jev INF E2 (conf 0.42)
[08:27:26] {"kind": "action", "what": "produce", "name": "E2", "qty": 1, "ts": "08:27:26"}
[08:27:31] t=269 jev INF E2 (conf 0.46)
[08:27:31] {"kind": "action", "what": "produce", "name": "E2", "qty": 1, "ts": "08:27:31"}
[08:27:31] t=269 MOVE assault x4 -> (70,117)
[08:27:31] {"kind": "action", "what": "attack_move", "name": null, "qty": null, "ts": "08:27:31"}
[08:27:35] t=274 jev INF E2 HOLD (预算保护 gate=False e2=5)
[08:27:35] t=274 MOVE reserve x1 -> (70,125)
[08:27:35] {"kind": "action", "what": "attack_move", "name": null, "qty": null, "ts": "08:27:35"}
[08:27:37] t=275 jev INF E2 HOLD (预算保护 gate=False e2=5)
[08:27:38] t=277 jev INF E2 HOLD (预算保护 gate=False e2=5)
[08:27:40] t=278 jev INF E2 HOLD (预算保护 gate=False e2=5)
[08:27:41] t=280 jev INF E2 HOLD (预算保护 gate=False e2=5)
[08:27:43] t=281 jev INF E2 HOLD (预算保护 gate=False e2=5)
[08:27:44] t=283 jev INF E2 HOLD (预算保护 gate=False e2=5)
[08:27:44] t=283 MOVE assault x4 -> (70,117)
[08:27:44] {"kind": "action", "what": "attack_move", "name": null, "qty": null, "ts": "08:27:44"}
[08:27:46] t=284 jev INF E2 HOLD (预算保护 gate=False e2=5)
[08:27:47] t=286 jev INF E2 HOLD (预算保护 gate=False e2=5)
[08:27:49] t=287 jev INF E2 HOLD (预算保护 gate=False e2=5)
[08:27:50] t=289 jev INF E2 HOLD (预算保护 gate=False e2=5)
[08:27:52] t=290 jev INF E2 HOLD (预算保护 gate=False e2=5)
[08:27:53] t=292 jev INF E2 HOLD (预算保护 gate=False e2=5)
[08:27:55] t=293 jev INF E2 HOLD (预算保护 gate=False e2=5)
[08:27:56] t=295 jev INF E2 HOLD (预算保护 gate=False e2=5)
[08:27:56] t=295 MOVE assault x4 -> (70,117)
[08:27:56] {"kind": "action", "what": "attack_move", "name": null, "qty": null, "ts": "08:27:56"}
[08:27:58] t=296 jev INF E2 HOLD (预算保护 gate=False e2=5)
[08:27:59] t=298 jev INF E2 HOLD (预算保护 gate=False e2=5)
[08:28:01] t=299 jev INF E2 HOLD (预算保护 gate=False e2=5)
[08:28:01] t=299 tick#200 credits=140 stance=develop | jev 200 decisions p50=721ms
[08:28:02] t=301 jev INF E2 HOLD (预算保护 gate=False e2=5)
[08:28:03] t=302 ALARM 敌军逼近 -> counter 9 vs 1 -> [86, 111]
[08:28:03] {"kind": "action", "what": "attack_move", "name": null, "qty": null, "ts": "08:28:03"}
[08:28:11] t=310 MOVE assault x4 -> (82,113)
[08:28:11] {"kind": "action", "what": "attack_move", "name": null, "qty": null, "ts": "08:28:11"}
[08:28:23] t=322 MOVE assault x4 -> (82,113)
[08:28:23] {"kind": "action", "what": "attack_move", "name": null, "qty": null, "ts": "08:28:23"}
[08:28:35] t=334 MOVE reserve x1 -> (70,125)
[08:28:35] {"kind": "action", "what": "attack_move", "name": null, "qty": null, "ts": "08:28:35"}
[08:28:37] t=335 MOVE assault x4 -> (82,113)
[08:28:37] {"kind": "action", "what": "attack_move", "name": null, "qty": null, "ts": "08:28:37"}
[08:28:38] t=337 jev INF E2 (conf 0.27)
[08:28:38] {"kind": "action", "what": "produce", "name": "E2", "qty": 1, "ts": "08:28:38"}
[08:28:38] t=337 tick#225 credits=1047 stance=defend | jev 225 decisions p50=719ms
[08:28:43] t=341 jev INF E2 HOLD (预算保护 gate=False e2=6)
[08:28:44] t=343 jev INF E2 HOLD (预算保护 gate=False e2=6)
[08:28:46] t=344 jev INF E2 HOLD (预算保护 gate=False e2=6)
[08:28:47] t=346 jev INF E2 HOLD (预算保护 gate=False e2=6)
[08:28:48] t=347 SCOUT #1097->[130, 83] (visit 1)
[08:28:48] {"kind": "action", "what": "attack_move", "name": null, "qty": null, "ts": "08:28:48"}
[08:28:49] t=347 jev INF E2 HOLD (预算保护 gate=False e2=6)
[08:28:49] t=347 MOVE assault x4 -> (82,113)
[08:28:49] {"kind": "action", "what": "attack_move", "name": null, "qty": null, "ts": "08:28:49"}
[08:28:50] t=349 jev INF E2 HOLD (预算保护 gate=False e2=6)
[08:28:52] t=350 jev INF E2 HOLD (预算保护 gate=False e2=6)
[08:28:53] t=352 jev INF E2 HOLD (预算保护 gate=False e2=6)
[08:28:55] t=353 jev INF E2 HOLD (预算保护 gate=False e2=6)
[08:28:56] t=355 jev INF E2 HOLD (预算保护 gate=False e2=6)
[08:28:58] t=356 jev INF E2 HOLD (预算保护 gate=False e2=6)
[08:28:59] t=358 jev INF E2 HOLD (预算保护 gate=False e2=6)
[08:29:00] t=359 ALARM 敌军逼近 -> counter 11 vs 2 -> [78, 103]
[08:29:00] {"kind": "action", "what": "attack_move", "name": null, "qty": null, "ts": "08:29:00"}
[08:29:01] t=359 jev INF E2 HOLD (预算保护 gate=False e2=6)
[08:29:02] t=361 jev INF E2 HOLD (预算保护 gate=False e2=6)
[08:29:04] t=362 jev INF DOG (conf 0.32)
[08:29:04] {"kind": "action", "what": "produce", "name": "DOG", "qty": 1, "ts": "08:29:04"}
[08:29:08] t=367 jev INF E2 HOLD (预算保护 gate=False e2=6)
[08:29:08] t=367 MOVE assault x4 -> (73,120)
[08:29:08] {"kind": "action", "what": "attack_move", "name": null, "qty": null, "ts": "08:29:08"}
[08:29:09] t=368 ALARM 敌军逼近 -> counter 12 vs 1 -> [71, 110]
[08:29:09] {"kind": "action", "what": "attack_move", "name": null, "qty": null, "ts": "08:29:09"}
[08:29:16] t=374 tick#250 credits=0 stance=defend | jev 250 decisions p50=720ms
[08:29:17] t=376 MOVE assault x4 -> (61,105)
[08:29:17] {"kind": "action", "what": "attack_move", "name": null, "qty": null, "ts": "08:29:17"}
[08:29:31] t=390 MOVE assault x4 -> (61,105)
[08:29:31] {"kind": "action", "what": "attack_move", "name": null, "qty": null, "ts": "08:29:31"}
[08:29:35] t=394 MOVE reserve x2 -> (70,125)
[08:29:35] {"kind": "action", "what": "attack_move", "name": null, "qty": null, "ts": "08:29:35"}
[08:29:41] t=400 jev INF E2 (conf 0.28)
[08:29:42] {"kind": "action", "what": "produce", "name": "E2", "qty": 1, "ts": "08:29:42"}
[08:29:43] t=402 MOVE assault x4 -> (61,105)
[08:29:43] {"kind": "action", "what": "attack_move", "name": null, "qty": null, "ts": "08:29:43"}
[08:29:53] t=412 tick#275 credits=677 stance=defend | jev 275 decisions p50=719ms
[08:29:55] t=414 jev VEH HTNK (conf 0.41)
[08:29:55] {"kind": "action", "what": "produce", "name": "HTNK", "qty": 1, "ts": "08:29:55"}
[08:29:55] t=414 MOVE assault x5 -> (61,105)
[08:29:55] {"kind": "action", "what": "attack_move", "name": null, "qty": null, "ts": "08:29:55"}
[08:30:09] t=427 MOVE assault x5 -> (61,105)
[08:30:09] {"kind": "action", "what": "attack_move", "name": null, "qty": null, "ts": "08:30:09"}
[08:30:22] t=441 MOVE assault x5 -> (61,105)
[08:30:22] {"kind": "action", "what": "attack_move", "name": null, "qty": null, "ts": "08:30:22"}
[08:30:31] t=450 tick#300 credits=914 stance=defend | jev 300 decisions p50=719ms
[08:30:34] t=453 jev VEH HTNK (conf 0.53)
[08:30:34] {"kind": "action", "what": "produce", "name": "HTNK", "qty": 1, "ts": "08:30:34"}
[08:30:34] t=453 MOVE assault x6 -> (61,105)
[08:30:34] {"kind": "action", "what": "attack_move", "name": null, "qty": null, "ts": "08:30:34"}
[08:30:36] t=454 MOVE reserve x3 -> (70,125)
[08:30:36] {"kind": "action", "what": "attack_move", "name": null, "qty": null, "ts": "08:30:36"}
[08:30:48] t=466 MOVE assault x6 -> (61,105)
[08:30:48] {"kind": "action", "what": "attack_move", "name": null, "qty": null, "ts": "08:30:48"}
[08:31:00] t=478 MOVE assault x6 -> (61,105)
[08:31:00] {"kind": "action", "what": "attack_move", "name": null, "qty": null, "ts": "08:31:00"}
[08:31:09] t=487 tick#325 credits=25 stance=defend | jev 325 decisions p50=719ms
[08:31:12] t=490 MOVE assault x6 -> (61,105)
[08:31:12] {"kind": "action", "what": "attack_move", "name": null, "qty": null, "ts": "08:31:12"}
[08:31:18] t=498 SCOUT #1097->[100, 100] (visit 2)
[08:31:18] {"kind": "action", "what": "attack_move", "name": null, "qty": null, "ts": "08:31:18"}
[08:31:24] t=502 MOVE assault x6 -> (61,105)
[08:31:24] {"kind": "action", "what": "attack_move", "name": null, "qty": null, "ts": "08:31:24"}
[08:31:26] t=505 TANK HTNK x1
[08:31:26] {"kind": "action", "what": "produce", "name": "HTNK", "qty": 1, "ts": "08:31:26"}
[08:31:27] t=505 MOVE guard x2 -> (73,120)
[08:31:27] {"kind": "action", "what": "attack_move", "name": null, "qty": null, "ts": "08:31:27"}
[08:31:36] t=514 MOVE reserve x3 -> (70,125)
[08:31:36] {"kind": "action", "what": "attack_move", "name": null, "qty": null, "ts": "08:31:36"}
[08:31:37] t=516 MOVE assault x5 -> (61,105)
[08:31:37] {"kind": "action", "what": "attack_move", "name": null, "qty": null, "ts": "08:31:37"}
[08:31:46] t=525 tick#350 credits=609 stance=defend | jev 350 decisions p50=720ms
[08:31:49] t=528 MOVE assault x5 -> (61,105)
[08:31:49] {"kind": "action", "what": "attack_move", "name": null, "qty": null, "ts": "08:31:49"}
[08:31:57] t=535 MOVE guard x2 -> (73,120)
[08:31:57] {"kind": "action", "what": "attack_move", "name": null, "qty": null, "ts": "08:31:57"}
[08:32:01] t=540 MOVE assault x5 -> (61,105)
[08:32:01] {"kind": "action", "what": "attack_move", "name": null, "qty": null, "ts": "08:32:01"}
[08:32:04] t=543 jev VEH HTNK (conf 0.63)
[08:32:04] {"kind": "action", "what": "produce", "name": "HTNK", "qty": 1, "ts": "08:32:04"}
[08:32:12] t=550 jev BUILD NAREFN HOLD (资金闸门: 坦克优先, cash=27)
[08:32:15] t=553 MOVE assault x6 -> (61,105)
[08:32:15] {"kind": "action", "what": "attack_move", "name": null, "qty": null, "ts": "08:32:15"}
[08:32:24] t=562 tick#375 credits=1110 stance=defend | jev 375 decisions p50=721ms
[08:32:27] t=565 MOVE guard x2 -> (73,120)
[08:32:27] {"kind": "action", "what": "attack_move", "name": null, "qty": null, "ts": "08:32:27"}
[08:32:28] t=567 MOVE assault x6 -> (61,105)
[08:32:28] {"kind": "action", "what": "attack_move", "name": null, "qty": null, "ts": "08:32:28"}
[08:32:36] t=574 MOVE reserve x3 -> (70,125)
[08:32:36] {"kind": "action", "what": "attack_move", "name": null, "qty": null, "ts": "08:32:36"}
[08:32:40] t=579 MOVE assault x6 -> (61,105)
[08:32:40] {"kind": "action", "what": "attack_move", "name": null, "qty": null, "ts": "08:32:40"}
[08:32:53] t=591 jev VEH HTNK (conf 0.62)
[08:32:53] {"kind": "action", "what": "produce", "name": "HTNK", "qty": 1, "ts": "08:32:53"}
[08:32:53] t=591 MOVE assault x7 -> (61,105)
[08:32:53] {"kind": "action", "what": "attack_move", "name": null, "qty": null, "ts": "08:32:53"}
[08:32:57] t=595 MOVE guard x2 -> (73,120)
[08:32:57] {"kind": "action", "what": "attack_move", "name": null, "qty": null, "ts": "08:32:57"}
[08:33:01] t=600 tick#400 credits=225 stance=defend | jev 400 decisions p50=725ms
[08:33:06] t=604 MOVE assault x7 -> (61,105)
[08:33:06] {"kind": "action", "what": "attack_move", "name": null, "qty": null, "ts": "08:33:06"}
[08:33:18] t=616 MOVE assault x7 -> (61,105)
[08:33:18] {"kind": "action", "what": "attack_move", "name": null, "qty": null, "ts": "08:33:18"}
[08:33:27] t=626 MOVE guard x2 -> (73,120)
[08:33:27] {"kind": "action", "what": "attack_move", "name": null, "qty": null, "ts": "08:33:27"}
[08:33:30] t=629 MOVE assault x7 -> (61,105)
[08:33:30] {"kind": "action", "what": "attack_move", "name": null, "qty": null, "ts": "08:33:30"}
[08:33:36] t=635 MOVE reserve x3 -> (70,125)
[08:33:36] {"kind": "action", "what": "attack_move", "name": null, "qty": null, "ts": "08:33:36"}
[08:33:39] t=638 tick#425 credits=0 stance=defend | jev 425 decisions p50=726ms
[08:33:44] t=642 MOVE assault x7 -> (61,105)
[08:33:44] {"kind": "action", "what": "attack_move", "name": null, "qty": null, "ts": "08:33:44"}
[08:33:49] t=648 SCOUT #1097->[12, 100] (visit 3)
[08:33:49] {"kind": "action", "what": "attack_move", "name": null, "qty": null, "ts": "08:33:49"}
[08:33:57] t=656 MOVE assault x7 -> (61,105)
[08:33:57] {"kind": "action", "what": "attack_move", "name": null, "qty": null, "ts": "08:33:57"}
[08:33:59] t=657 MOVE guard x2 -> (73,120)
[08:33:59] {"kind": "action", "what": "attack_move", "name": null, "qty": null, "ts": "08:33:59"}
[08:34:07] t=666 AA HTK x2 (enemy air)
[08:34:07] {"kind": "action", "what": "produce", "name": "HTK", "qty": 2, "ts": "08:34:07"}
[08:34:08] t=666 jev INF SHK HOLD (预算保护 gate=False e2=7)
[08:34:09] t=668 jev INF SHK HOLD (预算保护 gate=False e2=7)
[08:34:09] t=668 MOVE assault x8 -> (61,105)
[08:34:09] {"kind": "action", "what": "attack_move", "name": null, "qty": null, "ts": "08:34:09"}
[08:34:11] t=669 jev INF SHK HOLD (预算保护 gate=False e2=7)
[08:34:17] t=675 tick#450 credits=397 stance=defend | jev 450 decisions p50=728ms
[08:34:17] t=677 RETREAT HTNK(24%)
[08:34:17] {"kind": "action", "what": "move", "name": null, "qty": null, "ts": "08:34:17"}
[08:34:20] t=680 ALARM 单位损失 -> counter 18 vs 10 -> [70, 117]
[08:34:20] {"kind": "action", "what": "attack_move", "name": null, "qty": null, "ts": "08:34:20"}
[08:34:26] t=684 jev INF SHK (conf 0.30)
[08:34:26] {"kind": "action", "what": "produce", "name": "SHK", "qty": 1, "ts": "08:34:26"}
[08:34:29] t=687 MOVE assault x9 -> (70,117)
[08:34:29] {"kind": "action", "what": "attack_move", "name": null, "qty": null, "ts": "08:34:29"}
[08:34:30] t=689 MOVE guard x2 -> (73,120)
[08:34:30] {"kind": "action", "what": "attack_move", "name": null, "qty": null, "ts": "08:34:30"}
[08:34:35] t=693 jev INF E2 HOLD (预算保护 gate=False e2=7)
[08:34:35] t=693 MOVE hold_a x2 -> (78,105); hold_b x2 -> (78,128)
[08:34:35] {"kind": "action", "what": "attack_move", "name": null, "qty": null, "ts": "08:34:35"}
[08:34:35] {"kind": "action", "what": "attack_move", "name": null, "qty": null, "ts": "08:34:35"}
[08:34:35] t=695 ALARM 敌军逼近 -> counter 20 vs 10 -> [86, 110]
[08:34:35] {"kind": "action", "what": "attack_move", "name": null, "qty": null, "ts": "08:34:35"}
[08:34:36] t=695 jev INF E2 HOLD (预算保护 gate=False e2=7)
[08:34:38] t=696 jev INF E2 HOLD (预算保护 gate=False e2=7)
[08:34:39] t=698 jev INF E2 HOLD (预算保护 gate=False e2=7)
[08:34:41] t=699 jev INF E2 HOLD (预算保护 gate=False e2=7)
[08:34:41] t=701 RETREAT HTK(28%)
[08:34:41] {"kind": "action", "what": "move", "name": null, "qty": null, "ts": "08:34:41"}
[08:34:42] t=701 jev INF E2 HOLD (预算保护 gate=False e2=7)
[08:34:44] t=702 jev INF E2 HOLD (预算保护 gate=False e2=7)
[08:34:44] t=702 MOVE assault x8 -> (70,117)
[08:34:44] {"kind": "action", "what": "attack_move", "name": null, "qty": null, "ts": "08:34:44"}
[08:34:44] t=704 ALARM 敌军逼近 -> counter 20 vs 8 -> [83, 113]
[08:34:44] {"kind": "action", "what": "attack_move", "name": null, "qty": null, "ts": "08:34:44"}
[08:34:45] t=704 jev INF E2 HOLD (预算保护 gate=False e2=7)
[08:34:45] t=704 jev VEH HTNK (conf 0.34)
[08:34:45] {"kind": "action", "what": "produce", "name": "HTNK", "qty": 1, "ts": "08:34:45"}
[08:34:47] t=705 jev INF E2 HOLD (预算保护 gate=False e2=7)
[08:34:48] t=707 jev INF E2 HOLD (预算保护 gate=False e2=7)
[08:34:49] t=708 RETREAT HTNK(27%)
[08:34:49] {"kind": "action", "what": "move", "name": null, "qty": null, "ts": "08:34:49"}
[08:34:53] t=711 MOVE assault x9 -> (82,112); hold_a x2 -> (73,103); hold_b x2 -> (81,125)
[08:34:53] {"kind": "action", "what": "attack_move", "name": null, "qty": null, "ts": "08:34:53"}
[08:34:53] {"kind": "action", "what": "attack_move", "name": null, "qty": null, "ts": "08:34:53"}
[08:34:53] {"kind": "action", "what": "attack_move", "name": null, "qty": null, "ts": "08:34:53"}
[08:34:53] t=713 ALARM 单位损失 -> counter 18 vs 6 -> [70, 117]
[08:34:53] {"kind": "action", "what": "attack_move", "name": null, "qty": null, "ts": "08:34:53"}
[08:34:54] t=713 tick#475 credits=65 stance=defend | jev 475 decisions p50=730ms
[08:34:56] t=714 jev INF DOG (conf 0.20)
[08:34:56] {"kind": "action", "what": "produce", "name": "DOG", "qty": 1, "ts": "08:34:56"}
[08:34:58] t=717 RETREAT DOG(8%)
[08:34:58] {"kind": "action", "what": "move", "name": null, "qty": null, "ts": "08:34:58"}
[08:35:01] t=720 RETREAT DOG(37%)
[08:35:01] {"kind": "action", "what": "move", "name": null, "qty": null, "ts": "08:35:01"}
[08:35:02] t=720 MOVE guard x2 -> (73,120)
[08:35:02] {"kind": "action", "what": "attack_move", "name": null, "qty": null, "ts": "08:35:02"}
[08:35:02] t=722 ALARM 单位损失 -> counter 15 vs 4 -> [70, 117]
[08:35:02] {"kind": "action", "what": "attack_move", "name": null, "qty": null, "ts": "08:35:02"}
[08:35:10] t=729 RETREAT HTK(13%)
[08:35:10] {"kind": "action", "what": "move", "name": null, "qty": null, "ts": "08:35:10"}
[08:35:11] t=729 MOVE assault x8 -> (82,110); hold_a x2 -> (71,103); hold_b x2 -> (82,123)
[08:35:11] {"kind": "action", "what": "attack_move", "name": null, "qty": null, "ts": "08:35:11"}
[08:35:11] {"kind": "action", "what": "attack_move", "name": null, "qty": null, "ts": "08:35:11"}
[08:35:11] {"kind": "action", "what": "attack_move", "name": null, "qty": null, "ts": "08:35:11"}
[08:35:11] t=731 ALARM 单位损失 -> counter 14 vs 3 -> [70, 117]
[08:35:11] {"kind": "action", "what": "attack_move", "name": null, "qty": null, "ts": "08:35:11"}
[08:35:17] t=737 RETREAT DOG(25%)
[08:35:17] {"kind": "action", "what": "move", "name": null, "qty": null, "ts": "08:35:17"}
[08:35:20] t=738 MOVE assault x7 -> (73,120); hold_a x2 -> (78,105); hold_b x2 -> (78,128)
[08:35:20] {"kind": "action", "what": "attack_move", "name": null, "qty": null, "ts": "08:35:20"}
[08:35:20] {"kind": "action", "what": "attack_move", "name": null, "qty": null, "ts": "08:35:20"}
[08:35:20] {"kind": "action", "what": "attack_move", "name": null, "qty": null, "ts": "08:35:20"}
[08:35:20] t=740 ALARM 苏联矿石精炼场被攻击 -> counter 13 vs 3 -> [74, 117]
[08:35:20] {"kind": "action", "what": "attack_move", "name": null, "qty": null, "ts": "08:35:20"}
[08:35:22] t=741 ESCORT 坦克#1117 -> 护航矿车@[92, 129]
[08:35:22] {"kind": "action", "what": "attack_move", "name": null, "qty": null, "ts": "08:35:22"}
[08:35:29] t=747 MOVE assault x7 -> (82,117)
[08:35:29] {"kind": "action", "what": "attack_move", "name": null, "qty": null, "ts": "08:35:29"}
[08:35:29] t=749 ALARM 苏联矿石精炼场被攻击 -> counter 13 vs 1 -> [74, 117]
[08:35:29] {"kind": "action", "what": "attack_move", "name": null, "qty": null, "ts": "08:35:29"}
[08:35:32] t=750 tick#500 credits=0 stance=defend | jev 500 decisions p50=730ms
[08:35:38] t=756 MOVE guard x2 -> (73,120)
[08:35:38] {"kind": "action", "what": "attack_move", "name": null, "qty": null, "ts": "08:35:38"}
[08:35:41] t=759 MOVE assault x7 -> (82,117)
[08:35:41] {"kind": "action", "what": "attack_move", "name": null, "qty": null, "ts": "08:35:41"}
[08:35:52] t=771 ESCORT 坦克#1127 -> 护航矿车@[93, 128]
[08:35:52] {"kind": "action", "what": "attack_move", "name": null, "qty": null, "ts": "08:35:52"}
[08:35:53] t=771 MOVE assault x7 -> (82,117)
[08:35:53] {"kind": "action", "what": "attack_move", "name": null, "qty": null, "ts": "08:35:53"}
[08:36:06] t=785 MOVE assault x7 -> (82,117)
[08:36:06] {"kind": "action", "what": "attack_move", "name": null, "qty": null, "ts": "08:36:06"}
[08:36:09] t=788 MOVE guard x2 -> (73,120)
[08:36:09] {"kind": "action", "what": "attack_move", "name": null, "qty": null, "ts": "08:36:09"}
[08:36:09] t=788 tick#525 credits=0 stance=defend | jev 525 decisions p50=731ms
[08:36:19] t=798 SCOUT #1117->[12, 12] (visit 4)
[08:36:19] {"kind": "action", "what": "attack_move", "name": null, "qty": null, "ts": "08:36:19"}
[08:36:20] t=798 MOVE assault x6 -> (82,117); hold_a x2 -> (78,105); hold_b x2 -> (78,128)
[08:36:20] {"kind": "action", "what": "attack_move", "name": null, "qty": null, "ts": "08:36:20"}
[08:36:20] {"kind": "action", "what": "attack_move", "name": null, "qty": null, "ts": "08:36:20"}
[08:36:20] {"kind": "action", "what": "attack_move", "name": null, "qty": null, "ts": "08:36:20"}
[08:36:33] t=812 jev INF DOG (conf 0.20)
[08:36:33] {"kind": "action", "what": "produce", "name": "DOG", "qty": 1, "ts": "08:36:33"}
[08:36:33] t=812 MOVE assault x6 -> (82,117)
[08:36:33] {"kind": "action", "what": "attack_move", "name": null, "qty": null, "ts": "08:36:33"}
[08:36:37] t=816 DEFLINE NALASR (have 1)
[08:36:37] {"kind": "action", "what": "produce", "name": "NALASR", "qty": 1, "ts": "08:36:37"}
[08:36:39] t=818 jev INF DOG (conf 0.20)
[08:36:39] {"kind": "action", "what": "produce", "name": "DOG", "qty": 1, "ts": "08:36:39"}
[08:36:39] t=818 MOVE guard x2 -> (73,120)
[08:36:39] {"kind": "action", "what": "attack_move", "name": null, "qty": null, "ts": "08:36:39"}
[08:36:46] t=825 ESCORT 坦克#1152 -> 护航矿车@[93, 128]
[08:36:46] {"kind": "action", "what": "attack_move", "name": null, "qty": null, "ts": "08:36:46"}
[08:36:47] t=825 MOVE assault x6 -> (82,117)
[08:36:47] {"kind": "action", "what": "attack_move", "name": null, "qty": null, "ts": "08:36:47"}
[08:36:47] t=825 tick#550 credits=922 stance=defend | jev 550 decisions p50=731ms
[08:36:54] t=833 jev VEH HTNK (conf 0.51)
[08:36:54] {"kind": "action", "what": "produce", "name": "HTNK", "qty": 1, "ts": "08:36:54"}
[08:37:00] t=839 MOVE assault x7 -> (82,117)
[08:37:00] {"kind": "action", "what": "attack_move", "name": null, "qty": null, "ts": "08:37:00"}
[08:37:09] t=848 MOVE guard x2 -> (73,120)
[08:37:09] {"kind": "action", "what": "attack_move", "name": null, "qty": null, "ts": "08:37:09"}
[08:37:11] t=849 jev BUILD NAREFN HOLD (资金闸门: 坦克优先, cash=47)
[08:37:12] t=851 MOVE assault x7 -> (82,117)
[08:37:12] {"kind": "action", "what": "attack_move", "name": null, "qty": null, "ts": "08:37:12"}
[08:37:16] t=855 ESCORT 坦克#1152 -> 护航矿车@[95, 133]
[08:37:16] {"kind": "action", "what": "attack_move", "name": null, "qty": null, "ts": "08:37:16"}
[08:37:20] t=858 MOVE hold_a x2 -> (78,105); hold_b x2 -> (78,128)
[08:37:20] {"kind": "action", "what": "attack_move", "name": null, "qty": null, "ts": "08:37:20"}
[08:37:20] {"kind": "action", "what": "attack_move", "name": null, "qty": null, "ts": "08:37:20"}
[08:37:24] t=863 MOVE assault x7 -> (82,117)
[08:37:24] {"kind": "action", "what": "attack_move", "name": null, "qty": null, "ts": "08:37:24"}
[08:37:24] t=863 tick#575 credits=0 stance=defend | jev 575 decisions p50=731ms
[08:37:36] t=875 MOVE assault x7 -> (82,117)
[08:37:36] {"kind": "action", "what": "attack_move", "name": null, "qty": null, "ts": "08:37:36"}
[08:37:41] t=879 MOVE guard x2 -> (73,120)
[08:37:41] {"kind": "action", "what": "attack_move", "name": null, "qty": null, "ts": "08:37:41"}
[08:37:46] t=885 ESCORT 坦克#1152 -> 护航矿车@[95, 134]
[08:37:46] {"kind": "action", "what": "attack_move", "name": null, "qty": null, "ts": "08:37:46"}
[08:37:48] t=887 MOVE assault x7 -> (82,117)
[08:37:48] {"kind": "action", "what": "attack_move", "name": null, "qty": null, "ts": "08:37:48"}
[08:38:02] t=900 MOVE assault x7 -> (82,117)
[08:38:02] {"kind": "action", "what": "attack_move", "name": null, "qty": null, "ts": "08:38:02"}
[08:38:02] t=900 tick#600 credits=0 stance=defend | jev 600 decisions p50=730ms
[08:38:11] t=909 MOVE guard x2 -> (73,120)
[08:38:11] {"kind": "action", "what": "attack_move", "name": null, "qty": null, "ts": "08:38:11"}
[08:38:15] t=914 MOVE assault x7 -> (82,117)
[08:38:15] {"kind": "action", "what": "attack_move", "name": null, "qty": null, "ts": "08:38:15"}
[08:38:20] t=918 MOVE hold_a x2 -> (78,105); hold_b x2 -> (78,128)
[08:38:20] {"kind": "action", "what": "attack_move", "name": null, "qty": null, "ts": "08:38:20"}
[08:38:20] {"kind": "action", "what": "attack_move", "name": null, "qty": null, "ts": "08:38:20"}
[08:38:22] t=921 ESCORT 坦克#1152 -> 护航矿车@[91, 132]
[08:38:22] {"kind": "action", "what": "attack_move", "name": null, "qty": null, "ts": "08:38:22"}
[08:38:27] t=926 MOVE assault x7 -> (82,117)
[08:38:27] {"kind": "action", "what": "attack_move", "name": null, "qty": null, "ts": "08:38:27"}
[08:38:39] t=938 tick#625 credits=0 stance=defend | jev 625 decisions p50=729ms
[08:38:41] t=939 MOVE assault x7 -> (82,117); guard x2 -> (73,120)
[08:38:41] {"kind": "action", "what": "attack_move", "name": null, "qty": null, "ts": "08:38:41"}
[08:38:41] {"kind": "action", "what": "attack_move", "name": null, "qty": null, "ts": "08:38:41"}
[08:38:49] t=948 SCOUT #1117->[188, 12] (visit 5)
[08:38:49] {"kind": "action", "what": "attack_move", "name": null, "qty": null, "ts": "08:38:49"}
[08:38:53] t=951 MOVE assault x7 -> (82,117)
[08:38:53] {"kind": "action", "what": "attack_move", "name": null, "qty": null, "ts": "08:38:53"}
[08:39:05] t=963 MOVE assault x7 -> (82,117)
[08:39:05] {"kind": "action", "what": "attack_move", "name": null, "qty": null, "ts": "08:39:05"}
[08:39:11] t=970 MOVE guard x2 -> (73,120)
[08:39:11] {"kind": "action", "what": "attack_move", "name": null, "qty": null, "ts": "08:39:11"}
[08:39:15] t=974 jev VEH HTNK (conf 0.48)
[08:39:15] {"kind": "action", "what": "produce", "name": "HTNK", "qty": 1, "ts": "08:39:15"}
[08:39:17] t=976 MOVE assault x8 -> (82,117)
[08:39:17] {"kind": "action", "what": "attack_move", "name": null, "qty": null, "ts": "08:39:17"}
[08:39:17] t=976 tick#650 credits=368 stance=defend | jev 650 decisions p50=726ms
[08:39:20] t=979 MOVE hold_a x2 -> (78,105); hold_b x2 -> (78,128)
[08:39:20] {"kind": "action", "what": "attack_move", "name": null, "qty": null, "ts": "08:39:20"}
[08:39:20] {"kind": "action", "what": "attack_move", "name": null, "qty": null, "ts": "08:39:20"}
[08:39:30] t=989 MOVE assault x8 -> (82,117)
[08:39:30] {"kind": "action", "what": "attack_move", "name": null, "qty": null, "ts": "08:39:30"}
[08:39:41] t=1000 MOVE guard x2 -> (73,120)
[08:39:41] {"kind": "action", "what": "attack_move", "name": null, "qty": null, "ts": "08:39:41"}
[08:39:42] t=1001 MOVE assault x8 -> (82,117)
[08:39:43] {"kind": "action", "what": "attack_move", "name": null, "qty": null, "ts": "08:39:43"}
[08:39:54] t=1013 MOVE assault x8 -> (82,117)
[08:39:55] {"kind": "action", "what": "attack_move", "name": null, "qty": null, "ts": "08:39:55"}
[08:39:55] t=1013 tick#675 credits=624 stance=defend | jev 675 decisions p50=721ms
[08:39:56] t=1015 jev VEH HTNK (conf 0.28)
[08:39:56] {"kind": "action", "what": "produce", "name": "HTNK", "qty": 1, "ts": "08:39:56"}
[08:39:56] t=1015 ATTACK (tanks=8)
[08:39:56] t=1015 MOVE assault x9 -> (130,83)
[08:39:56] {"kind": "action", "what": "attack_move", "name": null, "qty": null, "ts": "08:39:56"}
[08:39:57] t=1016 jev STANCE attack->defend (conf 0.64)
[08:39:57] t=1016 ATTACK (tanks=8)
[08:39:59] t=1018 jev STANCE attack->defend (conf 0.65)
[08:39:59] t=1018 ATTACK (tanks=8)
[08:40:00] t=1019 jev STANCE attack->defend (conf 0.69)
[08:40:00] t=1019 ATTACK (tanks=8)
[08:40:02] t=1021 jev STANCE attack->defend (conf 0.71)
[08:40:02] t=1021 ATTACK (tanks=8)
[08:40:03] t=1022 jev STANCE attack->defend (conf 0.69)
[08:40:03] t=1022 ATTACK (tanks=8)
[08:40:05] t=1024 jev STANCE attack->defend (conf 0.71)
[08:40:05] t=1024 ATTACK (tanks=8)
[08:40:07] t=1025 jev STANCE attack->defend (conf 0.71)
[08:40:07] t=1025 ATTACK (tanks=8)
[08:40:08] t=1027 jev STANCE attack->defend (conf 0.72)
[08:40:08] t=1027 ATTACK (tanks=8)
[08:40:10] t=1028 jev STANCE attack->defend (conf 0.70)
[08:40:10] t=1028 ATTACK (tanks=8)
[08:40:10] t=1028 MOVE assault x9 -> (130,83)
[08:40:10] {"kind": "action", "what": "attack_move", "name": null, "qty": null, "ts": "08:40:10"}
[08:40:11] t=1030 jev STANCE attack->defend (conf 0.75)
[08:40:11] t=1030 ATTACK (tanks=8)
[08:40:11] t=1030 MOVE guard x2 -> (73,120)
[08:40:11] {"kind": "action", "what": "attack_move", "name": null, "qty": null, "ts": "08:40:11"}
[08:40:13] t=1031 jev STANCE attack->defend (conf 0.52)
[08:40:13] t=1031 ATTACK (tanks=8)
[08:40:13] t=1031 MOVE assault x9 -> (103,93)
[08:40:13] {"kind": "action", "what": "attack_move", "name": null, "qty": null, "ts": "08:40:13"}
[08:40:14] t=1033 jev STANCE attack->defend (conf 0.53)
[08:40:14] t=1033 ATTACK (tanks=8)
[08:40:14] t=1033 MOVE assault x9 -> (103,96)
[08:40:14] {"kind": "action", "what": "attack_move", "name": null, "qty": null, "ts": "08:40:14"}
[08:40:16] t=1034 jev STANCE attack->defend (conf 0.57)
[08:40:16] t=1034 ATTACK (tanks=8)
[08:40:16] t=1034 MOVE assault x9 -> (102,98)
[08:40:16] {"kind": "action", "what": "attack_move", "name": null, "qty": null, "ts": "08:40:16"}
[08:40:17] t=1036 jev STANCE attack->defend (conf 0.51)
[08:40:17] t=1036 ATTACK (tanks=8)
[08:40:17] t=1036 MOVE assault x9 -> (101,100)
[08:40:17] {"kind": "action", "what": "attack_move", "name": null, "qty": null, "ts": "08:40:17"}
[08:40:19] t=1037 jev STANCE attack->defend (conf 0.50)
[08:40:19] t=1037 ATTACK (tanks=8)
[08:40:19] t=1039 RETREAT DOG(25%)
[08:40:19] {"kind": "action", "what": "move", "name": null, "qty": null, "ts": "08:40:19"}
[08:40:20] t=1039 jev BUILD NAREFN HOLD (资金闸门: 坦克优先, cash=32)
[08:40:20] t=1039 MOVE hold_a x2 -> (78,105); hold_b x2 -> (78,128)
[08:40:20] {"kind": "action", "what": "attack_move", "name": null, "qty": null, "ts": "08:40:20"}
[08:40:20] {"kind": "action", "what": "attack_move", "name": null, "qty": null, "ts": "08:40:20"}
[08:40:22] t=1040 MOVE assault x9 -> (102,98)
[08:40:22] {"kind": "action", "what": "attack_move", "name": null, "qty": null, "ts": "08:40:22"}
[08:40:25] t=1043 jev BUILD NAREFN HOLD (资金闸门: 坦克优先, cash=42)
[08:40:26] t=1045 jev BUILD NAREFN HOLD (资金闸门: 坦克优先, cash=5)
[08:40:26] t=1045 jev INF SHK HOLD (预算保护 gate=False e2=7)
[08:40:28] t=1048 ALARM 单位损失 -> 攻势保持（塔阵守家, 前线 18 个单位继续进攻）
[08:40:29] t=1048 jev STANCE attack->defend (conf 0.45)
[08:40:29] t=1048 MOVE assault x8 -> (70,117)
[08:40:29] {"kind": "action", "what": "attack_move", "name": null, "qty": null, "ts": "08:40:29"}
[08:40:32] t=1051 tick#700 credits=0 stance=defend | jev 700 decisions p50=719ms
[08:40:34] t=1052 jev INF E2 HOLD (预算保护 gate=False e2=7)
[08:40:34] t=1054 RETREAT HTNK(33%)
[08:40:34] {"kind": "action", "what": "move", "name": null, "qty": null, "ts": "08:40:34"}
[08:40:35] t=1054 jev INF E2 HOLD (预算保护 gate=False e2=7)
[08:40:39] t=1058 RETREAT HTNK(31%)
[08:40:39] {"kind": "action", "what": "move", "name": null, "qty": null, "ts": "08:40:39"}
[08:40:41] t=1060 jev INF E2 HOLD (预算保护 gate=False e2=7)
[08:40:41] t=1060 MOVE assault x8 -> (70,117)
[08:40:41] {"kind": "action", "what": "attack_move", "name": null, "qty": null, "ts": "08:40:41"}
[08:40:42] t=1061 ALARM 单位损失 -> counter 16 vs 8 -> [70, 117]
[08:40:42] {"kind": "action", "what": "attack_move", "name": null, "qty": null, "ts": "08:40:42"}
[08:40:44] t=1063 jev VEH HTNK (conf 0.36)
[08:40:44] {"kind": "action", "what": "produce", "name": "HTNK", "qty": 1, "ts": "08:40:44"}
[08:40:49] t=1067 jev INF SHK HOLD (预算保护 gate=False e2=7)
[08:40:50] t=1069 jev BUILD NAREFN HOLD (资金闸门: 坦克优先, cash=8)
[08:40:50] t=1069 jev INF SHK HOLD (预算保护 gate=False e2=7)
[08:40:50] t=1069 MOVE guard x2 -> (73,120)
[08:40:50] {"kind": "action", "what": "attack_move", "name": null, "qty": null, "ts": "08:40:50"}
[08:40:53] t=1072 MOVE assault x7 -> (70,117)
[08:40:53] {"kind": "action", "what": "attack_move", "name": null, "qty": null, "ts": "08:40:53"}
[08:40:57] t=1076 ALARM 单位损失 -> counter 16 vs 9 -> [70, 117]
[08:40:57] {"kind": "action", "what": "attack_move", "name": null, "qty": null, "ts": "08:40:57"}
[08:41:03] t=1082 RETREAT E2(18%)
[08:41:03] {"kind": "action", "what": "move", "name": null, "qty": null, "ts": "08:41:03"}
[08:41:05] t=1084 MOVE assault x7 -> (82,112); reserve x3 -> (70,125)
[08:41:05] {"kind": "action", "what": "attack_move", "name": null, "qty": null, "ts": "08:41:05"}
[08:41:05] {"kind": "action", "what": "attack_move", "name": null, "qty": null, "ts": "08:41:05"}
[08:41:06] t=1085 ALARM 单位损失 -> counter 15 vs 10 -> [70, 117]
[08:41:06] {"kind": "action", "what": "attack_move", "name": null, "qty": null, "ts": "08:41:06"}
[08:41:07] t=1087 RETREAT E2(35%)
[08:41:07] {"kind": "action", "what": "move", "name": null, "qty": null, "ts": "08:41:07"}
[08:41:10] t=1088 tick#725 credits=0 stance=defend | jev 725 decisions p50=720ms
[08:41:14] t=1093 MOVE assault x7 -> (82,111)
[08:41:14] {"kind": "action", "what": "attack_move", "name": null, "qty": null, "ts": "08:41:14"}
[08:41:15] t=1094 ALARM 单位损失 -> TURTLE (13 v 11, 守塔阵不打野战)
[08:41:15] {"kind": "action", "what": "attack_move", "name": null, "qty": null, "ts": "08:41:15"}
[08:41:16] t=1094 jev BUILD NAREFN HOLD (资金闸门: 坦克优先, cash=49)
[08:41:16] t=1094 jev INF SHK HOLD (预算保护 gate=False e2=3)
[08:41:17] t=1096 jev BUILD NAREFN HOLD (资金闸门: 坦克优先, cash=10)
[08:41:17] t=1096 jev INF DOG (conf 0.17)
[08:41:17] {"kind": "action", "what": "produce", "name": "DOG", "qty": 1, "ts": "08:41:17"}
[08:41:19] t=1099 SCOUT #1117->[188, 188] (visit 6)
[08:41:19] {"kind": "action", "what": "attack_move", "name": null, "qty": null, "ts": "08:41:19"}
[08:41:22] t=1102 RETREAT SHK(39%)
[08:41:22] {"kind": "action", "what": "move", "name": null, "qty": null, "ts": "08:41:22"}
[08:41:23] t=1102 MOVE guard x2 -> (73,120)
[08:41:23] {"kind": "action", "what": "attack_move", "name": null, "qty": null, "ts": "08:41:23"}
[08:41:24] t=1103 ALARM 敌军逼近 -> TURTLE (11 v 10, 守塔阵不打野战)
[08:41:24] {"kind": "action", "what": "attack_move", "name": null, "qty": null, "ts": "08:41:24"}
[08:41:32] t=1111 MOVE assault x5 -> (82,111)
[08:41:32] {"kind": "action", "what": "attack_move", "name": null, "qty": null, "ts": "08:41:32"}
[08:41:33] t=1112 ALARM 敌军逼近 -> counter 11 vs 8 -> [84, 111]
[08:41:33] {"kind": "action", "what": "attack_move", "name": null, "qty": null, "ts": "08:41:33"}
[08:41:34] t=1114 ESCORT 坦克#1379 -> 护航矿车@[92, 105]
[08:41:34] {"kind": "action", "what": "attack_move", "name": null, "qty": null, "ts": "08:41:34"}
[08:41:36] t=1115 RETREAT E2(23%)
[08:41:36] {"kind": "action", "what": "move", "name": null, "qty": null, "ts": "08:41:36"}
[08:41:42] t=1121 ALARM 敌军逼近 -> counter 10 vs 7 -> [84, 111]
[08:41:42] {"kind": "action", "what": "attack_move", "name": null, "qty": null, "ts": "08:41:42"}
[08:41:43] t=1123 RETREAT DOG(37%)
[08:41:43] {"kind": "action", "what": "move", "name": null, "qty": null, "ts": "08:41:43"}
[08:41:47] t=1126 tick#750 credits=0 stance=defend | jev 750 decisions p50=718ms
[08:41:50] t=1129 MOVE assault x5 -> (82,111)
[08:41:50] {"kind": "action", "what": "attack_move", "name": null, "qty": null, "ts": "08:41:50"}
[08:41:51] t=1130 ALARM 敌军逼近 -> counter 8 vs 6 -> [84, 111]
[08:41:51] {"kind": "action", "what": "attack_move", "name": null, "qty": null, "ts": "08:41:51"}
[08:41:51] t=1130 RETREAT DOG(38%)
[08:41:51] {"kind": "action", "what": "move", "name": null, "qty": null, "ts": "08:41:51"}
[08:41:59] t=1138 MOVE guard x2 -> (73,120)
[08:41:59] {"kind": "action", "what": "attack_move", "name": null, "qty": null, "ts": "08:41:59"}
[08:42:00] t=1139 ALARM 敌军逼近 -> counter 8 vs 6 -> [84, 111]
[08:42:00] {"kind": "action", "what": "attack_move", "name": null, "qty": null, "ts": "08:42:00"}
[08:42:04] t=1144 ESCORT 坦克#1379 -> 护航矿车@[114, 87]
[08:42:04] t=1144 RETREAT HTNK(39%)
[08:42:05] {"kind": "action", "what": "attack_move", "name": null, "qty": null, "ts": "08:42:05"}
[08:42:05] {"kind": "action", "what": "move", "name": null, "qty": null, "ts": "08:42:05"}
[08:42:06] t=1145 RETREAT HTNK(36%)
[08:42:06] {"kind": "action", "what": "move", "name": null, "qty": null, "ts": "08:42:06"}
[08:42:08] t=1147 MOVE assault x5 -> (70,117)
[08:42:08] {"kind": "action", "what": "attack_move", "name": null, "qty": null, "ts": "08:42:08"}
[08:42:09] t=1148 ALARM 敌军逼近 -> TURTLE (6 v 10, 守塔阵不打野战)
[08:42:09] {"kind": "action", "what": "attack_move", "name": null, "qty": null, "ts": "08:42:09"}
[08:42:17] t=1156 MOVE assault x5 -> (82,111)
[08:42:17] {"kind": "action", "what": "attack_move", "name": null, "qty": null, "ts": "08:42:17"}
[08:42:18] t=1157 ALARM 单位损失 -> TURTLE (6 v 10, 守塔阵不打野战)
[08:42:18] {"kind": "action", "what": "attack_move", "name": null, "qty": null, "ts": "08:42:18"}
[08:42:23] t=1162 jev INF DOG (conf 0.29)
[08:42:23] {"kind": "action", "what": "produce", "name": "DOG", "qty": 1, "ts": "08:42:23"}
[08:42:24] t=1163 RETREAT HTNK(39%)
[08:42:24] {"kind": "action", "what": "move", "name": null, "qty": null, "ts": "08:42:24"}
[08:42:25] t=1163 tick#775 credits=0 stance=defend | jev 775 decisions p50=720ms
[08:42:27] t=1166 ALARM 敌军逼近 -> TURTLE (6 v 10, 守塔阵不打野战)
[08:42:27] {"kind": "action", "what": "attack_move", "name": null, "qty": null, "ts": "08:42:27"}
[08:42:30] t=1169 RETREAT E2(2%)
[08:42:30] {"kind": "action", "what": "move", "name": null, "qty": null, "ts": "08:42:30"}
[08:42:35] t=1174 ESCORT 坦克#1475 -> 护航矿车@[114, 119]
[08:42:35] {"kind": "action", "what": "attack_move", "name": null, "qty": null, "ts": "08:42:35"}
[08:42:35] t=1174 MOVE assault x2 -> (73,120); guard x2 -> (73,120)
[08:42:35] {"kind": "action", "what": "attack_move", "name": null, "qty": null, "ts": "08:42:35"}
[08:42:35] {"kind": "action", "what": "attack_move", "name": null, "qty": null, "ts": "08:42:35"}
[08:42:36] t=1175 ALARM 敌军逼近 -> TURTLE (5 v 11, 守塔阵不打野战)
[08:42:36] {"kind": "action", "what": "attack_move", "name": null, "qty": null, "ts": "08:42:36"}
[08:42:44] t=1183 RETREAT DOG(3%)
[08:42:44] {"kind": "action", "what": "move", "name": null, "qty": null, "ts": "08:42:44"}
[08:42:45] t=1184 ALARM 单位损失 -> TURTLE (3 v 11, 守塔阵不打野战)
[08:42:45] {"kind": "action", "what": "attack_move", "name": null, "qty": null, "ts": "08:42:45"}
[08:42:53] t=1192 MOVE assault x1 -> (73,120)
[08:42:53] {"kind": "action", "what": "attack_move", "name": null, "qty": null, "ts": "08:42:53"}
[08:42:54] t=1193 ALARM 苏联矿石精炼场被攻击 -> TURTLE (3 v 8, 守塔阵不打野战)
[08:42:54] {"kind": "action", "what": "attack_move", "name": null, "qty": null, "ts": "08:42:54"}
[08:43:02] t=1201 tick#800 credits=0 stance=defend | jev 800 decisions p50=719ms
[08:43:03] t=1202 ALARM 敌军逼近 -> TURTLE (3 v 9, 守塔阵不打野战)
[08:43:03] {"kind": "action", "what": "attack_move", "name": null, "qty": null, "ts": "08:43:03"}
[08:43:11] t=1210 MOVE assault x1 -> (73,120); guard x2 -> (73,120)
[08:43:11] {"kind": "action", "what": "attack_move", "name": null, "qty": null, "ts": "08:43:11"}
[08:43:11] {"kind": "action", "what": "attack_move", "name": null, "qty": null, "ts": "08:43:11"}
[08:43:12] t=1211 ALARM 敌军逼近 -> TURTLE (3 v 8, 守塔阵不打野战)
[08:43:12] {"kind": "action", "what": "attack_move", "name": null, "qty": null, "ts": "08:43:12"}
[08:43:21] t=1220 ALARM 苏联矿石精炼场被攻击 -> TURTLE (3 v 8, 守塔阵不打野战)
[08:43:21] {"kind": "action", "what": "attack_move", "name": null, "qty": null, "ts": "08:43:21"}
[08:43:29] t=1228 MOVE assault x1 -> (73,120)
[08:43:29] {"kind": "action", "what": "attack_move", "name": null, "qty": null, "ts": "08:43:29"}
[08:43:30] t=1229 ALARM 敌军逼近 -> TURTLE (3 v 7, 守塔阵不打野战)
[08:43:30] {"kind": "action", "what": "attack_move", "name": null, "qty": null, "ts": "08:43:30"}
[08:43:39] t=1238 ALARM 敌军逼近 -> TURTLE (3 v 8, 守塔阵不打野战)
[08:43:39] {"kind": "action", "what": "attack_move", "name": null, "qty": null, "ts": "08:43:39"}
[08:43:40] t=1238 tick#825 credits=0 stance=defend | jev 825 decisions p50=719ms
[08:43:47] t=1246 MOVE assault x1 -> (73,120); guard x2 -> (73,120)
[08:43:47] {"kind": "action", "what": "attack_move", "name": null, "qty": null, "ts": "08:43:47"}
[08:43:47] {"kind": "action", "what": "attack_move", "name": null, "qty": null, "ts": "08:43:47"}
[08:43:48] t=1247 ALARM 敌军逼近 -> TURTLE (3 v 8, 守塔阵不打野战)
[08:43:48] {"kind": "action", "what": "attack_move", "name": null, "qty": null, "ts": "08:43:48"}
[08:43:50] t=1249 SCOUT #1124->[12, 188] (visit 7)
[08:43:50] {"kind": "action", "what": "attack_move", "name": null, "qty": null, "ts": "08:43:50"}
[08:43:57] t=1256 ALARM 敌军逼近 -> TURTLE (3 v 8, 守塔阵不打野战)
[08:43:57] {"kind": "action", "what": "attack_move", "name": null, "qty": null, "ts": "08:43:57"}
[08:44:05] t=1264 MOVE assault x2 -> (73,120)
[08:44:05] {"kind": "action", "what": "attack_move", "name": null, "qty": null, "ts": "08:44:05"}
[08:44:06] t=1265 ALARM 敌军逼近 -> TURTLE (3 v 8, 守塔阵不打野战)
[08:44:06] {"kind": "action", "what": "attack_move", "name": null, "qty": null, "ts": "08:44:06"}
[08:44:15] t=1274 ALARM 敌军逼近 -> TURTLE (3 v 8, 守塔阵不打野战)
[08:44:15] {"kind": "action", "what": "attack_move", "name": null, "qty": null, "ts": "08:44:15"}
[08:44:17] t=1276 tick#850 credits=0 stance=defend | jev 850 decisions p50=720ms
[08:44:20] t=1279 RETREAT HTNK(36%)
[08:44:20] {"kind": "action", "what": "move", "name": null, "qty": null, "ts": "08:44:20"}
[08:44:23] t=1282 MOVE assault x2 -> (73,120)
[08:44:23] {"kind": "action", "what": "attack_move", "name": null, "qty": null, "ts": "08:44:23"}
[08:44:24] t=1284 ALARM 苏联矿石精炼场被攻击 -> TURTLE (2 v 7, 守塔阵不打野战)
[08:44:24] {"kind": "action", "what": "attack_move", "name": null, "qty": null, "ts": "08:44:24"}
[08:44:28] t=1287 jev INF E2 HOLD (预算保护 gate=False e2=0)
[08:44:33] t=1293 ALARM 敌军逼近 -> TURTLE (3 v 3, 守塔阵不打野战)
[08:44:33] {"kind": "action", "what": "attack_move", "name": null, "qty": null, "ts": "08:44:33"}
[08:44:34] t=1293 jev INF DOG (conf 0.26)
[08:44:34] {"kind": "action", "what": "produce", "name": "DOG", "qty": 1, "ts": "08:44:34"}
[08:44:41] t=1300 MOVE assault x2 -> (73,120)
[08:44:42] {"kind": "action", "what": "attack_move", "name": null, "qty": null, "ts": "08:44:42"}
[08:44:42] t=1302 ALARM 敌军逼近 -> TURTLE (3 v 6, 守塔阵不打野战)
[08:44:42] {"kind": "action", "what": "attack_move", "name": null, "qty": null, "ts": "08:44:42"}
[08:44:50] t=1309 RETREAT DOG(32%)
[08:44:50] {"kind": "action", "what": "move", "name": null, "qty": null, "ts": "08:44:50"}
[08:44:51] t=1311 ALARM 单位损失 -> TURTLE (2 v 8, 守塔阵不打野战)
[08:44:51] {"kind": "action", "what": "attack_move", "name": null, "qty": null, "ts": "08:44:51"}
[08:44:55] t=1314 tick#875 credits=0 stance=defend | jev 875 decisions p50=723ms
[08:45:00] t=1318 MOVE assault x2 -> (73,120)
[08:45:00] {"kind": "action", "what": "attack_move", "name": null, "qty": null, "ts": "08:45:00"}
[08:45:00] t=1320 ALARM 敌军逼近 -> TURTLE (2 v 10, 守塔阵不打野战)
[08:45:00] {"kind": "action", "what": "attack_move", "name": null, "qty": null, "ts": "08:45:00"}
[08:45:09] t=1329 ALARM 敌军逼近 -> TURTLE (2 v 8, 守塔阵不打野战)
[08:45:09] {"kind": "action", "what": "attack_move", "name": null, "qty": null, "ts": "08:45:09"}
[08:45:18] t=1336 MOVE assault x2 -> (73,120)
[08:45:18] {"kind": "action", "what": "attack_move", "name": null, "qty": null, "ts": "08:45:18"}
[08:45:18] t=1338 ALARM 敌军逼近 -> TURTLE (2 v 10, 守塔阵不打野战)
[08:45:18] {"kind": "action", "what": "attack_move", "name": null, "qty": null, "ts": "08:45:18"}
[08:45:27] t=1347 ALARM 敌军逼近 -> TURTLE (2 v 10, 守塔阵不打野战)
[08:45:27] {"kind": "action", "what": "attack_move", "name": null, "qty": null, "ts": "08:45:27"}
[08:45:33] t=1351 tick#900 credits=0 stance=defend | jev 900 decisions p50=725ms
[08:45:36] t=1354 MOVE assault x1 -> (73,120)
[08:45:36] {"kind": "action", "what": "attack_move", "name": null, "qty": null, "ts": "08:45:36"}
[08:45:36] t=1356 ALARM 敌军逼近 -> TURTLE (2 v 11, 守塔阵不打野战)
[08:45:36] {"kind": "action", "what": "attack_move", "name": null, "qty": null, "ts": "08:45:36"}
[08:45:45] t=1363 jev INF SHK HOLD (预算保护 gate=False e2=0)
[08:45:45] t=1365 ALARM 敌军逼近 -> TURTLE (2 v 11, 守塔阵不打野战)
[08:45:45] {"kind": "action", "what": "attack_move", "name": null, "qty": null, "ts": "08:45:45"}
[08:45:45] t=1365 RETREAT HTNK(39%)
[08:45:45] {"kind": "action", "what": "move", "name": null, "qty": null, "ts": "08:45:45"}
[08:45:46] t=1365 jev INF SHK HOLD (预算保护 gate=False e2=0)
[08:45:48] t=1366 jev INF SHK HOLD (预算保护 gate=False e2=0)
[08:45:49] t=1368 jev INF SHK HOLD (预算保护 gate=False e2=0)
[08:45:51] t=1369 jev INF SHK HOLD (预算保护 gate=False e2=0)
[08:45:52] t=1371 jev INF SHK HOLD (预算保护 gate=False e2=0)
[08:45:53] t=1372 AA HTK x2 (enemy air)
[08:45:53] {"kind": "action", "what": "produce", "name": "HTK", "qty": 2, "ts": "08:45:53"}
[08:45:54] t=1372 jev INF SHK HOLD (预算保护 gate=False e2=0)
[08:45:54] t=1372 MOVE assault x2 -> (73,120)
[08:45:54] {"kind": "action", "what": "attack_move", "name": null, "qty": null, "ts": "08:45:54"}
[08:45:54] t=1374 ALARM 敌军逼近 -> TURTLE (3 v 12, 守塔阵不打野战)
[08:45:54] {"kind": "action", "what": "attack_move", "name": null, "qty": null, "ts": "08:45:54"}
[08:45:55] t=1374 jev INF SHK HOLD (预算保护 gate=False e2=0)
[08:45:56] t=1375 RETREAT DOG(32%)
[08:45:56] {"kind": "action", "what": "move", "name": null, "qty": null, "ts": "08:45:56"}
[08:45:57] t=1375 jev INF SHK HOLD (预算保护 gate=False e2=0)
[08:45:58] t=1377 jev INF DOG (conf 0.18)
[08:45:58] {"kind": "action", "what": "produce", "name": "DOG", "qty": 1, "ts": "08:45:58"}
[08:46:03] t=1383 ALARM 单位损失 -> TURTLE (3 v 11, 守塔阵不打野战)
[08:46:03] {"kind": "action", "what": "attack_move", "name": null, "qty": null, "ts": "08:46:03"}
[08:46:10] t=1389 jev BUILD NAREFN HOLD (资金闸门: 坦克优先, cash=31)
[08:46:10] t=1389 jev INF SHK HOLD (预算保护 gate=False e2=0)
[08:46:10] t=1389 tick#925 credits=31 stance=defend | jev 925 decisions p50=728ms
[08:46:12] t=1390 MOVE assault x2 -> (73,120)
[08:46:12] {"kind": "action", "what": "attack_move", "name": null, "qty": null, "ts": "08:46:12"}
[08:46:12] t=1392 ALARM 敌军逼近 -> TURTLE (3 v 12, 守塔阵不打野战)
[08:46:12] {"kind": "action", "what": "attack_move", "name": null, "qty": null, "ts": "08:46:12"}
[08:46:20] t=1399 SCOUT #1124->[130, 83] (visit 7)
[08:46:20] {"kind": "action", "what": "attack_move", "name": null, "qty": null, "ts": "08:46:20"}
[08:46:21] t=1399 MOVE guard x2 -> (73,120)
[08:46:21] {"kind": "action", "what": "attack_move", "name": null, "qty": null, "ts": "08:46:21"}
[08:46:21] t=1401 ALARM 敌军逼近 -> TURTLE (4 v 12, 守塔阵不打野战)
[08:46:21] {"kind": "action", "what": "attack_move", "name": null, "qty": null, "ts": "08:46:21"}
[08:46:24] t=1402 jev BUILD NAREFN HOLD (资金闸门: 坦克优先, cash=49)
[08:46:24] t=1402 jev INF SHK HOLD (预算保护 gate=False e2=0)
[08:46:24] t=1404 RETREAT DOG(37%)
[08:46:24] {"kind": "action", "what": "move", "name": null, "qty": null, "ts": "08:46:24"}
[08:46:25] t=1404 jev BUILD NAREFN HOLD (资金闸门: 坦克优先, cash=6)
[08:46:25] t=1404 jev INF SHK HOLD (预算保护 gate=False e2=0)
[08:46:30] t=1408 MOVE assault x1 -> (73,120)
[08:46:30] {"kind": "action", "what": "attack_move", "name": null, "qty": null, "ts": "08:46:30"}
[08:46:30] t=1410 ALARM 敌军逼近 -> TURTLE (3 v 11, 守塔阵不打野战)
[08:46:30] {"kind": "action", "what": "attack_move", "name": null, "qty": null, "ts": "08:46:30"}
[08:46:39] t=1419 ALARM 敌军逼近 -> TURTLE (3 v 11, 守塔阵不打野战)
[08:46:39] {"kind": "action", "what": "attack_move", "name": null, "qty": null, "ts": "08:46:39"}
[08:46:48] t=1426 MOVE assault x2 -> (73,120)
[08:46:48] {"kind": "action", "what": "attack_move", "name": null, "qty": null, "ts": "08:46:48"}
[08:46:48] t=1426 tick#950 credits=0 stance=defend | jev 950 decisions p50=730ms
[08:46:48] t=1428 ALARM 敌军逼近 -> TURTLE (3 v 11, 守塔阵不打野战)
[08:46:49] {"kind": "action", "what": "attack_move", "name": null, "qty": null, "ts": "08:46:49"}
[08:46:57] t=1437 ALARM 敌军逼近 -> TURTLE (3 v 10, 守塔阵不打野战)
[08:46:58] {"kind": "action", "what": "attack_move", "name": null, "qty": null, "ts": "08:46:58"}
[08:47:00] t=1438 jev INF DOG (conf 0.30)
[08:47:00] {"kind": "action", "what": "produce", "name": "DOG", "qty": 1, "ts": "08:47:00"}
[08:47:06] t=1444 MOVE assault x2 -> (73,120)
[08:47:06] {"kind": "action", "what": "attack_move", "name": null, "qty": null, "ts": "08:47:06"}
[08:47:07] t=1446 ALARM 敌军逼近 -> TURTLE (3 v 9, 守塔阵不打野战)
[08:47:07] {"kind": "action", "what": "attack_move", "name": null, "qty": null, "ts": "08:47:07"}
[08:47:16] t=1455 ALARM 敌军逼近 -> TURTLE (3 v 9, 守塔阵不打野战)
[08:47:16] {"kind": "action", "what": "attack_move", "name": null, "qty": null, "ts": "08:47:16"}
[08:47:24] t=1462 MOVE assault x2 -> (73,120)
[08:47:24] {"kind": "action", "what": "attack_move", "name": null, "qty": null, "ts": "08:47:24"}
[08:47:25] t=1464 ALARM 敌军逼近 -> TURTLE (3 v 10, 守塔阵不打野战)
[08:47:25] {"kind": "action", "what": "attack_move", "name": null, "qty": null, "ts": "08:47:25"}
[08:47:25] t=1464 tick#975 credits=0 stance=defend | jev 975 decisions p50=731ms
[08:47:34] t=1473 ALARM 敌军逼近 -> TURTLE (3 v 9, 守塔阵不打野战)
[08:47:34] {"kind": "action", "what": "attack_move", "name": null, "qty": null, "ts": "08:47:34"}
[08:47:42] t=1480 MOVE assault x2 -> (73,120)
[08:47:42] {"kind": "action", "what": "attack_move", "name": null, "qty": null, "ts": "08:47:42"}
[08:47:43] t=1482 ALARM 敌军逼近 -> TURTLE (3 v 9, 守塔阵不打野战)
[08:47:43] {"kind": "action", "what": "attack_move", "name": null, "qty": null, "ts": "08:47:43"}
[08:47:52] t=1491 ALARM 敌军逼近 -> TURTLE (3 v 9, 守塔阵不打野战)
[08:47:52] {"kind": "action", "what": "attack_move", "name": null, "qty": null, "ts": "08:47:52"}
[08:48:00] t=1498 MOVE assault x2 -> (73,120)
[08:48:00] {"kind": "action", "what": "attack_move", "name": null, "qty": null, "ts": "08:48:00"}
[08:48:01] t=1500 ALARM 敌军逼近 -> TURTLE (3 v 9, 守塔阵不打野战)
[08:48:01] {"kind": "action", "what": "attack_move", "name": null, "qty": null, "ts": "08:48:01"}
[08:48:03] t=1501 tick#1000 credits=0 stance=defend | jev 1000 decisions p50=731ms
[08:48:10] t=1509 ALARM 敌军逼近 -> TURTLE (3 v 10, 守塔阵不打野战)
[08:48:10] {"kind": "action", "what": "attack_move", "name": null, "qty": null, "ts": "08:48:10"}
[08:48:13] t=1512 jev INF SHK HOLD (预算保护 gate=False e2=0)
[08:48:18] t=1516 MOVE assault x2 -> (73,120)
[08:48:18] {"kind": "action", "what": "attack_move", "name": null, "qty": null, "ts": "08:48:18"}
[08:48:19] t=1518 ALARM 敌军逼近 -> TURTLE (4 v 10, 守塔阵不打野战)
[08:48:19] {"kind": "action", "what": "attack_move", "name": null, "qty": null, "ts": "08:48:19"}
[08:48:28] t=1527 ALARM 敌军逼近 -> TURTLE (4 v 10, 守塔阵不打野战)
[08:48:28] {"kind": "action", "what": "attack_move", "name": null, "qty": null, "ts": "08:48:28"}
[08:48:36] t=1534 MOVE assault x2 -> (73,120)
[08:48:36] {"kind": "action", "what": "attack_move", "name": null, "qty": null, "ts": "08:48:36"}
[08:48:37] t=1536 ALARM 敌军逼近 -> TURTLE (4 v 10, 守塔阵不打野战)
[08:48:37] {"kind": "action", "what": "attack_move", "name": null, "qty": null, "ts": "08:48:37"}
[08:48:40] t=1539 tick#1025 credits=0 stance=defend | jev 1025 decisions p50=731ms
[08:48:46] t=1545 ALARM 敌军逼近 -> TURTLE (4 v 12, 守塔阵不打野战)
[08:48:46] {"kind": "action", "what": "attack_move", "name": null, "qty": null, "ts": "08:48:46"}
[08:48:50] t=1549 SCOUT #1124->[100, 100] (visit 7)
[08:48:50] {"kind": "action", "what": "attack_move", "name": null, "qty": null, "ts": "08:48:50"}
[08:48:54] t=1552 MOVE assault x2 -> (73,120)
[08:48:54] {"kind": "action", "what": "attack_move", "name": null, "qty": null, "ts": "08:48:54"}
[08:48:55] t=1554 ALARM 敌军逼近 -> TURTLE (4 v 9, 守塔阵不打野战)
[08:48:55] {"kind": "action", "what": "attack_move", "name": null, "qty": null, "ts": "08:48:55"}
[08:49:04] t=1563 ALARM 敌军逼近 -> TURTLE (4 v 9, 守塔阵不打野战)
[08:49:04] {"kind": "action", "what": "attack_move", "name": null, "qty": null, "ts": "08:49:04"}
[08:49:04] t=1563 jev BUILD NAREFN HOLD (资金闸门: 坦克优先, cash=43)
[08:49:06] t=1565 jev INF SHK HOLD (预算保护 gate=False e2=0)
[08:49:06] t=1565 jev VEH HTK (conf 0.32)
[08:49:06] {"kind": "action", "what": "produce", "name": "HTK", "qty": 1, "ts": "08:49:06"}
[08:49:07] t=1566 jev BUILD NAREFN HOLD (资金闸门: 坦克优先, cash=18)
[08:49:07] t=1566 jev INF SHK HOLD (预算保护 gate=False e2=0)
[08:49:12] t=1571 MOVE assault x1 -> (73,120); guard x2 -> (73,120)
[08:49:12] {"kind": "action", "what": "attack_move", "name": null, "qty": null, "ts": "08:49:12"}
[08:49:12] {"kind": "action", "what": "attack_move", "name": null, "qty": null, "ts": "08:49:12"}
[08:49:13] t=1572 ALARM 敌军逼近 -> TURTLE (5 v 9, 守塔阵不打野战)
[08:49:13] {"kind": "action", "what": "attack_move", "name": null, "qty": null, "ts": "08:49:13"}
[08:49:18] t=1577 tick#1050 credits=0 stance=defend | jev 1050 decisions p50=732ms
[08:49:22] t=1581 ALARM 敌军逼近 -> TURTLE (5 v 7, 守塔阵不打野战)
[08:49:22] {"kind": "action", "what": "attack_move", "name": null, "qty": null, "ts": "08:49:22"}
[08:49:30] t=1589 MOVE assault x1 -> (73,120)
[08:49:30] {"kind": "action", "what": "attack_move", "name": null, "qty": null, "ts": "08:49:30"}
[08:49:31] t=1590 ALARM 敌军逼近 -> TURTLE (5 v 6, 守塔阵不打野战)
[08:49:31] {"kind": "action", "what": "attack_move", "name": null, "qty": null, "ts": "08:49:31"}
[08:49:40] t=1599 ALARM 敌军逼近 -> TURTLE (5 v 5, 守塔阵不打野战)
[08:49:40] {"kind": "action", "what": "attack_move", "name": null, "qty": null, "ts": "08:49:40"}
[08:49:48] t=1607 MOVE assault x1 -> (73,120); guard x2 -> (73,120)
[08:49:48] {"kind": "action", "what": "attack_move", "name": null, "qty": null, "ts": "08:49:48"}
[08:49:48] {"kind": "action", "what": "attack_move", "name": null, "qty": null, "ts": "08:49:48"}
[08:49:49] t=1608 ALARM 敌军逼近 -> counter 5 vs 4 -> [84, 110]
[08:49:49] {"kind": "action", "what": "attack_move", "name": null, "qty": null, "ts": "08:49:49"}
[08:49:56] t=1614 tick#1075 credits=0 stance=defend | jev 1075 decisions p50=731ms
[08:49:58] t=1617 ALARM 敌军逼近 -> counter 5 vs 4 -> [84, 110]
[08:49:58] {"kind": "action", "what": "attack_move", "name": null, "qty": null, "ts": "08:49:58"}
[08:50:05] t=1623 jev INF E2 HOLD (预算保护 gate=False e2=0)
[08:50:06] t=1625 jev INF E2 HOLD (预算保护 gate=False e2=0)
[08:50:06] t=1625 MOVE assault x1 -> (73,120)
[08:50:06] {"kind": "action", "what": "attack_move", "name": null, "qty": null, "ts": "08:50:06"}
[08:50:09] t=1628 jev INF E2 HOLD (预算保护 gate=False e2=0)
[08:50:18] t=1637 MOVE assault x1 -> (73,120); guard x2 -> (73,120)
[08:50:18] {"kind": "action", "what": "attack_move", "name": null, "qty": null, "ts": "08:50:18"}
[08:50:18] {"kind": "action", "what": "attack_move", "name": null, "qty": null, "ts": "08:50:18"}
[08:50:19] t=1638 ALARM 单位损失 -> counter 4 vs 2 -> [70, 117]
[08:50:19] {"kind": "action", "what": "attack_move", "name": null, "qty": null, "ts": "08:50:19"}
[08:50:32] t=1650 MOVE assault x1 -> (73,120)
[08:50:32] {"kind": "action", "what": "attack_move", "name": null, "qty": null, "ts": "08:50:32"}
[08:50:33] t=1652 tick#1100 credits=0 stance=defend | jev 1100 decisions p50=731ms
[08:50:44] t=1662 MOVE assault x1 -> (73,120)
[08:50:44] {"kind": "action", "what": "attack_move", "name": null, "qty": null, "ts": "08:50:44"}
[08:50:50] t=1668 MOVE guard x2 -> (73,120)
[08:50:50] {"kind": "action", "what": "attack_move", "name": null, "qty": null, "ts": "08:50:50"}
[08:50:57] t=1676 jev INF SHK HOLD (预算保护 gate=False e2=0)
[08:50:57] t=1676 MOVE assault x1 -> (73,120)
[08:50:57] {"kind": "action", "what": "attack_move", "name": null, "qty": null, "ts": "08:50:57"}
[08:51:09] t=1688 MOVE assault x1 -> (73,120)
[08:51:09] {"kind": "action", "what": "attack_move", "name": null, "qty": null, "ts": "08:51:09"}
[08:51:11] t=1689 tick#1125 credits=0 stance=defend | jev 1125 decisions p50=730ms
[08:51:20] t=1698 MOVE guard x2 -> (73,120)
[08:51:20] {"kind": "action", "what": "attack_move", "name": null, "qty": null, "ts": "08:51:20"}
[08:51:20] t=1700 SCOUT #1124->[12, 100] (visit 7)
[08:51:20] {"kind": "action", "what": "attack_move", "name": null, "qty": null, "ts": "08:51:20"}
[08:51:21] t=1700 MOVE assault x1 -> (73,120)
[08:51:21] {"kind": "action", "what": "attack_move", "name": null, "qty": null, "ts": "08:51:21"}
[08:51:34] t=1712 MOVE assault x1 -> (73,120)
[08:51:34] {"kind": "action", "what": "attack_move", "name": null, "qty": null, "ts": "08:51:34"}
[08:51:47] t=1725 MOVE assault x1 -> (73,120)
[08:51:47] {"kind": "action", "what": "attack_move", "name": null, "qty": null, "ts": "08:51:47"}
[08:51:48] t=1727 tick#1150 credits=0 stance=defend | jev 1150 decisions p50=730ms
[08:51:50] t=1728 MOVE guard x2 -> (73,120)
[08:51:50] {"kind": "action", "what": "attack_move", "name": null, "qty": null, "ts": "08:51:50"}
[08:51:57] t=1736 jev VEH DRON (conf 0.40)
[08:51:57] {"kind": "action", "what": "produce", "name": "DRON", "qty": 1, "ts": "08:51:57"}
[08:51:59] t=1737 jev INF DOG (conf 0.16)
[08:51:59] {"kind": "action", "what": "produce", "name": "DOG", "qty": 1, "ts": "08:51:59"}
[08:51:59] t=1737 MOVE assault x2 -> (73,120)
[08:51:59] {"kind": "action", "what": "attack_move", "name": null, "qty": null, "ts": "08:51:59"}
[08:52:00] t=1739 jev BUILD NAREFN HOLD (资金闸门: 坦克优先, cash=37)
[08:52:11] t=1749 MOVE assault x2 -> (73,120)
[08:52:11] {"kind": "action", "what": "attack_move", "name": null, "qty": null, "ts": "08:52:11"}
[08:52:21] t=1760 MOVE guard x2 -> (73,120)
[08:52:22] {"kind": "action", "what": "attack_move", "name": null, "qty": null, "ts": "08:52:22"}
[08:52:24] t=1763 MOVE assault x2 -> (73,120)
[08:52:24] {"kind": "action", "what": "attack_move", "name": null, "qty": null, "ts": "08:52:24"}
[08:52:26] t=1764 tick#1175 credits=0 stance=defend | jev 1175 decisions p50=730ms
[08:52:36] t=1775 MOVE assault x2 -> (73,120)
[08:52:37] {"kind": "action", "what": "attack_move", "name": null, "qty": null, "ts": "08:52:37"}
[08:52:45] t=1784 jev BUILD NAREFN HOLD (资金闸门: 坦克优先, cash=45)
[08:52:50] t=1788 MOVE assault x2 -> (73,120)
[08:52:50] {"kind": "action", "what": "attack_move", "name": null, "qty": null, "ts": "08:52:50"}
[08:52:53] t=1791 MOVE guard x2 -> (73,120)
[08:52:53] {"kind": "action", "what": "attack_move", "name": null, "qty": null, "ts": "08:52:53"}
[08:53:02] t=1800 MOVE assault x2 -> (73,120)
[08:53:02] {"kind": "action", "what": "attack_move", "name": null, "qty": null, "ts": "08:53:02"}
[08:53:03] t=1802 tick#1200 credits=0 stance=defend | jev 1200 decisions p50=730ms
[08:53:04] jev budget exhausted: max calls reached: 1200 (继续纯确定性运行)
[08:53:15] t=1814 MOVE assault x2 -> (73,120)
[08:53:15] {"kind": "action", "what": "attack_move", "name": null, "qty": null, "ts": "08:53:15"}
[08:53:24] t=1823 MOVE guard x2 -> (73,120)
[08:53:24] {"kind": "action", "what": "attack_move", "name": null, "qty": null, "ts": "08:53:24"}
[08:53:27] t=1826 MOVE assault x2 -> (73,120)
[08:53:27] {"kind": "action", "what": "attack_move", "name": null, "qty": null, "ts": "08:53:27"}
[08:53:39] t=1838 MOVE assault x2 -> (73,120)
[08:53:39] {"kind": "action", "what": "attack_move", "name": null, "qty": null, "ts": "08:53:39"}
[08:53:40] t=1839 tick#1225 credits=0 stance=defend | jev 1200 decisions p50=730ms
[08:53:51] t=1850 SCOUT #1124->[12, 12] (visit 7)
[08:53:51] {"kind": "action", "what": "attack_move", "name": null, "qty": null, "ts": "08:53:51"}
[08:53:51] t=1850 MOVE assault x2 -> (73,120)
[08:53:51] {"kind": "action", "what": "attack_move", "name": null, "qty": null, "ts": "08:53:51"}
[08:53:54] t=1853 MOVE guard x2 -> (73,120)
[08:53:54] {"kind": "action", "what": "attack_move", "name": null, "qty": null, "ts": "08:53:54"}
[08:54:04] t=1864 MOVE assault x2 -> (73,120)
[08:54:04] {"kind": "action", "what": "attack_move", "name": null, "qty": null, "ts": "08:54:04"}
[08:54:16] t=1876 MOVE assault x2 -> (73,120)
[08:54:16] {"kind": "action", "what": "attack_move", "name": null, "qty": null, "ts": "08:54:16"}
[08:54:18] t=1877 tick#1250 credits=0 stance=defend | jev 1200 decisions p50=730ms
[08:54:24] t=1883 MOVE guard x2 -> (73,120)
[08:54:24] {"kind": "action", "what": "attack_move", "name": null, "qty": null, "ts": "08:54:24"}
[08:54:28] t=1888 MOVE assault x2 -> (73,120)
[08:54:28] {"kind": "action", "what": "attack_move", "name": null, "qty": null, "ts": "08:54:28"}
[08:54:40] t=1900 MOVE assault x3 -> (73,120)
[08:54:40] {"kind": "action", "what": "attack_move", "name": null, "qty": null, "ts": "08:54:40"}
[08:54:52] t=1912 MOVE assault x3 -> (73,120)
[08:54:52] {"kind": "action", "what": "attack_move", "name": null, "qty": null, "ts": "08:54:52"}
[08:54:54] t=1913 MOVE guard x2 -> (73,120)
[08:54:54] {"kind": "action", "what": "attack_move", "name": null, "qty": null, "ts": "08:54:54"}
[08:54:55] t=1915 tick#1275 credits=63 stance=defend | jev 1200 decisions p50=730ms
[08:55:04] t=1924 MOVE assault x3 -> (73,120)
[08:55:04] {"kind": "action", "what": "attack_move", "name": null, "qty": null, "ts": "08:55:04"}
[08:55:16] t=1936 MOVE assault x3 -> (73,120)
[08:55:16] {"kind": "action", "what": "attack_move", "name": null, "qty": null, "ts": "08:55:16"}
[08:55:24] t=1943 MOVE guard x2 -> (73,120)
[08:55:24] {"kind": "action", "what": "attack_move", "name": null, "qty": null, "ts": "08:55:24"}
[08:55:28] t=1948 MOVE assault x3 -> (73,120)
[08:55:28] {"kind": "action", "what": "attack_move", "name": null, "qty": null, "ts": "08:55:28"}
[08:55:33] t=1952 tick#1300 credits=63 stance=defend | jev 1200 decisions p50=730ms
[08:55:40] t=1960 MOVE assault x3 -> (73,120)
[08:55:40] {"kind": "action", "what": "attack_move", "name": null, "qty": null, "ts": "08:55:40"}
[08:55:52] t=1972 MOVE assault x3 -> (73,120)
[08:55:52] {"kind": "action", "what": "attack_move", "name": null, "qty": null, "ts": "08:55:52"}
[08:55:54] t=1973 MOVE guard x2 -> (73,120)
[08:55:54] {"kind": "action", "what": "attack_move", "name": null, "qty": null, "ts": "08:55:54"}
[08:56:04] t=1984 MOVE assault x3 -> (73,120)
[08:56:04] {"kind": "action", "what": "attack_move", "name": null, "qty": null, "ts": "08:56:04"}
[08:56:10] t=1990 tick#1325 credits=288 stance=defend | jev 1200 decisions p50=730ms
[08:56:16] t=1996 MOVE assault x3 -> (73,120)
[08:56:16] {"kind": "action", "what": "attack_move", "name": null, "qty": null, "ts": "08:56:16"}
[08:56:21] t=2000 SCOUT #1124->[188, 12] (visit 7)
[08:56:21] {"kind": "action", "what": "attack_move", "name": null, "qty": null, "ts": "08:56:21"}
[08:56:24] t=2003 MOVE guard x2 -> (73,120)
[08:56:24] {"kind": "action", "what": "attack_move", "name": null, "qty": null, "ts": "08:56:24"}
[08:56:28] t=2008 MOVE assault x3 -> (73,120)
[08:56:28] {"kind": "action", "what": "attack_move", "name": null, "qty": null, "ts": "08:56:28"}
[08:56:36] t=2015 ALARM 单位损失 -> TURTLE (6 v 16, 守塔阵不打野战)
[08:56:36] {"kind": "action", "what": "attack_move", "name": null, "qty": null, "ts": "08:56:36"}
[08:56:45] t=2024 ALARM 敌军逼近 -> TURTLE (6 v 15, 守塔阵不打野战)
[08:56:45] {"kind": "action", "what": "attack_move", "name": null, "qty": null, "ts": "08:56:45"}
[08:56:48] t=2027 RETREAT HTK(12%)
[08:56:48] {"kind": "action", "what": "move", "name": null, "qty": null, "ts": "08:56:48"}
[08:56:48] t=2027 tick#1350 credits=438 stance=defend | jev 1200 decisions p50=730ms
[08:56:52] t=2031 RETREAT HTK(18%)
[08:56:52] {"kind": "action", "what": "move", "name": null, "qty": null, "ts": "08:56:52"}
[08:56:54] t=2033 ALARM 敌军逼近 -> TURTLE (3 v 13, 守塔阵不打野战)
[08:56:54] {"kind": "action", "what": "attack_move", "name": null, "qty": null, "ts": "08:56:54"}
[08:56:54] t=2033 RETREAT DOG(37%)
[08:56:54] {"kind": "action", "what": "move", "name": null, "qty": null, "ts": "08:56:54"}
[08:56:58] t=2037 RETREAT HTNK(28%)
[08:56:58] {"kind": "action", "what": "move", "name": null, "qty": null, "ts": "08:56:58"}
[08:57:01] t=2040 RETREAT HTNK(30%)
[08:57:01] {"kind": "action", "what": "move", "name": null, "qty": null, "ts": "08:57:01"}
[08:57:03] t=2042 ALARM 单位损失 -> TURTLE (1 v 13, 守塔阵不打野战)
[08:57:03] {"kind": "action", "what": "attack_move", "name": null, "qty": null, "ts": "08:57:03"}
[08:57:07] t=2046 OPENING BUILD NAREFN
[08:57:07] {"kind": "action", "what": "produce", "name": "NAREFN", "qty": 1, "ts": "08:57:07"}
[08:57:25] t=2064 tick#1375 credits=4 stance=defend | jev 1200 decisions p50=730ms
[08:57:37] t=2076 ALARM 敌军逼近 -> TURTLE (4 v 11, 守塔阵不打野战)
[08:57:37] {"kind": "action", "what": "attack_move", "name": null, "qty": null, "ts": "08:57:37"}
[08:57:39] t=2078 RETREAT E2(10%)
[08:57:39] {"kind": "action", "what": "move", "name": null, "qty": null, "ts": "08:57:39"}
[08:57:45] t=2084 RETREAT E2(23%)
[08:57:45] {"kind": "action", "what": "move", "name": null, "qty": null, "ts": "08:57:45"}
[08:58:00] t=2099 ALARM 苏联建造场被攻击 -> TURTLE (1 v 11, 守塔阵不打野战)
[08:58:00] {"kind": "action", "what": "attack_move", "name": null, "qty": null, "ts": "08:58:00"}
[08:58:03] t=2102 tick#1400 credits=0 stance=defend | jev 1200 decisions p50=730ms
[08:58:10] t=2109 ALARM 磁能反应炉被攻击 -> TURTLE (5 v 10, 守塔阵不打野战)
[08:58:19] t=2118 ALARM 单位损失 -> TURTLE (1 v 11, 守塔阵不打野战)
[08:58:41] t=2139 tick#1425 credits=403 stance=defend | jev 1200 decisions p50=730ms
[08:59:18] t=2177 tick#1450 credits=332 stance=defend | jev 1200 decisions p50=730ms
[08:59:56] t=2215 tick#1475 credits=311 stance=defend | jev 1200 decisions p50=730ms
[09:00:33] t=2252 tick#1500 credits=277 stance=defend | jev 1200 decisions p50=730ms
[09:01:11] t=2290 tick#1525 credits=248 stance=defend | jev 1200 decisions p50=730ms
[09:01:48] t=2327 tick#1550 credits=248 stance=defend | jev 1200 decisions p50=730ms
[09:02:26] t=2365 tick#1575 credits=248 stance=defend | jev 1200 decisions p50=730ms
[2026-09-28 09:02:51] {"kind": "report", "result": "defeat", "t": 2390, "ticks": 1592, "crisis_ticks": 579, "stance": "defend", "jev": {"decisions": 1200, "errors": 0, "input_tokens": 3592133, "output_tokens": 287826, "p50_ms": 730, "p95_ms": 797}, "enemy_base": null, "ts": "2026-09-28 09:02:51"}
[09:02:52] REVIEW game#31 defeat → game-0031-review.md | changes=0
{
  "result": "defeat",
  "t": 2390,
  "ticks": 1592,
  "crisis_ticks": 579,
  "stance": "defend",
  "jev": {
    "decisions": 1200,
    "errors": 0,
    "input_tokens": 3592133,
    "output_tokens": 287826,
    "p50_ms": 730,
    "p95_ms": 797
  },
  "enemy_base": null,
  "ts": "2026-09-28 09:02:51",
  "review": {
    "game_no": 31,
    "rootcause": "no_target",
    "auto_tuned": 0
  }
}
