Exception in thread Thread-1 (_readerthread):
Traceback (most recent call last):
  File "C:\Users\15652\AppData\Roaming\uv\python\cpython-3.12.10-windows-x86_64-none\Lib\threading.py", line 1075, in _bootstrap_inner
    self.run()
  File "C:\Users\15652\AppData\Roaming\uv\python\cpython-3.12.10-windows-x86_64-none\Lib\threading.py", line 1012, in run
    self._target(*self._args, **self._kwargs)
  File "C:\Users\15652\AppData\Roaming\uv\python\cpython-3.12.10-windows-x86_64-none\Lib\subprocess.py", line 1599, in _readerthread
    buffer.append(fh.read())
                  ^^^^^^^^^
  File "<frozen codecs>", line 322, in decode
UnicodeDecodeError: 'utf-8' codec can't decode byte 0xd0 in position 0: invalid continuation byte
[20:03:42] 进局中(全自动)...
[20:06:01] {"kind": "start", "policy": "ra2web-jev-player/1.0", "maxDecisions": 1200, "micro": {"events": [{"kind": "micro", "t": 0, "what": "start"}], "loopN": 1, "on": true, "outcome": null, "stall": false}, "ts": "20:06:01"}
[20:06:01] === ra2web-jev-player start (tick=1.5s, max_decisions=1200) ===
[20:06:01] t=0 DEPLOY mcv
[20:06:01] {"kind": "action", "what": "deploy", "ids": [1042], "ts": "20:06:01"}
[20:06:01] {"kind": "action", "what": "deploy", "name": null, "qty": null, "ts": "20:06:01"}
[20:06:03] t=2 DEPLOY mcv
[20:06:03] {"kind": "action", "what": "deploy", "ids": [1042], "ts": "20:06:03"}
[20:06:03] {"kind": "action", "what": "deploy", "name": null, "qty": null, "ts": "20:06:03"}
[20:06:04] t=3 POWER plant (reserve 0)
[20:06:04] {"kind": "action", "what": "produce", "name": "NAPOWR", "qty": 1, "ts": "20:06:04"}
[20:06:05] t=3 jev STANCE defend->develop (conf 0.91)
[20:06:33] t=32 OPENING BUILD NAREFN
[20:06:33] {"kind": "action", "what": "produce", "name": "NAREFN", "qty": 1, "ts": "20:06:33"}
[20:06:38] t=37 tick#25 credits=9293 stance=develop | jev 25 decisions p50=826ms
[20:07:16] t=74 tick#50 credits=8386 stance=develop | jev 50 decisions p50=821ms
[20:07:53] t=112 tick#75 credits=7479 stance=develop | jev 75 decisions p50=813ms
[20:07:59] t=118 OPENING BUILD NAHAND
[20:07:59] {"kind": "action", "what": "produce", "name": "NAHAND", "qty": 1, "ts": "20:07:59"}
[20:08:18] t=137 DEFLINE NALASR (have 0)
[20:08:18] {"kind": "action", "what": "produce", "name": "NALASR", "qty": 1, "ts": "20:08:18"}
[20:08:18] t=137 OPENING BUILD NAWEAP
[20:08:18] {"kind": "action", "what": "produce", "name": "NAWEAP", "qty": 1, "ts": "20:08:18"}
[20:08:19] t=137 jev INF DOG (conf 0.31)
[20:08:19] {"kind": "action", "what": "produce", "name": "DOG", "qty": 1, "ts": "20:08:19"}
[20:08:27] t=146 SCOUT dog->mirror [66, 121]
[20:08:27] {"kind": "action", "what": "attack_move", "name": null, "qty": null, "ts": "20:08:27"}
[20:08:31] t=149 tick#100 credits=6083 stance=develop | jev 100 decisions p50=813ms
[20:09:07] t=185 jev INF DOG (conf 0.21)
[20:09:07] {"kind": "action", "what": "produce", "name": "DOG", "qty": 1, "ts": "20:09:07"}
[20:09:08] t=187 tick#125 credits=4995 stance=develop | jev 125 decisions p50=813ms
[20:09:16] t=194 jev INF DOG (conf 0.32)
[20:09:16] {"kind": "action", "what": "produce", "name": "DOG", "qty": 1, "ts": "20:09:16"}
[20:09:25] t=203 jev INF DOG (conf 0.23)
[20:09:25] {"kind": "action", "what": "produce", "name": "DOG", "qty": 1, "ts": "20:09:25"}
[20:09:33] t=212 ENEMY BASE spotted @[71, 114]
[20:09:35] t=214 jev INF E2 (conf 0.16)
[20:09:35] {"kind": "action", "what": "produce", "name": "E2", "qty": 1, "ts": "20:09:35"}
[20:09:40] t=218 jev INF E2 (conf 0.18)
[20:09:40] {"kind": "action", "what": "produce", "name": "E2", "qty": 1, "ts": "20:09:40"}
[20:09:40] t=218 MOVE assault x1 -> (70,117)
[20:09:40] {"kind": "action", "what": "attack_move", "name": null, "qty": null, "ts": "20:09:40"}
[20:09:45] t=224 ECON harv#2
[20:09:45] t=224 TANK HTNK x2
[20:09:45] {"kind": "action", "what": "produce", "name": "HARV", "qty": 1, "ts": "20:09:45"}
[20:09:45] {"kind": "action", "what": "produce", "name": "HTNK", "qty": 2, "ts": "20:09:45"}
[20:09:46] t=224 jev BUILD NAREFN (conf 0.24)
[20:09:46] {"kind": "action", "what": "produce", "name": "NAREFN", "qty": 1, "ts": "20:09:46"}
[20:09:46] t=224 tick#150 credits=3420 stance=develop | jev 150 decisions p50=815ms
[20:09:47] t=226 INSURE AA building
[20:09:47] {"kind": "action", "what": "produce", "name": "NAFLAK", "qty": 1, "ts": "20:09:47"}
[20:09:48] t=226 jev INF SHK (conf 0.11)
[20:09:48] {"kind": "action", "what": "produce", "name": "SHK", "qty": 1, "ts": "20:09:48"}
[20:09:52] t=230 MOVE assault x2 -> (70,117)
[20:09:52] {"kind": "action", "what": "attack_move", "name": null, "qty": null, "ts": "20:09:52"}
[20:09:56] t=235 ALARM 单位损失 -> TURTLE (5 v 12, 守塔阵不打野战)
[20:09:56] {"kind": "action", "what": "attack_move", "name": null, "qty": null, "ts": "20:09:56"}
[20:10:05] t=244 ALARM 敌军逼近 -> TURTLE (5 v 13, 守塔阵不打野战)
[20:10:05] {"kind": "action", "what": "attack_move", "name": null, "qty": null, "ts": "20:10:05"}
[20:10:07] t=245 jev INF E2 (conf 0.22)
[20:10:07] {"kind": "action", "what": "produce", "name": "E2", "qty": 1, "ts": "20:10:07"}
[20:10:13] t=251 MOVE assault x3 -> (70,117)
[20:10:13] {"kind": "action", "what": "attack_move", "name": null, "qty": null, "ts": "20:10:13"}
[20:10:18] t=256 jev INF E2 (conf 0.13)
[20:10:18] {"kind": "action", "what": "produce", "name": "E2", "qty": 1, "ts": "20:10:18"}
[20:10:24] t=263 tick#175 credits=2243 stance=defend | jev 175 decisions p50=826ms
[20:10:26] t=264 MOVE assault x4 -> (70,117)
[20:10:26] {"kind": "action", "what": "attack_move", "name": null, "qty": null, "ts": "20:10:26"}
[20:10:27] t=266 jev INF E2 (conf 0.12)
[20:10:27] {"kind": "action", "what": "produce", "name": "E2", "qty": 1, "ts": "20:10:27"}
[20:10:33] t=272 MOVE reserve x1 -> (134,87)
[20:10:33] {"kind": "action", "what": "attack_move", "name": null, "qty": null, "ts": "20:10:33"}
[20:10:35] t=273 jev INF E2 (conf 0.16)
[20:10:35] {"kind": "action", "what": "produce", "name": "E2", "qty": 1, "ts": "20:10:35"}
[20:10:38] t=276 MOVE assault x4 -> (70,117)
[20:10:38] {"kind": "action", "what": "attack_move", "name": null, "qty": null, "ts": "20:10:38"}
[20:10:41] t=279 jev INF E2 (conf 0.18)
[20:10:41] {"kind": "action", "what": "produce", "name": "E2", "qty": 1, "ts": "20:10:41"}
[20:10:47] t=285 jev INF E2 HOLD (预算保护 gate=False e2=6)
[20:10:48] t=287 jev INF E2 HOLD (预算保护 gate=False e2=6)
[20:10:50] t=288 jev INF E2 HOLD (预算保护 gate=False e2=6)
[20:10:50] t=288 MOVE assault x4 -> (70,117)
[20:10:50] {"kind": "action", "what": "attack_move", "name": null, "qty": null, "ts": "20:10:50"}
[20:10:51] t=290 jev INF E2 HOLD (预算保护 gate=False e2=6)
[20:10:53] t=291 jev INF E2 HOLD (预算保护 gate=False e2=6)
[20:10:55] t=293 jev INF E2 HOLD (预算保护 gate=False e2=6)
[20:10:56] t=294 jev INF E2 HOLD (预算保护 gate=False e2=6)
[20:10:57] t=296 jev INF E2 HOLD (预算保护 gate=False e2=6)
[20:10:59] t=297 jev INF E2 HOLD (预算保护 gate=False e2=6)
[20:11:00] t=299 jev INF E2 HOLD (预算保护 gate=False e2=6)
[20:11:02] t=300 tick#200 credits=66 stance=defend | jev 200 decisions p50=850ms
[20:11:03] t=302 MOVE assault x4 -> (70,117)
[20:11:03] {"kind": "action", "what": "attack_move", "name": null, "qty": null, "ts": "20:11:03"}
[20:11:16] t=314 MOVE assault x4 -> (70,117)
[20:11:16] {"kind": "action", "what": "attack_move", "name": null, "qty": null, "ts": "20:11:16"}
[20:11:29] t=327 MOVE assault x4 -> (70,117)
[20:11:29] {"kind": "action", "what": "attack_move", "name": null, "qty": null, "ts": "20:11:29"}
[20:11:33] t=332 MOVE reserve x3 -> (134,87)
[20:11:33] {"kind": "action", "what": "attack_move", "name": null, "qty": null, "ts": "20:11:33"}
[20:11:39] t=338 tick#225 credits=0 stance=defend | jev 225 decisions p50=894ms
[20:11:41] t=339 MOVE assault x4 -> (70,117)
[20:11:41] {"kind": "action", "what": "attack_move", "name": null, "qty": null, "ts": "20:11:41"}
[20:11:53] t=351 MOVE assault x4 -> (70,117)
[20:11:53] {"kind": "action", "what": "attack_move", "name": null, "qty": null, "ts": "20:11:53"}
[20:12:06] t=365 MOVE assault x4 -> (70,117)
[20:12:06] {"kind": "action", "what": "attack_move", "name": null, "qty": null, "ts": "20:12:06"}
[20:12:17] t=375 tick#250 credits=0 stance=defend | jev 250 decisions p50=919ms
[20:12:19] t=377 MOVE assault x4 -> (70,117)
[20:12:19] {"kind": "action", "what": "attack_move", "name": null, "qty": null, "ts": "20:12:19"}
[20:12:26] t=386 RETREAT E2(30%)
[20:12:26] {"kind": "action", "what": "move", "name": null, "qty": null, "ts": "20:12:26"}
[20:12:28] t=386 jev INF E2 (conf 0.10)
[20:12:28] {"kind": "action", "what": "produce", "name": "E2", "qty": 1, "ts": "20:12:28"}
[20:12:28] t=387 ALARM 单位损失 -> TURTLE (9 v 20, 守塔阵不打野战)
[20:12:28] {"kind": "action", "what": "attack_move", "name": null, "qty": null, "ts": "20:12:28"}
[20:12:32] t=392 POWER plant (reserve -35)
[20:12:32] {"kind": "action", "what": "produce", "name": "NAPOWR", "qty": 1, "ts": "20:12:32"}
[20:12:33] t=392 jev INF SHK (conf 0.11)
[20:12:33] {"kind": "action", "what": "produce", "name": "SHK", "qty": 1, "ts": "20:12:33"}
[20:12:36] t=395 MOVE assault x4 -> (70,117); reserve x3 -> (134,87)
[20:12:36] {"kind": "action", "what": "attack_move", "name": null, "qty": null, "ts": "20:12:36"}
[20:12:36] {"kind": "action", "what": "attack_move", "name": null, "qty": null, "ts": "20:12:36"}
[20:12:44] t=404 RETREAT E2(37%)
[20:12:44] {"kind": "action", "what": "move", "name": null, "qty": null, "ts": "20:12:44"}
[20:12:50] t=408 MOVE assault x4 -> (70,117)
[20:12:50] {"kind": "action", "what": "attack_move", "name": null, "qty": null, "ts": "20:12:50"}
[20:12:52] t=411 ALARM 单位损失 -> TURTLE (10 v 22, 守塔阵不打野战)
[20:12:52] {"kind": "action", "what": "attack_move", "name": null, "qty": null, "ts": "20:12:52"}
[20:12:54] t=413 tick#275 credits=1035 stance=defend | jev 275 decisions p50=933ms
[20:12:55] t=414 RETREAT E2(38%)
[20:12:55] {"kind": "action", "what": "move", "name": null, "qty": null, "ts": "20:12:55"}
[20:13:02] t=422 RETREAT E2(27%)
[20:13:02] {"kind": "action", "what": "move", "name": null, "qty": null, "ts": "20:13:02"}
[20:13:04] t=422 MOVE assault x4 -> (70,117)
[20:13:04] {"kind": "action", "what": "attack_move", "name": null, "qty": null, "ts": "20:13:04"}
[20:13:05] t=425 ALARM 单位损失 -> TURTLE (8 v 21, 守塔阵不打野战)
[20:13:05] {"kind": "action", "what": "attack_move", "name": null, "qty": null, "ts": "20:13:05"}
[20:13:16] t=434 jev INF SHK (conf 0.09)
[20:13:16] {"kind": "action", "what": "produce", "name": "SHK", "qty": 1, "ts": "20:13:16"}
[20:13:17] t=435 MOVE assault x4 -> (70,117)
[20:13:17] {"kind": "action", "what": "attack_move", "name": null, "qty": null, "ts": "20:13:17"}
[20:13:25] t=443 jev BUILD NAPOWR (conf 0.41)
[20:13:25] {"kind": "action", "what": "produce", "name": "NAPOWR", "qty": 1, "ts": "20:13:25"}
[20:13:29] t=447 MOVE assault x4 -> (70,117)
[20:13:29] {"kind": "action", "what": "attack_move", "name": null, "qty": null, "ts": "20:13:29"}
[20:13:32] t=450 tick#300 credits=1630 stance=defend | jev 300 decisions p50=937ms
[20:13:37] t=455 MOVE reserve x1 -> (134,87)
[20:13:37] {"kind": "action", "what": "attack_move", "name": null, "qty": null, "ts": "20:13:37"}
[20:13:39] t=458 jev INF E2 (conf 0.14)
[20:13:39] {"kind": "action", "what": "produce", "name": "E2", "qty": 1, "ts": "20:13:39"}
[20:13:41] t=459 MOVE assault x4 -> (70,117)
[20:13:41] {"kind": "action", "what": "attack_move", "name": null, "qty": null, "ts": "20:13:41"}
[20:13:43] t=462 TANK HTNK x1
[20:13:43] {"kind": "action", "what": "produce", "name": "HTNK", "qty": 1, "ts": "20:13:43"}
[20:13:45] t=464 jev INF E2 (conf 0.15)
[20:13:46] {"kind": "action", "what": "produce", "name": "E2", "qty": 1, "ts": "20:13:46"}
[20:13:49] t=467 jev BUILD NAHAND HOLD (资金闸门: 坦克优先, cash=1134)
[20:13:50] t=468 jev BUILD NAHAND HOLD (资金闸门: 坦克优先, cash=1457)
[20:13:52] t=470 jev BUILD NAHAND HOLD (资金闸门: 坦克优先, cash=1415)
[20:13:52] t=470 jev INF E2 (conf 0.09)
[20:13:52] {"kind": "action", "what": "produce", "name": "E2", "qty": 1, "ts": "20:13:52"}
[20:13:52] t=470 MOVE hold_a x2 -> (132,92); hold_b x2 -> (121,73)
[20:13:52] {"kind": "action", "what": "attack_move", "name": null, "qty": null, "ts": "20:13:52"}
[20:13:52] {"kind": "action", "what": "attack_move", "name": null, "qty": null, "ts": "20:13:52"}
[20:13:53] t=471 jev BUILD NAHAND HOLD (资金闸门: 坦克优先, cash=1369)
[20:13:54] t=473 jev BUILD NAHAND HOLD (资金闸门: 坦克优先, cash=1293)
[20:13:54] t=473 MOVE assault x5 -> (70,117)
[20:13:54] {"kind": "action", "what": "attack_move", "name": null, "qty": null, "ts": "20:13:54"}
[20:13:56] t=474 jev BUILD NAHAND HOLD (资金闸门: 坦克优先, cash=1219)
[20:13:58] t=476 jev BUILD NAHAND HOLD (资金闸门: 坦克优先, cash=1174)
[20:13:58] t=476 jev INF E2 (conf 0.14)
[20:13:58] {"kind": "action", "what": "produce", "name": "E2", "qty": 1, "ts": "20:13:58"}
[20:13:59] t=477 jev BUILD NAHAND HOLD (资金闸门: 坦克优先, cash=1129)
[20:14:00] t=479 jev BUILD NAHAND HOLD (资金闸门: 坦克优先, cash=1053)
[20:14:02] t=480 jev BUILD NAHAND HOLD (资金闸门: 坦克优先, cash=979)
[20:14:03] t=482 jev BUILD NAHAND HOLD (资金闸门: 坦克优先, cash=934)
[20:14:05] t=483 jev BUILD NAHAND HOLD (资金闸门: 坦克优先, cash=897)
[20:14:05] t=483 jev INF E2 HOLD (预算保护 gate=False e2=7)
[20:14:07] t=485 jev BUILD NAHAND HOLD (资金闸门: 坦克优先, cash=859)
[20:14:07] t=485 MOVE assault x5 -> (70,117)
[20:14:07] {"kind": "action", "what": "attack_move", "name": null, "qty": null, "ts": "20:14:07"}
[20:14:08] t=486 jev BUILD NAHAND HOLD (资金闸门: 坦克优先, cash=822)
[20:14:10] t=488 jev BUILD NAHAND HOLD (资金闸门: 坦克优先, cash=784)
[20:14:10] t=488 tick#325 credits=784 stance=defend | jev 325 decisions p50=947ms
[20:14:11] t=489 jev BUILD NAHAND HOLD (资金闸门: 坦克优先, cash=747)
[20:14:12] t=491 jev BUILD NAHAND HOLD (资金闸门: 坦克优先, cash=709)
[20:14:14] t=492 jev BUILD NAHAND HOLD (资金闸门: 坦克优先, cash=672)
[20:14:15] t=494 jev BUILD NAHAND HOLD (资金闸门: 坦克优先, cash=634)
[20:14:17] t=495 jev BUILD NAHAND HOLD (资金闸门: 坦克优先, cash=597)
[20:14:19] t=497 jev BUILD NAHAND HOLD (资金闸门: 坦克优先, cash=559)
[20:14:19] t=497 jev INF E2 HOLD (预算保护 gate=False e2=7)
[20:14:19] t=497 MOVE assault x5 -> (70,117)
[20:14:19] {"kind": "action", "what": "attack_move", "name": null, "qty": null, "ts": "20:14:19"}
[20:14:20] t=498 jev BUILD NAHAND HOLD (资金闸门: 坦克优先, cash=522)
[20:14:21] t=500 jev BUILD NAHAND HOLD (资金闸门: 坦克优先, cash=520)
[20:14:21] t=500 jev VEH HTNK (conf 0.34)
[20:14:22] {"kind": "action", "what": "produce", "name": "HTNK", "qty": 1, "ts": "20:14:22"}
[20:14:22] t=500 RUSH window (3 tanks)
[20:14:23] t=501 jev BUILD NAHAND HOLD (资金闸门: 坦克优先, cash=510)
[20:14:24] t=503 jev INF E2 HOLD (预算保护 gate=False e2=7)
[20:14:27] t=506 jev INF E2 HOLD (预算保护 gate=False e2=7)
[20:14:29] t=507 jev INF E2 HOLD (预算保护 gate=False e2=7)
[20:14:30] t=509 jev INF E2 HOLD (预算保护 gate=False e2=7)
[20:14:32] t=510 MOVE assault x6 -> (70,117)
[20:14:32] {"kind": "action", "what": "attack_move", "name": null, "qty": null, "ts": "20:14:32"}
[20:14:34] t=512 jev BUILD NAHAND HOLD (资金闸门: 坦克优先, cash=247)
[20:14:37] t=515 jev BUILD NAHAND HOLD (资金闸门: 坦克优先, cash=172)
[20:14:37] t=515 MOVE reserve x1 -> (134,87)
[20:14:37] {"kind": "action", "what": "attack_move", "name": null, "qty": null, "ts": "20:14:37"}
[20:14:40] t=518 jev BUILD NAPOWR HOLD (资金闸门: 坦克优先, cash=97)
[20:14:41] t=519 jev BUILD NAHAND HOLD (资金闸门: 坦克优先, cash=60)
[20:14:43] t=521 jev BUILD NAHAND HOLD (资金闸门: 坦克优先, cash=22)
[20:14:43] t=521 jev INF SHK HOLD (预算保护 gate=False e2=7)
[20:14:45] t=524 MOVE assault x6 -> (70,117)
[20:14:46] {"kind": "action", "what": "attack_move", "name": null, "qty": null, "ts": "20:14:46"}
[20:14:47] t=525 tick#350 credits=0 stance=rush | jev 350 decisions p50=960ms
[20:14:53] t=531 MOVE hold_a x3 -> (132,92); hold_b x2 -> (121,73)
[20:14:53] {"kind": "action", "what": "attack_move", "name": null, "qty": null, "ts": "20:14:53"}
[20:14:53] {"kind": "action", "what": "attack_move", "name": null, "qty": null, "ts": "20:14:53"}
[20:14:59] t=537 MOVE assault x6 -> (70,117)
[20:14:59] {"kind": "action", "what": "attack_move", "name": null, "qty": null, "ts": "20:14:59"}
[20:14:59] t=539 RETREAT SHK(38%)
[20:15:00] {"kind": "action", "what": "move", "name": null, "qty": null, "ts": "20:15:00"}
[20:15:12] t=550 jev BUILD NAHAND HOLD (资金闸门: 坦克优先, cash=0)
[20:15:12] t=550 MOVE assault x6 -> (70,117)
[20:15:12] {"kind": "action", "what": "attack_move", "name": null, "qty": null, "ts": "20:15:12"}
[20:15:25] t=563 MOVE assault x6 -> (70,117)
[20:15:25] {"kind": "action", "what": "attack_move", "name": null, "qty": null, "ts": "20:15:25"}
[20:15:25] t=563 tick#375 credits=0 stance=rush | jev 375 decisions p50=969ms
[20:15:26] t=565 RETREAT HTNK(38%)
[20:15:26] {"kind": "action", "what": "move", "name": null, "qty": null, "ts": "20:15:26"}
[20:15:27] t=566 ALARM 单位损失 -> 攻势保持（塔阵守家, 前线 13 个单位继续进攻）
[20:15:32] t=571 RETREAT E2(27%)
[20:15:32] {"kind": "action", "what": "move", "name": null, "qty": null, "ts": "20:15:32"}
[20:15:33] t=572 ALARM 单位损失 -> 攻势保持（塔阵守家, 前线 12 个单位继续进攻）
[20:15:34] t=572 RECOVER (only 2 tanks)
[20:15:35] t=574 ALARM 单位损失 -> TURTLE (12 v 23, 守塔阵不打野战)
[20:15:35] {"kind": "action", "what": "attack_move", "name": null, "qty": null, "ts": "20:15:35"}
[20:15:39] t=578 RETREAT E2(20%)
[20:15:39] {"kind": "action", "what": "move", "name": null, "qty": null, "ts": "20:15:39"}
[20:15:40] t=578 jev BUILD NAHAND HOLD (资金闸门: 坦克优先, cash=1119)
[20:15:40] t=578 jev INF SHK (conf 0.10)
[20:15:40] {"kind": "action", "what": "produce", "name": "SHK", "qty": 1, "ts": "20:15:40"}
[20:15:42] t=580 jev BUILD NAHAND HOLD (资金闸门: 坦克优先, cash=1073)
[20:15:43] t=581 jev BUILD NAHAND HOLD (资金闸门: 坦克优先, cash=996)
[20:15:43] t=581 MOVE assault x5 -> (70,117); reserve x3 -> (134,87)
[20:15:43] {"kind": "action", "what": "attack_move", "name": null, "qty": null, "ts": "20:15:43"}
[20:15:43] {"kind": "action", "what": "attack_move", "name": null, "qty": null, "ts": "20:15:43"}
[20:15:45] t=583 jev BUILD NAHAND HOLD (资金闸门: 坦克优先, cash=915)
[20:15:46] t=584 jev BUILD NAHAND HOLD (资金闸门: 坦克优先, cash=838)
[20:15:48] t=586 jev BUILD NAHAND HOLD (资金闸门: 坦克优先, cash=756)
[20:15:49] t=587 jev BUILD NAHAND HOLD (资金闸门: 坦克优先, cash=680)
[20:15:51] t=589 jev BUILD NAHAND HOLD (资金闸门: 坦克优先, cash=598)
[20:15:52] t=590 jev BUILD NAHAND HOLD (资金闸门: 坦克优先, cash=521)
[20:15:55] t=593 jev VEH HTNK (conf 0.45)
[20:15:55] {"kind": "action", "what": "produce", "name": "HTNK", "qty": 1, "ts": "20:15:55"}
[20:15:55] t=593 RUSH window (3 tanks)
[20:15:55] t=593 MOVE assault x6 -> (70,117)
[20:15:55] {"kind": "action", "what": "attack_move", "name": null, "qty": null, "ts": "20:15:55"}
[20:16:00] t=598 MOVE hold_a x2 -> (132,92); hold_b x2 -> (121,73)
[20:16:00] {"kind": "action", "what": "attack_move", "name": null, "qty": null, "ts": "20:16:00"}
[20:16:00] {"kind": "action", "what": "attack_move", "name": null, "qty": null, "ts": "20:16:00"}
[20:16:01] t=599 jev INF E2 HOLD (预算保护 gate=False e2=4)
[20:16:03] t=601 tick#400 credits=82 stance=rush | jev 400 decisions p50=973ms
[20:16:03] t=602 RETREAT E2(31%)
[20:16:03] {"kind": "action", "what": "move", "name": null, "qty": null, "ts": "20:16:03"}
[20:16:06] t=604 jev BUILD NAREFN HOLD (资金闸门: 坦克优先, cash=7)
[20:16:07] t=605 MOVE assault x6 -> (70,117)
[20:16:07] {"kind": "action", "what": "attack_move", "name": null, "qty": null, "ts": "20:16:07"}
[20:16:08] t=607 ALARM 单位损失 -> 攻势保持（塔阵守家, 前线 12 个单位继续进攻）
[20:16:09] t=608 RETREAT HTNK(38%)
[20:16:09] {"kind": "action", "what": "move", "name": null, "qty": null, "ts": "20:16:09"}
[20:16:12] t=610 jev BUILD NAHAND HOLD (资金闸门: 坦克优先, cash=1100)
[20:16:12] t=610 jev INF SHK (conf 0.10)
[20:16:12] {"kind": "action", "what": "produce", "name": "SHK", "qty": 1, "ts": "20:16:12"}
[20:16:13] t=611 jev BUILD NAHAND HOLD (资金闸门: 坦克优先, cash=1052)
[20:16:15] t=613 jev BUILD NAHAND HOLD (资金闸门: 坦克优先, cash=970)
[20:16:16] t=614 jev BUILD NAHAND HOLD (资金闸门: 坦克优先, cash=893)
[20:16:17] t=616 ALARM 单位损失 -> 攻势保持（塔阵守家, 前线 11 个单位继续进攻）
[20:16:18] t=616 jev BUILD NAHAND HOLD (资金闸门: 坦克优先, cash=812)
[20:16:18] t=616 RECOVER (only 2 tanks)
[20:16:18] t=617 OPENING BUILD NAREFN
[20:16:18] {"kind": "action", "what": "produce", "name": "NAREFN", "qty": 1, "ts": "20:16:18"}
[20:16:19] t=617 jev STANCE recover->defend (conf 0.53)
[20:16:21] t=619 MOVE assault x5 -> (70,117)
[20:16:21] {"kind": "action", "what": "attack_move", "name": null, "qty": null, "ts": "20:16:21"}
[20:16:33] t=631 MOVE assault x5 -> (70,117)
[20:16:33] {"kind": "action", "what": "attack_move", "name": null, "qty": null, "ts": "20:16:33"}
[20:16:37] t=635 jev INF SHK HOLD (预算保护 gate=False e2=3)
[20:16:39] t=637 jev INF SHK HOLD (预算保护 gate=False e2=3)
[20:16:39] t=638 ALARM 单位损失 -> TURTLE (13 v 23, 守塔阵不打野战)
[20:16:39] {"kind": "action", "what": "attack_move", "name": null, "qty": null, "ts": "20:16:39"}
[20:16:40] t=638 jev INF E2 HOLD (预算保护 gate=False e2=3)
[20:16:40] t=638 jev VEH DRON (conf 0.35)
[20:16:40] {"kind": "action", "what": "produce", "name": "DRON", "qty": 1, "ts": "20:16:40"}
[20:16:40] t=638 tick#425 credits=645 stance=defend | jev 425 decisions p50=974ms
[20:16:45] t=643 jev INF E2 HOLD (预算保护 gate=False e2=3)
[20:16:46] t=644 jev INF E2 HOLD (预算保护 gate=False e2=3)
[20:16:48] t=646 jev INF E2 HOLD (预算保护 gate=False e2=3)
[20:16:48] t=646 MOVE assault x6 -> (70,117); reserve x3 -> (134,87)
[20:16:48] {"kind": "action", "what": "attack_move", "name": null, "qty": null, "ts": "20:16:48"}
[20:16:48] {"kind": "action", "what": "attack_move", "name": null, "qty": null, "ts": "20:16:48"}
[20:16:49] t=647 jev INF E2 HOLD (预算保护 gate=False e2=3)
[20:16:51] t=649 jev INF E2 HOLD (预算保护 gate=False e2=3)
[20:17:00] t=658 MOVE assault x6 -> (70,117)
[20:17:00] {"kind": "action", "what": "attack_move", "name": null, "qty": null, "ts": "20:17:00"}
[20:17:11] t=669 jev STANCE defend->rush (conf 0.45)
[20:17:12] t=671 MOVE assault x6 -> (70,117)
[20:17:12] {"kind": "action", "what": "attack_move", "name": null, "qty": null, "ts": "20:17:12"}
[20:17:18] t=677 tick#450 credits=0 stance=rush | jev 450 decisions p50=979ms
[20:17:25] t=683 MOVE assault x6 -> (70,117)
[20:17:25] {"kind": "action", "what": "attack_move", "name": null, "qty": null, "ts": "20:17:25"}
[20:17:32] t=692 RETREAT HTNK(32%)
[20:17:33] {"kind": "action", "what": "move", "name": null, "qty": null, "ts": "20:17:33"}
[20:17:37] t=695 SIM STALL (time frozen) - skip actions
[20:17:38] t=696 ALARM 单位损失 -> 攻势保持（塔阵守家, 前线 12 个单位继续进攻）
[20:17:39] t=696 RECOVER (only 2 tanks)
[20:17:39] t=696 MOVE assault x5 -> (70,117)
[20:17:39] {"kind": "action", "what": "attack_move", "name": null, "qty": null, "ts": "20:17:39"}
[20:17:41] t=699 jev STANCE recover->defend (conf 0.48)
[20:17:48] t=706 MOVE reserve x3 -> (134,87)
[20:17:48] {"kind": "action", "what": "attack_move", "name": null, "qty": null, "ts": "20:17:48"}
[20:17:51] t=709 MOVE assault x5 -> (70,117)
[20:17:51] {"kind": "action", "what": "attack_move", "name": null, "qty": null, "ts": "20:17:51"}
[20:17:53] t=712 RETREAT SHK(21%)
[20:17:53] {"kind": "action", "what": "move", "name": null, "qty": null, "ts": "20:17:53"}
[20:17:55] t=714 ALARM 单位损失 -> TURTLE (11 v 22, 守塔阵不打野战)
[20:17:55] {"kind": "action", "what": "attack_move", "name": null, "qty": null, "ts": "20:17:55"}
[20:17:56] t=714 tick#475 credits=0 stance=defend | jev 474 decisions p50=980ms
[20:18:03] t=721 MOVE assault x5 -> (70,117)
[20:18:03] {"kind": "action", "what": "attack_move", "name": null, "qty": null, "ts": "20:18:03"}
[20:18:11] t=729 jev INF DOG (conf 0.22)
[20:18:11] {"kind": "action", "what": "produce", "name": "DOG", "qty": 1, "ts": "20:18:11"}
[20:18:15] t=733 jev VEH HTNK (conf 0.35)
[20:18:15] {"kind": "action", "what": "produce", "name": "HTNK", "qty": 1, "ts": "20:18:15"}
[20:18:17] t=735 MOVE assault x6 -> (70,117)
[20:18:17] {"kind": "action", "what": "attack_move", "name": null, "qty": null, "ts": "20:18:17"}
[20:18:20] t=738 jev INF E2 HOLD (预算保护 gate=False e2=3)
[20:18:21] t=739 jev INF E2 HOLD (预算保护 gate=False e2=3)
[20:18:23] t=741 jev INF E2 HOLD (预算保护 gate=False e2=3)
[20:18:23] t=742 RETREAT HTNK(38%)
[20:18:23] {"kind": "action", "what": "move", "name": null, "qty": null, "ts": "20:18:23"}
[20:18:28] t=747 ALARM 单位损失 -> TURTLE (12 v 22, 守塔阵不打野战)
[20:18:28] {"kind": "action", "what": "attack_move", "name": null, "qty": null, "ts": "20:18:28"}
[20:18:29] t=747 jev INF E2 HOLD (预算保护 gate=False e2=3)
[20:18:29] t=748 RETREAT E2(35%)
[20:18:29] {"kind": "action", "what": "move", "name": null, "qty": null, "ts": "20:18:29"}
[20:18:33] t=751 tick#500 credits=0 stance=defend | jev 499 decisions p50=980ms
[20:18:36] t=754 MOVE assault x5 -> (70,117)
[20:18:36] {"kind": "action", "what": "attack_move", "name": null, "qty": null, "ts": "20:18:36"}
[20:18:50] t=768 MOVE assault x5 -> (70,117); reserve x1 -> (134,87)
[20:18:50] {"kind": "action", "what": "attack_move", "name": null, "qty": null, "ts": "20:18:50"}
[20:18:50] {"kind": "action", "what": "attack_move", "name": null, "qty": null, "ts": "20:18:50"}
[20:18:53] t=772 ALARM 单位损失 -> TURTLE (10 v 24, 守塔阵不打野战)
[20:18:53] {"kind": "action", "what": "attack_move", "name": null, "qty": null, "ts": "20:18:53"}
[20:18:57] t=775 jev INF E2 (conf 0.21)
[20:18:57] {"kind": "action", "what": "produce", "name": "E2", "qty": 1, "ts": "20:18:57"}
[20:19:02] t=780 MOVE assault x5 -> (70,117)
[20:19:02] {"kind": "action", "what": "attack_move", "name": null, "qty": null, "ts": "20:19:02"}
[20:19:03] t=781 jev INF E2 HOLD (预算保护 gate=False e2=3)
[20:19:06] t=784 jev INF E2 HOLD (预算保护 gate=False e2=3)
[20:19:08] t=786 jev INF E2 HOLD (预算保护 gate=False e2=3)
[20:19:09] t=787 jev INF E2 HOLD (预算保护 gate=False e2=3)
[20:19:11] t=789 tick#525 credits=317 stance=defend | jev 524 decisions p50=980ms
[20:19:13] t=792 ALARM 单位损失 -> TURTLE (10 v 27, 守塔阵不打野战)
[20:19:13] {"kind": "action", "what": "attack_move", "name": null, "qty": null, "ts": "20:19:13"}
[20:19:14] t=792 jev INF E2 HOLD (预算保护 gate=False e2=3)
[20:19:18] t=796 jev VEH HTNK (conf 0.38)
[20:19:18] {"kind": "action", "what": "produce", "name": "HTNK", "qty": 1, "ts": "20:19:18"}
[20:19:21] t=799 MOVE assault x5 -> (70,117)
[20:19:21] {"kind": "action", "what": "attack_move", "name": null, "qty": null, "ts": "20:19:21"}
[20:19:30] t=808 jev INF E2 (conf 0.14)
[20:19:30] {"kind": "action", "what": "produce", "name": "E2", "qty": 1, "ts": "20:19:30"}
[20:19:35] t=813 MOVE assault x5 -> (70,117)
[20:19:35] {"kind": "action", "what": "attack_move", "name": null, "qty": null, "ts": "20:19:35"}
[20:19:36] t=814 jev INF E2 HOLD (预算保护 gate=False e2=4)
[20:19:38] t=816 jev INF E2 HOLD (预算保护 gate=False e2=4)
[20:19:38] t=817 RETREAT SHK(4%)
[20:19:38] {"kind": "action", "what": "move", "name": null, "qty": null, "ts": "20:19:38"}
[20:19:40] t=819 ALARM 单位损失 -> TURTLE (11 v 27, 守塔阵不打野战)
[20:19:40] {"kind": "action", "what": "attack_move", "name": null, "qty": null, "ts": "20:19:40"}
[20:19:41] t=819 jev INF E2 HOLD (预算保护 gate=False e2=4)
[20:19:42] t=820 jev INF E2 HOLD (预算保护 gate=False e2=4)
[20:19:44] t=822 jev INF E2 HOLD (预算保护 gate=False e2=4)
[20:19:45] t=823 jev INF E2 HOLD (预算保护 gate=False e2=4)
[20:19:47] t=825 jev INF E2 HOLD (预算保护 gate=False e2=4)
[20:19:48] t=826 jev INF E2 HOLD (预算保护 gate=False e2=4)
[20:19:48] t=826 MOVE assault x5 -> (70,117)
[20:19:48] {"kind": "action", "what": "attack_move", "name": null, "qty": null, "ts": "20:19:48"}
[20:19:48] t=826 tick#550 credits=320 stance=defend | jev 549 decisions p50=982ms
[20:19:50] t=828 jev INF E2 HOLD (预算保护 gate=False e2=4)
[20:19:50] t=828 MOVE reserve x1 -> (134,87)
[20:19:50] {"kind": "action", "what": "attack_move", "name": null, "qty": null, "ts": "20:19:50"}
[20:19:51] t=829 jev INF E2 HOLD (预算保护 gate=False e2=4)
[20:19:52] t=831 ALARM 单位损失 -> TURTLE (10 v 27, 守塔阵不打野战)
[20:19:52] {"kind": "action", "what": "attack_move", "name": null, "qty": null, "ts": "20:19:52"}
[20:19:53] t=831 jev INF E2 HOLD (预算保护 gate=False e2=3)
[20:19:54] t=832 jev INF E2 HOLD (预算保护 gate=False e2=3)
[20:19:56] t=834 jev INF E2 HOLD (预算保护 gate=False e2=3)
[20:19:59] t=837 jev BUILD NAPOWR HOLD (资金闸门: 坦克优先, cash=57)
[20:20:00] t=838 jev BUILD NAPOWR HOLD (资金闸门: 坦克优先, cash=20)
[20:20:00] t=838 MOVE assault x5 -> (70,117)
[20:20:00] {"kind": "action", "what": "attack_move", "name": null, "qty": null, "ts": "20:20:00"}
[20:20:05] t=844 ALARM 敌军逼近 -> TURTLE (10 v 27, 守塔阵不打野战)
[20:20:05] {"kind": "action", "what": "attack_move", "name": null, "qty": null, "ts": "20:20:05"}
[20:20:14] t=852 MOVE assault x5 -> (70,117)
[20:20:14] {"kind": "action", "what": "attack_move", "name": null, "qty": null, "ts": "20:20:14"}
[20:20:26] t=864 MOVE assault x5 -> (70,117)
[20:20:26] {"kind": "action", "what": "attack_move", "name": null, "qty": null, "ts": "20:20:26"}
[20:20:26] t=864 tick#575 credits=0 stance=defend | jev 574 decisions p50=979ms
[20:20:39] t=877 MOVE assault x5 -> (70,117)
[20:20:39] {"kind": "action", "what": "attack_move", "name": null, "qty": null, "ts": "20:20:39"}
[20:20:53] t=891 MOVE assault x5 -> (70,117)
[20:20:53] {"kind": "action", "what": "attack_move", "name": null, "qty": null, "ts": "20:20:53"}
[20:21:03] t=901 tick#600 credits=0 stance=defend | jev 599 decisions p50=977ms
[20:21:06] t=904 MOVE assault x5 -> (70,117)
[20:21:06] {"kind": "action", "what": "attack_move", "name": null, "qty": null, "ts": "20:21:06"}
[20:21:17] t=915 jev BUILD NAPOWR HOLD (资金闸门: 坦克优先, cash=57)
[20:21:18] t=916 jev BUILD NAPOWR HOLD (资金闸门: 坦克优先, cash=19)
[20:21:18] t=916 jev INF E2 HOLD (预算保护 gate=False e2=3)
[20:21:18] t=916 MOVE assault x5 -> (70,117)
[20:21:18] {"kind": "action", "what": "attack_move", "name": null, "qty": null, "ts": "20:21:18"}
[20:21:23] t=922 RETREAT HTNK(28%)
[20:21:23] {"kind": "action", "what": "move", "name": null, "qty": null, "ts": "20:21:23"}
[20:21:26] t=925 ALARM 单位损失 -> TURTLE (9 v 21, 守塔阵不打野战)
[20:21:26] {"kind": "action", "what": "attack_move", "name": null, "qty": null, "ts": "20:21:26"}
[20:21:29] t=927 jev BUILD NAHAND HOLD (资金闸门: 坦克优先, cash=564)
[20:21:29] t=927 jev INF E2 HOLD (预算保护 gate=False e2=3)
[20:21:30] t=928 jev BUILD NAHAND HOLD (资金闸门: 坦克优先, cash=540)
[20:21:30] t=928 jev INF E2 HOLD (预算保护 gate=False e2=3)
[20:21:30] t=928 jev VEH HTNK (conf 0.41)
[20:21:30] {"kind": "action", "what": "produce", "name": "HTNK", "qty": 1, "ts": "20:21:30"}
[20:21:32] t=930 jev BUILD NAHAND HOLD (资金闸门: 坦克优先, cash=527)
[20:21:32] t=930 jev INF E2 HOLD (预算保护 gate=False e2=3)
[20:21:33] t=931 jev INF E2 HOLD (预算保护 gate=False e2=3)
[20:21:35] t=933 jev INF E2 HOLD (预算保护 gate=False e2=3)
[20:21:35] t=933 MOVE assault x5 -> (70,117)
[20:21:35] {"kind": "action", "what": "attack_move", "name": null, "qty": null, "ts": "20:21:35"}
[20:21:36] t=934 jev INF E2 HOLD (预算保护 gate=False e2=3)
[20:21:38] t=936 jev INF E2 HOLD (预算保护 gate=False e2=3)
[20:21:39] t=937 jev INF E2 HOLD (预算保护 gate=False e2=3)
[20:21:41] t=939 jev INF E2 HOLD (预算保护 gate=False e2=3)
[20:21:41] t=939 tick#625 credits=302 stance=defend | jev 624 decisions p50=977ms
[20:21:42] t=940 jev INF E2 HOLD (预算保护 gate=False e2=3)
[20:21:45] t=943 jev BUILD NAPOWR HOLD (资金闸门: 坦克优先, cash=189)
[20:21:45] t=943 jev INF E2 HOLD (预算保护 gate=False e2=3)
[20:21:47] t=945 jev BUILD NAPOWR HOLD (资金闸门: 坦克优先, cash=152)
[20:21:47] t=945 jev INF E2 HOLD (预算保护 gate=False e2=3)
[20:21:48] t=946 MOVE assault x6 -> (70,117)
[20:21:48] {"kind": "action", "what": "attack_move", "name": null, "qty": null, "ts": "20:21:48"}
[20:21:50] t=948 jev BUILD NAPOWR HOLD (资金闸门: 坦克优先, cash=77)
[20:21:51] t=949 jev BUILD NAPOWR HOLD (资金闸门: 坦克优先, cash=39)
[20:22:00] t=958 MOVE assault x6 -> (70,117)
[20:22:00] {"kind": "action", "what": "attack_move", "name": null, "qty": null, "ts": "20:22:00"}
[20:22:05] t=963 jev BUILD NAPOWR HOLD (资金闸门: 坦克优先, cash=0)
[20:22:06] t=964 jev BUILD NAPOWR HOLD (资金闸门: 坦克优先, cash=1104)
[20:22:06] t=964 jev INF E2 (conf 0.15)
[20:22:06] {"kind": "action", "what": "produce", "name": "E2", "qty": 1, "ts": "20:22:06"}
[20:22:08] t=966 jev BUILD NAPOWR HOLD (资金闸门: 坦克优先, cash=1055)
[20:22:09] t=967 jev BUILD NAPOWR HOLD (资金闸门: 坦克优先, cash=983)
[20:22:10] t=969 DEFLINE NALASR (have 1)
[20:22:10] {"kind": "action", "what": "produce", "name": "NALASR", "qty": 1, "ts": "20:22:10"}
[20:22:11] t=969 jev BUILD NAPOWR (conf 0.32)
[20:22:11] {"kind": "action", "what": "produce", "name": "NAPOWR", "qty": 1, "ts": "20:22:11"}
[20:22:12] t=970 jev INF E2 (conf 0.20)
[20:22:12] {"kind": "action", "what": "produce", "name": "E2", "qty": 1, "ts": "20:22:12"}
[20:22:12] t=970 MOVE assault x6 -> (70,117); reserve x1 -> (134,87)
[20:22:12] {"kind": "action", "what": "attack_move", "name": null, "qty": null, "ts": "20:22:12"}
[20:22:12] {"kind": "action", "what": "attack_move", "name": null, "qty": null, "ts": "20:22:12"}
[20:22:18] t=976 jev INF E2 (conf 0.15)
[20:22:18] {"kind": "action", "what": "produce", "name": "E2", "qty": 1, "ts": "20:22:18"}
[20:22:18] t=976 tick#650 credits=1091 stance=defend | jev 649 decisions p50=979ms
[20:22:20] t=979 ESCORT 坦克#1747 -> 护航矿车@[126, 114]
[20:22:20] {"kind": "action", "what": "attack_move", "name": null, "qty": null, "ts": "20:22:20"}
[20:22:21] t=979 jev VEH DRON (conf 0.38)
[20:22:21] {"kind": "action", "what": "produce", "name": "DRON", "qty": 1, "ts": "20:22:21"}
[20:22:22] t=981 ALARM 单位损失 -> TURTLE (13 v 28, 守塔阵不打野战)
[20:22:22] {"kind": "action", "what": "attack_move", "name": null, "qty": null, "ts": "20:22:22"}
[20:22:26] t=984 jev INF E2 HOLD (预算保护 gate=False e2=4)
[20:22:27] t=985 jev INF E2 HOLD (预算保护 gate=False e2=4)
[20:22:29] t=987 jev INF E2 HOLD (预算保护 gate=False e2=4)
[20:22:30] t=988 jev INF E2 HOLD (预算保护 gate=False e2=4)
[20:22:30] t=988 MOVE assault x6 -> (70,117)
[20:22:30] {"kind": "action", "what": "attack_move", "name": null, "qty": null, "ts": "20:22:30"}
[20:22:42] t=1000 MOVE assault x6 -> (70,117)
[20:22:42] {"kind": "action", "what": "attack_move", "name": null, "qty": null, "ts": "20:22:42"}
[20:22:56] t=1014 MOVE assault x6 -> (70,117)
[20:22:56] {"kind": "action", "what": "attack_move", "name": null, "qty": null, "ts": "20:22:56"}
[20:22:56] t=1014 tick#675 credits=0 stance=defend | jev 674 decisions p50=973ms
[20:22:58] t=1017 RETREAT SHK(36%)
[20:22:58] {"kind": "action", "what": "move", "name": null, "qty": null, "ts": "20:22:58"}
[20:23:01] t=1020 ALARM 单位损失 -> TURTLE (11 v 26, 守塔阵不打野战)
[20:23:01] {"kind": "action", "what": "attack_move", "name": null, "qty": null, "ts": "20:23:01"}
[20:23:09] t=1027 MOVE assault x6 -> (70,117)
[20:23:09] {"kind": "action", "what": "attack_move", "name": null, "qty": null, "ts": "20:23:09"}
[20:23:21] t=1039 MOVE assault x6 -> (70,117)
[20:23:21] {"kind": "action", "what": "attack_move", "name": null, "qty": null, "ts": "20:23:21"}
[20:23:33] t=1051 tick#700 credits=0 stance=defend | jev 699 decisions p50=972ms
[20:23:35] t=1053 MOVE assault x6 -> (70,117)
[20:23:35] {"kind": "action", "what": "attack_move", "name": null, "qty": null, "ts": "20:23:35"}
[20:23:43] t=1062 RETREAT HTNK(37%)
[20:23:43] {"kind": "action", "what": "move", "name": null, "qty": null, "ts": "20:23:43"}
[20:23:46] t=1065 ALARM 单位损失 -> TURTLE (10 v 26, 守塔阵不打野战)
[20:23:46] {"kind": "action", "what": "attack_move", "name": null, "qty": null, "ts": "20:23:46"}
[20:23:54] t=1072 MOVE assault x5 -> (70,117)
[20:23:54] {"kind": "action", "what": "attack_move", "name": null, "qty": null, "ts": "20:23:54"}
[20:24:06] t=1084 MOVE assault x5 -> (70,117)
[20:24:06] {"kind": "action", "what": "attack_move", "name": null, "qty": null, "ts": "20:24:06"}
[20:24:11] t=1089 tick#725 credits=0 stance=defend | jev 724 decisions p50=972ms
[20:24:17] t=1095 jev INF E2 (conf 0.18)
[20:24:17] {"kind": "action", "what": "produce", "name": "E2", "qty": 1, "ts": "20:24:17"}
[20:24:18] t=1097 MOVE assault x5 -> (70,117)
[20:24:18] {"kind": "action", "what": "attack_move", "name": null, "qty": null, "ts": "20:24:18"}
[20:24:20] t=1098 jev BUILD NAHAND HOLD (资金闸门: 坦克优先, cash=995)
[20:24:20] t=1098 jev VEH HTNK (conf 0.57)
[20:24:20] {"kind": "action", "what": "produce", "name": "HTNK", "qty": 1, "ts": "20:24:20"}
[20:24:21] t=1100 jev BUILD NAHAND HOLD (资金闸门: 坦克优先, cash=949)
[20:24:23] t=1101 MOVE reserve x1 -> (134,87)
[20:24:23] {"kind": "action", "what": "attack_move", "name": null, "qty": null, "ts": "20:24:23"}
[20:24:25] t=1104 RETREAT HTNK(37%)
[20:24:25] {"kind": "action", "what": "move", "name": null, "qty": null, "ts": "20:24:25"}
[20:24:27] t=1106 jev BUILD NAHAND HOLD (资金闸门: 坦克优先, cash=795)
[20:24:29] t=1109 ALARM 单位损失 -> TURTLE (11 v 23, 守塔阵不打野战)
[20:24:29] {"kind": "action", "what": "attack_move", "name": null, "qty": null, "ts": "20:24:29"}
[20:24:30] t=1109 jev BUILD NAHAND HOLD (资金闸门: 坦克优先, cash=720)
[20:24:32] t=1110 jev BUILD NAHAND HOLD (资金闸门: 坦克优先, cash=682)
[20:24:35] t=1113 jev INF E2 HOLD (预算保护 gate=False e2=4)
[20:24:36] t=1115 jev BUILD NAHAND HOLD (资金闸门: 坦克优先, cash=567)
[20:24:38] t=1116 MOVE assault x5 -> (70,117)
[20:24:38] {"kind": "action", "what": "attack_move", "name": null, "qty": null, "ts": "20:24:38"}
[20:24:40] t=1118 jev INF E2 HOLD (预算保护 gate=False e2=4)
[20:24:41] t=1119 jev BUILD NAHAND HOLD (资金闸门: 坦克优先, cash=830)
[20:24:42] t=1121 jev BUILD NAPOWR HOLD (资金闸门: 坦克优先, cash=792)
[20:24:44] t=1122 jev BUILD NAHAND HOLD (资金闸门: 坦克优先, cash=755)
[20:24:46] t=1124 jev BUILD NAHAND HOLD (资金闸门: 坦克优先, cash=717)
[20:24:48] t=1127 tick#750 credits=642 stance=defend | jev 749 decisions p50=972ms
[20:24:50] t=1128 jev BUILD NAHAND HOLD (资金闸门: 坦克优先, cash=605)
[20:24:50] t=1128 MOVE assault x5 -> (70,117)
[20:24:50] {"kind": "action", "what": "attack_move", "name": null, "qty": null, "ts": "20:24:50"}
[20:24:51] t=1130 jev BUILD NAHAND HOLD (资金闸门: 坦克优先, cash=567)
[20:24:52] t=1131 DEFLINE NALASR (have 2)
[20:24:52] {"kind": "action", "what": "produce", "name": "NALASR", "qty": 1, "ts": "20:24:52"}
[20:24:53] t=1131 jev BUILD NAHAND (conf 0.22)
[20:24:53] {"kind": "action", "what": "produce", "name": "NAHAND", "qty": 1, "ts": "20:24:53"}
[20:24:57] t=1136 TANK HTNK x1
[20:24:57] {"kind": "action", "what": "produce", "name": "HTNK", "qty": 1, "ts": "20:24:57"}
[20:25:02] t=1140 MOVE assault x6 -> (70,117)
[20:25:02] {"kind": "action", "what": "attack_move", "name": null, "qty": null, "ts": "20:25:02"}
[20:25:04] t=1142 jev INF E2 HOLD (预算保护 gate=False e2=4)
[20:25:06] t=1145 ALARM 单位损失 -> TURTLE (10 v 23, 守塔阵不打野战)
[20:25:06] {"kind": "action", "what": "attack_move", "name": null, "qty": null, "ts": "20:25:06"}
[20:25:07] t=1145 jev INF E2 HOLD (预算保护 gate=False e2=4)
[20:25:08] t=1146 jev INF E2 HOLD (预算保护 gate=False e2=4)
[20:25:10] t=1148 jev INF E2 HOLD (预算保护 gate=False e2=4)
[20:25:11] t=1149 jev INF E2 HOLD (预算保护 gate=False e2=4)
[20:25:13] t=1151 jev INF E2 HOLD (预算保护 gate=False e2=4)
[20:25:14] t=1152 jev INF E2 HOLD (预算保护 gate=False e2=4)
[20:25:14] t=1152 MOVE assault x5 -> (70,117)
[20:25:14] {"kind": "action", "what": "attack_move", "name": null, "qty": null, "ts": "20:25:14"}
[20:25:19] t=1157 jev BUILD NAPOWR HOLD (资金闸门: 坦克优先, cash=27)
[20:25:26] t=1164 jev INF E2 HOLD (预算保护 gate=False e2=4)
[20:25:26] t=1164 tick#775 credits=965 stance=defend | jev 774 decisions p50=970ms
[20:25:27] t=1166 ALARM 单位损失 -> TURTLE (9 v 22, 守塔阵不打野战)
[20:25:27] {"kind": "action", "what": "attack_move", "name": null, "qty": null, "ts": "20:25:27"}
[20:25:28] t=1166 jev BUILD NAPOWR HOLD (资金闸门: 坦克优先, cash=927)
[20:25:29] t=1167 jev BUILD NAPOWR HOLD (资金闸门: 坦克优先, cash=890)
[20:25:31] t=1169 jev INF E2 HOLD (预算保护 gate=False e2=2)
[20:25:33] t=1170 jev BUILD NAPOWR HOLD (资金闸门: 坦克优先, cash=814)
[20:25:34] t=1172 jev BUILD NAPOWR HOLD (资金闸门: 坦克优先, cash=780)
[20:25:34] t=1172 jev VEH DRON (conf 0.30)
[20:25:34] {"kind": "action", "what": "produce", "name": "DRON", "qty": 1, "ts": "20:25:34"}
[20:25:36] t=1173 MOVE assault x4 -> (70,117)
[20:25:36] {"kind": "action", "what": "attack_move", "name": null, "qty": null, "ts": "20:25:36"}
[20:25:40] t=1178 jev STANCE defend->rush (conf 0.45)
[20:25:49] t=1187 MOVE assault x4 -> (70,117)
[20:25:49] {"kind": "action", "what": "attack_move", "name": null, "qty": null, "ts": "20:25:49"}
[20:25:49] t=1188 ESCORT 坦克#2096 -> 护航矿车@[116, 132]
[20:25:49] {"kind": "action", "what": "attack_move", "name": null, "qty": null, "ts": "20:25:49"}
[20:25:50] t=1188 jev VEH DRON (conf 0.29)
[20:25:50] {"kind": "action", "what": "produce", "name": "DRON", "qty": 1, "ts": "20:25:50"}
[20:25:57] t=1196 ALARM 单位损失 -> 攻势保持（塔阵守家, 前线 9 个单位继续进攻）
[20:26:02] t=1200 MOVE assault x4 -> (70,117)
[20:26:02] {"kind": "action", "what": "attack_move", "name": null, "qty": null, "ts": "20:26:02"}
[20:26:04] t=1202 tick#800 credits=40 stance=rush | jev 799 decisions p50=970ms
[20:26:14] t=1212 MOVE assault x4 -> (70,117)
[20:26:14] {"kind": "action", "what": "attack_move", "name": null, "qty": null, "ts": "20:26:14"}
[20:26:19] t=1218 ESCORT 坦克#2096 -> 护航矿车@[116, 135]
[20:26:19] {"kind": "action", "what": "attack_move", "name": null, "qty": null, "ts": "20:26:19"}
[20:26:25] t=1223 jev VEH HTNK (conf 0.31)
[20:26:25] {"kind": "action", "what": "produce", "name": "HTNK", "qty": 1, "ts": "20:26:25"}
[20:26:25] t=1223 MOVE raid x1 -> (70,117)
[20:26:25] {"kind": "action", "what": "attack_move", "name": null, "qty": null, "ts": "20:26:25"}
[20:26:28] t=1226 jev BUILD NAPOWR HOLD (资金闸门: 坦克优先, cash=1357)
[20:26:28] t=1226 MOVE assault x4 -> (70,117)
[20:26:28] {"kind": "action", "what": "attack_move", "name": null, "qty": null, "ts": "20:26:28"}
[20:26:31] t=1229 jev BUILD NAPOWR HOLD (资金闸门: 坦克优先, cash=1282)
[20:26:32] t=1230 jev BUILD NAPOWR HOLD (资金闸门: 坦克优先, cash=1245)
[20:26:34] t=1232 jev BUILD NAPOWR HOLD (资金闸门: 坦克优先, cash=1207)
[20:26:35] t=1233 jev BUILD NAPOWR HOLD (资金闸门: 坦克优先, cash=1170)
[20:26:37] t=1237 ALARM 单位损失 -> 攻势保持（塔阵守家, 前线 9 个单位继续进攻）
[20:26:41] t=1239 MOVE assault x4 -> (70,117)
[20:26:41] {"kind": "action", "what": "attack_move", "name": null, "qty": null, "ts": "20:26:41"}
[20:26:41] t=1239 tick#825 credits=1020 stance=rush | jev 824 decisions p50=971ms
[20:26:43] t=1241 jev BUILD NARADR HOLD (资金闸门: 坦克优先, cash=982)
[20:26:45] t=1243 jev BUILD NAPOWR HOLD (资金闸门: 坦克优先, cash=944)
[20:26:46] t=1244 jev BUILD NAPOWR HOLD (资金闸门: 坦克优先, cash=907)
[20:26:47] t=1245 jev BUILD NAPOWR HOLD (资金闸门: 坦克优先, cash=870)
[20:26:49] t=1247 jev BUILD NAPOWR HOLD (资金闸门: 坦克优先, cash=832)
[20:26:49] t=1248 ESCORT 坦克#2146 -> 护航矿车@[117, 135]
[20:26:49] {"kind": "action", "what": "attack_move", "name": null, "qty": null, "ts": "20:26:49"}
[20:26:50] t=1248 jev BUILD NAPOWR HOLD (资金闸门: 坦克优先, cash=795)
[20:26:52] t=1250 jev BUILD NAPOWR HOLD (资金闸门: 坦克优先, cash=757)
[20:26:53] t=1251 jev BUILD NAPOWR HOLD (资金闸门: 坦克优先, cash=720)
[20:26:53] t=1251 MOVE assault x4 -> (70,117)
[20:26:53] {"kind": "action", "what": "attack_move", "name": null, "qty": null, "ts": "20:26:53"}
[20:26:57] t=1255 jev BUILD NAPOWR HOLD (资金闸门: 坦克优先, cash=639)
[20:26:58] t=1256 jev BUILD NAPOWR HOLD (资金闸门: 坦克优先, cash=600)
[20:27:00] t=1259 RETREAT HTNK(25%)
[20:27:00] {"kind": "action", "what": "move", "name": null, "qty": null, "ts": "20:27:00"}
[20:27:03] t=1261 jev VEH HTNK (conf 0.33)
[20:27:03] {"kind": "action", "what": "produce", "name": "HTNK", "qty": 1, "ts": "20:27:03"}
[20:27:03] t=1261 MOVE raid x1 -> (70,117)
[20:27:03] {"kind": "action", "what": "attack_move", "name": null, "qty": null, "ts": "20:27:03"}
[20:27:03] t=1262 ALARM 单位损失 -> 攻势保持（塔阵守家, 前线 9 个单位继续进攻）
[20:27:05] t=1264 RETREAT E2(5%)
[20:27:05] {"kind": "action", "what": "move", "name": null, "qty": null, "ts": "20:27:05"}
[20:27:06] t=1264 MOVE assault x4 -> (70,117)
[20:27:06] {"kind": "action", "what": "attack_move", "name": null, "qty": null, "ts": "20:27:06"}
[20:27:06] t=1265 ALARM 单位损失 -> 攻势保持（塔阵守家, 前线 7 个单位继续进攻）
[20:27:19] t=1277 MOVE assault x2 -> (70,117)
[20:27:19] {"kind": "action", "what": "attack_move", "name": null, "qty": null, "ts": "20:27:19"}
[20:27:19] t=1277 tick#850 credits=122 stance=rush | jev 849 decisions p50=971ms
[20:27:24] t=1282 jev BUILD NAPOWR HOLD (资金闸门: 坦克优先, cash=9)
[20:27:26] t=1285 RETREAT HTNK(30%)
[20:27:26] {"kind": "action", "what": "move", "name": null, "qty": null, "ts": "20:27:26"}
[20:27:29] t=1288 ALARM 单位损失 -> 攻势保持（塔阵守家, 前线 6 个单位继续进攻）
[20:27:30] t=1288 RECOVER (only 2 tanks)
[20:27:31] t=1289 MOVE assault x1 -> (70,117)
[20:27:31] {"kind": "action", "what": "attack_move", "name": null, "qty": null, "ts": "20:27:31"}
[20:27:45] t=1303 MOVE assault x1 -> (70,117)
[20:27:45] {"kind": "action", "what": "attack_move", "name": null, "qty": null, "ts": "20:27:45"}
[20:27:57] t=1315 MOVE assault x1 -> (70,117)
[20:27:57] {"kind": "action", "what": "attack_move", "name": null, "qty": null, "ts": "20:27:57"}
[20:27:57] t=1315 tick#875 credits=1120 stance=recover | jev 874 decisions p50=970ms
[20:28:00] t=1318 jev BUILD NAPOWR (conf 0.22)
[20:28:00] {"kind": "action", "what": "produce", "name": "NAPOWR", "qty": 1, "ts": "20:28:00"}
[20:28:09] t=1327 MOVE assault x1 -> (70,117)
[20:28:09] {"kind": "action", "what": "attack_move", "name": null, "qty": null, "ts": "20:28:09"}
[20:28:11] t=1330 RETREAT HTNK(38%)
[20:28:11] {"kind": "action", "what": "move", "name": null, "qty": null, "ts": "20:28:11"}
[20:28:13] t=1332 jev VEH HTNK (conf 0.45)
[20:28:13] {"kind": "action", "what": "produce", "name": "HTNK", "qty": 1, "ts": "20:28:13"}
[20:28:14] t=1333 ALARM 单位损失 -> TURTLE (6 v 23, 守塔阵不打野战)
[20:28:14] {"kind": "action", "what": "attack_move", "name": null, "qty": null, "ts": "20:28:14"}
[20:28:23] t=1341 MOVE assault x1 -> (70,117)
[20:28:23] {"kind": "action", "what": "attack_move", "name": null, "qty": null, "ts": "20:28:23"}
[20:28:35] t=1353 jev BUILD NAWEAP HOLD (资金闸门: 坦克优先, cash=7)
[20:28:35] t=1353 MOVE assault x1 -> (70,117)
[20:28:35] {"kind": "action", "what": "attack_move", "name": null, "qty": null, "ts": "20:28:35"}
[20:28:35] t=1353 tick#900 credits=7 stance=defend | jev 899 decisions p50=970ms
[20:28:39] t=1357 jev BUILD NAWEAP HOLD (资金闸门: 坦克优先, cash=2210)
[20:28:41] t=1359 jev BUILD NAWEAP HOLD (资金闸门: 坦克优先, cash=2172)
[20:28:42] t=1360 jev BUILD NAWEAP HOLD (资金闸门: 坦克优先, cash=2135)
[20:28:43] t=1362 jev BUILD NAWEAP HOLD (资金闸门: 坦克优先, cash=2097)
[20:28:45] t=1363 jev BUILD NAWEAP HOLD (资金闸门: 坦克优先, cash=2060)
[20:28:46] t=1365 jev BUILD NAWEAP HOLD (资金闸门: 坦克优先, cash=2022)
[20:28:48] t=1366 jev BUILD NAWEAP HOLD (资金闸门: 坦克优先, cash=1985)
[20:28:48] t=1366 MOVE assault x1 -> (70,117)
[20:28:48] {"kind": "action", "what": "attack_move", "name": null, "qty": null, "ts": "20:28:48"}
[20:28:50] t=1368 jev BUILD NAWEAP HOLD (资金闸门: 坦克优先, cash=1945)
[20:28:51] t=1369 jev BUILD NAWEAP HOLD (资金闸门: 坦克优先, cash=1907)
[20:28:53] t=1371 jev BUILD NAWEAP HOLD (资金闸门: 坦克优先, cash=1870)
[20:28:53] t=1372 TANK HTNK x2
[20:28:53] {"kind": "action", "what": "produce", "name": "HTNK", "qty": 2, "ts": "20:28:53"}
[20:28:54] t=1372 jev BUILD NAWEAP HOLD (资金闸门: 坦克优先, cash=1855)
[20:29:02] t=1380 MOVE assault x2 -> (70,117)
[20:29:02] {"kind": "action", "what": "attack_move", "name": null, "qty": null, "ts": "20:29:02"}
[20:29:12] t=1390 tick#925 credits=1407 stance=defend | jev 924 decisions p50=969ms
[20:29:14] t=1392 MOVE assault x2 -> (70,117)
[20:29:14] {"kind": "action", "what": "attack_move", "name": null, "qty": null, "ts": "20:29:14"}
[20:29:26] t=1404 MOVE assault x2 -> (70,117)
[20:29:26] {"kind": "action", "what": "attack_move", "name": null, "qty": null, "ts": "20:29:26"}
[20:29:28] t=1408 RETREAT HTNK(21%)
[20:29:28] {"kind": "action", "what": "move", "name": null, "qty": null, "ts": "20:29:28"}
[20:29:30] t=1409 ALARM 单位损失 -> TURTLE (7 v 23, 守塔阵不打野战)
[20:29:30] {"kind": "action", "what": "attack_move", "name": null, "qty": null, "ts": "20:29:30"}
[20:29:38] t=1417 MOVE assault x2 -> (70,117)
[20:29:38] {"kind": "action", "what": "attack_move", "name": null, "qty": null, "ts": "20:29:38"}
[20:29:53] t=1430 MOVE assault x2 -> (70,117)
[20:29:53] {"kind": "action", "what": "attack_move", "name": null, "qty": null, "ts": "20:29:53"}
[20:29:53] t=1430 tick#950 credits=412 stance=defend | jev 949 decisions p50=967ms
[20:30:05] t=1444 ESCORT 坦克#2320 -> 护航矿车@[114, 138]
[20:30:05] {"kind": "action", "what": "attack_move", "name": null, "qty": null, "ts": "20:30:05"}
[20:30:07] t=1444 jev VEH HTNK (conf 0.59)
[20:30:07] t=1444 jev STANCE defend->rush (conf 0.67)
[20:30:07] {"kind": "action", "what": "produce", "name": "HTNK", "qty": 1, "ts": "20:30:07"}
[20:30:07] t=1444 MOVE assault x3 -> (70,117)
[20:30:07] {"kind": "action", "what": "attack_move", "name": null, "qty": null, "ts": "20:30:07"}
[20:30:10] t=1448 jev BUILD NAWEAP HOLD (资金闸门: 坦克优先, cash=2)
[20:30:19] t=1458 MOVE assault x3 -> (70,117)
[20:30:19] {"kind": "action", "what": "attack_move", "name": null, "qty": null, "ts": "20:30:19"}
[20:30:31] t=1470 RETREAT HTNK(29%)
[20:30:31] {"kind": "action", "what": "move", "name": null, "qty": null, "ts": "20:30:31"}
[20:30:32] t=1470 MOVE assault x3 -> (70,117)
[20:30:32] {"kind": "action", "what": "attack_move", "name": null, "qty": null, "ts": "20:30:32"}
[20:30:32] t=1470 tick#975 credits=315 stance=rush | jev 974 decisions p50=970ms
[20:30:34] t=1473 ALARM 单位损失 -> 攻势保持（塔阵守家, 前线 7 个单位继续进攻）
[20:30:43] t=1482 RETREAT HTNK(34%)
[20:30:43] {"kind": "action", "what": "move", "name": null, "qty": null, "ts": "20:30:43"}
[20:30:44] t=1482 MOVE assault x2 -> (70,117)
[20:30:44] {"kind": "action", "what": "attack_move", "name": null, "qty": null, "ts": "20:30:44"}
[20:30:46] t=1485 ALARM 单位损失 -> 攻势保持（塔阵守家, 前线 6 个单位继续进攻）
[20:30:47] t=1485 jev STANCE rush->recover (conf 0.48)
[20:30:56] t=1494 jev BUILD NAPOWR (conf 0.21)
[20:30:56] {"kind": "action", "what": "produce", "name": "NAPOWR", "qty": 1, "ts": "20:30:56"}
[20:30:57] t=1495 MOVE assault x1 -> (70,117)
[20:30:57] {"kind": "action", "what": "attack_move", "name": null, "qty": null, "ts": "20:30:57"}
[20:31:08] t=1506 jev VEH HTNK (conf 0.49)
[20:31:08] {"kind": "action", "what": "produce", "name": "HTNK", "qty": 1, "ts": "20:31:08"}
[20:31:09] t=1508 MOVE assault x2 -> (70,117)
[20:31:09] {"kind": "action", "what": "attack_move", "name": null, "qty": null, "ts": "20:31:09"}
[20:31:09] t=1508 tick#1000 credits=366 stance=recover | jev 999 decisions p50=976ms
[20:31:16] t=1515 RETREAT HTNK(2%)
[20:31:16] {"kind": "action", "what": "move", "name": null, "qty": null, "ts": "20:31:16"}
[20:31:18] t=1517 ALARM 单位损失 -> TURTLE (6 v 23, 守塔阵不打野战)
[20:31:18] {"kind": "action", "what": "attack_move", "name": null, "qty": null, "ts": "20:31:18"}
[20:31:20] t=1518 jev STANCE defend->recover (conf 0.51)
[20:31:26] t=1524 MOVE assault x1 -> (70,117)
[20:31:26] {"kind": "action", "what": "attack_move", "name": null, "qty": null, "ts": "20:31:26"}
[20:31:38] t=1536 MOVE assault x1 -> (70,117)
[20:31:38] {"kind": "action", "what": "attack_move", "name": null, "qty": null, "ts": "20:31:38"}
[20:31:47] t=1545 tick#1025 credits=0 stance=recover | jev 1024 decisions p50=978ms
[20:31:52] t=1550 MOVE assault x1 -> (70,117)
[20:31:52] {"kind": "action", "what": "attack_move", "name": null, "qty": null, "ts": "20:31:52"}
[20:32:04] t=1562 MOVE assault x1 -> (70,117)
[20:32:04] {"kind": "action", "what": "attack_move", "name": null, "qty": null, "ts": "20:32:04"}
[20:32:17] t=1575 jev VEH HTNK (conf 0.51)
[20:32:17] {"kind": "action", "what": "produce", "name": "HTNK", "qty": 1, "ts": "20:32:17"}
[20:32:17] t=1575 MOVE assault x2 -> (70,117)
[20:32:17] {"kind": "action", "what": "attack_move", "name": null, "qty": null, "ts": "20:32:17"}
[20:32:19] t=1578 RETREAT HTNK(22%)
[20:32:19] {"kind": "action", "what": "move", "name": null, "qty": null, "ts": "20:32:19"}
[20:32:21] t=1580 ALARM 单位损失 -> TURTLE (6 v 22, 守塔阵不打野战)
[20:32:21] {"kind": "action", "what": "attack_move", "name": null, "qty": null, "ts": "20:32:21"}
[20:32:25] t=1583 tick#1050 credits=1319 stance=defend | jev 1049 decisions p50=981ms
[20:32:29] t=1587 MOVE assault x1 -> (70,117)
[20:32:29] {"kind": "action", "what": "attack_move", "name": null, "qty": null, "ts": "20:32:29"}
[20:32:32] t=1590 jev INF SHK (conf 0.18)
[20:32:32] {"kind": "action", "what": "produce", "name": "SHK", "qty": 1, "ts": "20:32:32"}
[20:32:43] t=1601 MOVE assault x2 -> (70,117)
[20:32:43] {"kind": "action", "what": "attack_move", "name": null, "qty": null, "ts": "20:32:43"}
[20:32:55] t=1613 jev VEH HTNK (conf 0.49)
[20:32:55] {"kind": "action", "what": "produce", "name": "HTNK", "qty": 1, "ts": "20:32:55"}
[20:32:55] t=1613 MOVE assault x3 -> (70,117)
[20:32:55] {"kind": "action", "what": "attack_move", "name": null, "qty": null, "ts": "20:32:55"}
[20:33:02] t=1620 tick#1075 credits=299 stance=defend | jev 1074 decisions p50=982ms
[20:33:08] t=1626 MOVE assault x3 -> (70,117)
[20:33:08] {"kind": "action", "what": "attack_move", "name": null, "qty": null, "ts": "20:33:08"}
[20:33:20] t=1638 MOVE assault x3 -> (70,117)
[20:33:20] {"kind": "action", "what": "attack_move", "name": null, "qty": null, "ts": "20:33:20"}
[20:33:31] t=1650 ESCORT 坦克#2520 -> 护航矿车@[117, 135]
[20:33:31] {"kind": "action", "what": "attack_move", "name": null, "qty": null, "ts": "20:33:31"}
[20:33:32] t=1650 jev BUILD NAPOWR HOLD (资金闸门: 坦克优先, cash=680)
[20:33:32] t=1650 jev VEH HTNK (conf 0.48)
[20:33:32] {"kind": "action", "what": "produce", "name": "HTNK", "qty": 1, "ts": "20:33:32"}
[20:33:32] t=1650 MOVE assault x4 -> (70,117)
[20:33:32] {"kind": "action", "what": "attack_move", "name": null, "qty": null, "ts": "20:33:32"}
[20:33:33] t=1652 RETREAT HTNK(29%)
[20:33:33] {"kind": "action", "what": "move", "name": null, "qty": null, "ts": "20:33:33"}
[20:33:36] t=1655 ALARM 单位损失 -> TURTLE (8 v 21, 守塔阵不打野战)
[20:33:36] {"kind": "action", "what": "attack_move", "name": null, "qty": null, "ts": "20:33:36"}
[20:33:39] t=1658 tick#1100 credits=524 stance=defend | jev 1099 decisions p50=982ms
[20:33:46] t=1664 MOVE assault x3 -> (70,117)
[20:33:46] {"kind": "action", "what": "attack_move", "name": null, "qty": null, "ts": "20:33:46"}
[20:33:59] t=1677 MOVE assault x3 -> (70,117)
[20:33:59] {"kind": "action", "what": "attack_move", "name": null, "qty": null, "ts": "20:33:59"}
[20:34:13] t=1691 MOVE assault x3 -> (70,117)
[20:34:13] {"kind": "action", "what": "attack_move", "name": null, "qty": null, "ts": "20:34:13"}
[20:34:17] t=1695 tick#1125 credits=0 stance=defend | jev 1124 decisions p50=985ms
[20:34:25] t=1703 MOVE assault x3 -> (70,117)
[20:34:25] {"kind": "action", "what": "attack_move", "name": null, "qty": null, "ts": "20:34:25"}
[20:34:25] t=1704 RETREAT HTNK(22%)
[20:34:25] {"kind": "action", "what": "move", "name": null, "qty": null, "ts": "20:34:25"}
[20:34:27] t=1706 ALARM 单位损失 -> TURTLE (7 v 21, 守塔阵不打野战)
[20:34:27] {"kind": "action", "what": "attack_move", "name": null, "qty": null, "ts": "20:34:27"}
[20:34:37] t=1715 MOVE assault x2 -> (70,117)
[20:34:37] {"kind": "action", "what": "attack_move", "name": null, "qty": null, "ts": "20:34:37"}
[20:34:46] t=1724 jev VEH HTNK (conf 0.51)
[20:34:46] {"kind": "action", "what": "produce", "name": "HTNK", "qty": 1, "ts": "20:34:46"}
[20:34:50] t=1728 MOVE assault x3 -> (70,117)
[20:34:50] {"kind": "action", "what": "attack_move", "name": null, "qty": null, "ts": "20:34:50"}
[20:34:55] t=1733 jev BUILD NAWEAP HOLD (资金闸门: 坦克优先, cash=32)
[20:34:55] t=1733 tick#1150 credits=32 stance=defend | jev 1149 decisions p50=985ms
[20:35:01] t=1740 RETREAT HTNK(19%)
[20:35:01] {"kind": "action", "what": "move", "name": null, "qty": null, "ts": "20:35:01"}
[20:35:02] t=1740 MOVE assault x3 -> (70,117)
[20:35:02] {"kind": "action", "what": "attack_move", "name": null, "qty": null, "ts": "20:35:02"}
[20:35:03] t=1742 ALARM 单位损失 -> TURTLE (7 v 20, 守塔阵不打野战)
[20:35:03] {"kind": "action", "what": "attack_move", "name": null, "qty": null, "ts": "20:35:03"}
[20:35:10] t=1748 jev BUILD NAWEAP HOLD (资金闸门: 坦克优先, cash=19)
[20:35:16] t=1754 MOVE assault x2 -> (70,117)
[20:35:16] {"kind": "action", "what": "attack_move", "name": null, "qty": null, "ts": "20:35:16"}
[20:35:29] t=1767 MOVE assault x2 -> (70,117)
[20:35:29] {"kind": "action", "what": "attack_move", "name": null, "qty": null, "ts": "20:35:29"}
[20:35:32] t=1770 tick#1175 credits=959 stance=defend | jev 1174 decisions p50=985ms
[20:35:40] t=1778 jev BUILD NAPOWR HOLD (资金闸门: 坦克优先, cash=805)
[20:35:40] t=1778 jev VEH HTNK (conf 0.45)
[20:35:40] {"kind": "action", "what": "produce", "name": "HTNK", "qty": 1, "ts": "20:35:40"}
[20:35:41] t=1779 MOVE assault x3 -> (70,117)
[20:35:41] {"kind": "action", "what": "attack_move", "name": null, "qty": null, "ts": "20:35:41"}
[20:35:53] t=1791 MOVE assault x3 -> (70,117)
[20:35:53] {"kind": "action", "what": "attack_move", "name": null, "qty": null, "ts": "20:35:53"}
[20:35:57] t=1796 RETREAT HTNK(7%)
[20:35:57] {"kind": "action", "what": "move", "name": null, "qty": null, "ts": "20:35:57"}
[20:35:58] t=1797 ALARM 单位损失 -> TURTLE (7 v 20, 守塔阵不打野战)
[20:35:58] {"kind": "action", "what": "attack_move", "name": null, "qty": null, "ts": "20:35:58"}
[20:36:07] t=1805 MOVE assault x2 -> (70,117)
[20:36:07] {"kind": "action", "what": "attack_move", "name": null, "qty": null, "ts": "20:36:07"}
[20:36:10] t=1808 tick#1200 credits=79 stance=defend | jev 1199 decisions p50=991ms
[20:36:12] jev budget exhausted: max calls reached: 1200 (继续纯确定性运行)
[20:36:19] t=1818 MOVE assault x2 -> (70,117)
[20:36:19] {"kind": "action", "what": "attack_move", "name": null, "qty": null, "ts": "20:36:19"}
[20:36:31] t=1830 MOVE assault x3 -> (70,117)
[20:36:31] {"kind": "action", "what": "attack_move", "name": null, "qty": null, "ts": "20:36:31"}
[20:36:43] t=1842 MOVE assault x3 -> (70,117)
[20:36:43] {"kind": "action", "what": "attack_move", "name": null, "qty": null, "ts": "20:36:43"}
[20:36:46] t=1845 tick#1225 credits=280 stance=defend | jev 1200 decisions p50=990ms
[20:36:55] t=1854 MOVE assault x3 -> (70,117)
[20:36:55] {"kind": "action", "what": "attack_move", "name": null, "qty": null, "ts": "20:36:55"}
[20:36:57] t=1856 RETREAT HTNK(35%)
[20:36:57] {"kind": "action", "what": "move", "name": null, "qty": null, "ts": "20:36:57"}
[20:36:58] t=1857 ALARM 单位损失 -> TURTLE (7 v 20, 守塔阵不打野战)
[20:36:58] {"kind": "action", "what": "attack_move", "name": null, "qty": null, "ts": "20:36:58"}
[20:37:07] t=1866 MOVE assault x2 -> (70,117)
[20:37:07] {"kind": "action", "what": "attack_move", "name": null, "qty": null, "ts": "20:37:07"}
[20:37:15] t=1874 TANK HTNK x2
[20:37:15] {"kind": "action", "what": "produce", "name": "HTNK", "qty": 2, "ts": "20:37:15"}
[20:37:19] t=1878 MOVE assault x2 -> (70,117)
[20:37:19] {"kind": "action", "what": "attack_move", "name": null, "qty": null, "ts": "20:37:19"}
[20:37:24] t=1883 tick#1250 credits=1180 stance=defend | jev 1200 decisions p50=990ms
[20:37:31] t=1890 MOVE assault x2 -> (70,117)
[20:37:31] {"kind": "action", "what": "attack_move", "name": null, "qty": null, "ts": "20:37:31"}
[20:37:43] t=1903 MOVE assault x2 -> (70,117)
[20:37:43] {"kind": "action", "what": "attack_move", "name": null, "qty": null, "ts": "20:37:43"}
[20:37:55] t=1915 MOVE assault x3 -> (70,117)
[20:37:55] {"kind": "action", "what": "attack_move", "name": null, "qty": null, "ts": "20:37:55"}
[20:37:58] t=1918 RETREAT HTNK(17%)
[20:37:58] {"kind": "action", "what": "move", "name": null, "qty": null, "ts": "20:37:58"}
[20:38:00] t=1919 ALARM 单位损失 -> TURTLE (7 v 20, 守塔阵不打野战)
[20:38:00] {"kind": "action", "what": "attack_move", "name": null, "qty": null, "ts": "20:38:00"}
[20:38:01] t=1921 tick#1275 credits=1367 stance=defend | jev 1200 decisions p50=990ms
[20:38:09] t=1928 MOVE assault x2 -> (70,117)
[20:38:09] {"kind": "action", "what": "attack_move", "name": null, "qty": null, "ts": "20:38:09"}
[20:38:21] t=1940 MOVE assault x2 -> (70,117)
[20:38:21] {"kind": "action", "what": "attack_move", "name": null, "qty": null, "ts": "20:38:21"}
[20:38:27] t=1946 TANK HTNK x1
[20:38:27] {"kind": "action", "what": "produce", "name": "HTNK", "qty": 1, "ts": "20:38:27"}
[20:38:33] t=1952 MOVE assault x3 -> (70,117)
[20:38:33] {"kind": "action", "what": "attack_move", "name": null, "qty": null, "ts": "20:38:33"}
[20:38:39] t=1958 tick#1300 credits=1557 stance=defend | jev 1200 decisions p50=990ms
[20:38:45] t=1964 MOVE assault x3 -> (70,117)
[20:38:45] {"kind": "action", "what": "attack_move", "name": null, "qty": null, "ts": "20:38:45"}
[20:38:57] t=1976 MOVE assault x3 -> (70,117)
[20:38:57] {"kind": "action", "what": "attack_move", "name": null, "qty": null, "ts": "20:38:57"}
[20:39:04] t=1984 ESCORT 坦克#2822 -> 护航矿车@[87, 126]
[20:39:04] {"kind": "action", "what": "attack_move", "name": null, "qty": null, "ts": "20:39:04"}
[20:39:09] t=1988 MOVE assault x4 -> (70,117)
[20:39:09] {"kind": "action", "what": "attack_move", "name": null, "qty": null, "ts": "20:39:09"}
[20:39:16] t=1996 tick#1325 credits=955 stance=defend | jev 1200 decisions p50=990ms
[20:39:21] t=2000 MOVE assault x4 -> (70,117)
[20:39:21] {"kind": "action", "what": "attack_move", "name": null, "qty": null, "ts": "20:39:21"}
[20:39:27] t=2006 RETREAT HTNK(34%)
[20:39:27] {"kind": "action", "what": "move", "name": null, "qty": null, "ts": "20:39:27"}
[20:39:30] t=2009 ALARM 单位损失 -> TURTLE (8 v 19, 守塔阵不打野战)
[20:39:30] {"kind": "action", "what": "attack_move", "name": null, "qty": null, "ts": "20:39:30"}
[20:39:39] t=2018 MOVE assault x3 -> (70,117)
[20:39:39] {"kind": "action", "what": "attack_move", "name": null, "qty": null, "ts": "20:39:39"}
[20:39:51] t=2030 TANK HTNK x2
[20:39:51] {"kind": "action", "what": "produce", "name": "HTNK", "qty": 2, "ts": "20:39:51"}
[20:39:51] t=2030 MOVE assault x3 -> (70,117)
[20:39:51] {"kind": "action", "what": "attack_move", "name": null, "qty": null, "ts": "20:39:51"}
[20:39:54] t=2033 tick#1350 credits=2007 stance=defend | jev 1200 decisions p50=990ms
[20:40:05] t=2044 MOVE assault x3 -> (70,117)
[20:40:05] {"kind": "action", "what": "attack_move", "name": null, "qty": null, "ts": "20:40:05"}
[20:40:09] t=2048 RETREAT HTNK(35%)
[20:40:09] {"kind": "action", "what": "move", "name": null, "qty": null, "ts": "20:40:09"}
[20:40:12] t=2051 ALARM 单位损失 -> TURTLE (7 v 19, 守塔阵不打野战)
[20:40:12] {"kind": "action", "what": "attack_move", "name": null, "qty": null, "ts": "20:40:12"}
[20:40:21] t=2060 MOVE assault x2 -> (70,117)
[20:40:21] {"kind": "action", "what": "attack_move", "name": null, "qty": null, "ts": "20:40:21"}
[20:40:32] t=2071 tick#1375 credits=1444 stance=defend | jev 1200 decisions p50=990ms
[20:40:33] t=2072 MOVE assault x3 -> (70,117)
[20:40:33] {"kind": "action", "what": "attack_move", "name": null, "qty": null, "ts": "20:40:33"}
[20:40:45] t=2084 MOVE assault x3 -> (70,117)
[20:40:45] {"kind": "action", "what": "attack_move", "name": null, "qty": null, "ts": "20:40:45"}
[20:40:53] t=2092 RETREAT HTNK(15%)
[20:40:53] {"kind": "action", "what": "move", "name": null, "qty": null, "ts": "20:40:53"}
[20:40:54] t=2093 ALARM 单位损失 -> TURTLE (7 v 19, 守塔阵不打野战)
[20:40:54] {"kind": "action", "what": "attack_move", "name": null, "qty": null, "ts": "20:40:54"}
[20:41:03] t=2102 MOVE assault x2 -> (70,117)
[20:41:03] {"kind": "action", "what": "attack_move", "name": null, "qty": null, "ts": "20:41:03"}
[20:41:09] t=2108 tick#1400 credits=655 stance=defend | jev 1200 decisions p50=990ms
[20:41:14] t=2113 TANK HTNK x2
[20:41:14] {"kind": "action", "what": "produce", "name": "HTNK", "qty": 2, "ts": "20:41:14"}
[20:41:15] t=2114 MOVE assault x3 -> (70,117)
[20:41:15] {"kind": "action", "what": "attack_move", "name": null, "qty": null, "ts": "20:41:15"}
[20:41:27] t=2126 MOVE assault x3 -> (70,117)
[20:41:27] {"kind": "action", "what": "attack_move", "name": null, "qty": null, "ts": "20:41:27"}
[20:41:39] t=2138 MOVE assault x3 -> (70,117)
[20:41:39] {"kind": "action", "what": "attack_move", "name": null, "qty": null, "ts": "20:41:39"}
[20:41:47] t=2146 tick#1425 credits=955 stance=defend | jev 1200 decisions p50=990ms
[20:41:51] t=2150 ESCORT 坦克#3051 -> 护航矿车@[104, 95]
[20:41:51] {"kind": "action", "what": "attack_move", "name": null, "qty": null, "ts": "20:41:51"}
[20:41:51] t=2150 MOVE assault x4 -> (70,117)
[20:41:51] {"kind": "action", "what": "attack_move", "name": null, "qty": null, "ts": "20:41:51"}
[20:41:57] t=2156 RETREAT HTNK(12%)
[20:41:57] {"kind": "action", "what": "move", "name": null, "qty": null, "ts": "20:41:57"}
[20:41:59] t=2158 ALARM 单位损失 -> TURTLE (8 v 19, 守塔阵不打野战)
[20:41:59] {"kind": "action", "what": "attack_move", "name": null, "qty": null, "ts": "20:41:59"}
[20:42:08] t=2167 MOVE assault x3 -> (70,117)
[20:42:08] {"kind": "action", "what": "attack_move", "name": null, "qty": null, "ts": "20:42:08"}
[20:42:20] t=2179 MOVE assault x3 -> (70,117)
[20:42:20] {"kind": "action", "what": "attack_move", "name": null, "qty": null, "ts": "20:42:20"}
[20:42:24] t=2183 tick#1450 credits=1140 stance=defend | jev 1200 decisions p50=990ms
[20:42:26] t=2185 TANK HTNK x1
[20:42:26] t=2185 ESCORT 坦克#3051 -> 护航矿车@[89, 126]
[20:42:26] {"kind": "action", "what": "produce", "name": "HTNK", "qty": 1, "ts": "20:42:26"}
[20:42:26] {"kind": "action", "what": "attack_move", "name": null, "qty": null, "ts": "20:42:26"}
[20:42:32] t=2191 MOVE assault x4 -> (70,117)
[20:42:32] {"kind": "action", "what": "attack_move", "name": null, "qty": null, "ts": "20:42:32"}
[20:42:44] t=2203 RETREAT HTNK(30%)
[20:42:44] {"kind": "action", "what": "move", "name": null, "qty": null, "ts": "20:42:44"}
[20:42:44] t=2203 MOVE assault x4 -> (70,117)
[20:42:44] {"kind": "action", "what": "attack_move", "name": null, "qty": null, "ts": "20:42:44"}
[20:42:50] t=2209 ALARM 单位损失 -> TURTLE (8 v 19, 守塔阵不打野战)
[20:42:50] {"kind": "action", "what": "attack_move", "name": null, "qty": null, "ts": "20:42:50"}
[20:42:59] t=2218 MOVE assault x3 -> (70,117)
[20:42:59] {"kind": "action", "what": "attack_move", "name": null, "qty": null, "ts": "20:42:59"}
[20:43:02] t=2221 tick#1475 credits=1330 stance=defend | jev 1200 decisions p50=990ms
[20:43:03] t=2222 TANK HTNK x1
[20:43:03] t=2222 ESCORT 坦克#3058 -> 护航矿车@[87, 125]
[20:43:03] {"kind": "action", "what": "produce", "name": "HTNK", "qty": 1, "ts": "20:43:03"}
[20:43:03] {"kind": "action", "what": "attack_move", "name": null, "qty": null, "ts": "20:43:03"}
[20:43:11] t=2230 MOVE assault x4 -> (70,117)
[20:43:11] {"kind": "action", "what": "attack_move", "name": null, "qty": null, "ts": "20:43:11"}
[20:43:23] t=2242 MOVE assault x4 -> (70,117)
[20:43:23] {"kind": "action", "what": "attack_move", "name": null, "qty": null, "ts": "20:43:23"}
[20:43:29] t=2248 RETREAT HTNK(12%)
[20:43:29] {"kind": "action", "what": "move", "name": null, "qty": null, "ts": "20:43:29"}
[20:43:30] t=2249 ALARM 单位损失 -> TURTLE (8 v 19, 守塔阵不打野战)
[20:43:30] {"kind": "action", "what": "attack_move", "name": null, "qty": null, "ts": "20:43:30"}
[20:43:39] t=2258 MOVE assault x3 -> (70,117)
[20:43:39] {"kind": "action", "what": "attack_move", "name": null, "qty": null, "ts": "20:43:39"}
[20:43:39] t=2258 tick#1500 credits=432 stance=defend | jev 1200 decisions p50=990ms
[20:43:41] t=2260 ESCORT 坦克#3106 -> 护航矿车@[88, 126]
[20:43:41] {"kind": "action", "what": "attack_move", "name": null, "qty": null, "ts": "20:43:41"}
[20:43:51] t=2270 MOVE assault x4 -> (70,117)
[20:43:51] {"kind": "action", "what": "attack_move", "name": null, "qty": null, "ts": "20:43:51"}
[20:44:03] t=2282 MOVE assault x4 -> (70,117)
[20:44:03] {"kind": "action", "what": "attack_move", "name": null, "qty": null, "ts": "20:44:03"}
[20:44:11] t=2290 ESCORT 坦克#3106 -> 护航矿车@[89, 124]
[20:44:11] {"kind": "action", "what": "attack_move", "name": null, "qty": null, "ts": "20:44:11"}
[20:44:12] t=2291 RETREAT HTNK(30%)
[20:44:12] {"kind": "action", "what": "move", "name": null, "qty": null, "ts": "20:44:12"}
[20:44:15] t=2294 MOVE assault x4 -> (70,117)
[20:44:15] {"kind": "action", "what": "attack_move", "name": null, "qty": null, "ts": "20:44:15"}
[20:44:17] t=2296 tick#1525 credits=730 stance=defend | jev 1200 decisions p50=990ms
[20:44:18] t=2297 ALARM 单位损失 -> TURTLE (8 v 19, 守塔阵不打野战)
[20:44:18] {"kind": "action", "what": "attack_move", "name": null, "qty": null, "ts": "20:44:18"}
[20:44:27] t=2306 MOVE assault x3 -> (70,117)
[20:44:27] {"kind": "action", "what": "attack_move", "name": null, "qty": null, "ts": "20:44:27"}
[20:44:39] t=2318 MOVE assault x3 -> (70,117)
[20:44:39] {"kind": "action", "what": "attack_move", "name": null, "qty": null, "ts": "20:44:39"}
[20:44:51] t=2330 MOVE assault x3 -> (70,117)
[20:44:51] {"kind": "action", "what": "attack_move", "name": null, "qty": null, "ts": "20:44:51"}
[20:44:54] t=2333 tick#1550 credits=730 stance=defend | jev 1200 decisions p50=990ms
[20:45:03] t=2342 RETREAT HTNK(27%)
[20:45:03] {"kind": "action", "what": "move", "name": null, "qty": null, "ts": "20:45:03"}
[20:45:03] t=2342 MOVE assault x3 -> (70,117)
[20:45:03] {"kind": "action", "what": "attack_move", "name": null, "qty": null, "ts": "20:45:03"}
[20:45:05] t=2344 TANK HTNK x2
[20:45:05] {"kind": "action", "what": "produce", "name": "HTNK", "qty": 2, "ts": "20:45:05"}
[20:45:08] t=2347 ALARM 单位损失 -> TURTLE (7 v 19, 守塔阵不打野战)
[20:45:08] {"kind": "action", "what": "attack_move", "name": null, "qty": null, "ts": "20:45:08"}
[20:45:17] t=2356 RETREAT HTNK(37%)
[20:45:17] {"kind": "action", "what": "move", "name": null, "qty": null, "ts": "20:45:17"}
[20:45:17] t=2356 MOVE assault x2 -> (70,117)
[20:45:17] {"kind": "action", "what": "attack_move", "name": null, "qty": null, "ts": "20:45:17"}
[20:45:23] t=2362 ALARM 单位损失 -> TURTLE (6 v 19, 守塔阵不打野战)
[20:45:23] {"kind": "action", "what": "attack_move", "name": null, "qty": null, "ts": "20:45:23"}
[20:45:32] t=2371 MOVE assault x1 -> (70,117)
[20:45:32] {"kind": "action", "what": "attack_move", "name": null, "qty": null, "ts": "20:45:32"}
[20:45:32] t=2371 tick#1575 credits=1855 stance=defend | jev 1200 decisions p50=990ms
[20:45:44] t=2383 MOVE assault x2 -> (70,117)
[20:45:44] {"kind": "action", "what": "attack_move", "name": null, "qty": null, "ts": "20:45:44"}
[20:45:56] t=2395 MOVE assault x2 -> (70,117)
[20:45:56] {"kind": "action", "what": "attack_move", "name": null, "qty": null, "ts": "20:45:56"}
[20:46:08] t=2407 MOVE assault x2 -> (70,117)
[20:46:08] {"kind": "action", "what": "attack_move", "name": null, "qty": null, "ts": "20:46:08"}
[20:46:09] t=2409 tick#1600 credits=1367 stance=defend | jev 1200 decisions p50=990ms
[20:46:18] t=2418 TANK HTNK x1
[20:46:18] {"kind": "action", "what": "produce", "name": "HTNK", "qty": 1, "ts": "20:46:18"}
[20:46:20] t=2419 MOVE assault x3 -> (70,117)
[20:46:20] {"kind": "action", "what": "attack_move", "name": null, "qty": null, "ts": "20:46:20"}
[20:46:32] t=2431 MOVE assault x3 -> (70,117)
[20:46:32] {"kind": "action", "what": "attack_move", "name": null, "qty": null, "ts": "20:46:32"}
[20:46:44] t=2443 MOVE assault x3 -> (70,117)
[20:46:44] {"kind": "action", "what": "attack_move", "name": null, "qty": null, "ts": "20:46:44"}
[20:46:47] t=2446 tick#1625 credits=469 stance=defend | jev 1200 decisions p50=990ms
[20:46:54] t=2454 RETREAT HTNK(35%)
[20:46:54] {"kind": "action", "what": "move", "name": null, "qty": null, "ts": "20:46:54"}
[20:46:56] t=2455 ESCORT 坦克#3357 -> 护航矿车@[116, 135]
[20:46:56] {"kind": "action", "what": "attack_move", "name": null, "qty": null, "ts": "20:46:56"}
[20:46:56] t=2455 MOVE assault x4 -> (70,117)
[20:46:56] {"kind": "action", "what": "attack_move", "name": null, "qty": null, "ts": "20:46:56"}
[20:47:00] t=2460 ALARM 单位损失 -> TURTLE (8 v 19, 守塔阵不打野战)
[20:47:00] {"kind": "action", "what": "attack_move", "name": null, "qty": null, "ts": "20:47:00"}
[20:47:06] t=2466 TANK HTNK x1
[20:47:06] {"kind": "action", "what": "produce", "name": "HTNK", "qty": 1, "ts": "20:47:06"}
[20:47:09] t=2469 MOVE assault x3 -> (70,117)
[20:47:10] {"kind": "action", "what": "attack_move", "name": null, "qty": null, "ts": "20:47:10"}
[20:47:21] t=2481 MOVE assault x3 -> (70,117)
[20:47:22] {"kind": "action", "what": "attack_move", "name": null, "qty": null, "ts": "20:47:22"}
[20:47:24] t=2484 tick#1650 credits=930 stance=defend | jev 1200 decisions p50=990ms
[20:47:33] t=2493 MOVE assault x3 -> (70,117)
[20:47:34] {"kind": "action", "what": "attack_move", "name": null, "qty": null, "ts": "20:47:34"}
[20:47:44] t=2503 TANK HTNK x2
[20:47:44] {"kind": "action", "what": "produce", "name": "HTNK", "qty": 2, "ts": "20:47:44"}
[20:47:45] t=2505 RETREAT HTNK(35%)
[20:47:46] {"kind": "action", "what": "move", "name": null, "qty": null, "ts": "20:47:46"}
[20:47:46] t=2505 MOVE assault x4 -> (70,117)
[20:47:46] {"kind": "action", "what": "attack_move", "name": null, "qty": null, "ts": "20:47:46"}
[20:47:48] t=2508 ESCORT 坦克#3397 -> 护航矿车@[101, 100]
[20:47:49] {"kind": "action", "what": "attack_move", "name": null, "qty": null, "ts": "20:47:49"}
[20:47:50] t=2509 ALARM 单位损失 -> TURTLE (8 v 19, 守塔阵不打野战)
[20:47:50] {"kind": "action", "what": "attack_move", "name": null, "qty": null, "ts": "20:47:50"}
[20:47:59] t=2518 MOVE assault x3 -> (70,117)
[20:47:59] {"kind": "action", "what": "attack_move", "name": null, "qty": null, "ts": "20:47:59"}
[20:48:02] t=2521 tick#1675 credits=1532 stance=defend | jev 1200 decisions p50=990ms
[20:48:11] t=2530 MOVE assault x3 -> (70,117)
[20:48:11] {"kind": "action", "what": "attack_move", "name": null, "qty": null, "ts": "20:48:11"}
[20:48:22] t=2541 ESCORT 坦克#3397 -> 护航矿车@[89, 124]
[20:48:22] {"kind": "action", "what": "attack_move", "name": null, "qty": null, "ts": "20:48:22"}
[20:48:23] t=2542 MOVE assault x4 -> (70,117)
[20:48:23] {"kind": "action", "what": "attack_move", "name": null, "qty": null, "ts": "20:48:23"}
[20:48:34] t=2553 RETREAT HTNK(30%)
[20:48:34] {"kind": "action", "what": "move", "name": null, "qty": null, "ts": "20:48:34"}
[20:48:35] t=2554 MOVE assault x4 -> (70,117)
[20:48:35] {"kind": "action", "what": "attack_move", "name": null, "qty": null, "ts": "20:48:35"}
[20:48:38] t=2557 ALARM 单位损失 -> TURTLE (8 v 19, 守塔阵不打野战)
[20:48:38] {"kind": "action", "what": "attack_move", "name": null, "qty": null, "ts": "20:48:38"}
[20:48:40] t=2559 tick#1700 credits=592 stance=defend | jev 1200 decisions p50=990ms
[20:48:47] t=2566 MOVE assault x3 -> (70,117)
[20:48:47] {"kind": "action", "what": "attack_move", "name": null, "qty": null, "ts": "20:48:47"}
[20:48:58] t=2577 ESCORT 坦克#3438 -> 护航矿车@[88, 124]
[20:48:58] {"kind": "action", "what": "attack_move", "name": null, "qty": null, "ts": "20:48:58"}
[20:48:59] t=2578 MOVE assault x4 -> (70,117)
[20:48:59] {"kind": "action", "what": "attack_move", "name": null, "qty": null, "ts": "20:48:59"}
[20:49:11] t=2590 MOVE assault x4 -> (70,117)
[20:49:11] {"kind": "action", "what": "attack_move", "name": null, "qty": null, "ts": "20:49:11"}
[20:49:17] t=2596 tick#1725 credits=930 stance=defend | jev 1200 decisions p50=990ms
[20:49:20] t=2599 RETREAT HTNK(30%)
[20:49:20] {"kind": "action", "what": "move", "name": null, "qty": null, "ts": "20:49:20"}
[20:49:23] t=2602 MOVE assault x4 -> (70,117)
[20:49:23] {"kind": "action", "what": "attack_move", "name": null, "qty": null, "ts": "20:49:23"}
[20:49:26] t=2605 ALARM 单位损失 -> TURTLE (8 v 19, 守塔阵不打野战)
[20:49:26] {"kind": "action", "what": "attack_move", "name": null, "qty": null, "ts": "20:49:26"}
[20:49:35] t=2614 MOVE assault x3 -> (70,117)
[20:49:35] {"kind": "action", "what": "attack_move", "name": null, "qty": null, "ts": "20:49:35"}
[20:49:43] t=2622 TANK HTNK x1
[20:49:43] {"kind": "action", "what": "produce", "name": "HTNK", "qty": 1, "ts": "20:49:43"}
[20:49:47] t=2626 MOVE assault x3 -> (70,117)
[20:49:47] {"kind": "action", "what": "attack_move", "name": null, "qty": null, "ts": "20:49:47"}
[20:49:55] t=2634 tick#1750 credits=1005 stance=defend | jev 1200 decisions p50=990ms
[20:49:56] t=2635 RETREAT HTNK(32%)
[20:49:56] {"kind": "action", "what": "move", "name": null, "qty": null, "ts": "20:49:56"}
[20:49:59] t=2638 MOVE assault x3 -> (70,117)
[20:49:59] {"kind": "action", "what": "attack_move", "name": null, "qty": null, "ts": "20:49:59"}
[20:50:02] t=2641 ALARM 单位损失 -> TURTLE (7 v 19, 守塔阵不打野战)
[20:50:02] {"kind": "action", "what": "attack_move", "name": null, "qty": null, "ts": "20:50:02"}
[20:50:11] t=2650 MOVE assault x2 -> (70,117)
[20:50:11] {"kind": "action", "what": "attack_move", "name": null, "qty": null, "ts": "20:50:11"}
[20:50:20] t=2659 TANK HTNK x2
[20:50:20] {"kind": "action", "what": "produce", "name": "HTNK", "qty": 2, "ts": "20:50:20"}
[20:50:23] t=2662 MOVE assault x3 -> (70,117)
[20:50:23] {"kind": "action", "what": "attack_move", "name": null, "qty": null, "ts": "20:50:23"}
[20:50:32] t=2671 tick#1775 credits=1230 stance=defend | jev 1200 decisions p50=990ms
[20:50:35] t=2674 MOVE assault x3 -> (70,117)
[20:50:35] {"kind": "action", "what": "attack_move", "name": null, "qty": null, "ts": "20:50:35"}
[20:50:47] t=2686 MOVE assault x3 -> (70,117)
[20:50:47] {"kind": "action", "what": "attack_move", "name": null, "qty": null, "ts": "20:50:47"}
[20:50:58] t=2697 RETREAT HTNK(37%)
[20:50:58] {"kind": "action", "what": "move", "name": null, "qty": null, "ts": "20:50:58"}
[20:50:59] t=2698 MOVE assault x4 -> (70,117)
[20:50:59] {"kind": "action", "what": "attack_move", "name": null, "qty": null, "ts": "20:50:59"}
[20:51:04] t=2703 ALARM 单位损失 -> TURTLE (8 v 19, 守塔阵不打野战)
[20:51:04] {"kind": "action", "what": "attack_move", "name": null, "qty": null, "ts": "20:51:04"}
[20:51:10] t=2709 tick#1800 credits=292 stance=defend | jev 1200 decisions p50=990ms
[20:51:13] t=2712 MOVE assault x3 -> (70,117)
[20:51:13] {"kind": "action", "what": "attack_move", "name": null, "qty": null, "ts": "20:51:13"}
[20:51:25] t=2724 MOVE assault x3 -> (70,117)
[20:51:25] {"kind": "action", "what": "attack_move", "name": null, "qty": null, "ts": "20:51:25"}
[20:51:37] t=2736 MOVE assault x3 -> (70,117)
[20:51:37] {"kind": "action", "what": "attack_move", "name": null, "qty": null, "ts": "20:51:37"}
[20:51:44] t=2743 TANK HTNK x1
[20:51:44] t=2743 ESCORT 坦克#3652 -> 护航矿车@[120, 115]
[20:51:44] {"kind": "action", "what": "produce", "name": "HTNK", "qty": 1, "ts": "20:51:44"}
[20:51:44] {"kind": "action", "what": "attack_move", "name": null, "qty": null, "ts": "20:51:44"}
[20:51:47] t=2746 tick#1825 credits=1082 stance=defend | jev 1200 decisions p50=990ms
[20:51:49] t=2748 MOVE assault x4 -> (70,117)
[20:51:49] {"kind": "action", "what": "attack_move", "name": null, "qty": null, "ts": "20:51:49"}
[20:51:53] t=2752 RETREAT HTNK(30%)
[20:51:53] {"kind": "action", "what": "move", "name": null, "qty": null, "ts": "20:51:53"}
[20:51:56] t=2755 ALARM 单位损失 -> TURTLE (8 v 19, 守塔阵不打野战)
[20:51:56] {"kind": "action", "what": "attack_move", "name": null, "qty": null, "ts": "20:51:56"}
[20:52:05] t=2764 MOVE assault x3 -> (70,117)
[20:52:05] {"kind": "action", "what": "attack_move", "name": null, "qty": null, "ts": "20:52:05"}
[20:52:17] t=2776 MOVE assault x3 -> (70,117)
[20:52:17] {"kind": "action", "what": "attack_move", "name": null, "qty": null, "ts": "20:52:17"}
[20:52:25] t=2784 tick#1850 credits=255 stance=defend | jev 1200 decisions p50=990ms
[20:52:29] t=2788 MOVE assault x4 -> (70,117)
[20:52:29] {"kind": "action", "what": "attack_move", "name": null, "qty": null, "ts": "20:52:29"}
[20:52:40] t=2799 ESCORT 坦克#3652 -> 护航矿车@[90, 109]
[20:52:40] {"kind": "action", "what": "attack_move", "name": null, "qty": null, "ts": "20:52:40"}
[20:52:41] t=2800 MOVE assault x4 -> (70,117)
[20:52:41] {"kind": "action", "what": "attack_move", "name": null, "qty": null, "ts": "20:52:41"}
[20:52:53] t=2812 RETREAT HTNK(35%)
[20:52:53] {"kind": "action", "what": "move", "name": null, "qty": null, "ts": "20:52:53"}
[20:52:53] t=2812 MOVE assault x4 -> (70,117)
[20:52:53] {"kind": "action", "what": "attack_move", "name": null, "qty": null, "ts": "20:52:53"}
[20:52:58] t=2817 ALARM 单位损失 -> TURTLE (8 v 19, 守塔阵不打野战)
[20:52:58] {"kind": "action", "what": "attack_move", "name": null, "qty": null, "ts": "20:52:58"}
[20:53:01] t=2820 RETREAT HTNK(12%)
[20:53:01] {"kind": "action", "what": "move", "name": null, "qty": null, "ts": "20:53:01"}
[20:53:02] t=2821 tick#1875 credits=930 stance=defend | jev 1200 decisions p50=990ms
[20:53:07] t=2826 MOVE assault x2 -> (70,117)
[20:53:07] {"kind": "action", "what": "attack_move", "name": null, "qty": null, "ts": "20:53:07"}
[20:53:19] t=2838 MOVE assault x2 -> (70,117)
[20:53:19] {"kind": "action", "what": "attack_move", "name": null, "qty": null, "ts": "20:53:19"}
[20:53:31] t=2850 MOVE assault x2 -> (70,117)
[20:53:31] {"kind": "action", "what": "attack_move", "name": null, "qty": null, "ts": "20:53:31"}
[20:53:34] t=2853 TANK HTNK x2
[20:53:34] {"kind": "action", "what": "produce", "name": "HTNK", "qty": 2, "ts": "20:53:34"}
[20:53:40] t=2859 tick#1900 credits=2282 stance=defend | jev 1200 decisions p50=990ms
[20:53:43] t=2862 MOVE assault x2 -> (70,117)
[20:53:43] {"kind": "action", "what": "attack_move", "name": null, "qty": null, "ts": "20:53:43"}
[20:53:55] t=2874 RETREAT HTNK(32%)
[20:53:55] {"kind": "action", "what": "move", "name": null, "qty": null, "ts": "20:53:55"}
[20:53:55] t=2874 MOVE assault x2 -> (70,117)
[20:53:55] {"kind": "action", "what": "attack_move", "name": null, "qty": null, "ts": "20:53:55"}
[20:53:59] t=2879 ALARM 单位损失 -> TURTLE (6 v 19, 守塔阵不打野战)
[20:53:59] {"kind": "action", "what": "attack_move", "name": null, "qty": null, "ts": "20:53:59"}
[20:54:08] t=2888 MOVE assault x1 -> (70,117)
[20:54:08] {"kind": "action", "what": "attack_move", "name": null, "qty": null, "ts": "20:54:08"}
[20:54:17] t=2897 tick#1925 credits=1342 stance=defend | jev 1200 decisions p50=990ms
[20:54:20] t=2900 MOVE assault x2 -> (70,117)
[20:54:20] {"kind": "action", "what": "attack_move", "name": null, "qty": null, "ts": "20:54:20"}
[20:54:32] t=2912 MOVE assault x2 -> (70,117)
[20:54:32] {"kind": "action", "what": "attack_move", "name": null, "qty": null, "ts": "20:54:32"}
[20:54:44] t=2924 MOVE assault x2 -> (70,117)
[20:54:44] {"kind": "action", "what": "attack_move", "name": null, "qty": null, "ts": "20:54:44"}
[20:54:55] t=2934 tick#1950 credits=630 stance=defend | jev 1200 decisions p50=990ms
[20:54:56] t=2936 MOVE assault x3 -> (70,117)
[20:54:57] {"kind": "action", "what": "attack_move", "name": null, "qty": null, "ts": "20:54:57"}
[20:55:08] t=2948 MOVE assault x3 -> (70,117)
[20:55:09] {"kind": "action", "what": "attack_move", "name": null, "qty": null, "ts": "20:55:09"}
[20:55:20] t=2960 MOVE assault x3 -> (70,117)
[20:55:21] {"kind": "action", "what": "attack_move", "name": null, "qty": null, "ts": "20:55:21"}
[20:55:29] t=2969 TANK HTNK x1
[20:55:30] {"kind": "action", "what": "produce", "name": "HTNK", "qty": 1, "ts": "20:55:30"}
[20:55:33] t=2972 MOVE assault x3 -> (70,117)
[20:55:33] {"kind": "action", "what": "attack_move", "name": null, "qty": null, "ts": "20:55:33"}
[20:55:33] t=2972 tick#1975 credits=930 stance=defend | jev 1200 decisions p50=990ms
[20:55:45] t=2984 MOVE assault x3 -> (70,117)
[20:55:45] {"kind": "action", "what": "attack_move", "name": null, "qty": null, "ts": "20:55:45"}
[20:55:46] t=2985 RETREAT HTNK(35%)
[20:55:46] {"kind": "action", "what": "move", "name": null, "qty": null, "ts": "20:55:46"}
[20:55:50] t=2990 ALARM 单位损失 -> TURTLE (7 v 19, 守塔阵不打野战)
[20:55:51] {"kind": "action", "what": "attack_move", "name": null, "qty": null, "ts": "20:55:51"}
[20:56:00] t=2999 MOVE assault x2 -> (70,117)
[20:56:00] {"kind": "action", "what": "attack_move", "name": null, "qty": null, "ts": "20:56:00"}
[20:56:10] t=3009 tick#2000 credits=855 stance=defend | jev 1200 decisions p50=990ms
[20:56:12] t=3011 MOVE assault x3 -> (70,117)
[20:56:12] {"kind": "action", "what": "attack_move", "name": null, "qty": null, "ts": "20:56:12"}
[20:56:13] t=3012 TANK HTNK x2
[20:56:13] {"kind": "action", "what": "produce", "name": "HTNK", "qty": 2, "ts": "20:56:13"}
[20:56:19] t=3018 RETREAT HTNK(10%)
[20:56:19] {"kind": "action", "what": "move", "name": null, "qty": null, "ts": "20:56:19"}
[20:56:21] t=3020 ALARM 单位损失 -> TURTLE (7 v 18, 守塔阵不打野战)
[20:56:21] {"kind": "action", "what": "attack_move", "name": null, "qty": null, "ts": "20:56:21"}
[20:56:30] t=3029 MOVE assault x2 -> (70,117)
[20:56:30] {"kind": "action", "what": "attack_move", "name": null, "qty": null, "ts": "20:56:30"}
[20:56:42] t=3041 MOVE assault x2 -> (70,117)
[20:56:42] {"kind": "action", "what": "attack_move", "name": null, "qty": null, "ts": "20:56:42"}
[20:56:48] t=3047 tick#2025 credits=1119 stance=defend | jev 1200 decisions p50=990ms
[20:56:54] t=3053 MOVE assault x3 -> (70,117)
[20:56:54] {"kind": "action", "what": "attack_move", "name": null, "qty": null, "ts": "20:56:54"}
[20:57:06] t=3065 MOVE assault x3 -> (70,117)
[20:57:06] {"kind": "action", "what": "attack_move", "name": null, "qty": null, "ts": "20:57:06"}
[20:57:18] t=3077 MOVE assault x3 -> (70,117)
[20:57:18] {"kind": "action", "what": "attack_move", "name": null, "qty": null, "ts": "20:57:18"}
[20:57:22] t=3081 RETREAT HTNK(35%)
[20:57:22] {"kind": "action", "what": "move", "name": null, "qty": null, "ts": "20:57:22"}
[20:57:25] t=3084 tick#2050 credits=180 stance=defend | jev 1200 decisions p50=990ms
[20:57:27] t=3086 ESCORT 坦克#3959 -> 护航矿车@[115, 135]
[20:57:27] {"kind": "action", "what": "attack_move", "name": null, "qty": null, "ts": "20:57:27"}
[20:57:28] t=3087 ALARM 单位损失 -> TURTLE (8 v 18, 守塔阵不打野战)
[20:57:28] {"kind": "action", "what": "attack_move", "name": null, "qty": null, "ts": "20:57:28"}
[20:57:37] t=3096 MOVE assault x3 -> (70,117)
[20:57:37] {"kind": "action", "what": "attack_move", "name": null, "qty": null, "ts": "20:57:37"}
[20:57:49] t=3108 MOVE assault x3 -> (70,117)
[20:57:49] {"kind": "action", "what": "attack_move", "name": null, "qty": null, "ts": "20:57:49"}
[20:57:51] t=3110 TANK HTNK x2
[20:57:51] {"kind": "action", "what": "produce", "name": "HTNK", "qty": 2, "ts": "20:57:51"}
[20:58:01] t=3120 MOVE assault x3 -> (70,117)
[20:58:01] {"kind": "action", "what": "attack_move", "name": null, "qty": null, "ts": "20:58:01"}
[20:58:03] t=3122 tick#2075 credits=1232 stance=defend | jev 1200 decisions p50=990ms
[20:58:13] t=3132 MOVE assault x3 -> (70,117)
[20:58:13] {"kind": "action", "what": "attack_move", "name": null, "qty": null, "ts": "20:58:13"}
[20:58:18] t=3137 RETREAT HTNK(17%)
[20:58:18] {"kind": "action", "what": "move", "name": null, "qty": null, "ts": "20:58:18"}
[20:58:19] t=3138 ALARM 单位损失 -> TURTLE (7 v 18, 守塔阵不打野战)
[20:58:19] {"kind": "action", "what": "attack_move", "name": null, "qty": null, "ts": "20:58:19"}
[20:58:28] t=3147 MOVE assault x3 -> (70,117)
[20:58:28] {"kind": "action", "what": "attack_move", "name": null, "qty": null, "ts": "20:58:28"}
[20:58:40] t=3159 MOVE assault x3 -> (70,117)
[20:58:40] {"kind": "action", "what": "attack_move", "name": null, "qty": null, "ts": "20:58:40"}
[20:58:40] t=3159 tick#2100 credits=294 stance=defend | jev 1200 decisions p50=990ms
[20:58:52] t=3171 MOVE assault x3 -> (70,117)
[20:58:52] {"kind": "action", "what": "attack_move", "name": null, "qty": null, "ts": "20:58:52"}
[20:59:00] t=3179 RETREAT HTNK(35%)
[20:59:00] {"kind": "action", "what": "move", "name": null, "qty": null, "ts": "20:59:00"}
[20:59:04] t=3183 MOVE assault x3 -> (70,117)
[20:59:04] {"kind": "action", "what": "attack_move", "name": null, "qty": null, "ts": "20:59:04"}
[20:59:06] t=3185 ALARM 单位损失 -> TURTLE (7 v 18, 守塔阵不打野战)
[20:59:06] {"kind": "action", "what": "attack_move", "name": null, "qty": null, "ts": "20:59:06"}
[20:59:16] t=3195 MOVE assault x2 -> (70,117)
[20:59:16] {"kind": "action", "what": "attack_move", "name": null, "qty": null, "ts": "20:59:16"}
[20:59:18] t=3197 tick#2125 credits=0 stance=defend | jev 1200 decisions p50=990ms
[20:59:28] t=3207 MOVE assault x2 -> (70,117)
[20:59:28] {"kind": "action", "what": "attack_move", "name": null, "qty": null, "ts": "20:59:28"}
[20:59:39] t=3218 TANK HTNK x2
[20:59:39] {"kind": "action", "what": "produce", "name": "HTNK", "qty": 2, "ts": "20:59:39"}
[20:59:40] t=3219 MOVE assault x3 -> (70,117)
[20:59:40] {"kind": "action", "what": "attack_move", "name": null, "qty": null, "ts": "20:59:40"}
[20:59:52] t=3231 MOVE assault x3 -> (70,117)
[20:59:52] {"kind": "action", "what": "attack_move", "name": null, "qty": null, "ts": "20:59:52"}
[20:59:55] t=3234 tick#2150 credits=1494 stance=defend | jev 1200 decisions p50=990ms
[20:59:57] t=3236 RETREAT HTNK(32%)
[20:59:57] {"kind": "action", "what": "move", "name": null, "qty": null, "ts": "20:59:57"}
[20:59:58] t=3237 ALARM 单位损失 -> TURTLE (7 v 18, 守塔阵不打野战)
[20:59:58] {"kind": "action", "what": "attack_move", "name": null, "qty": null, "ts": "20:59:58"}
[21:00:07] t=3246 MOVE assault x2 -> (70,117)
[21:00:07] {"kind": "action", "what": "attack_move", "name": null, "qty": null, "ts": "21:00:07"}
[21:00:19] t=3258 MOVE assault x3 -> (70,117)
[21:00:19] {"kind": "action", "what": "attack_move", "name": null, "qty": null, "ts": "21:00:19"}
[21:00:31] t=3270 MOVE assault x3 -> (70,117)
[21:00:31] {"kind": "action", "what": "attack_move", "name": null, "qty": null, "ts": "21:00:31"}
[21:00:33] t=3272 tick#2175 credits=555 stance=defend | jev 1200 decisions p50=990ms
