[20:32:06] 进局中(全自动)...
[20:33:27] {"kind": "start", "policy": "ra2web-jev-player/1.0", "maxDecisions": 600, "micro": {"events": [{"kind": "micro", "t": 0, "what": "start"}], "loopN": 1, "on": true, "outcome": null, "stall": false}, "ts": "20:33:27"}
[20:33:27] === ra2web-jev-player start (tick=1.5s, max_decisions=600) ===
[20:33:27] t=0 DEPLOY mcv
[20:33:27] {"kind": "action", "what": "deploy", "ids": [1042], "ts": "20:33:27"}
[20:33:27] {"kind": "action", "what": "deploy", "name": null, "qty": null, "ts": "20:33:27"}
[20:33:29] t=2 DEPLOY mcv
[20:33:29] {"kind": "action", "what": "deploy", "ids": [1042], "ts": "20:33:29"}
[20:33:29] {"kind": "action", "what": "deploy", "name": null, "qty": null, "ts": "20:33:29"}
[20:33:30] t=3 POWER plant (reserve 0)
[20:33:30] {"kind": "action", "what": "produce", "name": "NAPOWR", "qty": 1, "ts": "20:33:30"}
[20:33:30] t=3 OPENING BUILD NAPOWR
[20:33:30] {"kind": "action", "what": "produce", "name": "NAPOWR", "qty": 1, "ts": "20:33:30"}
[20:33:33] t=5 jev STANCE defend->develop (conf 0.78)
[20:33:59] t=32 OPENING BUILD NAREFN
[20:33:59] {"kind": "action", "what": "produce", "name": "NAREFN", "qty": 1, "ts": "20:33:59"}
[20:34:04] t=36 tick#25 credits=9293 stance=develop | jev 24 decisions p50=800ms
[20:34:42] t=74 tick#50 credits=8380 stance=develop | jev 49 decisions p50=829ms
[20:35:20] t=112 tick#75 credits=7465 stance=develop | jev 74 decisions p50=829ms
[20:35:25] t=118 OPENING BUILD NAHAND
[20:35:25] {"kind": "action", "what": "produce", "name": "NAHAND", "qty": 1, "ts": "20:35:25"}
[20:35:49] t=142 DEFLINE NALASR (have 0)
[20:35:49] {"kind": "action", "what": "produce", "name": "NALASR", "qty": 1, "ts": "20:35:49"}
[20:35:49] t=142 OPENING BUILD NAWEAP
[20:35:49] {"kind": "action", "what": "produce", "name": "NAWEAP", "qty": 1, "ts": "20:35:49"}
[20:35:50] t=142 jev INF DOG (conf 0.35)
[20:35:50] {"kind": "action", "what": "produce", "name": "DOG", "qty": 1, "ts": "20:35:50"}
[20:35:57] t=150 tick#100 credits=6336 stance=develop | jev 99 decisions p50=817ms
[20:35:59] t=151 jev INF DOG (conf 0.21)
[20:35:59] {"kind": "action", "what": "produce", "name": "DOG", "qty": 1, "ts": "20:35:59"}
[20:36:08] t=160 jev INF DOG (conf 0.24)
[20:36:08] {"kind": "action", "what": "produce", "name": "DOG", "qty": 1, "ts": "20:36:08"}
[20:36:08] t=162 DEFLINE NALASR (have 1)
[20:36:09] {"kind": "action", "what": "produce", "name": "NALASR", "qty": 1, "ts": "20:36:09"}
[20:36:17] t=169 jev INF DOG (conf 0.28)
[20:36:17] {"kind": "action", "what": "produce", "name": "DOG", "qty": 1, "ts": "20:36:17"}
[20:36:23] t=177 ALARM 敌军逼近 -> counter 3 vs 1 -> [72, 111]
[20:36:24] {"kind": "action", "what": "attack_move", "name": null, "qty": null, "ts": "20:36:24"}
[20:36:30] t=181 jev INF E2 (conf 0.42)
[20:36:30] {"kind": "action", "what": "produce", "name": "E2", "qty": 1, "ts": "20:36:30"}
[20:36:33] t=186 DEFLINE NALASR (have 2)
[20:36:33] {"kind": "action", "what": "produce", "name": "NALASR", "qty": 1, "ts": "20:36:33"}
[20:36:35] t=188 jev INF E2 (conf 0.51)
[20:36:35] {"kind": "action", "what": "produce", "name": "E2", "qty": 1, "ts": "20:36:35"}
[20:36:35] t=188 tick#125 credits=3875 stance=defend | jev 121 decisions p50=813ms
[20:36:41] t=194 jev INF E2 (conf 0.56)
[20:36:41] {"kind": "action", "what": "produce", "name": "E2", "qty": 1, "ts": "20:36:41"}
[20:36:46] t=198 jev INF E2 (conf 0.56)
[20:36:46] {"kind": "action", "what": "produce", "name": "E2", "qty": 1, "ts": "20:36:46"}
[20:36:52] t=204 jev INF E2 (conf 0.50)
[20:36:52] {"kind": "action", "what": "produce", "name": "E2", "qty": 1, "ts": "20:36:52"}
[20:36:56] t=209 jev INF E2 (conf 0.50)
[20:36:56] {"kind": "action", "what": "produce", "name": "E2", "qty": 1, "ts": "20:36:56"}
[20:37:01] t=213 jev INF E2 (conf 0.55)
[20:37:01] {"kind": "action", "what": "produce", "name": "E2", "qty": 1, "ts": "20:37:01"}
[20:37:05] t=218 jev INF E2 (conf 0.44)
[20:37:05] {"kind": "action", "what": "produce", "name": "E2", "qty": 1, "ts": "20:37:05"}
[20:37:10] t=222 jev INF E2 (conf 0.47)
[20:37:10] {"kind": "action", "what": "produce", "name": "E2", "qty": 1, "ts": "20:37:10"}
[20:37:13] t=225 tick#150 credits=1825 stance=defend | jev 146 decisions p50=806ms
[20:37:14] t=227 jev INF E2 (conf 0.47)
[20:37:14] {"kind": "action", "what": "produce", "name": "E2", "qty": 1, "ts": "20:37:14"}
[20:37:16] t=230 ECON harv#2
[20:37:16] {"kind": "action", "what": "produce", "name": "HARV", "qty": 1, "ts": "20:37:16"}
[20:37:16] t=230 OPENING BUILD NAREFN
[20:37:16] {"kind": "action", "what": "produce", "name": "NAREFN", "qty": 1, "ts": "20:37:16"}
[20:37:18] t=231 INSURE AA building
[20:37:18] {"kind": "action", "what": "produce", "name": "NAFLAK", "qty": 1, "ts": "20:37:18"}
[20:37:19] t=231 jev INF E2 (conf 0.43)
[20:37:19] {"kind": "action", "what": "produce", "name": "E2", "qty": 1, "ts": "20:37:19"}
[20:37:23] t=236 jev INF E2 (conf 0.30)
[20:37:23] {"kind": "action", "what": "produce", "name": "E2", "qty": 1, "ts": "20:37:23"}
[20:37:29] t=242 jev INF E2 (conf 0.41)
[20:37:29] {"kind": "action", "what": "produce", "name": "E2", "qty": 1, "ts": "20:37:29"}
[20:37:34] t=246 jev INF E2 (conf 0.29)
[20:37:34] {"kind": "action", "what": "produce", "name": "E2", "qty": 1, "ts": "20:37:34"}
[20:37:38] t=251 jev INF E2 (conf 0.41)
[20:37:38] {"kind": "action", "what": "produce", "name": "E2", "qty": 1, "ts": "20:37:38"}
[20:37:44] t=257 jev INF E2 (conf 0.44)
[20:37:44] {"kind": "action", "what": "produce", "name": "E2", "qty": 1, "ts": "20:37:44"}
[20:37:51] t=263 tick#175 credits=0 stance=defend | jev 171 decisions p50=806ms
[20:38:28] t=300 tick#200 credits=0 stance=defend | jev 196 decisions p50=813ms
[20:38:52] t=325 ALARM 敌军逼近 -> counter 20 vs 1 -> [80, 107]
[20:38:52] {"kind": "action", "what": "attack_move", "name": null, "qty": null, "ts": "20:38:52"}
[20:39:01] t=334 ALARM 敌军逼近 -> counter 20 vs 9 -> [83, 111]
[20:39:01] {"kind": "action", "what": "attack_move", "name": null, "qty": null, "ts": "20:39:01"}
[20:39:04] t=337 RETREAT DOG(25%)
[20:39:04] {"kind": "action", "what": "move", "name": null, "qty": null, "ts": "20:39:04"}
[20:39:05] t=338 tick#225 credits=0 stance=defend | jev 211 decisions p50=813ms
[20:39:08] t=341 RETREAT DOG(6%)
[20:39:08] {"kind": "action", "what": "move", "name": null, "qty": null, "ts": "20:39:08"}
[20:39:10] t=343 ALARM 单位损失 -> counter 17 vs 8 -> [70, 117]
[20:39:10] {"kind": "action", "what": "attack_move", "name": null, "qty": null, "ts": "20:39:10"}
[20:39:11] t=344 RETREAT DOG(6%)
[20:39:11] {"kind": "action", "what": "move", "name": null, "qty": null, "ts": "20:39:11"}
[20:39:19] t=352 ALARM 敌军逼近 -> counter 16 vs 10 -> [81, 113]
[20:39:19] {"kind": "action", "what": "attack_move", "name": null, "qty": null, "ts": "20:39:19"}
[20:39:26] t=359 RETREAT E2(15%)
[20:39:26] {"kind": "action", "what": "move", "name": null, "qty": null, "ts": "20:39:26"}
[20:39:28] t=361 ALARM 单位损失 -> TURTLE (15 v 13, 守塔阵不打野战)
[20:39:28] {"kind": "action", "what": "attack_move", "name": null, "qty": null, "ts": "20:39:28"}
[20:39:29] t=362 RETREAT E2(23%)
[20:39:29] {"kind": "action", "what": "move", "name": null, "qty": null, "ts": "20:39:29"}
[20:39:35] t=368 RETREAT E2(25%)
[20:39:35] {"kind": "action", "what": "move", "name": null, "qty": null, "ts": "20:39:35"}
[20:39:37] t=370 ALARM 单位损失 -> TURTLE (13 v 11, 守塔阵不打野战)
[20:39:37] {"kind": "action", "what": "attack_move", "name": null, "qty": null, "ts": "20:39:37"}
[20:39:41] t=374 RETREAT E2(21%)
[20:39:41] {"kind": "action", "what": "move", "name": null, "qty": null, "ts": "20:39:41"}
[20:39:43] t=376 tick#250 credits=0 stance=defend | jev 211 decisions p50=813ms
[20:39:46] t=379 ALARM 敌军逼近 -> counter 12 vs 10 -> [82, 113]
[20:39:46] {"kind": "action", "what": "attack_move", "name": null, "qty": null, "ts": "20:39:46"}
[20:39:50] t=383 RETREAT E2(37%)
[20:39:50] {"kind": "action", "what": "move", "name": null, "qty": null, "ts": "20:39:50"}
[20:39:55] t=388 ALARM 敌军逼近 -> counter 11 vs 9 -> [82, 113]
[20:39:55] {"kind": "action", "what": "attack_move", "name": null, "qty": null, "ts": "20:39:55"}
[20:39:56] t=389 RETREAT E2(35%)
[20:39:56] {"kind": "action", "what": "move", "name": null, "qty": null, "ts": "20:39:56"}
[20:39:58] t=391 RETREAT E2(11%)
[20:39:58] {"kind": "action", "what": "move", "name": null, "qty": null, "ts": "20:39:58"}
[20:40:02] t=395 RETREAT E2(20%)
[20:40:02] {"kind": "action", "what": "move", "name": null, "qty": null, "ts": "20:40:02"}
[20:40:04] t=397 ALARM 单位损失 -> counter 8 vs 6 -> [70, 117]
[20:40:04] {"kind": "action", "what": "attack_move", "name": null, "qty": null, "ts": "20:40:04"}
[20:40:05] t=398 RETREAT E2(27%)
[20:40:05] {"kind": "action", "what": "move", "name": null, "qty": null, "ts": "20:40:05"}
[20:40:11] t=404 RETREAT E2(15%)
[20:40:11] {"kind": "action", "what": "move", "name": null, "qty": null, "ts": "20:40:11"}
[20:40:13] t=406 ALARM 单位损失 -> counter 6 vs 5 -> [70, 117]
[20:40:13] {"kind": "action", "what": "attack_move", "name": null, "qty": null, "ts": "20:40:13"}
[20:40:17] t=410 RETREAT E2(36%)
[20:40:17] {"kind": "action", "what": "move", "name": null, "qty": null, "ts": "20:40:17"}
[20:40:20] t=413 tick#275 credits=0 stance=defend | jev 211 decisions p50=813ms
[20:40:22] t=415 ALARM 敌军逼近 -> counter 5 vs 4 -> [81, 114]
[20:40:22] {"kind": "action", "what": "attack_move", "name": null, "qty": null, "ts": "20:40:22"}
[20:40:29] t=422 RETREAT E2(23%)
[20:40:29] {"kind": "action", "what": "move", "name": null, "qty": null, "ts": "20:40:29"}
[20:40:31] t=424 ALARM 敌军逼近 -> counter 4 vs 3 -> [81, 114]
[20:40:31] {"kind": "action", "what": "attack_move", "name": null, "qty": null, "ts": "20:40:31"}
[20:40:37] t=430 RETREAT E2(37%)
[20:40:37] {"kind": "action", "what": "move", "name": null, "qty": null, "ts": "20:40:37"}
[20:40:40] t=433 ALARM 敌军逼近 -> counter 3 vs 2 -> [81, 114]
[20:40:40] {"kind": "action", "what": "attack_move", "name": null, "qty": null, "ts": "20:40:40"}
[20:40:46] t=439 RETREAT E2(33%)
[20:40:46] {"kind": "action", "what": "move", "name": null, "qty": null, "ts": "20:40:46"}
[20:40:49] t=442 ALARM 敌军逼近 -> counter 2 vs 1 -> [81, 113]
[20:40:49] {"kind": "action", "what": "attack_move", "name": null, "qty": null, "ts": "20:40:49"}
[20:40:58] t=451 ALARM 敌军逼近 -> counter 1 vs 1 -> [81, 113]
[20:40:58] {"kind": "action", "what": "attack_move", "name": null, "qty": null, "ts": "20:40:58"}
[20:40:58] t=451 RETREAT E2(30%)
[20:40:58] {"kind": "action", "what": "move", "name": null, "qty": null, "ts": "20:40:58"}
[20:40:58] t=451 tick#300 credits=915 stance=defend | jev 211 decisions p50=813ms
[20:41:07] t=460 RETREAT E2(30%)
[20:41:07] {"kind": "action", "what": "move", "name": null, "qty": null, "ts": "20:41:07"}
[20:41:11] t=463 jev INF E2 (conf 0.41)
[20:41:11] t=463 jev VEH HTK (conf 0.34)
[20:41:11] {"kind": "action", "what": "produce", "name": "E2", "qty": 1, "ts": "20:41:11"}
[20:41:11] {"kind": "action", "what": "produce", "name": "HTK", "qty": 1, "ts": "20:41:11"}
[20:41:15] t=468 jev INF E2 (conf 0.40)
[20:41:15] {"kind": "action", "what": "produce", "name": "E2", "qty": 1, "ts": "20:41:15"}
[20:41:36] t=489 tick#325 credits=0 stance=defend | jev 229 decisions p50=813ms
[20:42:14] t=526 tick#350 credits=0 stance=defend | jev 254 decisions p50=813ms
[20:43:06] t=579 POWER plant (reserve -35)
[20:43:06] {"kind": "action", "what": "produce", "name": "NAPOWR", "qty": 1, "ts": "20:43:06"}
[20:43:06] scout ERR name 'mirror' is not defined
[20:43:07] t=579 jev INF E2 (conf 0.45)
[20:43:07] t=579 jev VEH HTK (conf 0.49)
[20:43:07] {"kind": "action", "what": "produce", "name": "E2", "qty": 1, "ts": "20:43:07"}
[20:43:07] {"kind": "action", "what": "produce", "name": "HTK", "qty": 1, "ts": "20:43:07"}
[20:43:07] t=579 MOVE defend-rally@base(1)
[20:43:07] {"kind": "action", "what": "attack_move", "name": null, "qty": null, "ts": "20:43:07"}
[20:43:16] t=588 jev INF E2 (conf 0.39)
[20:43:16] {"kind": "action", "what": "produce", "name": "E2", "qty": 1, "ts": "20:43:16"}
[20:43:20] t=593 MOVE defend-rally@base(1)
[20:43:21] {"kind": "action", "what": "attack_move", "name": null, "qty": null, "ts": "20:43:21"}
[20:43:25] t=597 jev INF E2 (conf 0.38)
[20:43:25] {"kind": "action", "what": "produce", "name": "E2", "qty": 1, "ts": "20:43:25"}
[20:43:33] t=605 MOVE defend-rally@base(1)
[20:43:33] {"kind": "action", "what": "attack_move", "name": null, "qty": null, "ts": "20:43:33"}
[20:43:33] t=605 tick#375 credits=805 stance=defend | jev 279 decisions p50=814ms
[20:43:34] t=606 jev INF E2 (conf 0.37)
[20:43:34] {"kind": "action", "what": "produce", "name": "E2", "qty": 1, "ts": "20:43:34"}
[20:43:43] t=615 jev INF E2 (conf 0.35)
[20:43:43] {"kind": "action", "what": "produce", "name": "E2", "qty": 1, "ts": "20:43:43"}
[20:43:45] t=617 MOVE defend-rally@base(1)
[20:43:45] {"kind": "action", "what": "attack_move", "name": null, "qty": null, "ts": "20:43:45"}
[20:43:49] t=621 jev VEH HTK (conf 0.39)
[20:43:49] {"kind": "action", "what": "produce", "name": "HTK", "qty": 1, "ts": "20:43:49"}
[20:43:52] t=624 jev INF E2 (conf 0.34)
[20:43:52] {"kind": "action", "what": "produce", "name": "E2", "qty": 1, "ts": "20:43:52"}
[20:43:58] t=630 MOVE defend-rally@base(2)
[20:43:58] {"kind": "action", "what": "attack_move", "name": null, "qty": null, "ts": "20:43:58"}
[20:44:02] t=634 jev BUILD NAPOWR (conf 0.37)
[20:44:02] {"kind": "action", "what": "produce", "name": "NAPOWR", "qty": 1, "ts": "20:44:02"}
[20:44:11] t=643 MOVE defend-rally@base(2)
[20:44:11] {"kind": "action", "what": "attack_move", "name": null, "qty": null, "ts": "20:44:11"}
[20:44:11] t=643 tick#400 credits=0 stance=defend | jev 304 decisions p50=813ms
[20:44:24] t=657 MOVE defend-rally@base(2)
[20:44:24] {"kind": "action", "what": "attack_move", "name": null, "qty": null, "ts": "20:44:24"}
[20:44:36] t=669 MOVE defend-rally@base(2)
[20:44:36] {"kind": "action", "what": "attack_move", "name": null, "qty": null, "ts": "20:44:36"}
[20:44:48] t=681 MOVE defend-rally@base(2)
[20:44:48] {"kind": "action", "what": "attack_move", "name": null, "qty": null, "ts": "20:44:48"}
[20:44:48] t=681 tick#425 credits=0 stance=defend | jev 329 decisions p50=817ms
[20:44:51] t=684 jev INF E2 (conf 0.38)
[20:44:51] {"kind": "action", "what": "produce", "name": "E2", "qty": 1, "ts": "20:44:51"}
[20:44:56] t=688 jev INF E2 (conf 0.43)
[20:44:56] {"kind": "action", "what": "produce", "name": "E2", "qty": 1, "ts": "20:44:56"}
[20:45:02] t=694 jev INF E2 (conf 0.44)
[20:45:02] {"kind": "action", "what": "produce", "name": "E2", "qty": 1, "ts": "20:45:02"}
[20:45:02] t=694 MOVE defend-rally@base(2)
[20:45:02] {"kind": "action", "what": "attack_move", "name": null, "qty": null, "ts": "20:45:02"}
[20:45:05] t=697 jev VEH HTK (conf 0.44)
[20:45:05] {"kind": "action", "what": "produce", "name": "HTK", "qty": 1, "ts": "20:45:05"}
[20:45:08] t=700 jev INF E2 (conf 0.38)
[20:45:08] {"kind": "action", "what": "produce", "name": "E2", "qty": 1, "ts": "20:45:08"}
[20:45:12] t=705 jev INF E2 (conf 0.36)
[20:45:12] {"kind": "action", "what": "produce", "name": "E2", "qty": 1, "ts": "20:45:12"}
[20:45:15] t=708 MOVE defend-rally@base(3)
[20:45:15] {"kind": "action", "what": "attack_move", "name": null, "qty": null, "ts": "20:45:15"}
[20:45:17] t=709 jev INF E2 (conf 0.36)
[20:45:17] {"kind": "action", "what": "produce", "name": "E2", "qty": 1, "ts": "20:45:17"}
[20:45:21] t=714 jev INF E2 (conf 0.37)
[20:45:21] {"kind": "action", "what": "produce", "name": "E2", "qty": 1, "ts": "20:45:21"}
[20:45:24] t=717 jev VEH HTK (conf 0.42)
[20:45:24] {"kind": "action", "what": "produce", "name": "HTK", "qty": 1, "ts": "20:45:24"}
[20:45:26] t=718 jev INF DOG (conf 0.29)
[20:45:26] {"kind": "action", "what": "produce", "name": "DOG", "qty": 1, "ts": "20:45:26"}
[20:45:26] t=718 tick#450 credits=69 stance=defend | jev 354 decisions p50=814ms
[20:45:27] t=720 jev BUILD NAWEAP (conf 0.14)
[20:45:27] {"kind": "action", "what": "produce", "name": "NAWEAP", "qty": 1, "ts": "20:45:27"}
[20:45:27] t=720 MOVE defend-rally@base(4)
[20:45:27] {"kind": "action", "what": "attack_move", "name": null, "qty": null, "ts": "20:45:27"}
[20:45:41] t=733 MOVE defend-rally@base(4)
[20:45:41] {"kind": "action", "what": "attack_move", "name": null, "qty": null, "ts": "20:45:41"}
[20:45:47] t=741 RETREAT E2(7%)
[20:45:48] {"kind": "action", "what": "move", "name": null, "qty": null, "ts": "20:45:48"}
[20:45:48] t=741 jev INF E2 (conf 0.35)
[20:45:49] {"kind": "action", "what": "produce", "name": "E2", "qty": 1, "ts": "20:45:49"}
[20:45:53] t=745 MOVE defend-rally@base(4)
[20:45:53] {"kind": "action", "what": "attack_move", "name": null, "qty": null, "ts": "20:45:53"}
[20:45:54] t=747 jev INF E2 (conf 0.28)
[20:45:54] {"kind": "action", "what": "produce", "name": "E2", "qty": 1, "ts": "20:45:54"}
[20:45:57] t=750 jev VEH HTK (conf 0.47)
[20:45:57] {"kind": "action", "what": "produce", "name": "HTK", "qty": 1, "ts": "20:45:57"}
[20:45:59] t=753 RETREAT E2(20%)
[20:46:00] {"kind": "action", "what": "move", "name": null, "qty": null, "ts": "20:46:00"}
[20:46:03] t=756 tick#475 credits=0 stance=defend | jev 379 decisions p50=816ms
[20:46:05] t=757 MOVE defend-rally@base(5)
[20:46:05] {"kind": "action", "what": "attack_move", "name": null, "qty": null, "ts": "20:46:05"}
[20:46:05] t=759 ALARM 敌军逼近 -> counter 22 vs 2 -> [86, 110]
[20:46:06] {"kind": "action", "what": "attack_move", "name": null, "qty": null, "ts": "20:46:06"}
[20:46:07] scout ERR name 'mirror' is not defined
[20:46:08] t=762 RETREAT E2(10%)
[20:46:09] {"kind": "action", "what": "move", "name": null, "qty": null, "ts": "20:46:09"}
[20:46:14] t=768 ALARM 敌军逼近 -> counter 22 vs 2 -> [85, 111]
[20:46:15] {"kind": "action", "what": "attack_move", "name": null, "qty": null, "ts": "20:46:15"}
[20:46:24] t=777 ALARM 哨戒炮被攻击 -> counter 22 vs 4 -> [72, 116]
[20:46:24] {"kind": "action", "what": "attack_move", "name": null, "qty": null, "ts": "20:46:24"}
[20:46:33] t=786 ALARM 敌军逼近 -> counter 21 vs 5 -> [76, 113]
[20:46:33] {"kind": "action", "what": "attack_move", "name": null, "qty": null, "ts": "20:46:33"}
[20:46:40] t=793 tick#500 credits=0 stance=defend | jev 380 decisions p50=816ms
[20:46:42] t=795 ALARM 苏联战车工厂被攻击 -> counter 21 vs 5 -> [73, 114]
[20:46:42] {"kind": "action", "what": "attack_move", "name": null, "qty": null, "ts": "20:46:42"}
[20:46:51] t=804 ALARM 哨戒炮被攻击 -> counter 21 vs 4 -> [72, 116]
[20:46:51] {"kind": "action", "what": "attack_move", "name": null, "qty": null, "ts": "20:46:51"}
[20:46:52] t=805 RETREAT DOG(23%)
[20:46:52] {"kind": "action", "what": "move", "name": null, "qty": null, "ts": "20:46:52"}
[20:46:58] t=811 RETREAT E2(32%)
[20:46:58] t=811 RETREAT E2(23%)
[20:46:58] {"kind": "action", "what": "move", "name": null, "qty": null, "ts": "20:46:58"}
[20:46:58] {"kind": "action", "what": "move", "name": null, "qty": null, "ts": "20:46:58"}
[20:47:00] t=813 ALARM 苏联战车工厂被攻击 -> counter 18 vs 6 -> [73, 114]
[20:47:00] {"kind": "action", "what": "attack_move", "name": null, "qty": null, "ts": "20:47:00"}
[20:47:09] t=822 ALARM 苏联战车工厂被攻击 -> counter 18 vs 10 -> [73, 114]
[20:47:09] {"kind": "action", "what": "attack_move", "name": null, "qty": null, "ts": "20:47:09"}
[20:47:18] t=831 ALARM 敌军逼近 -> counter 18 vs 11 -> [85, 110]
[20:47:18] {"kind": "action", "what": "attack_move", "name": null, "qty": null, "ts": "20:47:18"}
[20:47:18] t=831 tick#525 credits=0 stance=defend | jev 380 decisions p50=816ms
[20:47:22] t=835 RETREAT E2(23%)
[20:47:22] t=835 RETREAT E2(32%)
[20:47:22] {"kind": "action", "what": "move", "name": null, "qty": null, "ts": "20:47:22"}
[20:47:22] {"kind": "action", "what": "move", "name": null, "qty": null, "ts": "20:47:22"}
[20:47:27] t=840 ALARM 敌军逼近 -> counter 15 vs 12 -> [82, 111]
[20:47:27] {"kind": "action", "what": "attack_move", "name": null, "qty": null, "ts": "20:47:27"}
[20:47:27] t=840 RETREAT E2(35%)
[20:47:27] {"kind": "action", "what": "move", "name": null, "qty": null, "ts": "20:47:27"}
[20:47:31] t=844 RETREAT E2(32%)
[20:47:31] {"kind": "action", "what": "move", "name": null, "qty": null, "ts": "20:47:31"}
[20:47:36] t=849 ALARM 单位损失 -> counter 12 vs 10 -> [70, 117]
[20:47:36] {"kind": "action", "what": "attack_move", "name": null, "qty": null, "ts": "20:47:36"}
[20:47:37] t=850 TANK HTNK x1
[20:47:37] {"kind": "action", "what": "produce", "name": "HTNK", "qty": 1, "ts": "20:47:37"}
[20:47:40] t=853 RETREAT E2(37%)
[20:47:40] t=853 RETREAT E2(17%)
[20:47:40] {"kind": "action", "what": "move", "name": null, "qty": null, "ts": "20:47:40"}
[20:47:40] {"kind": "action", "what": "move", "name": null, "qty": null, "ts": "20:47:40"}
[20:47:45] t=858 ALARM 敌军逼近 -> counter 11 vs 8 -> [84, 111]
[20:47:45] {"kind": "action", "what": "attack_move", "name": null, "qty": null, "ts": "20:47:45"}
[20:47:54] t=867 ALARM 敌军逼近 -> counter 11 vs 5 -> [84, 111]
[20:47:54] {"kind": "action", "what": "attack_move", "name": null, "qty": null, "ts": "20:47:54"}
[20:47:55] t=868 RETREAT HTK(36%)
[20:47:55] {"kind": "action", "what": "move", "name": null, "qty": null, "ts": "20:47:55"}
[20:47:55] t=868 tick#550 credits=301 stance=defend | jev 380 decisions p50=816ms
[20:48:00] t=873 RETREAT E2(26%)
[20:48:00] {"kind": "action", "what": "move", "name": null, "qty": null, "ts": "20:48:00"}
[20:48:03] t=876 ALARM 敌军逼近 -> counter 9 vs 1 -> [84, 111]
[20:48:03] {"kind": "action", "what": "attack_move", "name": null, "qty": null, "ts": "20:48:03"}
[20:48:11] t=883 MOVE defend-rally@base(2)
[20:48:11] {"kind": "action", "what": "attack_move", "name": null, "qty": null, "ts": "20:48:11"}
[20:48:14] t=886 jev INF DOG (conf 0.24)
[20:48:14] {"kind": "action", "what": "produce", "name": "DOG", "qty": 1, "ts": "20:48:14"}
[20:48:23] t=895 MOVE defend-rally@base(2)
[20:48:23] {"kind": "action", "what": "attack_move", "name": null, "qty": null, "ts": "20:48:23"}
[20:48:34] t=906 tick#575 credits=0 stance=defend | jev 397 decisions p50=818ms
[20:48:37] t=909 MOVE defend-rally@base(2)
[20:48:37] {"kind": "action", "what": "attack_move", "name": null, "qty": null, "ts": "20:48:37"}
[20:48:50] t=922 MOVE defend-rally@base(2)
[20:48:50] {"kind": "action", "what": "attack_move", "name": null, "qty": null, "ts": "20:48:50"}
[20:49:00] t=933 jev INF E2 (conf 0.35)
[20:49:00] {"kind": "action", "what": "produce", "name": "E2", "qty": 1, "ts": "20:49:00"}
[20:49:02] t=934 jev INF E2 (conf 0.39)
[20:49:02] {"kind": "action", "what": "produce", "name": "E2", "qty": 1, "ts": "20:49:02"}
[20:49:02] t=934 MOVE defend-rally@base(2)
[20:49:02] {"kind": "action", "what": "attack_move", "name": null, "qty": null, "ts": "20:49:02"}
[20:49:07] t=939 jev VEH HTK (conf 0.37)
[20:49:07] {"kind": "action", "what": "produce", "name": "HTK", "qty": 1, "ts": "20:49:07"}
[20:49:07] scout ERR name 'mirror' is not defined
[20:49:08] t=940 jev VEH HTK (conf 0.47)
[20:49:08] {"kind": "action", "what": "produce", "name": "HTK", "qty": 1, "ts": "20:49:08"}
[20:49:11] t=943 jev INF DOG (conf 0.25)
[20:49:11] {"kind": "action", "what": "produce", "name": "DOG", "qty": 1, "ts": "20:49:11"}
[20:49:11] t=943 tick#600 credits=0 stance=defend | jev 422 decisions p50=819ms
[20:49:15] t=948 MOVE defend-rally@base(3)
[20:49:15] {"kind": "action", "what": "attack_move", "name": null, "qty": null, "ts": "20:49:15"}
[20:49:29] t=961 MOVE defend-rally@base(3)
[20:49:29] {"kind": "action", "what": "attack_move", "name": null, "qty": null, "ts": "20:49:29"}
[20:49:41] t=973 MOVE defend-rally@base(3)
[20:49:41] {"kind": "action", "what": "attack_move", "name": null, "qty": null, "ts": "20:49:41"}
[20:49:45] t=978 jev INF E2 (conf 0.38)
[20:49:45] {"kind": "action", "what": "produce", "name": "E2", "qty": 1, "ts": "20:49:45"}
[20:49:47] t=979 jev INF E2 (conf 0.40)
[20:49:47] {"kind": "action", "what": "produce", "name": "E2", "qty": 1, "ts": "20:49:47"}
[20:49:48] t=981 jev BUILD NAPOWR (conf 0.30)
[20:49:48] {"kind": "action", "what": "produce", "name": "NAPOWR", "qty": 1, "ts": "20:49:48"}
[20:49:48] t=981 tick#625 credits=21 stance=defend | jev 447 decisions p50=818ms
[20:49:53] t=985 MOVE defend-rally@base(4)
[20:49:53] {"kind": "action", "what": "attack_move", "name": null, "qty": null, "ts": "20:49:53"}
[20:50:05] t=998 MOVE defend-rally@base(4)
[20:50:05] {"kind": "action", "what": "attack_move", "name": null, "qty": null, "ts": "20:50:05"}
[20:50:17] t=1010 MOVE defend-rally@base(4)
[20:50:17] {"kind": "action", "what": "attack_move", "name": null, "qty": null, "ts": "20:50:17"}
[20:50:26] t=1019 tick#650 credits=0 stance=defend | jev 472 decisions p50=821ms
[20:50:31] t=1023 MOVE defend-rally@base(4)
[20:50:31] {"kind": "action", "what": "attack_move", "name": null, "qty": null, "ts": "20:50:31"}
[20:50:43] t=1035 MOVE defend-rally@base(4)
[20:50:43] {"kind": "action", "what": "attack_move", "name": null, "qty": null, "ts": "20:50:43"}
[20:50:50] t=1043 RETREAT E2(7%)
[20:50:50] {"kind": "action", "what": "move", "name": null, "qty": null, "ts": "20:50:50"}
[20:50:56] t=1049 MOVE defend-rally@base(4)
[20:50:56] {"kind": "action", "what": "attack_move", "name": null, "qty": null, "ts": "20:50:56"}
[20:51:02] t=1055 RETREAT E2(20%)
[20:51:02] {"kind": "action", "what": "move", "name": null, "qty": null, "ts": "20:51:02"}
[20:51:04] t=1056 tick#675 credits=0 stance=defend | jev 497 decisions p50=824ms
[20:51:10] t=1062 MOVE defend-rally@base(4)
[20:51:10] {"kind": "action", "what": "attack_move", "name": null, "qty": null, "ts": "20:51:10"}
[20:51:21] t=1074 RETREAT E2(39%)
[20:51:21] {"kind": "action", "what": "move", "name": null, "qty": null, "ts": "20:51:21"}
[20:51:22] t=1074 MOVE defend-rally@base(4)
[20:51:22] {"kind": "action", "what": "attack_move", "name": null, "qty": null, "ts": "20:51:22"}
[20:51:28] t=1081 ALARM 敌军逼近 -> TURTLE (15 v 17, 守塔阵不打野战)
[20:51:28] {"kind": "action", "what": "attack_move", "name": null, "qty": null, "ts": "20:51:28"}
[20:51:37] t=1090 ALARM 敌军逼近 -> TURTLE (14 v 17, 守塔阵不打野战)
[20:51:37] {"kind": "action", "what": "attack_move", "name": null, "qty": null, "ts": "20:51:37"}
[20:51:41] t=1094 tick#700 credits=0 stance=defend | jev 512 decisions p50=827ms
[20:51:45] t=1097 MOVE defend-rally@base(4)
[20:51:45] {"kind": "action", "what": "attack_move", "name": null, "qty": null, "ts": "20:51:45"}
[20:51:50] t=1103 ALARM 单位损失 -> TURTLE (14 v 16, 守塔阵不打野战)
[20:51:50] {"kind": "action", "what": "attack_move", "name": null, "qty": null, "ts": "20:51:50"}
[20:51:53] t=1106 RETREAT DOG(23%)
[20:51:53] {"kind": "action", "what": "move", "name": null, "qty": null, "ts": "20:51:53"}
[20:52:00] t=1112 MOVE defend-rally@base(4)
[20:52:00] {"kind": "action", "what": "attack_move", "name": null, "qty": null, "ts": "20:52:00"}
[20:52:02] t=1115 ALARM 敌军逼近 -> TURTLE (14 v 14, 守塔阵不打野战)
[20:52:02] {"kind": "action", "what": "attack_move", "name": null, "qty": null, "ts": "20:52:02"}
[20:52:08] t=1121 RETREAT E2(31%)
[20:52:08] {"kind": "action", "what": "move", "name": null, "qty": null, "ts": "20:52:08"}
[20:52:08] scout ERR name 'mirror' is not defined
[20:52:11] t=1124 ALARM 敌军逼近 -> TURTLE (13 v 14, 守塔阵不打野战)
[20:52:11] {"kind": "action", "what": "attack_move", "name": null, "qty": null, "ts": "20:52:11"}
[20:52:19] t=1132 tick#725 credits=0 stance=defend | jev 522 decisions p50=829ms
[20:52:20] t=1133 ALARM 哨戒炮被攻击 -> TURTLE (13 v 13, 守塔阵不打野战)
[20:52:20] {"kind": "action", "what": "attack_move", "name": null, "qty": null, "ts": "20:52:20"}
[20:52:29] t=1142 ALARM 苏联战车工厂被攻击 -> TURTLE (13 v 15, 守塔阵不打野战)
[20:52:29] {"kind": "action", "what": "attack_move", "name": null, "qty": null, "ts": "20:52:29"}
[20:52:38] t=1151 ALARM 苏联战车工厂被攻击 -> TURTLE (13 v 14, 守塔阵不打野战)
[20:52:38] {"kind": "action", "what": "attack_move", "name": null, "qty": null, "ts": "20:52:38"}
[20:52:47] t=1160 ALARM 敌军逼近 -> counter 17 vs 11 -> [77, 113]
[20:52:47] {"kind": "action", "what": "attack_move", "name": null, "qty": null, "ts": "20:52:47"}
[20:52:49] t=1162 RETREAT E2(28%)
[20:52:49] {"kind": "action", "what": "move", "name": null, "qty": null, "ts": "20:52:49"}
[20:52:50] t=1163 RETREAT E2(32%)
[20:52:50] {"kind": "action", "what": "move", "name": null, "qty": null, "ts": "20:52:50"}
[20:52:56] t=1169 ALARM 敌军逼近 -> counter 14 vs 11 -> [77, 113]
[20:52:56] {"kind": "action", "what": "attack_move", "name": null, "qty": null, "ts": "20:52:56"}
[20:52:56] t=1169 tick#750 credits=0 stance=defend | jev 522 decisions p50=829ms
[20:53:05] t=1178 ALARM 苏联矿石精炼场被攻击 -> TURTLE (14 v 15, 守塔阵不打野战)
[20:53:05] {"kind": "action", "what": "attack_move", "name": null, "qty": null, "ts": "20:53:05"}
[20:53:14] t=1187 ALARM 苏联矿石精炼场被攻击 -> TURTLE (14 v 15, 守塔阵不打野战)
[20:53:14] {"kind": "action", "what": "attack_move", "name": null, "qty": null, "ts": "20:53:14"}
[20:53:19] t=1192 RETREAT E2(36%)
[20:53:19] {"kind": "action", "what": "move", "name": null, "qty": null, "ts": "20:53:19"}
[20:53:23] t=1196 ALARM 敌军逼近 -> TURTLE (14 v 14, 守塔阵不打野战)
[20:53:23] {"kind": "action", "what": "attack_move", "name": null, "qty": null, "ts": "20:53:23"}
[20:53:32] t=1205 ALARM 磁能反应炉被攻击 -> TURTLE (14 v 12, 守塔阵不打野战)
[20:53:32] {"kind": "action", "what": "attack_move", "name": null, "qty": null, "ts": "20:53:32"}
[20:53:34] t=1207 tick#775 credits=0 stance=defend | jev 522 decisions p50=829ms
[20:53:41] t=1214 ALARM 磁能反应炉被攻击 -> TURTLE (14 v 12, 守塔阵不打野战)
[20:53:41] {"kind": "action", "what": "attack_move", "name": null, "qty": null, "ts": "20:53:41"}
[20:53:47] t=1220 RETREAT E2(30%)
[20:53:47] {"kind": "action", "what": "move", "name": null, "qty": null, "ts": "20:53:47"}
[20:53:50] t=1223 ALARM 单位损失 -> counter 14 vs 11 -> [70, 117]
[20:53:50] {"kind": "action", "what": "attack_move", "name": null, "qty": null, "ts": "20:53:50"}
[20:53:59] t=1232 ALARM 苏联战车工厂被攻击 -> counter 14 vs 11 -> [72, 123]
[20:53:59] {"kind": "action", "what": "attack_move", "name": null, "qty": null, "ts": "20:53:59"}
[20:54:08] t=1241 ALARM 磁能反应炉被攻击 -> counter 14 vs 11 -> [69, 115]
[20:54:08] {"kind": "action", "what": "attack_move", "name": null, "qty": null, "ts": "20:54:08"}
[20:54:11] t=1244 tick#800 credits=722 stance=defend | jev 522 decisions p50=829ms
[20:54:13] t=1246 OPENING BUILD NAREFN
[20:54:13] {"kind": "action", "what": "produce", "name": "NAREFN", "qty": 1, "ts": "20:54:13"}
[20:54:17] t=1250 ALARM 磁能反应炉被攻击 -> counter 14 vs 9 -> [72, 115]
[20:54:17] {"kind": "action", "what": "attack_move", "name": null, "qty": null, "ts": "20:54:17"}
[20:54:23] t=1256 RETREAT DOG(17%)
[20:54:23] {"kind": "action", "what": "move", "name": null, "qty": null, "ts": "20:54:23"}
[20:54:26] t=1259 ALARM 苏联矿石精炼场被攻击 -> counter 13 vs 9 -> [74, 120]
[20:54:26] {"kind": "action", "what": "attack_move", "name": null, "qty": null, "ts": "20:54:26"}
[20:54:35] t=1268 ALARM 磁能反应炉被攻击 -> counter 13 vs 9 -> [72, 115]
[20:54:35] {"kind": "action", "what": "attack_move", "name": null, "qty": null, "ts": "20:54:35"}
[20:54:44] t=1277 ALARM 苏联矿石精炼场被攻击 -> counter 12 vs 8 -> [74, 120]
[20:54:44] {"kind": "action", "what": "attack_move", "name": null, "qty": null, "ts": "20:54:44"}
[20:54:49] t=1282 tick#825 credits=0 stance=defend | jev 522 decisions p50=829ms
[20:54:53] t=1286 ALARM 苏联矿石精炼场被攻击 -> counter 13 vs 7 -> [74, 120]
[20:54:53] {"kind": "action", "what": "attack_move", "name": null, "qty": null, "ts": "20:54:53"}
[20:54:56] t=1289 ENEMY BASE spotted @[136, 84]
[20:55:02] t=1295 ALARM 苏联矿石精炼场被攻击 -> counter 13 vs 8 -> [74, 120]
[20:55:02] {"kind": "action", "what": "attack_move", "name": null, "qty": null, "ts": "20:55:02"}
[20:55:04] t=1297 RETREAT E2(30%)
[20:55:04] {"kind": "action", "what": "move", "name": null, "qty": null, "ts": "20:55:04"}
[20:55:11] t=1304 ALARM 敌军逼近 -> counter 12 vs 10 -> [77, 118]
[20:55:11] {"kind": "action", "what": "attack_move", "name": null, "qty": null, "ts": "20:55:11"}
[20:55:20] t=1313 ALARM 苏联矿石精炼场被攻击 -> counter 12 vs 7 -> [74, 120]
[20:55:20] {"kind": "action", "what": "attack_move", "name": null, "qty": null, "ts": "20:55:20"}
[20:55:26] t=1319 tick#850 credits=0 stance=defend | jev 522 decisions p50=829ms
[20:55:29] t=1322 ALARM 敌军逼近 -> counter 13 vs 7 -> [74, 112]
[20:55:29] {"kind": "action", "what": "attack_move", "name": null, "qty": null, "ts": "20:55:29"}
[20:55:34] t=1327 RETREAT E2(30%)
[20:55:34] {"kind": "action", "what": "move", "name": null, "qty": null, "ts": "20:55:34"}
[20:55:38] t=1331 ALARM 单位损失 -> counter 12 vs 8 -> [70, 117]
[20:55:38] {"kind": "action", "what": "attack_move", "name": null, "qty": null, "ts": "20:55:38"}
[20:55:47] t=1340 ALARM 苏联建造场被攻击 -> counter 12 vs 8 -> [70, 117]
[20:55:47] {"kind": "action", "what": "attack_move", "name": null, "qty": null, "ts": "20:55:47"}
[20:55:52] t=1345 RETREAT E2(7%)
[20:55:52] {"kind": "action", "what": "move", "name": null, "qty": null, "ts": "20:55:52"}
[20:55:56] t=1349 ALARM 敌军逼近 -> counter 12 vs 8 -> [73, 113]
[20:55:56] {"kind": "action", "what": "attack_move", "name": null, "qty": null, "ts": "20:55:56"}
[20:56:04] t=1357 RETREAT E2(20%)
[20:56:04] {"kind": "action", "what": "move", "name": null, "qty": null, "ts": "20:56:04"}
[20:56:04] t=1357 tick#875 credits=0 stance=defend | jev 522 decisions p50=829ms
[20:56:05] t=1358 ALARM 敌军逼近 -> counter 12 vs 8 -> [73, 113]
[20:56:05] {"kind": "action", "what": "attack_move", "name": null, "qty": null, "ts": "20:56:05"}
[20:56:11] t=1364 RETREAT HTNK(25%)
[20:56:11] {"kind": "action", "what": "move", "name": null, "qty": null, "ts": "20:56:11"}
[20:56:14] t=1367 ALARM 敌军逼近 -> counter 11 vs 7 -> [78, 114]
[20:56:14] {"kind": "action", "what": "attack_move", "name": null, "qty": null, "ts": "20:56:14"}
[20:56:18] t=1370 jev INF DOG (conf 0.29)
[20:56:18] t=1370 jev VEH HTK (conf 0.44)
[20:56:18] {"kind": "action", "what": "produce", "name": "DOG", "qty": 1, "ts": "20:56:18"}
[20:56:18] {"kind": "action", "what": "produce", "name": "HTK", "qty": 1, "ts": "20:56:18"}
[20:56:23] t=1375 MOVE defend-rally@base(3)
[20:56:23] {"kind": "action", "what": "attack_move", "name": null, "qty": null, "ts": "20:56:23"}
[20:56:35] t=1387 MOVE defend-rally@base(3)
[20:56:35] {"kind": "action", "what": "attack_move", "name": null, "qty": null, "ts": "20:56:35"}
[20:56:40] t=1393 ALARM 敌军逼近 -> counter 11 vs 7 -> [84, 107]
[20:56:40] {"kind": "action", "what": "attack_move", "name": null, "qty": null, "ts": "20:56:40"}
[20:56:41] t=1394 tick#900 credits=0 stance=defend | jev 537 decisions p50=829ms
[20:56:48] t=1400 MOVE defend-rally@base(3)
[20:56:48] {"kind": "action", "what": "attack_move", "name": null, "qty": null, "ts": "20:56:48"}
[20:57:00] t=1412 MOVE defend-rally@base(3)
[20:57:00] {"kind": "action", "what": "attack_move", "name": null, "qty": null, "ts": "20:57:00"}
[20:57:10] t=1423 RETREAT E2(13%)
[20:57:10] {"kind": "action", "what": "move", "name": null, "qty": null, "ts": "20:57:10"}
[20:57:12] t=1424 MOVE defend-rally@base(3)
[20:57:12] {"kind": "action", "what": "attack_move", "name": null, "qty": null, "ts": "20:57:12"}
[20:57:20] t=1432 tick#925 credits=0 stance=defend | jev 560 decisions p50=828ms
[20:57:26] t=1438 MOVE defend-rally@base(3)
[20:57:26] {"kind": "action", "what": "attack_move", "name": null, "qty": null, "ts": "20:57:26"}
[20:57:38] t=1450 MOVE defend-rally@base(3)
[20:57:38] {"kind": "action", "what": "attack_move", "name": null, "qty": null, "ts": "20:57:38"}
[20:57:50] t=1462 MOVE defend-rally@base(3)
[20:57:50] {"kind": "action", "what": "attack_move", "name": null, "qty": null, "ts": "20:57:50"}
[20:57:57] t=1469 tick#950 credits=0 stance=defend | jev 585 decisions p50=835ms
[20:58:03] t=1475 MOVE defend-rally@base(3)
[20:58:03] {"kind": "action", "what": "attack_move", "name": null, "qty": null, "ts": "20:58:03"}
[20:58:04] t=1477 ALARM 敌军逼近 -> counter 11 vs 8 -> [85, 111]
[20:58:04] {"kind": "action", "what": "attack_move", "name": null, "qty": null, "ts": "20:58:04"}
[20:58:13] t=1486 ALARM 敌军逼近 -> counter 11 vs 6 -> [81, 115]
[20:58:13] {"kind": "action", "what": "attack_move", "name": null, "qty": null, "ts": "20:58:13"}
[20:58:22] t=1495 ALARM 敌军逼近 -> counter 7 vs 5 -> [82, 114]
[20:58:22] {"kind": "action", "what": "attack_move", "name": null, "qty": null, "ts": "20:58:22"}
[20:58:31] t=1504 ALARM 苏联战车工厂被攻击 -> TURTLE (7 v 6, 守塔阵不打野战)
[20:58:31] {"kind": "action", "what": "attack_move", "name": null, "qty": null, "ts": "20:58:31"}
[20:58:34] t=1507 tick#975 credits=0 stance=defend | jev 589 decisions p50=836ms
[20:58:40] t=1513 ALARM 敌军逼近 -> TURTLE (5 v 5, 守塔阵不打野战)
[20:58:40] {"kind": "action", "what": "attack_move", "name": null, "qty": null, "ts": "20:58:40"}
[20:58:40] t=1513 RETREAT E2(26%)
[20:58:40] {"kind": "action", "what": "move", "name": null, "qty": null, "ts": "20:58:40"}
[20:58:49] t=1522 ALARM 敌军逼近 -> TURTLE (5 v 5, 守塔阵不打野战)
[20:58:49] {"kind": "action", "what": "attack_move", "name": null, "qty": null, "ts": "20:58:49"}
[20:58:56] t=1529 RETREAT E2(29%)
[20:58:56] {"kind": "action", "what": "move", "name": null, "qty": null, "ts": "20:58:56"}
[20:58:58] t=1531 ALARM 敌军逼近 -> TURTLE (4 v 4, 守塔阵不打野战)
[20:58:58] {"kind": "action", "what": "attack_move", "name": null, "qty": null, "ts": "20:58:58"}
[20:59:04] t=1537 RETREAT E2(38%)
[20:59:04] {"kind": "action", "what": "move", "name": null, "qty": null, "ts": "20:59:04"}
[20:59:07] t=1540 ALARM 敌军逼近 -> TURTLE (3 v 4, 守塔阵不打野战)
[20:59:07] {"kind": "action", "what": "attack_move", "name": null, "qty": null, "ts": "20:59:07"}
[20:59:11] t=1544 tick#1000 credits=0 stance=defend | jev 589 decisions p50=836ms
[20:59:16] t=1549 ALARM 敌军逼近 -> TURTLE (3 v 5, 守塔阵不打野战)
[20:59:16] {"kind": "action", "what": "attack_move", "name": null, "qty": null, "ts": "20:59:16"}
[20:59:17] t=1550 RETREAT E2(21%)
[20:59:17] {"kind": "action", "what": "move", "name": null, "qty": null, "ts": "20:59:17"}
[20:59:25] t=1558 ALARM 敌军逼近 -> TURTLE (2 v 6, 守塔阵不打野战)
[20:59:25] {"kind": "action", "what": "attack_move", "name": null, "qty": null, "ts": "20:59:25"}
[20:59:34] t=1567 ALARM 敌军逼近 -> TURTLE (2 v 6, 守塔阵不打野战)
[20:59:34] {"kind": "action", "what": "attack_move", "name": null, "qty": null, "ts": "20:59:34"}
[20:59:43] t=1576 ALARM 敌军逼近 -> TURTLE (2 v 5, 守塔阵不打野战)
[20:59:43] {"kind": "action", "what": "attack_move", "name": null, "qty": null, "ts": "20:59:43"}
[20:59:49] t=1582 tick#1025 credits=0 stance=defend | jev 589 decisions p50=836ms
[20:59:52] t=1585 ALARM 敌军逼近 -> TURTLE (2 v 5, 守塔阵不打野战)
[20:59:52] {"kind": "action", "what": "attack_move", "name": null, "qty": null, "ts": "20:59:52"}
[21:00:01] t=1594 ALARM 敌军逼近 -> TURTLE (2 v 6, 守塔阵不打野战)
[21:00:01] {"kind": "action", "what": "attack_move", "name": null, "qty": null, "ts": "21:00:01"}
[21:00:10] t=1603 ALARM 敌军逼近 -> TURTLE (2 v 6, 守塔阵不打野战)
[21:00:10] {"kind": "action", "what": "attack_move", "name": null, "qty": null, "ts": "21:00:10"}
[21:00:19] t=1612 ALARM 敌军逼近 -> TURTLE (2 v 6, 守塔阵不打野战)
[21:00:19] {"kind": "action", "what": "attack_move", "name": null, "qty": null, "ts": "21:00:19"}
[21:00:26] t=1619 tick#1050 credits=0 stance=defend | jev 589 decisions p50=836ms
[21:00:28] t=1621 ALARM 敌军逼近 -> TURTLE (2 v 7, 守塔阵不打野战)
[21:00:28] {"kind": "action", "what": "attack_move", "name": null, "qty": null, "ts": "21:00:28"}
[21:00:37] t=1630 ALARM 敌军逼近 -> TURTLE (2 v 7, 守塔阵不打野战)
[21:00:37] {"kind": "action", "what": "attack_move", "name": null, "qty": null, "ts": "21:00:37"}
[21:00:46] t=1639 ALARM 敌军逼近 -> TURTLE (2 v 9, 守塔阵不打野战)
[21:00:46] {"kind": "action", "what": "attack_move", "name": null, "qty": null, "ts": "21:00:46"}
[21:00:53] t=1647 RETREAT E2(7%)
[21:00:53] {"kind": "action", "what": "move", "name": null, "qty": null, "ts": "21:00:53"}
[21:00:55] t=1648 ALARM 敌军逼近 -> TURTLE (2 v 7, 守塔阵不打野战)
[21:00:55] {"kind": "action", "what": "attack_move", "name": null, "qty": null, "ts": "21:00:55"}
[21:01:04] t=1657 ALARM 敌军逼近 -> TURTLE (2 v 7, 守塔阵不打野战)
[21:01:04] {"kind": "action", "what": "attack_move", "name": null, "qty": null, "ts": "21:01:04"}
[21:01:04] t=1657 tick#1075 credits=0 stance=defend | jev 589 decisions p50=836ms
[21:01:05] t=1659 RETREAT E2(20%)
[21:01:05] {"kind": "action", "what": "move", "name": null, "qty": null, "ts": "21:01:05"}
[21:01:11] t=1665 RETREAT HTNK(25%)
[21:01:11] {"kind": "action", "what": "move", "name": null, "qty": null, "ts": "21:01:11"}
[21:01:13] t=1666 ALARM 敌军逼近 -> TURTLE (2 v 6, 守塔阵不打野战)
[21:01:13] {"kind": "action", "what": "attack_move", "name": null, "qty": null, "ts": "21:01:13"}
[21:01:21] t=1674 MOVE defend-rally@base(2)
[21:01:21] {"kind": "action", "what": "attack_move", "name": null, "qty": null, "ts": "21:01:21"}
[21:01:33] t=1686 MOVE defend-rally@base(2)
[21:01:33] {"kind": "action", "what": "attack_move", "name": null, "qty": null, "ts": "21:01:33"}
[21:01:34] jev budget exhausted: max calls reached: 600 (继续纯确定性运行)
[21:01:35] jev budget exhausted: max calls reached: 600 (继续纯确定性运行)
[21:01:37] jev budget exhausted: max calls reached: 600 (继续纯确定性运行)
[21:01:38] jev budget exhausted: max calls reached: 600 (继续纯确定性运行)
[21:01:40] jev budget exhausted: max calls reached: 600 (继续纯确定性运行)
[21:01:41] jev budget exhausted: max calls reached: 600 (继续纯确定性运行)
[21:01:41] t=1695 tick#1100 credits=0 stance=defend | jev 600 decisions p50=838ms
[21:01:43] jev budget exhausted: max calls reached: 600 (继续纯确定性运行)
[21:01:44] jev budget exhausted: max calls reached: 600 (继续纯确定性运行)
[21:01:46] jev budget exhausted: max calls reached: 600 (继续纯确定性运行)
[21:01:46] t=1699 MOVE defend-rally@base(2)
[21:01:46] {"kind": "action", "what": "attack_move", "name": null, "qty": null, "ts": "21:01:46"}
[21:01:47] jev budget exhausted: max calls reached: 600 (继续纯确定性运行)
[21:01:49] jev budget exhausted: max calls reached: 600 (继续纯确定性运行)
[21:01:50] jev budget exhausted: max calls reached: 600 (继续纯确定性运行)
[21:01:52] jev budget exhausted: max calls reached: 600 (继续纯确定性运行)
[21:01:53] t=1707 ALARM 敌军逼近 -> TURTLE (2 v 13, 守塔阵不打野战)
[21:01:53] {"kind": "action", "what": "attack_move", "name": null, "qty": null, "ts": "21:01:53"}
[21:02:02] t=1716 ALARM 单位损失 -> TURTLE (2 v 12, 守塔阵不打野战)
[21:02:02] {"kind": "action", "what": "attack_move", "name": null, "qty": null, "ts": "21:02:02"}
[21:02:11] t=1725 ALARM 敌军逼近 -> TURTLE (2 v 10, 守塔阵不打野战)
[21:02:11] {"kind": "action", "what": "attack_move", "name": null, "qty": null, "ts": "21:02:11"}
[21:02:11] t=1725 RETREAT E2(13%)
[21:02:11] {"kind": "action", "what": "move", "name": null, "qty": null, "ts": "21:02:11"}
[21:02:19] t=1732 tick#1125 credits=0 stance=defend | jev 600 decisions p50=838ms
[21:02:20] t=1734 ALARM 敌军逼近 -> TURTLE (2 v 10, 守塔阵不打野战)
[21:02:20] {"kind": "action", "what": "attack_move", "name": null, "qty": null, "ts": "21:02:20"}
[21:02:29] t=1743 ALARM 敌军逼近 -> TURTLE (2 v 10, 守塔阵不打野战)
[21:02:29] {"kind": "action", "what": "attack_move", "name": null, "qty": null, "ts": "21:02:29"}
[21:02:38] t=1752 ALARM 敌军逼近 -> TURTLE (2 v 12, 守塔阵不打野战)
[21:02:38] {"kind": "action", "what": "attack_move", "name": null, "qty": null, "ts": "21:02:38"}
[21:02:47] t=1761 ALARM 苏联建造场被攻击 -> TURTLE (2 v 9, 守塔阵不打野战)
[21:02:47] {"kind": "action", "what": "attack_move", "name": null, "qty": null, "ts": "21:02:47"}
[21:02:49] jev budget exhausted: max calls reached: 600 (继续纯确定性运行)
[21:02:50] jev budget exhausted: max calls reached: 600 (继续纯确定性运行)
[21:02:52] jev budget exhausted: max calls reached: 600 (继续纯确定性运行)
[21:02:53] jev budget exhausted: max calls reached: 600 (继续纯确定性运行)
[21:02:55] jev budget exhausted: max calls reached: 600 (继续纯确定性运行)
[21:02:56] jev budget exhausted: max calls reached: 600 (继续纯确定性运行)
[21:02:56] t=1770 tick#1150 credits=906 stance=defend | jev 600 decisions p50=838ms
[21:02:58] t=1771 ALARM 单位损失 -> TURTLE (6 v 9, 守塔阵不打野战)
[21:02:59] jev budget exhausted: max calls reached: 600 (继续纯确定性运行)
[21:03:02] jev budget exhausted: max calls reached: 600 (继续纯确定性运行)
[21:03:04] jev budget exhausted: max calls reached: 600 (继续纯确定性运行)
[21:03:05] jev budget exhausted: max calls reached: 600 (继续纯确定性运行)
[21:03:07] t=1780 ALARM 单位损失 -> TURTLE (5 v 10, 守塔阵不打野战)
[21:03:08] jev budget exhausted: max calls reached: 600 (继续纯确定性运行)
[21:03:13] jev budget exhausted: max calls reached: 600 (继续纯确定性运行)
[21:03:16] t=1789 ALARM 哨戒炮被攻击 -> TURTLE (4 v 11, 守塔阵不打野战)
[21:03:20] jev budget exhausted: max calls reached: 600 (继续纯确定性运行)
[21:03:22] jev budget exhausted: max calls reached: 600 (继续纯确定性运行)
[21:03:25] t=1798 ALARM 苏联战车工厂被攻击 -> TURTLE (2 v 10, 守塔阵不打野战)
[21:03:27] jev budget exhausted: max calls reached: 600 (继续纯确定性运行)
[21:03:34] jev budget exhausted: max calls reached: 600 (继续纯确定性运行)
[21:03:34] t=1807 tick#1175 credits=769 stance=defend | jev 600 decisions p50=838ms
[21:03:36] t=1809 ALARM 苏联战车工厂被攻击 -> TURTLE (1 v 11, 守塔阵不打野战)
[21:03:39] jev budget exhausted: max calls reached: 600 (继续纯确定性运行)
[21:03:43] jev budget exhausted: max calls reached: 600 (继续纯确定性运行)
[21:03:45] jev budget exhausted: max calls reached: 600 (继续纯确定性运行)
[21:03:46] t=1819 ALARM 苏联战车工厂被攻击 -> TURTLE (1 v 9, 守塔阵不打野战)
[21:03:55] t=1828 ALARM 磁能反应炉被攻击 -> TURTLE (5 v 9, 守塔阵不打野战)
[21:04:01] jev budget exhausted: max calls reached: 600 (继续纯确定性运行)
[21:04:04] t=1837 ALARM 苏联兵营被攻击 -> TURTLE (5 v 10, 守塔阵不打野战)
[21:04:06] jev budget exhausted: max calls reached: 600 (继续纯确定性运行)
[21:04:10] jev budget exhausted: max calls reached: 600 (继续纯确定性运行)
[21:04:12] t=1845 tick#1200 credits=690 stance=defend | jev 600 decisions p50=838ms
[21:04:13] t=1846 ALARM 磁能反应炉被攻击 -> TURTLE (4 v 11, 守塔阵不打野战)
[21:04:18] jev budget exhausted: max calls reached: 600 (继续纯确定性运行)
[21:04:19] jev budget exhausted: max calls reached: 600 (继续纯确定性运行)
[21:04:22] jev budget exhausted: max calls reached: 600 (继续纯确定性运行)
[21:04:24] jev budget exhausted: max calls reached: 600 (继续纯确定性运行)
[21:04:25] t=1858 ALARM 单位损失 -> TURTLE (2 v 8, 守塔阵不打野战)
[21:04:27] jev budget exhausted: max calls reached: 600 (继续纯确定性运行)
[21:04:28] jev budget exhausted: max calls reached: 600 (继续纯确定性运行)
[21:04:33] jev budget exhausted: max calls reached: 600 (继续纯确定性运行)
[21:04:34] t=1867 ALARM 磁能反应炉被攻击 -> TURTLE (2 v 8, 守塔阵不打野战)
[21:04:37] jev budget exhausted: max calls reached: 600 (继续纯确定性运行)
[21:04:42] jev budget exhausted: max calls reached: 600 (继续纯确定性运行)
[21:04:43] t=1876 ALARM 磁能反应炉被攻击 -> TURTLE (1 v 10, 守塔阵不打野战)
[21:04:46] jev budget exhausted: max calls reached: 600 (继续纯确定性运行)
[21:04:49] t=1882 tick#1225 credits=676 stance=defend | jev 600 decisions p50=838ms
[21:04:51] jev budget exhausted: max calls reached: 600 (继续纯确定性运行)
[21:04:52] t=1885 ALARM 磁能反应炉被攻击 -> TURTLE (1 v 10, 守塔阵不打野战)
[21:04:55] jev budget exhausted: max calls reached: 600 (继续纯确定性运行)
[21:04:58] jev budget exhausted: max calls reached: 600 (继续纯确定性运行)
[2026-09-26 21:05:00] {"kind": "report", "result": "defeat", "t": 1893, "ticks": 1232, "crisis_ticks": 583, "stance": "defend", "jev": {"decisions": 600, "errors": 0, "input_tokens": 1606124, "output_tokens": 138074, "p50_ms": 838, "p95_ms": 1021}, "enemy_base": [136, 84], "ts": "2026-09-26 21:05:00"}
[21:05:00] review jev ERR max calls reached: 600
[21:05:00] REVIEW game#24 defeat → game-0024-review.md | changes=0
{
  "result": "defeat",
  "t": 1893,
  "ticks": 1232,
  "crisis_ticks": 583,
  "stance": "defend",
  "jev": {
    "decisions": 600,
    "errors": 0,
    "input_tokens": 1606124,
    "output_tokens": 138074,
    "p50_ms": 838,
    "p95_ms": 1021
  },
  "enemy_base": [
    136,
    84
  ],
  "ts": "2026-09-26 21:05:00",
  "review": {
    "game_no": 24,
    "rootcause": null,
    "auto_tuned": 0
  }
}
