[15:37:04] 进局中(全自动)...
[15:37:27] {"kind": "start", "policy": "ra2web-jev-player/1.0", "maxDecisions": 1200, "micro": {"events": [{"kind": "micro", "t": 2, "what": "start"}], "loopN": 1, "on": true, "outcome": null, "stall": false}, "ts": "15:37:27"}
[15:37:27] === ra2web-jev-player start (tick=1.5s, max_decisions=1200) ===
[15:37:27] t=2 DEPLOY mcv
[15:37:27] {"kind": "action", "what": "deploy", "ids": [1042], "ts": "15:37:27"}
[15:37:27] {"kind": "action", "what": "deploy", "name": null, "qty": null, "ts": "15:37:27"}
[15:37:28] t=3 DEPLOY mcv
[15:37:28] {"kind": "action", "what": "deploy", "ids": [1042], "ts": "15:37:28"}
[15:37:28] {"kind": "action", "what": "deploy", "name": null, "qty": null, "ts": "15:37:28"}
[15:37:30] t=5 POWER plant (reserve 0)
[15:37:30] {"kind": "action", "what": "produce", "name": "NAPOWR", "qty": 1, "ts": "15:37:30"}
[15:37:31] t=5 jev STANCE defend->develop (conf 0.95)
[15:37:58] {"kind": "action", "what": "produce", "name": "NAREFN", "qty": 1, "ts": "15:37:58"}
[15:37:58] t=33 OPENING BUILD NAREFN
[15:38:04] t=38 tick#25 credits=9294 stance=develop | jev 25 decisions p50=806ms
[15:38:41] t=75 tick#50 credits=8388 stance=develop | jev 50 decisions p50=808ms
[15:39:19] t=113 tick#75 credits=7481 stance=develop | jev 75 decisions p50=806ms
[15:39:24] {"kind": "action", "what": "produce", "name": "NAHAND", "qty": 1, "ts": "15:39:24"}
[15:39:24] t=119 OPENING BUILD NAHAND
[15:39:43] t=139 DEFLINE NALASR (have 0)
[15:39:43] {"kind": "action", "what": "produce", "name": "NALASR", "qty": 1, "ts": "15:39:43"}
[15:39:43] {"kind": "action", "what": "produce", "name": "NAWEAP", "qty": 1, "ts": "15:39:43"}
[15:39:43] t=139 OPENING BUILD NAWEAP
[15:39:44] t=139 jev INF DOG (conf 0.33)
[15:39:44] {"kind": "action", "what": "produce", "name": "DOG", "qty": 1, "ts": "15:39:44"}
[15:39:52] t=148 SCOUT dog->mirror [130, 83]
[15:39:52] {"kind": "action", "what": "attack_move", "name": null, "qty": null, "ts": "15:39:52"}
[15:39:56] t=150 tick#100 credits=6083 stance=develop | jev 100 decisions p50=806ms
[15:40:32] t=187 jev INF DOG (conf 0.37)
[15:40:32] t=187 jev STANCE defend->develop (conf 0.60)
[15:40:32] {"kind": "action", "what": "produce", "name": "DOG", "qty": 1, "ts": "15:40:32"}
[15:40:34] t=188 tick#125 credits=4989 stance=develop | jev 125 decisions p50=803ms
[15:40:43] t=197 jev INF DOG (conf 0.28)
[15:40:43] {"kind": "action", "what": "produce", "name": "DOG", "qty": 1, "ts": "15:40:43"}
[15:40:52] t=206 jev INF DOG (conf 0.32)
[15:40:52] {"kind": "action", "what": "produce", "name": "DOG", "qty": 1, "ts": "15:40:52"}
[15:41:01] t=215 jev INF DOG (conf 0.26)
[15:41:01] {"kind": "action", "what": "produce", "name": "DOG", "qty": 1, "ts": "15:41:01"}
[15:41:09] t=224 ECON harv#2
[15:41:09] t=224 TANK HTNK x2
[15:41:09] {"kind": "action", "what": "produce", "name": "HARV", "qty": 1, "ts": "15:41:09"}
[15:41:10] t=224 jev BUILD NAPOWR (conf 0.37)
[15:41:10] {"kind": "action", "what": "produce", "name": "NAPOWR", "qty": 1, "ts": "15:41:10"}
[15:41:11] t=226 INSURE AA building
[15:41:11] {"kind": "action", "what": "produce", "name": "NAFLAK", "qty": 1, "ts": "15:41:11"}
[15:41:11] t=226 tick#150 credits=3351 stance=develop | jev 150 decisions p50=806ms
[15:41:35] t=249 jev BUILD NAREFN HOLD (资金闸门: 坦克优先, cash=2710)
[15:41:37] t=251 jev BUILD NAREFN HOLD (资金闸门: 坦克优先, cash=2635)
[15:41:38] t=253 jev BUILD NAREFN HOLD (资金闸门: 坦克优先, cash=2559)
[15:41:40] t=254 jev BUILD NAREFN HOLD (资金闸门: 坦克优先, cash=2486)
[15:41:41] t=256 jev BUILD NAREFN HOLD (资金闸门: 坦克优先, cash=2410)
[15:41:43] t=257 jev BUILD NAREFN HOLD (资金闸门: 坦克优先, cash=2337)
[15:41:43] t=257 jev INF E2 (conf 0.22)
[15:41:43] {"kind": "action", "what": "produce", "name": "E2", "qty": 1, "ts": "15:41:43"}
[15:41:44] t=259 jev BUILD NAREFN HOLD (资金闸门: 坦克优先, cash=2246)
[15:41:46] t=260 jev BUILD NAREFN HOLD (资金闸门: 坦克优先, cash=2135)
[15:41:47] t=262 jev BUILD NAREFN HOLD (资金闸门: 坦克优先, cash=2023)
[15:41:47] t=262 jev INF E2 (conf 0.49)
[15:41:47] t=262 MOVE assault x1 -> (73,120)
[15:41:47] {"kind": "action", "what": "attack_move", "name": null, "qty": null, "ts": "15:41:47"}
[15:41:49] t=263 jev BUILD NAHAND (conf 0.30)
[15:41:49] t=263 jev INF E2 (conf 0.42)
[15:41:49] {"kind": "action", "what": "produce", "name": "NAHAND", "qty": 1, "ts": "15:41:49"}
[15:41:49] {"kind": "action", "what": "produce", "name": "E2", "qty": 1, "ts": "15:41:49"}
[15:41:50] t=265 tick#175 credits=1840 stance=develop | jev 175 decisions p50=807ms
[15:41:55] t=269 jev INF E2 (conf 0.42)
[15:41:55] {"kind": "action", "what": "produce", "name": "E2", "qty": 1, "ts": "15:41:55"}
[15:41:59] t=274 MOVE assault x2 -> (73,120)
[15:41:59] {"kind": "action", "what": "attack_move", "name": null, "qty": null, "ts": "15:41:59"}
[15:42:01] t=275 jev INF E2 (conf 0.55)
[15:42:02] t=277 jev INF E2 (conf 0.51)
[15:42:02] {"kind": "action", "what": "produce", "name": "E2", "qty": 1, "ts": "15:42:02"}
[15:42:07] t=281 jev INF E2 HOLD (预算保护 gate=False e2=4)
[15:42:07] t=281 MOVE assault x4 -> (70,117)
[15:42:07] {"kind": "action", "what": "attack_move", "name": null, "qty": null, "ts": "15:42:07"}
[15:42:08] t=283 jev INF E2 HOLD (预算保护 gate=False e2=4)
[15:42:08] t=283 jev VEH DRON (conf 0.35)
[15:42:08] {"kind": "action", "what": "produce", "name": "DRON", "qty": 1, "ts": "15:42:08"}
[15:42:10] t=284 jev INF E2 HOLD (预算保护 gate=False e2=4)
[15:42:11] t=286 jev INF E2 HOLD (预算保护 gate=False e2=4)
[15:42:13] t=287 jev INF E2 HOLD (预算保护 gate=False e2=4)
[15:42:14] t=289 jev INF E2 HOLD (预算保护 gate=False e2=4)
[15:42:16] t=290 jev BUILD NAREFN HOLD (资金闸门: 坦克优先, cash=482)
[15:42:16] t=290 jev INF E2 HOLD (预算保护 gate=False e2=4)
[15:42:17] t=292 jev BUILD NAREFN HOLD (资金闸门: 坦克优先, cash=440)
[15:42:17] t=292 jev INF E2 HOLD (预算保护 gate=False e2=4)
[15:42:19] t=293 jev INF E2 HOLD (预算保护 gate=False e2=4)
[15:42:19] t=293 MOVE assault x4 -> (70,117)
[15:42:19] {"kind": "action", "what": "attack_move", "name": null, "qty": null, "ts": "15:42:19"}
[15:42:20] t=295 jev INF E2 HOLD (预算保护 gate=False e2=4)
[15:42:22] t=296 jev INF E2 HOLD (预算保护 gate=False e2=4)
[15:42:23] t=298 jev INF E2 HOLD (预算保护 gate=False e2=4)
[15:42:24] t=299 SCOUT #1087->[185, 44] (敌影)
[15:42:24] scout ERR 'list' object has no attribute 'get' | File "D:\projects\ra2web-jev-player\src\ra2web_jev_player\game.py", line 229, in _exec
[15:42:25] t=299 jev INF E2 HOLD (预算保护 gate=False e2=4)
[15:42:25] t=299 jev VEH DRON (conf 0.35)
[15:42:25] {"kind": "action", "what": "produce", "name": "DRON", "qty": 1, "ts": "15:42:25"}
[15:42:26] t=301 jev INF E2 HOLD (预算保护 gate=False e2=4)
[15:42:28] t=302 jev INF E2 HOLD (预算保护 gate=False e2=4)
[15:42:28] t=302 tick#200 credits=210 stance=develop | jev 200 decisions p50=807ms
[15:42:29] t=304 jev INF E2 HOLD (预算保护 gate=False e2=4)
[15:42:30] t=305 ALARM 敌军逼近 -> counter 8 vs 1 -> [86, 111]
[15:42:30] {"kind": "action", "what": "attack_move", "name": null, "qty": null, "ts": "15:42:30"}
[15:42:31] t=305 jev INF E2 HOLD (预算保护 gate=False e2=4)
[15:42:38] t=313 MOVE assault x4 -> (82,112)
[15:42:38] {"kind": "action", "what": "attack_move", "name": null, "qty": null, "ts": "15:42:38"}
[15:42:52] t=326 MOVE assault x4 -> (82,112)
[15:42:52] {"kind": "action", "what": "attack_move", "name": null, "qty": null, "ts": "15:42:52"}
[15:43:05] t=340 MOVE assault x4 -> (82,112)
[15:43:05] {"kind": "action", "what": "attack_move", "name": null, "qty": null, "ts": "15:43:05"}
[15:43:05] t=340 tick#225 credits=0 stance=defend | jev 225 decisions p50=808ms
[15:43:07] t=341 jev INF E2 (conf 0.40)
[15:43:07] {"kind": "action", "what": "produce", "name": "E2", "qty": 1, "ts": "15:43:07"}
[15:43:11] t=346 jev INF E2 HOLD (预算保护 gate=False e2=5)
[15:43:11] t=346 jev VEH HTNK (conf 0.42)
[15:43:11] {"kind": "action", "what": "produce", "name": "HTNK", "qty": 1, "ts": "15:43:11"}
[15:43:11] t=346 MOVE reserve x1 -> (70,125)
[15:43:11] {"kind": "action", "what": "attack_move", "name": null, "qty": null, "ts": "15:43:11"}
[15:43:13] t=347 jev INF E2 HOLD (预算保护 gate=False e2=5)
[15:43:14] t=349 jev INF E2 HOLD (预算保护 gate=False e2=5)
[15:43:17] t=350 jev INF E2 HOLD (预算保护 gate=False e2=5)
[15:43:18] t=352 jev INF E2 HOLD (预算保护 gate=False e2=5)
[15:43:18] t=352 MOVE assault x5 -> (82,112)
[15:43:18] {"kind": "action", "what": "attack_move", "name": null, "qty": null, "ts": "15:43:18"}
[15:43:20] t=354 jev INF E2 HOLD (预算保护 gate=False e2=5)
[15:43:21] t=355 jev INF E2 HOLD (预算保护 gate=False e2=5)
[15:43:22] t=357 jev INF E2 HOLD (预算保护 gate=False e2=5)
[15:43:23] t=358 ALARM 敌军逼近 -> counter 10 vs 1 -> [81, 105]
[15:43:23] {"kind": "action", "what": "attack_move", "name": null, "qty": null, "ts": "15:43:23"}
[15:43:24] t=358 jev INF E2 HOLD (预算保护 gate=False e2=5)
[15:43:26] t=360 jev INF E2 HOLD (预算保护 gate=False e2=5)
[15:43:31] t=366 MOVE assault x5 -> (70,117)
[15:43:31] {"kind": "action", "what": "attack_move", "name": null, "qty": null, "ts": "15:43:31"}
[15:43:43] t=378 MOVE assault x5 -> (70,117)
[15:43:44] {"kind": "action", "what": "attack_move", "name": null, "qty": null, "ts": "15:43:44"}
[15:43:44] t=378 tick#250 credits=117 stance=defend | jev 250 decisions p50=812ms
[15:43:48] t=382 jev BUILD NAREFN HOLD (资金闸门: 坦克优先, cash=5)
[15:43:50] t=384 jev VEH HTNK (conf 0.34)
[15:43:50] {"kind": "action", "what": "produce", "name": "HTNK", "qty": 1, "ts": "15:43:50"}
[15:43:56] t=391 MOVE assault x6 -> (70,117)
[15:43:57] {"kind": "action", "what": "attack_move", "name": null, "qty": null, "ts": "15:43:57"}
[15:44:09] t=403 jev INF E2 HOLD (预算保护 gate=False e2=5)
[15:44:09] t=403 MOVE assault x6 -> (70,117)
[15:44:09] {"kind": "action", "what": "attack_move", "name": null, "qty": null, "ts": "15:44:09"}
[15:44:10] t=405 ALARM 单位损失 -> counter 11 vs 1 -> [70, 117]
[15:44:10] {"kind": "action", "what": "attack_move", "name": null, "qty": null, "ts": "15:44:10"}
[15:44:10] t=405 SCOUT #1094->[185, 44] (敌影)
[15:44:10] scout ERR 'list' object has no attribute 'get' | File "D:\projects\ra2web-jev-player\src\ra2web_jev_player\game.py", line 229, in _exec
[15:44:11] t=405 jev INF E2 HOLD (预算保护 gate=False e2=5)
[15:44:18] t=412 MOVE reserve x1 -> (70,125)
[15:44:18] {"kind": "action", "what": "attack_move", "name": null, "qty": null, "ts": "15:44:18"}
[15:44:22] t=415 MOVE assault x6 -> (70,117)
[15:44:22] {"kind": "action", "what": "attack_move", "name": null, "qty": null, "ts": "15:44:22"}
[15:44:28] t=419 tick#275 credits=579 stance=defend | jev 275 decisions p50=817ms
[15:44:35] t=429 MOVE assault x6 -> (70,117)
[15:44:35] {"kind": "action", "what": "attack_move", "name": null, "qty": null, "ts": "15:44:35"}
[15:44:39] t=434 SCOUT2 #1087->[130, 83]
[15:44:39] scout ERR 'list' object has no attribute 'get' | File "D:\projects\ra2web-jev-player\src\ra2web_jev_player\game.py", line 229, in _exec
[15:44:41] t=434 jev VEH HTNK (conf 0.33)
[15:44:41] {"kind": "action", "what": "produce", "name": "HTNK", "qty": 1, "ts": "15:44:41"}
[15:44:41] t=434 MOVE guard x2 -> (73,120)
[15:44:41] {"kind": "action", "what": "attack_move", "name": null, "qty": null, "ts": "15:44:41"}
[15:44:48] t=442 MOVE assault x5 -> (70,117)
[15:44:48] {"kind": "action", "what": "attack_move", "name": null, "qty": null, "ts": "15:44:48"}
[15:44:57] t=451 jev INF E2 (conf 0.35)
[15:44:57] {"kind": "action", "what": "produce", "name": "E2", "qty": 1, "ts": "15:44:57"}
[15:45:01] t=456 jev INF E2 HOLD (预算保护 gate=False e2=6)
[15:45:01] t=456 MOVE assault x5 -> (70,117)
[15:45:01] {"kind": "action", "what": "attack_move", "name": null, "qty": null, "ts": "15:45:01"}
[15:45:03] t=457 jev INF E2 HOLD (预算保护 gate=False e2=6)
[15:45:04] t=459 jev INF E2 HOLD (预算保护 gate=False e2=6)
[15:45:06] t=460 jev INF E2 HOLD (预算保护 gate=False e2=6)
[15:45:06] t=460 tick#300 credits=777 stance=defend | jev 300 decisions p50=824ms
[15:45:07] t=462 jev INF E2 HOLD (预算保护 gate=False e2=6)
[15:45:09] t=463 jev INF E2 HOLD (预算保护 gate=False e2=6)
[15:45:11] t=465 jev INF E2 HOLD (预算保护 gate=False e2=6)
[15:45:12] t=466 jev INF E2 HOLD (预算保护 gate=False e2=6)
[15:45:12] t=466 MOVE guard x2 -> (73,120)
[15:45:12] {"kind": "action", "what": "attack_move", "name": null, "qty": null, "ts": "15:45:12"}
[15:45:13] t=468 jev INF E2 HOLD (预算保护 gate=False e2=6)
[15:45:16] t=469 jev INF E2 HOLD (预算保护 gate=False e2=6)
[15:45:16] t=469 MOVE assault x5 -> (70,117)
[15:45:16] {"kind": "action", "what": "attack_move", "name": null, "qty": null, "ts": "15:45:16"}
[15:45:17] t=471 jev INF E2 HOLD (预算保护 gate=False e2=6)
[15:45:20] t=473 jev INF E2 HOLD (预算保护 gate=False e2=6)
[15:45:20] t=473 MOVE reserve x2 -> (70,125)
[15:45:20] {"kind": "action", "what": "attack_move", "name": null, "qty": null, "ts": "15:45:20"}
[15:45:21] t=475 jev INF E2 HOLD (预算保护 gate=False e2=6)
[15:45:23] t=477 jev INF E2 HOLD (预算保护 gate=False e2=6)
[15:45:24] t=478 jev VEH HTNK (conf 0.33)
[15:45:24] {"kind": "action", "what": "produce", "name": "HTNK", "qty": 1, "ts": "15:45:24"}
[15:45:29] t=483 MOVE assault x6 -> (70,117)
[15:45:29] {"kind": "action", "what": "attack_move", "name": null, "qty": null, "ts": "15:45:29"}
[15:45:41] t=495 MOVE assault x6 -> (70,117)
[15:45:41] {"kind": "action", "what": "attack_move", "name": null, "qty": null, "ts": "15:45:41"}
[15:45:43] t=497 MOVE guard x2 -> (73,120)
[15:45:43] {"kind": "action", "what": "attack_move", "name": null, "qty": null, "ts": "15:45:43"}
[15:45:47] t=501 tick#325 credits=0 stance=defend | jev 325 decisions p50=833ms
[15:45:55] t=509 MOVE assault x6 -> (70,117)
[15:45:55] {"kind": "action", "what": "attack_move", "name": null, "qty": null, "ts": "15:45:55"}
[15:46:01] t=515 jev INF E2 HOLD (预算保护 gate=False e2=6)
[15:46:02] t=516 jev INF E2 HOLD (预算保护 gate=False e2=6)
[15:46:04] t=518 jev INF E2 HOLD (预算保护 gate=False e2=6)
[15:46:05] t=519 jev INF E2 HOLD (预算保护 gate=False e2=6)
[15:46:07] t=521 jev INF E2 HOLD (预算保护 gate=False e2=6)
[15:46:07] t=521 MOVE assault x6 -> (70,117)
[15:46:07] {"kind": "action", "what": "attack_move", "name": null, "qty": null, "ts": "15:46:07"}
[15:46:08] t=522 jev INF E2 HOLD (预算保护 gate=False e2=6)
[15:46:10] t=524 jev INF E2 HOLD (预算保护 gate=False e2=6)
[15:46:11] t=525 jev VEH HTNK (conf 0.54)
[15:46:11] {"kind": "action", "what": "produce", "name": "HTNK", "qty": 1, "ts": "15:46:11"}
[15:46:11] t=525 ATTACK (tanks=6)
[15:46:11] t=525 MOVE assault x7 -> (130,83)
[15:46:11] {"kind": "action", "what": "attack_move", "name": null, "qty": null, "ts": "15:46:11"}
[15:46:13] t=527 MOVE guard x2 -> (73,120)
[15:46:13] {"kind": "action", "what": "attack_move", "name": null, "qty": null, "ts": "15:46:13"}
[15:46:14] t=528 jev STANCE attack->defend (conf 0.47)
[15:46:14] t=528 ATTACK (tanks=6)
[15:46:16] t=530 jev STANCE attack->defend (conf 0.47)
[15:46:16] t=530 ATTACK (tanks=6)
[15:46:17] t=531 jev STANCE attack->defend (conf 0.48)
[15:46:17] t=531 ATTACK (tanks=6)
[15:46:19] t=533 jev STANCE attack->defend (conf 0.54)
[15:46:19] t=533 ATTACK (tanks=6)
[15:46:22] t=534 jev STANCE attack->defend (conf 0.48)
[15:46:22] t=534 ATTACK (tanks=6)
[15:46:22] t=534 MOVE reserve x2 -> (70,125)
[15:46:22] {"kind": "action", "what": "attack_move", "name": null, "qty": null, "ts": "15:46:22"}
[15:46:23] t=538 jev STANCE attack->defend (conf 0.49)
[15:46:23] t=538 ATTACK (tanks=6)
[15:46:23] t=538 MOVE assault x7 -> (130,83)
[15:46:23] {"kind": "action", "what": "attack_move", "name": null, "qty": null, "ts": "15:46:23"}
[15:46:25] t=539 jev STANCE attack->defend (conf 0.49)
[15:46:25] t=539 ATTACK (tanks=6)
[15:46:27] t=541 jev STANCE attack->defend (conf 0.48)
[15:46:27] t=541 ATTACK (tanks=6)
[15:46:27] t=541 tick#350 credits=224 stance=attack | jev 350 decisions p50=835ms
[15:46:28] t=542 jev STANCE attack->defend (conf 0.53)
[15:46:28] t=542 ATTACK (tanks=6)
[15:46:30] t=544 jev STANCE attack->defend (conf 0.52)
[15:46:30] t=544 ATTACK (tanks=6)
[15:46:31] t=545 jev STANCE attack->defend (conf 0.49)
[15:46:31] t=545 ATTACK (tanks=6)
[15:46:33] t=547 MOVE assault x7 -> (115,87)
[15:46:33] {"kind": "action", "what": "attack_move", "name": null, "qty": null, "ts": "15:46:33"}
[15:46:34] t=548 jev BUILD NAREFN HOLD (资金闸门: 坦克优先, cash=30)
[15:46:34] t=548 MOVE assault x7 -> (114,87)
[15:46:34] {"kind": "action", "what": "attack_move", "name": null, "qty": null, "ts": "15:46:34"}
[15:46:37] t=551 MOVE assault x7 -> (113,87)
[15:46:37] {"kind": "action", "what": "attack_move", "name": null, "qty": null, "ts": "15:46:37"}
[15:46:38] t=553 ALARM 单位损失 -> 攻势保持（塔阵守家, 前线 14 个单位继续进攻）
[15:46:40] t=554 MOVE assault x7 -> (130,83)
[15:46:40] {"kind": "action", "what": "attack_move", "name": null, "qty": null, "ts": "15:46:40"}
[15:46:41] t=556 SCOUT #1094->[185, 44] (敌影)
[15:46:41] scout ERR 'list' object has no attribute 'get' | File "D:\projects\ra2web-jev-player\src\ra2web_jev_player\game.py", line 229, in _exec
[15:46:43] t=558 jev STANCE attack->defend (conf 0.47)
[15:46:43] t=558 ATTACK (tanks=6)
[15:46:43] t=558 MOVE guard x2 -> (73,120)
[15:46:43] {"kind": "action", "what": "attack_move", "name": null, "qty": null, "ts": "15:46:43"}
[15:46:45] t=559 jev STANCE attack->defend (conf 0.47)
[15:46:45] t=559 ATTACK (tanks=6)
[15:46:52] t=567 jev STANCE attack->defend (conf 0.47)
[15:46:52] t=567 ATTACK (tanks=6)
[15:46:52] t=567 MOVE assault x7 -> (130,83)
[15:46:52] {"kind": "action", "what": "attack_move", "name": null, "qty": null, "ts": "15:46:52"}
[15:46:54] t=568 jev STANCE attack->defend (conf 0.45)
[15:46:54] t=568 ATTACK (tanks=6)
[15:46:58] t=573 jev STANCE attack->defend (conf 0.45)
[15:46:58] t=573 ATTACK (tanks=6)
[15:47:00] t=574 jev STANCE attack->defend (conf 0.46)
[15:47:00] t=574 ATTACK (tanks=6)
