[12:58:36] 进局中(全自动)...
[12:59:01] {"kind": "start", "policy": "ra2web-jev-player/1.0", "maxDecisions": 1200, "micro": {"events": [{"kind": "micro", "t": 2, "what": "start"}], "loopN": 1, "on": true, "outcome": null, "stall": false}, "ts": "12:59:01"}
[12:59:01] === ra2web-jev-player start (tick=1.5s, max_decisions=1200) ===
[12:59:01] t=2 DEPLOY mcv
[12:59:01] {"kind": "action", "what": "deploy", "ids": [1042], "ts": "12:59:01"}
[12:59:01] {"kind": "action", "what": "deploy", "name": null, "qty": null, "ts": "12:59:01"}
[12:59:03] t=3 DEPLOY mcv
[12:59:03] {"kind": "action", "what": "deploy", "ids": [1042], "ts": "12:59:03"}
[12:59:03] {"kind": "action", "what": "deploy", "name": null, "qty": null, "ts": "12:59:03"}
[12:59:04] t=5 POWER plant (reserve 0)
[12:59:04] {"kind": "action", "what": "produce", "name": "NAPOWR", "qty": 1, "ts": "12:59:04"}
[12:59:05] t=5 jev STANCE defend->develop (conf 0.90)
[12:59:33] t=33 OPENING BUILD NAREFN
[12:59:33] {"kind": "action", "what": "produce", "name": "NAREFN", "qty": 1, "ts": "12:59:33"}
[12:59:38] t=38 tick#25 credits=9293 stance=develop | jev 25 decisions p50=798ms
[13:00:16] t=75 tick#50 credits=8386 stance=develop | jev 50 decisions p50=808ms
[13:00:53] t=113 tick#75 credits=7479 stance=develop | jev 75 decisions p50=807ms
[13:01:00] t=120 OPENING BUILD NAHAND
[13:01:00] {"kind": "action", "what": "produce", "name": "NAHAND", "qty": 1, "ts": "13:01:00"}
[13:01:24] t=144 DEFLINE NALASR (have 0)
[13:01:24] {"kind": "action", "what": "produce", "name": "NALASR", "qty": 1, "ts": "13:01:24"}
[13:01:24] t=144 OPENING BUILD NAWEAP
[13:01:24] {"kind": "action", "what": "produce", "name": "NAWEAP", "qty": 1, "ts": "13:01:24"}
[13:01:25] t=144 jev INF DOG (conf 0.49)
[13:01:25] {"kind": "action", "what": "produce", "name": "DOG", "qty": 1, "ts": "13:01:25"}
[13:01:31] t=150 tick#100 credits=6449 stance=develop | jev 100 decisions p50=818ms
[13:01:34] t=153 jev INF DOG (conf 0.33)
[13:01:34] {"kind": "action", "what": "produce", "name": "DOG", "qty": 1, "ts": "13:01:34"}
[13:01:43] t=162 jev INF DOG (conf 0.33)
[13:01:43] {"kind": "action", "what": "produce", "name": "DOG", "qty": 1, "ts": "13:01:43"}
[13:01:43] t=164 DEFLINE NALASR (have 1)
[13:01:43] {"kind": "action", "what": "produce", "name": "NALASR", "qty": 1, "ts": "13:01:43"}
[13:01:52] t=171 jev INF DOG (conf 0.31)
[13:01:52] {"kind": "action", "what": "produce", "name": "DOG", "qty": 1, "ts": "13:01:52"}
[13:02:01] t=180 jev INF E2 (conf 0.46)
[13:02:01] {"kind": "action", "what": "produce", "name": "E2", "qty": 1, "ts": "13:02:01"}
[13:02:07] t=186 jev INF E2 (conf 0.46)
[13:02:07] {"kind": "action", "what": "produce", "name": "E2", "qty": 1, "ts": "13:02:07"}
[13:02:07] t=188 DEFLINE NALASR (have 2)
[13:02:08] {"kind": "action", "what": "produce", "name": "NALASR", "qty": 1, "ts": "13:02:08"}
[13:02:08] t=188 tick#125 credits=3946 stance=develop | jev 125 decisions p50=819ms
[13:02:14] t=192 jev INF E2 (conf 0.46)
[13:02:14] {"kind": "action", "what": "produce", "name": "E2", "qty": 1, "ts": "13:02:14"}
[13:02:19] t=199 jev INF E2 (conf 0.44)
[13:02:19] {"kind": "action", "what": "produce", "name": "E2", "qty": 1, "ts": "13:02:19"}
[13:02:25] t=205 jev INF E2 (conf 0.41)
[13:02:25] {"kind": "action", "what": "produce", "name": "E2", "qty": 1, "ts": "13:02:25"}
[13:02:31] t=211 jev INF E2 (conf 0.36)
[13:02:31] {"kind": "action", "what": "produce", "name": "E2", "qty": 1, "ts": "13:02:31"}
[13:02:37] t=217 jev INF E2 (conf 0.44)
[13:02:37] {"kind": "action", "what": "produce", "name": "E2", "qty": 1, "ts": "13:02:37"}
[13:02:43] t=223 jev INF E2 (conf 0.37)
[13:02:43] {"kind": "action", "what": "produce", "name": "E2", "qty": 1, "ts": "13:02:43"}
[13:02:48] t=227 jev INF E2 (conf 0.47)
[13:02:48] {"kind": "action", "what": "produce", "name": "E2", "qty": 1, "ts": "13:02:48"}
[13:02:48] t=227 tick#150 credits=1880 stance=develop | jev 150 decisions p50=823ms
[13:02:51] t=232 ECON harv#2
[13:02:51] t=232 TANK HTNK x1
[13:02:51] {"kind": "action", "what": "produce", "name": "HARV", "qty": 1, "ts": "13:02:51"}
[13:02:51] {"kind": "action", "what": "produce", "name": "HTNK", "qty": 1, "ts": "13:02:51"}
[13:02:51] t=232 OPENING BUILD NAREFN
[13:02:51] {"kind": "action", "what": "produce", "name": "NAREFN", "qty": 1, "ts": "13:02:51"}
[13:02:53] t=233 INSURE AA building
[13:02:53] {"kind": "action", "what": "produce", "name": "NAFLAK", "qty": 1, "ts": "13:02:53"}
[13:02:54] t=233 jev INF E2 (conf 0.32)
[13:02:54] {"kind": "action", "what": "produce", "name": "E2", "qty": 1, "ts": "13:02:54"}
[13:03:00] t=239 jev INF E2 (conf 0.33)
[13:03:00] {"kind": "action", "what": "produce", "name": "E2", "qty": 1, "ts": "13:03:00"}
[13:03:06] t=245 jev INF E2 (conf 0.31)
[13:03:06] {"kind": "action", "what": "produce", "name": "E2", "qty": 1, "ts": "13:03:06"}
[13:03:10] t=250 jev INF E2 (conf 0.33)
[13:03:10] {"kind": "action", "what": "produce", "name": "E2", "qty": 1, "ts": "13:03:10"}
[13:03:15] t=254 jev INF E2 HOLD (预算保护 gate=False e2=13)
[13:03:16] t=256 jev INF E2 HOLD (预算保护 gate=False e2=13)
[13:03:19] t=259 jev INF E2 HOLD (预算保护 gate=False e2=13)
[13:03:21] t=260 jev INF E2 HOLD (预算保护 gate=False e2=13)
[13:03:22] t=262 jev INF E2 HOLD (预算保护 gate=False e2=13)
[13:03:24] t=263 jev INF E2 HOLD (预算保护 gate=False e2=13)
[13:03:25] t=265 jev INF E2 HOLD (预算保护 gate=False e2=13)
[13:03:25] t=265 tick#175 credits=168 stance=develop | jev 175 decisions p50=819ms
[13:04:03] t=302 tick#200 credits=0 stance=develop | jev 200 decisions p50=817ms
[13:04:38] tick ERR [WinError 2] 系统找不到指定的文件。
[13:04:41] tick ERR [WinError 2] 系统找不到指定的文件。
[13:04:44] tick ERR [WinError 2] 系统找不到指定的文件。
[13:04:47] tick ERR [WinError 2] 系统找不到指定的文件。
[13:04:50] tick ERR [WinError 2] 系统找不到指定的文件。
[13:04:53] tick ERR [WinError 2] 系统找不到指定的文件。
[13:04:56] tick ERR [WinError 2] 系统找不到指定的文件。
[13:04:59] tick ERR [WinError 2] 系统找不到指定的文件。
[13:05:02] tick ERR [WinError 2] 系统找不到指定的文件。
[13:05:05] tick ERR [WinError 2] 系统找不到指定的文件。
[13:05:08] tick ERR [WinError 2] 系统找不到指定的文件。
[13:05:11] tick ERR [WinError 2] 系统找不到指定的文件。
[13:05:14] tick ERR [WinError 2] 系统找不到指定的文件。
[13:05:17] tick ERR [WinError 2] 系统找不到指定的文件。
[13:05:20] tick ERR [WinError 2] 系统找不到指定的文件。
[13:05:41] t=401 tick#250 credits=0 stance=develop | jev 235 decisions p50=817ms
[13:06:18] t=438 tick#275 credits=0 stance=develop | jev 260 decisions p50=816ms
[13:06:21] t=441 ALARM 敌军逼近 -> counter 17 vs 1 -> [86, 111]
[13:06:21] {"kind": "action", "what": "attack_move", "name": null, "qty": null, "ts": "13:06:21"}
[13:06:23] t=443 jev INF DOG (conf 0.49)
[13:06:23] {"kind": "action", "what": "produce", "name": "DOG", "qty": 1, "ts": "13:06:23"}
[13:06:36] t=456 jev INF E2 HOLD (预算保护 gate=False e2=13)
[13:06:38] t=458 jev INF E2 HOLD (预算保护 gate=False e2=13)
[13:06:40] t=459 jev INF E2 HOLD (预算保护 gate=False e2=13)
[13:06:41] t=461 jev INF E2 HOLD (预算保护 gate=False e2=13)
[13:06:56] t=476 tick#300 credits=0 stance=defend | jev 285 decisions p50=815ms
[13:07:34] t=514 tick#325 credits=0 stance=defend | jev 310 decisions p50=816ms
[13:08:03] t=544 ALARM 单位损失 -> counter 17 vs 3 -> [70, 117]
[13:08:03] {"kind": "action", "what": "attack_move", "name": null, "qty": null, "ts": "13:08:03"}
[13:08:12] t=552 tick#350 credits=0 stance=defend | jev 335 decisions p50=819ms
[13:08:14] t=555 ALARM 单位损失 -> counter 16 vs 4 -> [70, 117]
[13:08:14] {"kind": "action", "what": "attack_move", "name": null, "qty": null, "ts": "13:08:14"}
[13:08:15] t=555 jev INF DOG (conf 0.40)
[13:08:15] {"kind": "action", "what": "produce", "name": "DOG", "qty": 1, "ts": "13:08:15"}
[13:08:19] t=559 RETREAT E2(36%)
[13:08:19] {"kind": "action", "what": "move", "name": null, "qty": null, "ts": "13:08:19"}
[13:08:20] t=561 RETREAT E2(19%)
[13:08:20] {"kind": "action", "what": "move", "name": null, "qty": null, "ts": "13:08:20"}
[13:08:22] t=562 RETREAT E2(19%)
[13:08:22] {"kind": "action", "what": "move", "name": null, "qty": null, "ts": "13:08:22"}
[13:08:23] t=564 ALARM 单位损失 -> counter 11 vs 4 -> [70, 117]
[13:08:23] {"kind": "action", "what": "attack_move", "name": null, "qty": null, "ts": "13:08:23"}
[13:08:26] t=567 RETREAT E2(2%)
[13:08:26] {"kind": "action", "what": "move", "name": null, "qty": null, "ts": "13:08:26"}
[13:08:27] t=567 jev INF E2 (conf 0.28)
[13:08:27] {"kind": "action", "what": "produce", "name": "E2", "qty": 1, "ts": "13:08:27"}
[13:08:31] t=571 POWER plant (reserve -35)
[13:08:31] {"kind": "action", "what": "produce", "name": "NAPOWR", "qty": 1, "ts": "13:08:31"}
[13:08:32] t=573 ALARM 敌军逼近 -> counter 12 vs 4 -> [85, 108]
[13:08:32] {"kind": "action", "what": "attack_move", "name": null, "qty": null, "ts": "13:08:32"}
[13:08:33] t=573 jev INF SHK (conf 0.41)
[13:08:33] {"kind": "action", "what": "produce", "name": "SHK", "qty": 1, "ts": "13:08:33"}
[13:08:41] t=582 ALARM 单位损失 -> counter 8 vs 4 -> [70, 117]
[13:08:41] {"kind": "action", "what": "attack_move", "name": null, "qty": null, "ts": "13:08:41"}
[13:08:45] t=585 SCOUT #1251->[130, 83] (visit 1)
[13:08:45] {"kind": "action", "what": "attack_move", "name": null, "qty": null, "ts": "13:08:45"}
[13:08:46] t=585 jev VEH HTNK (conf 0.23)
[13:08:46] {"kind": "action", "what": "produce", "name": "HTNK", "qty": 1, "ts": "13:08:46"}
[13:08:50] t=590 tick#375 credits=792 stance=defend | jev 360 decisions p50=824ms
[13:08:51] t=591 ALARM 敌军逼近 -> counter 6 vs 5 -> [82, 111]
[13:08:51] {"kind": "action", "what": "attack_move", "name": null, "qty": null, "ts": "13:08:51"}
[13:08:56] t=596 RETREAT HTNK(21%)
[13:08:56] {"kind": "action", "what": "move", "name": null, "qty": null, "ts": "13:08:56"}
[13:09:00] t=601 ALARM 单位损失 -> TURTLE (4 v 4, 守塔阵不打野战)
[13:09:00] {"kind": "action", "what": "attack_move", "name": null, "qty": null, "ts": "13:09:00"}
[13:09:02] t=602 RETREAT E2(36%)
[13:09:02] {"kind": "action", "what": "move", "name": null, "qty": null, "ts": "13:09:02"}
[13:09:08] t=608 RETREAT E2(36%)
[13:09:08] {"kind": "action", "what": "move", "name": null, "qty": null, "ts": "13:09:08"}
[13:09:15] t=616 ALARM 苏联矿石精炼场被攻击 -> TURTLE (1 v 3, 守塔阵不打野战)
[13:09:15] {"kind": "action", "what": "attack_move", "name": null, "qty": null, "ts": "13:09:15"}
[13:09:16] t=616 jev INF DOG (conf 0.33)
[13:09:16] {"kind": "action", "what": "produce", "name": "DOG", "qty": 1, "ts": "13:09:16"}
[13:09:21] t=622 OPENING BUILD NAWEAP
[13:09:21] {"kind": "action", "what": "produce", "name": "NAWEAP", "qty": 1, "ts": "13:09:21"}
[13:09:24] t=625 ALARM 磁能反应炉被攻击 -> counter 1 vs 2 -> [74, 117]
[13:09:24] {"kind": "action", "what": "attack_move", "name": null, "qty": null, "ts": "13:09:24"}
[13:09:28] t=628 tick#400 credits=0 stance=defend | jev 385 decisions p50=828ms
[13:09:33] t=634 ALARM 敌军逼近 -> counter 1 vs 1 -> [76, 113]
[13:09:33] {"kind": "action", "what": "attack_move", "name": null, "qty": null, "ts": "13:09:33"}
[13:09:42] t=643 ALARM 敌军逼近 -> counter 1 vs 1 -> [76, 113]
[13:09:43] {"kind": "action", "what": "attack_move", "name": null, "qty": null, "ts": "13:09:43"}
[13:10:00] t=661 ALARM 敌军逼近 -> counter 1 vs 2 -> [84, 110]
[13:10:00] {"kind": "action", "what": "attack_move", "name": null, "qty": null, "ts": "13:10:00"}
[13:10:07] t=667 tick#425 credits=0 stance=defend | jev 410 decisions p50=823ms
[13:10:09] t=670 ALARM 敌军逼近 -> TURTLE (1 v 3, 守塔阵不打野战)
[13:10:09] {"kind": "action", "what": "attack_move", "name": null, "qty": null, "ts": "13:10:09"}
[13:10:11] t=671 RETREAT SHK(39%)
[13:10:11] {"kind": "action", "what": "move", "name": null, "qty": null, "ts": "13:10:11"}
[13:10:21] t=682 ALARM 敌军逼近 -> TURTLE (1 v 4, 守塔阵不打野战)
[13:10:21] {"kind": "action", "what": "attack_move", "name": null, "qty": null, "ts": "13:10:21"}
[13:10:22] t=682 jev INF SHK (conf 0.50)
[13:10:22] {"kind": "action", "what": "produce", "name": "SHK", "qty": 1, "ts": "13:10:22"}
[13:10:30] t=691 ALARM 磁能反应炉被攻击 -> TURTLE (1 v 4, 守塔阵不打野战)
[13:10:30] {"kind": "action", "what": "attack_move", "name": null, "qty": null, "ts": "13:10:30"}
[13:10:41] t=701 ALARM 磁能反应炉被攻击 -> TURTLE (1 v 4, 守塔阵不打野战)
[13:10:41] {"kind": "action", "what": "attack_move", "name": null, "qty": null, "ts": "13:10:41"}
[13:10:42] t=701 jev INF DOG (conf 0.22)
[13:10:42] {"kind": "action", "what": "produce", "name": "DOG", "qty": 1, "ts": "13:10:42"}
[13:10:45] t=704 tick#450 credits=985 stance=defend | jev 435 decisions p50=821ms
[13:10:50] t=710 ALARM 苏联建造场被攻击 -> TURTLE (2 v 3, 守塔阵不打野战)
[13:10:50] {"kind": "action", "what": "attack_move", "name": null, "qty": null, "ts": "13:10:50"}
[13:10:51] t=710 jev INF SHK (conf 0.26)
[13:10:51] {"kind": "action", "what": "produce", "name": "SHK", "qty": 1, "ts": "13:10:51"}
[13:10:59] t=719 ALARM 哨戒炮被攻击 -> counter 2 vs 2 -> [72, 116]
[13:10:59] {"kind": "action", "what": "attack_move", "name": null, "qty": null, "ts": "13:10:59"}
[13:11:08] t=728 ALARM 敌军逼近 -> counter 2 vs 2 -> [76, 114]
[13:11:08] {"kind": "action", "what": "attack_move", "name": null, "qty": null, "ts": "13:11:08"}
[13:11:10] t=730 jev INF SHK (conf 0.30)
[13:11:10] {"kind": "action", "what": "produce", "name": "SHK", "qty": 1, "ts": "13:11:10"}
[13:11:12] t=733 RETREAT DOG(17%)
[13:11:12] {"kind": "action", "what": "move", "name": null, "qty": null, "ts": "13:11:12"}
[13:11:17] t=737 ALARM 敌军逼近 -> counter 2 vs 1 -> [77, 114]
[13:11:17] {"kind": "action", "what": "attack_move", "name": null, "qty": null, "ts": "13:11:17"}
[13:11:22] t=742 tick#475 credits=229 stance=defend | jev 460 decisions p50=821ms
[13:11:26] t=746 ALARM 敌军逼近 -> counter 2 vs 1 -> [77, 114]
[13:11:26] {"kind": "action", "what": "attack_move", "name": null, "qty": null, "ts": "13:11:26"}
[13:12:00] t=779 tick#500 credits=0 stance=defend | jev 485 decisions p50=821ms
[13:12:09] t=790 ALARM 单位损失 -> counter 2 vs 2 -> [70, 117]
[13:12:09] {"kind": "action", "what": "attack_move", "name": null, "qty": null, "ts": "13:12:09"}
[13:12:18] t=799 ALARM 敌军逼近 -> TURTLE (1 v 3, 守塔阵不打野战)
[13:12:18] {"kind": "action", "what": "attack_move", "name": null, "qty": null, "ts": "13:12:18"}
[13:12:18] t=799 RETREAT SHK(23%)
[13:12:18] {"kind": "action", "what": "move", "name": null, "qty": null, "ts": "13:12:18"}
[13:12:27] t=808 ALARM 敌军逼近 -> TURTLE (1 v 4, 守塔阵不打野战)
[13:12:27] {"kind": "action", "what": "attack_move", "name": null, "qty": null, "ts": "13:12:27"}
[13:12:33] t=814 RETREAT SHK(34%)
[13:12:33] {"kind": "action", "what": "move", "name": null, "qty": null, "ts": "13:12:33"}
[13:12:38] t=817 tick#525 credits=0 stance=defend | jev 510 decisions p50=818ms
[13:13:15] t=855 tick#550 credits=1062 stance=defend | jev 535 decisions p50=817ms
[13:13:21] t=861 ALARM 敌军逼近 -> counter 1 vs 2 -> [75, 114]
[13:13:21] {"kind": "action", "what": "attack_move", "name": null, "qty": null, "ts": "13:13:21"}
[13:13:21] t=861 jev INF DOG (conf 0.29)
[13:13:21] {"kind": "action", "what": "produce", "name": "DOG", "qty": 1, "ts": "13:13:21"}
[13:13:25] t=866 DEFLINE NALASR (have 2)
[13:13:25] {"kind": "action", "what": "produce", "name": "NALASR", "qty": 1, "ts": "13:13:25"}
[13:13:30] t=870 ALARM 敌军逼近 -> counter 1 vs 2 -> [75, 114]
[13:13:30] {"kind": "action", "what": "attack_move", "name": null, "qty": null, "ts": "13:13:30"}
[13:13:39] t=879 ALARM 敌军逼近 -> counter 1 vs 2 -> [75, 114]
[13:13:39] {"kind": "action", "what": "attack_move", "name": null, "qty": null, "ts": "13:13:39"}
[13:13:45] t=885 jev INF SHK (conf 0.27)
[13:13:45] {"kind": "action", "what": "produce", "name": "SHK", "qty": 1, "ts": "13:13:45"}
[13:13:48] t=888 ALARM 敌军逼近 -> counter 2 vs 2 -> [75, 114]
[13:13:48] {"kind": "action", "what": "attack_move", "name": null, "qty": null, "ts": "13:13:48"}
[13:13:53] t=893 tick#575 credits=1194 stance=defend | jev 560 decisions p50=816ms
[13:13:54] t=894 POWER plant (reserve -48)
[13:13:54] t=894 RETREAT SHK(34%)
[13:13:54] {"kind": "action", "what": "produce", "name": "NAPOWR", "qty": 1, "ts": "13:13:54"}
[13:13:54] {"kind": "action", "what": "move", "name": null, "qty": null, "ts": "13:13:54"}
[13:13:55] t=894 jev VEH HTNK (conf 0.45)
[13:13:55] {"kind": "action", "what": "produce", "name": "HTNK", "qty": 1, "ts": "13:13:55"}
[13:13:57] t=897 ALARM 敌军逼近 -> counter 1 vs 1 -> [75, 114]
[13:13:57] {"kind": "action", "what": "attack_move", "name": null, "qty": null, "ts": "13:13:57"}
[13:14:06] t=906 ALARM 敌军逼近 -> counter 1 vs 1 -> [75, 114]
[13:14:06] {"kind": "action", "what": "attack_move", "name": null, "qty": null, "ts": "13:14:06"}
[13:14:10] t=911 RETREAT DOG(17%)
[13:14:10] {"kind": "action", "what": "move", "name": null, "qty": null, "ts": "13:14:10"}
[13:14:27] t=927 ALARM 敌军逼近 -> counter 1 vs 1 -> [75, 114]
[13:14:27] {"kind": "action", "what": "attack_move", "name": null, "qty": null, "ts": "13:14:27"}
[13:14:28] t=927 jev INF DOG (conf 0.25)
[13:14:28] {"kind": "action", "what": "produce", "name": "DOG", "qty": 1, "ts": "13:14:28"}
[13:14:30] t=930 tick#600 credits=373 stance=defend | jev 585 decisions p50=827ms
[13:14:36] t=936 ALARM 单位损失 -> counter 2 vs 1 -> [70, 117]
[13:14:36] {"kind": "action", "what": "attack_move", "name": null, "qty": null, "ts": "13:14:36"}
[13:14:37] t=936 jev INF DOG (conf 0.40)
[13:14:37] {"kind": "action", "what": "produce", "name": "DOG", "qty": 1, "ts": "13:14:37"}
[13:14:37] t=938 OPENING BUILD NAREFN
[13:14:37] {"kind": "action", "what": "produce", "name": "NAREFN", "qty": 1, "ts": "13:14:37"}
[13:15:08] t=968 tick#625 credits=0 stance=defend | jev 610 decisions p50=827ms
[13:15:25] t=984 jev INF DOG (conf 0.23)
[13:15:25] {"kind": "action", "what": "produce", "name": "DOG", "qty": 1, "ts": "13:15:25"}
[13:15:27] t=987 SCOUT #1663->[100, 100] (visit 2)
[13:15:27] {"kind": "action", "what": "attack_move", "name": null, "qty": null, "ts": "13:15:27"}
[13:15:28] t=987 jev VEH HTNK (conf 0.49)
[13:15:28] {"kind": "action", "what": "produce", "name": "HTNK", "qty": 1, "ts": "13:15:28"}
[13:15:36] t=996 ALARM 单位损失 -> TURTLE (3 v 4, 守塔阵不打野战)
[13:15:36] {"kind": "action", "what": "attack_move", "name": null, "qty": null, "ts": "13:15:36"}
[13:15:46] t=1005 tick#650 credits=0 stance=defend | jev 635 decisions p50=834ms
[13:15:48] t=1008 ALARM 单位损失 -> TURTLE (3 v 4, 守塔阵不打野战)
[13:15:48] {"kind": "action", "what": "attack_move", "name": null, "qty": null, "ts": "13:15:48"}
[13:15:57] t=1017 ALARM 敌军逼近 -> TURTLE (3 v 4, 守塔阵不打野战)
[13:15:57] {"kind": "action", "what": "attack_move", "name": null, "qty": null, "ts": "13:15:57"}
[13:16:06] t=1026 ALARM 敌军逼近 -> TURTLE (3 v 4, 守塔阵不打野战)
[13:16:06] {"kind": "action", "what": "attack_move", "name": null, "qty": null, "ts": "13:16:06"}
[13:16:15] t=1035 ALARM 敌军逼近 -> TURTLE (3 v 4, 守塔阵不打野战)
[13:16:15] {"kind": "action", "what": "attack_move", "name": null, "qty": null, "ts": "13:16:15"}
[13:16:16] t=1037 ENEMY BASE spotted @[135, 76]
[13:16:23] t=1043 tick#675 credits=0 stance=defend | jev 660 decisions p50=833ms
[13:16:24] t=1044 ALARM 磁能反应炉被攻击 -> TURTLE (3 v 6, 守塔阵不打野战)
[13:16:24] {"kind": "action", "what": "attack_move", "name": null, "qty": null, "ts": "13:16:24"}
[13:16:33] t=1053 ALARM 磁能反应炉被攻击 -> TURTLE (3 v 4, 守塔阵不打野战)
[13:16:33] {"kind": "action", "what": "attack_move", "name": null, "qty": null, "ts": "13:16:33"}
[13:16:42] t=1062 ALARM 敌军逼近 -> TURTLE (3 v 4, 守塔阵不打野战)
[13:16:42] {"kind": "action", "what": "attack_move", "name": null, "qty": null, "ts": "13:16:42"}
[13:16:51] t=1071 ALARM 敌军逼近 -> TURTLE (3 v 4, 守塔阵不打野战)
[13:16:51] {"kind": "action", "what": "attack_move", "name": null, "qty": null, "ts": "13:16:51"}
[13:17:00] t=1080 tick#700 credits=0 stance=defend | jev 685 decisions p50=828ms
[13:17:13] t=1093 jev INF DOG (conf 0.27)
[13:17:13] {"kind": "action", "what": "produce", "name": "DOG", "qty": 1, "ts": "13:17:13"}
[13:17:39] t=1118 tick#725 credits=0 stance=defend | jev 710 decisions p50=828ms
[13:17:56] t=1136 ALARM 敌军逼近 -> TURTLE (4 v 6, 守塔阵不打野战)
[13:17:56] {"kind": "action", "what": "attack_move", "name": null, "qty": null, "ts": "13:17:56"}
[13:18:05] t=1145 ALARM 磁能反应炉被攻击 -> TURTLE (4 v 7, 守塔阵不打野战)
[13:18:05] {"kind": "action", "what": "attack_move", "name": null, "qty": null, "ts": "13:18:05"}
[13:18:14] t=1154 ALARM 敌军逼近 -> TURTLE (5 v 8, 守塔阵不打野战)
[13:18:14] {"kind": "action", "what": "attack_move", "name": null, "qty": null, "ts": "13:18:14"}
[13:18:16] t=1156 tick#750 credits=0 stance=defend | jev 735 decisions p50=827ms
[13:18:17] t=1157 RETREAT E2(32%)
[13:18:17] {"kind": "action", "what": "move", "name": null, "qty": null, "ts": "13:18:17"}
[13:18:23] t=1163 ALARM 敌军逼近 -> TURTLE (4 v 7, 守塔阵不打野战)
[13:18:23] {"kind": "action", "what": "attack_move", "name": null, "qty": null, "ts": "13:18:23"}
[13:18:32] t=1172 ALARM 敌军逼近 -> TURTLE (4 v 7, 守塔阵不打野战)
[13:18:32] {"kind": "action", "what": "attack_move", "name": null, "qty": null, "ts": "13:18:32"}
[13:18:41] t=1181 ALARM 敌军逼近 -> TURTLE (4 v 8, 守塔阵不打野战)
[13:18:41] {"kind": "action", "what": "attack_move", "name": null, "qty": null, "ts": "13:18:41"}
[13:18:48] t=1187 jev INF DOG (conf 0.26)
[13:18:48] {"kind": "action", "what": "produce", "name": "DOG", "qty": 1, "ts": "13:18:48"}
[13:18:50] t=1190 ALARM 单位损失 -> TURTLE (2 v 7, 守塔阵不打野战)
[13:18:54] t=1193 tick#775 credits=499 stance=defend | jev 760 decisions p50=823ms
[13:19:15] t=1214 jev INF E2 (conf 0.19)
[13:19:15] {"kind": "action", "what": "produce", "name": "E2", "qty": 1, "ts": "13:19:15"}
[13:19:27] t=1226 jev INF E2 (conf 0.28)
[13:19:27] {"kind": "action", "what": "produce", "name": "E2", "qty": 1, "ts": "13:19:27"}
[13:19:31] t=1231 tick#800 credits=369 stance=defend | jev 785 decisions p50=827ms
[13:19:39] t=1238 jev INF DOG (conf 0.25)
[13:19:39] {"kind": "action", "what": "produce", "name": "DOG", "qty": 1, "ts": "13:19:39"}
[13:20:05] t=1264 jev INF DOG (conf 0.25)
[13:20:05] {"kind": "action", "what": "produce", "name": "DOG", "qty": 1, "ts": "13:20:05"}
[13:20:09] t=1269 tick#825 credits=230 stance=defend | jev 810 decisions p50=830ms
[13:20:32] t=1291 jev INF E2 (conf 0.29)
[13:20:32] {"kind": "action", "what": "produce", "name": "E2", "qty": 1, "ts": "13:20:32"}
[13:20:40] t=1300 ALARM 单位损失 -> TURTLE (6 v 10, 守塔阵不打野战)
[13:20:44] t=1303 jev INF DOG (conf 0.33)
[13:20:44] {"kind": "action", "what": "produce", "name": "DOG", "qty": 1, "ts": "13:20:44"}
[13:20:47] t=1306 tick#850 credits=28 stance=defend | jev 835 decisions p50=829ms
[13:20:51] t=1311 ALARM 单位损失 -> TURTLE (6 v 9, 守塔阵不打野战)
[13:21:04] t=1324 ALARM 单位损失 -> TURTLE (2 v 8, 守塔阵不打野战)
[13:21:24] t=1344 tick#875 credits=0 stance=defend | jev 860 decisions p50=827ms
[13:21:58] t=1379 ALARM 哨戒炮被攻击 -> TURTLE (1 v 11, 守塔阵不打野战)
[13:21:59] t=1379 jev INF E2 (conf 0.38)
[13:21:59] {"kind": "action", "what": "produce", "name": "E2", "qty": 1, "ts": "13:21:59"}
[13:22:02] t=1382 tick#900 credits=127 stance=defend | jev 885 decisions p50=816ms
[13:22:11] t=1391 jev INF E2 (conf 0.44)
[13:22:11] {"kind": "action", "what": "produce", "name": "E2", "qty": 1, "ts": "13:22:11"}
[13:22:15] t=1395 ALARM 单位损失 -> TURTLE (1 v 7, 守塔阵不打野战)
[13:22:23] t=1403 jev INF DOG (conf 0.34)
[13:22:23] {"kind": "action", "what": "produce", "name": "DOG", "qty": 1, "ts": "13:22:23"}
[13:22:39] t=1419 tick#925 credits=0 stance=defend | jev 910 decisions p50=814ms
[13:23:12] t=1452 jev INF DOG (conf 0.38)
[13:23:12] {"kind": "action", "what": "produce", "name": "DOG", "qty": 1, "ts": "13:23:12"}
[13:23:17] t=1457 tick#950 credits=36 stance=defend | jev 935 decisions p50=806ms
[13:23:27] t=1467 ALARM 单位损失 -> TURTLE (1 v 16, 守塔阵不打野战)
[13:23:54] t=1494 tick#975 credits=0 stance=defend | jev 960 decisions p50=802ms
[13:24:03] t=1503 jev INF DOG (conf 0.24)
[13:24:03] {"kind": "action", "what": "produce", "name": "DOG", "qty": 1, "ts": "13:24:03"}
[13:24:13] t=1514 ALARM 苏联兵营被攻击 -> TURTLE (1 v 13, 守塔阵不打野战)
[13:24:32] t=1532 tick#1000 credits=0 stance=defend | jev 985 decisions p50=800ms
[13:25:09] t=1569 tick#1025 credits=0 stance=defend | jev 1010 decisions p50=798ms
[13:25:47] t=1607 tick#1050 credits=314 stance=defend | jev 1035 decisions p50=799ms
[13:26:25] t=1644 tick#1075 credits=314 stance=defend | jev 1060 decisions p50=800ms
[13:26:58] t=1679 ALARM 单位损失 -> TURTLE (1 v 17, 守塔阵不打野战)
[13:27:02] t=1682 tick#1100 credits=539 stance=defend | jev 1085 decisions p50=799ms
[13:27:40] t=1713 tick#1125 credits=539 stance=defend | jev 1110 decisions p50=798ms
[13:28:17] t=1743 tick#1150 credits=686 stance=defend | jev 1135 decisions p50=799ms
[13:28:18] t=1743 SIM STALL (time frozen) - skip actions
[13:28:54] t=1771 tick#1175 credits=605 stance=defend | jev 1159 decisions p50=799ms
[2026-09-27 13:29:23] {"kind": "report", "result": "defeat", "t": 1794, "ticks": 1195, "crisis_ticks": 339, "stance": "defend", "jev": {"decisions": 1178, "errors": 0, "input_tokens": 3115083, "output_tokens": 215772, "p50_ms": 800, "p95_ms": 897}, "enemy_base": [135, 76], "ts": "2026-09-27 13:29:23"}
[13:29:24] REVIEW game#27 defeat → game-0027-review.md | changes=0
{
  "result": "defeat",
  "t": 1794,
  "ticks": 1195,
  "crisis_ticks": 339,
  "stance": "defend",
  "jev": {
    "decisions": 1178,
    "errors": 0,
    "input_tokens": 3115083,
    "output_tokens": 215772,
    "p50_ms": 800,
    "p95_ms": 897
  },
  "enemy_base": [
    135,
    76
  ],
  "ts": "2026-09-27 13:29:23",
  "review": {
    "game_no": 27,
    "rootcause": "starve",
    "auto_tuned": 0
  }
}
