[21:10:50] 进局中(全自动)...
[21:11:13] {"kind": "start", "policy": "ra2web-jev-player/1.0", "maxDecisions": 600, "micro": {"events": [{"kind": "micro", "t": 2, "what": "start"}], "loopN": 1, "on": true, "outcome": null, "stall": false}, "ts": "21:11:13"}
[21:11:13] === ra2web-jev-player start (tick=1.5s, max_decisions=600) ===
[21:11:13] t=2 DEPLOY mcv
[21:11:13] {"kind": "action", "what": "deploy", "ids": [1042], "ts": "21:11:13"}
[21:11:13] {"kind": "action", "what": "deploy", "name": null, "qty": null, "ts": "21:11:13"}
[21:11:14] t=3 DEPLOY mcv
[21:11:14] {"kind": "action", "what": "deploy", "ids": [1042], "ts": "21:11:14"}
[21:11:14] {"kind": "action", "what": "deploy", "name": null, "qty": null, "ts": "21:11:14"}
[21:11:16] t=5 POWER plant (reserve 0)
[21:11:16] {"kind": "action", "what": "produce", "name": "NAPOWR", "qty": 1, "ts": "21:11:16"}
[21:11:19] t=7 jev STANCE defend->develop (conf 0.80)
[21:11:45] t=34 OPENING BUILD NAREFN
[21:11:45] {"kind": "action", "what": "produce", "name": "NAREFN", "qty": 1, "ts": "21:11:45"}
[21:11:50] t=38 tick#25 credits=9293 stance=develop | jev 24 decisions p50=806ms
[21:12:28] t=76 tick#50 credits=8380 stance=develop | jev 49 decisions p50=807ms
[21:13:06] t=114 tick#75 credits=7468 stance=develop | jev 74 decisions p50=819ms
[21:13:11] t=120 OPENING BUILD NAHAND
[21:13:11] {"kind": "action", "what": "produce", "name": "NAHAND", "qty": 1, "ts": "21:13:11"}
[21:13:35] t=144 DEFLINE NALASR (have 0)
[21:13:35] {"kind": "action", "what": "produce", "name": "NALASR", "qty": 1, "ts": "21:13:35"}
[21:13:35] t=144 OPENING BUILD NAWEAP
[21:13:35] {"kind": "action", "what": "produce", "name": "NAWEAP", "qty": 1, "ts": "21:13:35"}
[21:13:36] t=144 jev INF DOG (conf 0.34)
[21:13:36] {"kind": "action", "what": "produce", "name": "DOG", "qty": 1, "ts": "21:13:36"}
[21:13:44] t=151 tick#100 credits=6334 stance=develop | jev 99 decisions p50=813ms
[21:13:45] t=153 jev INF DOG (conf 0.26)
[21:13:45] {"kind": "action", "what": "produce", "name": "DOG", "qty": 1, "ts": "21:13:45"}
[21:13:54] t=162 jev INF DOG (conf 0.34)
[21:13:54] {"kind": "action", "what": "produce", "name": "DOG", "qty": 1, "ts": "21:13:54"}
[21:13:55] t=164 DEFLINE NALASR (have 1)
[21:13:55] {"kind": "action", "what": "produce", "name": "NALASR", "qty": 1, "ts": "21:13:55"}
[21:14:03] t=171 jev INF DOG (conf 0.24)
[21:14:03] {"kind": "action", "what": "produce", "name": "DOG", "qty": 1, "ts": "21:14:03"}
[21:14:12] t=180 jev INF E2 (conf 0.32)
[21:14:12] {"kind": "action", "what": "produce", "name": "E2", "qty": 1, "ts": "21:14:12"}
[21:14:18] t=186 jev INF E2 (conf 0.36)
[21:14:18] {"kind": "action", "what": "produce", "name": "E2", "qty": 1, "ts": "21:14:18"}
[21:14:19] t=188 DEFLINE NALASR (have 2)
[21:14:19] {"kind": "action", "what": "produce", "name": "NALASR", "qty": 1, "ts": "21:14:19"}
[21:14:21] t=189 tick#125 credits=3825 stance=develop | jev 124 decisions p50=809ms
[21:14:22] t=191 jev INF E2 (conf 0.33)
[21:14:22] {"kind": "action", "what": "produce", "name": "E2", "qty": 1, "ts": "21:14:22"}
[21:14:28] t=197 jev INF E2 (conf 0.37)
[21:14:28] {"kind": "action", "what": "produce", "name": "E2", "qty": 1, "ts": "21:14:28"}
[21:14:33] t=201 jev INF E2 (conf 0.40)
[21:14:33] {"kind": "action", "what": "produce", "name": "E2", "qty": 1, "ts": "21:14:33"}
[21:14:37] t=206 jev INF E2 (conf 0.41)
[21:14:37] {"kind": "action", "what": "produce", "name": "E2", "qty": 1, "ts": "21:14:37"}
[21:14:40] t=209 ALARM 敌军逼近 -> counter 9 vs 1 -> [81, 114]
[21:14:40] {"kind": "action", "what": "attack_move", "name": null, "qty": null, "ts": "21:14:40"}
[21:14:49] t=218 jev INF E2 (conf 0.54)
[21:14:49] {"kind": "action", "what": "produce", "name": "E2", "qty": 1, "ts": "21:14:49"}
[21:14:55] t=224 jev INF E2 (conf 0.48)
[21:14:55] {"kind": "action", "what": "produce", "name": "E2", "qty": 1, "ts": "21:14:55"}
[21:14:58] t=227 tick#150 credits=1924 stance=defend | jev 143 decisions p50=807ms
[21:15:01] t=230 jev INF E2 (conf 0.63)
[21:15:01] {"kind": "action", "what": "produce", "name": "E2", "qty": 1, "ts": "21:15:01"}
[21:15:02] t=231 ECON harv#2
[21:15:02] {"kind": "action", "what": "produce", "name": "HARV", "qty": 1, "ts": "21:15:02"}
[21:15:02] t=231 OPENING BUILD NAREFN
[21:15:02] {"kind": "action", "what": "produce", "name": "NAREFN", "qty": 1, "ts": "21:15:02"}
[21:15:04] t=233 INSURE AA building
[21:15:04] {"kind": "action", "what": "produce", "name": "NAFLAK", "qty": 1, "ts": "21:15:04"}
[21:15:06] t=234 jev INF E2 (conf 0.40)
[21:15:06] {"kind": "action", "what": "produce", "name": "E2", "qty": 1, "ts": "21:15:06"}
[21:15:10] t=239 jev INF E2 (conf 0.40)
[21:15:10] {"kind": "action", "what": "produce", "name": "E2", "qty": 1, "ts": "21:15:10"}
[21:15:16] t=245 jev INF E2 (conf 0.41)
[21:15:16] {"kind": "action", "what": "produce", "name": "E2", "qty": 1, "ts": "21:15:16"}
[21:15:22] t=251 jev INF E2 (conf 0.43)
[21:15:22] {"kind": "action", "what": "produce", "name": "E2", "qty": 1, "ts": "21:15:22"}
[21:15:27] t=255 jev INF E2 HOLD (预算保护 gate=False e2=13)
[21:15:28] t=257 jev INF E2 HOLD (预算保护 gate=False e2=13)
[21:15:30] t=258 jev INF E2 HOLD (预算保护 gate=False e2=13)
[21:15:31] t=260 jev INF E2 HOLD (预算保护 gate=False e2=13)
[21:15:33] t=261 jev INF E2 HOLD (预算保护 gate=False e2=13)
[21:15:34] t=263 jev INF E2 HOLD (预算保护 gate=False e2=13)
[21:15:36] t=264 jev INF E2 HOLD (预算保护 gate=False e2=13)
[21:15:36] t=264 tick#175 credits=166 stance=defend | jev 168 decisions p50=816ms
[21:16:13] t=302 tick#200 credits=0 stance=defend | jev 193 decisions p50=809ms
[21:16:51] t=340 tick#225 credits=0 stance=defend | jev 218 decisions p50=812ms
[21:16:53] t=341 jev INF E2 HOLD (预算保护 gate=False e2=13)
[21:16:54] t=343 jev INF E2 HOLD (预算保护 gate=False e2=13)
[21:16:56] t=344 jev INF E2 HOLD (预算保护 gate=False e2=13)
[21:16:57] t=346 jev INF E2 HOLD (预算保护 gate=False e2=13)
[21:16:59] t=347 jev INF E2 HOLD (预算保护 gate=False e2=13)
[21:17:00] t=349 jev INF E2 HOLD (预算保护 gate=False e2=13)
[21:17:02] t=350 jev INF E2 HOLD (预算保护 gate=False e2=13)
[21:17:03] t=352 jev INF E2 HOLD (预算保护 gate=False e2=13)
[21:17:05] t=353 jev INF E2 HOLD (预算保护 gate=False e2=13)
[21:17:06] t=355 jev INF E2 HOLD (预算保护 gate=False e2=13)
[21:17:08] t=356 jev INF E2 HOLD (预算保护 gate=False e2=13)
[21:17:09] t=358 jev INF E2 HOLD (预算保护 gate=False e2=13)
[21:17:18] t=367 ALARM 苏联战车工厂被攻击 -> counter 17 vs 3 -> [73, 114]
[21:17:18] {"kind": "action", "what": "attack_move", "name": null, "qty": null, "ts": "21:17:18"}
[21:17:27] t=376 ALARM 苏联战车工厂被攻击 -> counter 16 vs 5 -> [73, 114]
[21:17:27] {"kind": "action", "what": "attack_move", "name": null, "qty": null, "ts": "21:17:27"}
[21:17:28] t=377 RETREAT DOG(25%)
[21:17:28] {"kind": "action", "what": "move", "name": null, "qty": null, "ts": "21:17:28"}
[21:17:28] t=377 tick#250 credits=0 stance=defend | jev 235 decisions p50=814ms
[21:17:36] t=385 ALARM 敌军逼近 -> counter 14 vs 4 -> [80, 114]
[21:17:36] {"kind": "action", "what": "attack_move", "name": null, "qty": null, "ts": "21:17:36"}
[21:17:37] t=386 RETREAT E2(39%)
[21:17:37] {"kind": "action", "what": "move", "name": null, "qty": null, "ts": "21:17:37"}
[21:17:40] t=389 RETREAT DOG(6%)
[21:17:40] {"kind": "action", "what": "move", "name": null, "qty": null, "ts": "21:17:40"}
[21:17:45] t=394 ALARM 敌军逼近 -> counter 11 vs 3 -> [80, 114]
[21:17:45] {"kind": "action", "what": "attack_move", "name": null, "qty": null, "ts": "21:17:45"}
[21:17:45] t=394 RETREAT E2(14%)
[21:17:45] {"kind": "action", "what": "move", "name": null, "qty": null, "ts": "21:17:45"}
[21:17:46] t=395 RETREAT E2(38%)
[21:17:46] {"kind": "action", "what": "move", "name": null, "qty": null, "ts": "21:17:46"}
[21:17:54] t=403 ALARM 敌军逼近 -> counter 10 vs 2 -> [80, 114]
[21:17:54] {"kind": "action", "what": "attack_move", "name": null, "qty": null, "ts": "21:17:54"}
[21:17:59] t=407 jev INF DOG (conf 0.29)
[21:17:59] {"kind": "action", "what": "produce", "name": "DOG", "qty": 1, "ts": "21:17:59"}
[21:18:06] t=415 tick#275 credits=0 stance=defend | jev 241 decisions p50=813ms
[21:18:42] t=451 jev VEH HTK (conf 0.30)
[21:18:42] {"kind": "action", "what": "produce", "name": "HTK", "qty": 1, "ts": "21:18:42"}
[21:18:44] t=452 tick#300 credits=798 stance=defend | jev 266 decisions p50=812ms
[21:18:47] t=455 jev INF E2 HOLD (预算保护 gate=False e2=10)
[21:18:48] t=457 jev INF E2 HOLD (预算保护 gate=False e2=10)
[21:18:50] t=458 jev INF E2 HOLD (预算保护 gate=False e2=10)
[21:18:51] t=460 jev INF E2 HOLD (预算保护 gate=False e2=10)
[21:18:53] t=461 jev INF E2 HOLD (预算保护 gate=False e2=10)
[21:18:54] t=463 jev INF E2 HOLD (预算保护 gate=False e2=10)
[21:18:56] t=464 jev INF E2 HOLD (预算保护 gate=False e2=10)
[21:18:57] t=466 jev INF DOG (conf 0.22)
[21:18:57] {"kind": "action", "what": "produce", "name": "DOG", "qty": 1, "ts": "21:18:57"}
[21:19:22] t=490 tick#325 credits=0 stance=defend | jev 291 decisions p50=808ms
[21:19:59] t=528 tick#350 credits=0 stance=defend | jev 316 decisions p50=812ms
[21:20:32] t=561 SCOUT tank->mirror [130, 83]
[21:20:32] {"kind": "action", "what": "attack_move", "name": null, "qty": null, "ts": "21:20:32"}
[21:20:32] t=561 jev VEH HTK (conf 0.51)
[21:20:32] {"kind": "action", "what": "produce", "name": "HTK", "qty": 1, "ts": "21:20:32"}
[21:20:32] t=561 MOVE defend-rally@base(1)
[21:20:32] {"kind": "action", "what": "attack_move", "name": null, "qty": null, "ts": "21:20:32"}
[21:20:37] t=565 jev INF E2 (conf 0.26)
[21:20:37] {"kind": "action", "what": "produce", "name": "E2", "qty": 1, "ts": "21:20:37"}
[21:20:37] t=565 tick#375 credits=1660 stance=defend | jev 341 decisions p50=808ms
[21:20:41] t=570 jev INF E2 (conf 0.26)
[21:20:41] {"kind": "action", "what": "produce", "name": "E2", "qty": 1, "ts": "21:20:41"}
[21:20:42] t=571 POWER plant (reserve -35)
[21:20:42] {"kind": "action", "what": "produce", "name": "NAPOWR", "qty": 1, "ts": "21:20:42"}
[21:20:45] t=573 MOVE defend-rally@base(1)
[21:20:45] {"kind": "action", "what": "attack_move", "name": null, "qty": null, "ts": "21:20:45"}
[21:20:50] t=579 jev INF E2 HOLD (预算保护 gate=False e2=12)
[21:20:52] t=580 jev INF E2 HOLD (预算保护 gate=False e2=12)
[21:20:53] t=582 jev INF E2 HOLD (预算保护 gate=False e2=12)
[21:20:55] t=583 jev INF E2 HOLD (预算保护 gate=False e2=12)
[21:20:56] t=585 jev INF E2 HOLD (预算保护 gate=False e2=12)
[21:20:58] t=586 jev INF E2 HOLD (预算保护 gate=False e2=12)
[21:20:58] t=586 MOVE defend-rally@base(1)
[21:20:58] {"kind": "action", "what": "attack_move", "name": null, "qty": null, "ts": "21:20:58"}
[21:20:59] t=588 jev INF E2 HOLD (预算保护 gate=False e2=12)
[21:21:01] t=589 jev INF E2 HOLD (预算保护 gate=False e2=12)
[21:21:03] t=591 jev INF E2 HOLD (预算保护 gate=False e2=12)
[21:21:03] t=591 jev VEH HTK (conf 0.56)
[21:21:03] {"kind": "action", "what": "produce", "name": "HTK", "qty": 1, "ts": "21:21:03"}
[21:21:04] t=593 jev INF E2 HOLD (预算保护 gate=False e2=12)
[21:21:06] t=594 jev INF E2 HOLD (预算保护 gate=False e2=12)
[21:21:08] t=596 jev INF E2 HOLD (预算保护 gate=False e2=12)
[21:21:09] t=597 jev INF E2 HOLD (预算保护 gate=False e2=12)
[21:21:11] t=599 jev INF E2 HOLD (预算保护 gate=False e2=12)
[21:21:11] t=599 MOVE defend-rally@base(2)
[21:21:11] {"kind": "action", "what": "attack_move", "name": null, "qty": null, "ts": "21:21:11"}
[21:21:12] t=600 jev INF E2 HOLD (预算保护 gate=False e2=12)
[21:21:14] t=602 jev INF E2 HOLD (预算保护 gate=False e2=12)
[21:21:15] t=603 jev INF E2 HOLD (预算保护 gate=False e2=12)
[21:21:15] t=603 tick#400 credits=528 stance=defend | jev 366 decisions p50=808ms
[21:21:17] t=605 jev INF E2 HOLD (预算保护 gate=False e2=12)
[21:21:18] t=606 jev INF E2 HOLD (预算保护 gate=False e2=12)
[21:21:20] t=608 jev INF E2 HOLD (预算保护 gate=False e2=12)
[21:21:21] t=609 jev INF E2 HOLD (预算保护 gate=False e2=12)
[21:21:23] t=611 jev INF E2 HOLD (预算保护 gate=False e2=12)
[21:21:24] t=612 jev INF E2 HOLD (预算保护 gate=False e2=12)
[21:21:24] t=612 MOVE defend-rally@base(2)
[21:21:24] {"kind": "action", "what": "attack_move", "name": null, "qty": null, "ts": "21:21:24"}
[21:21:26] t=614 jev INF E2 HOLD (预算保护 gate=False e2=12)
[21:21:27] t=615 jev INF E2 HOLD (预算保护 gate=False e2=12)
[21:21:29] t=617 jev INF E2 HOLD (预算保护 gate=False e2=12)
[21:21:30] t=618 jev INF E2 HOLD (预算保护 gate=False e2=12)
[21:21:32] t=620 jev INF DOG (conf 0.23)
[21:21:32] {"kind": "action", "what": "produce", "name": "DOG", "qty": 1, "ts": "21:21:32"}
[21:21:33] t=621 jev BUILD NAPOWR (conf 0.51)
[21:21:33] {"kind": "action", "what": "produce", "name": "NAPOWR", "qty": 1, "ts": "21:21:33"}
[21:21:37] t=624 MOVE defend-rally@base(2)
[21:21:37] {"kind": "action", "what": "attack_move", "name": null, "qty": null, "ts": "21:21:37"}
[21:21:49] t=637 MOVE defend-rally@base(2)
[21:21:49] {"kind": "action", "what": "attack_move", "name": null, "qty": null, "ts": "21:21:49"}
[21:21:53] t=642 tick#425 credits=0 stance=defend | jev 391 decisions p50=809ms
[21:22:00] t=649 ALARM 敌军逼近 -> counter 16 vs 1 -> [85, 111]
[21:22:00] {"kind": "action", "what": "attack_move", "name": null, "qty": null, "ts": "21:22:00"}
[21:22:06] t=655 RETREAT E2(32%)
[21:22:06] {"kind": "action", "what": "move", "name": null, "qty": null, "ts": "21:22:06"}
[21:22:09] t=658 ALARM 单位损失 -> counter 15 vs 3 -> [70, 117]
[21:22:09] {"kind": "action", "what": "attack_move", "name": null, "qty": null, "ts": "21:22:09"}
[21:22:18] t=667 ALARM 敌军逼近 -> counter 15 vs 4 -> [83, 113]
[21:22:18] {"kind": "action", "what": "attack_move", "name": null, "qty": null, "ts": "21:22:18"}
[21:22:21] t=670 RETREAT E2(37%)
[21:22:21] {"kind": "action", "what": "move", "name": null, "qty": null, "ts": "21:22:21"}
[21:22:23] t=672 RETREAT E2(36%)
[21:22:23] {"kind": "action", "what": "move", "name": null, "qty": null, "ts": "21:22:23"}
[21:22:27] t=676 ALARM 单位损失 -> counter 12 vs 4 -> [70, 117]
[21:22:27] {"kind": "action", "what": "attack_move", "name": null, "qty": null, "ts": "21:22:27"}
[21:22:27] t=676 RETREAT E2(26%)
[21:22:27] {"kind": "action", "what": "move", "name": null, "qty": null, "ts": "21:22:27"}
[21:22:29] t=678 RETREAT HTK(27%)
[21:22:29] {"kind": "action", "what": "move", "name": null, "qty": null, "ts": "21:22:29"}
[21:22:30] t=679 tick#450 credits=786 stance=defend | jev 395 decisions p50=809ms
[21:22:36] t=685 ALARM 敌军逼近 -> counter 13 vs 3 -> [80, 119]
[21:22:36] {"kind": "action", "what": "attack_move", "name": null, "qty": null, "ts": "21:22:36"}
[21:22:45] t=694 ALARM 敌军逼近 -> counter 13 vs 3 -> [80, 119]
[21:22:45] {"kind": "action", "what": "attack_move", "name": null, "qty": null, "ts": "21:22:45"}
[21:22:50] t=699 TANK HTNK x1
[21:22:50] t=699 RETREAT HTK(15%)
[21:22:50] {"kind": "action", "what": "produce", "name": "HTNK", "qty": 1, "ts": "21:22:50"}
[21:22:50] {"kind": "action", "what": "move", "name": null, "qty": null, "ts": "21:22:50"}
[21:22:54] t=703 ALARM 敌军逼近 -> counter 12 vs 2 -> [81, 116]
[21:22:54] {"kind": "action", "what": "attack_move", "name": null, "qty": null, "ts": "21:22:54"}
[21:22:56] t=705 RETREAT E2(39%)
[21:22:56] {"kind": "action", "what": "move", "name": null, "qty": null, "ts": "21:22:56"}
[21:22:59] t=708 RETREAT DOG(30%)
[21:22:59] {"kind": "action", "what": "move", "name": null, "qty": null, "ts": "21:22:59"}
[21:23:03] t=712 ALARM 敌军逼近 -> counter 10 vs 4 -> [80, 119]
[21:23:03] {"kind": "action", "what": "attack_move", "name": null, "qty": null, "ts": "21:23:03"}
[21:23:08] t=717 tick#475 credits=2102 stance=defend | jev 395 decisions p50=809ms
[21:23:12] t=721 ALARM 敌军逼近 -> counter 10 vs 6 -> [80, 119]
[21:23:12] {"kind": "action", "what": "attack_move", "name": null, "qty": null, "ts": "21:23:12"}
[21:23:21] t=730 ALARM 敌军逼近 -> counter 10 vs 5 -> [87, 112]
[21:23:21] {"kind": "action", "what": "attack_move", "name": null, "qty": null, "ts": "21:23:21"}
[21:23:27] t=736 TANK HTNK x2
[21:23:27] {"kind": "action", "what": "produce", "name": "HTNK", "qty": 2, "ts": "21:23:27"}
[21:23:30] t=739 ALARM 单位损失 -> counter 10 vs 3 -> [70, 117]
[21:23:30] {"kind": "action", "what": "attack_move", "name": null, "qty": null, "ts": "21:23:30"}
[21:23:32] t=741 SCOUT tank->mirror [130, 83]
[21:23:32] {"kind": "action", "what": "attack_move", "name": null, "qty": null, "ts": "21:23:32"}
[21:23:33] t=742 RETREAT E2(23%)
[21:23:33] t=742 RETREAT DOG(25%)
[21:23:33] {"kind": "action", "what": "move", "name": null, "qty": null, "ts": "21:23:33"}
[21:23:33] {"kind": "action", "what": "move", "name": null, "qty": null, "ts": "21:23:33"}
[21:23:34] t=742 jev BUILD NAHAND (conf 0.25)
[21:23:34] t=742 jev INF E2 (conf 0.37)
[21:23:34] {"kind": "action", "what": "produce", "name": "NAHAND", "qty": 1, "ts": "21:23:34"}
[21:23:34] {"kind": "action", "what": "produce", "name": "E2", "qty": 1, "ts": "21:23:34"}
[21:23:40] t=748 jev INF E2 HOLD (预算保护 gate=False e2=9)
[21:23:40] t=748 MOVE defend-rally@base(2)
[21:23:40] {"kind": "action", "what": "attack_move", "name": null, "qty": null, "ts": "21:23:40"}
[21:23:41] t=750 jev INF E2 HOLD (预算保护 gate=False e2=9)
[21:23:43] t=751 jev INF E2 HOLD (预算保护 gate=False e2=9)
[21:23:44] t=753 ALARM 单位损失 -> counter 9 vs 1 -> [70, 117]
[21:23:44] {"kind": "action", "what": "attack_move", "name": null, "qty": null, "ts": "21:23:44"}
[21:23:46] t=754 jev INF E2 HOLD (预算保护 gate=False e2=8)
[21:23:46] t=754 tick#500 credits=807 stance=defend | jev 402 decisions p50=809ms
[21:23:53] t=762 ALARM 敌军逼近 -> counter 9 vs 1 -> [84, 113]
[21:23:53] {"kind": "action", "what": "attack_move", "name": null, "qty": null, "ts": "21:23:53"}
[21:24:01] t=769 jev INF E2 HOLD (预算保护 gate=False e2=8)
[21:24:01] t=769 MOVE defend-rally@base(2)
[21:24:01] {"kind": "action", "what": "attack_move", "name": null, "qty": null, "ts": "21:24:01"}
[21:24:02] t=771 jev INF E2 HOLD (预算保护 gate=False e2=8)
[21:24:04] t=772 jev INF E2 HOLD (预算保护 gate=False e2=8)
[21:24:05] t=774 jev INF E2 HOLD (预算保护 gate=False e2=8)
[21:24:07] t=775 jev INF DOG (conf 0.32)
[21:24:07] {"kind": "action", "what": "produce", "name": "DOG", "qty": 1, "ts": "21:24:07"}
[21:24:09] t=777 jev BUILD NAWEAP (conf 0.18)
[21:24:09] {"kind": "action", "what": "produce", "name": "NAWEAP", "qty": 1, "ts": "21:24:09"}
[21:24:13] t=781 MOVE defend-rally@base(3)
[21:24:13] {"kind": "action", "what": "attack_move", "name": null, "qty": null, "ts": "21:24:13"}
[21:24:24] t=792 tick#525 credits=0 stance=defend | jev 418 decisions p50=808ms
[21:24:25] t=793 MOVE defend-rally@base(3)
[21:24:25] {"kind": "action", "what": "attack_move", "name": null, "qty": null, "ts": "21:24:25"}
[21:24:37] t=805 MOVE defend-rally@base(3)
[21:24:37] {"kind": "action", "what": "attack_move", "name": null, "qty": null, "ts": "21:24:37"}
[21:24:51] t=819 MOVE defend-rally@base(3)
[21:24:51] {"kind": "action", "what": "attack_move", "name": null, "qty": null, "ts": "21:24:51"}
[21:25:02] t=830 tick#550 credits=0 stance=defend | jev 443 decisions p50=812ms
[21:25:03] t=832 MOVE defend-rally@base(3)
[21:25:03] {"kind": "action", "what": "attack_move", "name": null, "qty": null, "ts": "21:25:03"}
[21:25:08] t=836 jev INF E2 HOLD (预算保护 gate=False e2=8)
[21:25:09] t=838 jev INF E2 HOLD (预算保护 gate=False e2=8)
[21:25:11] t=839 jev INF E2 HOLD (预算保护 gate=False e2=8)
[21:25:12] t=841 jev INF E2 HOLD (预算保护 gate=False e2=8)
[21:25:14] t=842 jev INF E2 HOLD (预算保护 gate=False e2=8)
[21:25:15] t=844 jev INF E2 HOLD (预算保护 gate=False e2=8)
[21:25:17] t=845 jev INF E2 HOLD (预算保护 gate=False e2=8)
[21:25:17] t=845 MOVE defend-rally@base(3)
[21:25:17] {"kind": "action", "what": "attack_move", "name": null, "qty": null, "ts": "21:25:17"}
[21:25:18] t=847 jev INF E2 HOLD (预算保护 gate=False e2=8)
[21:25:20] t=848 jev INF E2 HOLD (预算保护 gate=False e2=8)
[21:25:21] t=850 jev INF E2 HOLD (预算保护 gate=False e2=8)
[21:25:26] t=854 jev INF DOG (conf 0.22)
[21:25:26] {"kind": "action", "what": "produce", "name": "DOG", "qty": 1, "ts": "21:25:26"}
[21:25:31] t=859 MOVE defend-rally@base(3)
[21:25:31] {"kind": "action", "what": "attack_move", "name": null, "qty": null, "ts": "21:25:31"}
[21:25:39] t=868 tick#575 credits=0 stance=defend | jev 468 decisions p50=813ms
[21:25:44] t=872 MOVE defend-rally@base(3)
[21:25:44] {"kind": "action", "what": "attack_move", "name": null, "qty": null, "ts": "21:25:44"}
[21:25:57] t=886 MOVE defend-rally@base(3)
[21:25:57] {"kind": "action", "what": "attack_move", "name": null, "qty": null, "ts": "21:25:57"}
[21:25:59] t=887 jev INF DOG (conf 0.22)
[21:25:59] {"kind": "action", "what": "produce", "name": "DOG", "qty": 1, "ts": "21:25:59"}
[21:26:05] t=893 jev INF E2 (conf 0.28)
[21:26:05] {"kind": "action", "what": "produce", "name": "E2", "qty": 1, "ts": "21:26:05"}
[21:26:06] t=895 TANK HTNK x1
[21:26:06] {"kind": "action", "what": "produce", "name": "HTNK", "qty": 1, "ts": "21:26:06"}
[21:26:09] t=898 jev INF E2 HOLD (预算保护 gate=False e2=9)
[21:26:09] t=898 MOVE defend-rally@base(4)
[21:26:09] {"kind": "action", "what": "attack_move", "name": null, "qty": null, "ts": "21:26:09"}
[21:26:11] t=899 jev INF E2 HOLD (预算保护 gate=False e2=9)
[21:26:13] t=901 jev INF E2 HOLD (预算保护 gate=False e2=9)
[21:26:14] t=902 jev INF E2 HOLD (预算保护 gate=False e2=9)
[21:26:15] t=904 jev INF DOG (conf 0.24)
[21:26:15] {"kind": "action", "what": "produce", "name": "DOG", "qty": 1, "ts": "21:26:15"}
[21:26:17] t=905 tick#600 credits=635 stance=defend | jev 493 decisions p50=817ms
[21:26:21] t=910 jev INF E2 HOLD (预算保护 gate=False e2=9)
[21:26:23] t=911 jev INF E2 HOLD (预算保护 gate=False e2=9)
[21:26:23] t=911 MOVE defend-rally@base(4)
[21:26:23] {"kind": "action", "what": "attack_move", "name": null, "qty": null, "ts": "21:26:23"}
[21:26:24] t=913 jev INF E2 HOLD (预算保护 gate=False e2=9)
[21:26:26] t=914 jev INF E2 HOLD (预算保护 gate=False e2=9)
[21:26:33] t=922 SCOUT tank->mirror [130, 83]
[21:26:33] {"kind": "action", "what": "attack_move", "name": null, "qty": null, "ts": "21:26:33"}
[21:26:35] t=923 MOVE defend-rally@base(4)
[21:26:35] {"kind": "action", "what": "attack_move", "name": null, "qty": null, "ts": "21:26:35"}
[21:26:37] t=925 jev INF E2 HOLD (预算保护 gate=False e2=9)
[21:26:38] t=926 jev INF E2 HOLD (预算保护 gate=False e2=9)
[21:26:40] t=928 jev INF E2 HOLD (预算保护 gate=False e2=9)
[21:26:44] t=932 jev INF E2 HOLD (预算保护 gate=False e2=9)
[21:26:46] t=935 RETREAT E2(16%)
[21:26:46] {"kind": "action", "what": "move", "name": null, "qty": null, "ts": "21:26:46"}
[21:26:47] t=935 jev INF E2 HOLD (预算保护 gate=False e2=9)
[21:26:47] t=935 MOVE defend-rally@base(4)
[21:26:47] {"kind": "action", "what": "attack_move", "name": null, "qty": null, "ts": "21:26:47"}
[21:26:49] t=938 ALARM 敌军逼近 -> counter 15 vs 9 -> [86, 109]
[21:26:49] {"kind": "action", "what": "attack_move", "name": null, "qty": null, "ts": "21:26:49"}
[21:26:49] t=938 RETREAT E2(38%)
[21:26:49] {"kind": "action", "what": "move", "name": null, "qty": null, "ts": "21:26:49"}
[21:26:54] t=943 RETREAT E2(2%)
[21:26:54] {"kind": "action", "what": "move", "name": null, "qty": null, "ts": "21:26:54"}
[21:26:54] t=943 tick#625 credits=0 stance=defend | jev 514 decisions p50=822ms
[21:26:55] t=944 RETREAT E2(22%)
[21:26:55] {"kind": "action", "what": "move", "name": null, "qty": null, "ts": "21:26:55"}
[21:26:58] t=947 ALARM 敌军逼近 -> counter 13 vs 10 -> [86, 109]
[21:26:58] {"kind": "action", "what": "attack_move", "name": null, "qty": null, "ts": "21:26:58"}
[21:27:07] t=956 ALARM 敌军逼近 -> TURTLE (10 v 10, 守塔阵不打野战)
[21:27:07] {"kind": "action", "what": "attack_move", "name": null, "qty": null, "ts": "21:27:07"}
[21:27:13] t=962 RETREAT HTNK(17%)
[21:27:13] {"kind": "action", "what": "move", "name": null, "qty": null, "ts": "21:27:13"}
[21:27:16] t=965 ALARM 敌军逼近 -> TURTLE (9 v 9, 守塔阵不打野战)
[21:27:16] {"kind": "action", "what": "attack_move", "name": null, "qty": null, "ts": "21:27:16"}
[21:27:18] t=967 RETREAT E2(17%)
[21:27:18] {"kind": "action", "what": "move", "name": null, "qty": null, "ts": "21:27:18"}
[21:27:25] t=974 ALARM 苏联矿石精炼场被攻击 -> TURTLE (8 v 9, 守塔阵不打野战)
[21:27:25] {"kind": "action", "what": "attack_move", "name": null, "qty": null, "ts": "21:27:25"}
[21:27:31] t=980 tick#650 credits=0 stance=defend | jev 514 decisions p50=822ms
[21:27:34] t=983 ALARM 苏联矿石精炼场被攻击 -> TURTLE (8 v 9, 守塔阵不打野战)
[21:27:34] {"kind": "action", "what": "attack_move", "name": null, "qty": null, "ts": "21:27:34"}
[21:27:43] t=992 ALARM 敌军逼近 -> TURTLE (8 v 8, 守塔阵不打野战)
[21:27:43] {"kind": "action", "what": "attack_move", "name": null, "qty": null, "ts": "21:27:43"}
[21:27:52] t=1001 ALARM 敌军逼近 -> TURTLE (9 v 8, 守塔阵不打野战)
[21:27:52] {"kind": "action", "what": "attack_move", "name": null, "qty": null, "ts": "21:27:52"}
[21:28:01] t=1010 ALARM 敌军逼近 -> counter 9 vs 7 -> [81, 121]
[21:28:01] {"kind": "action", "what": "attack_move", "name": null, "qty": null, "ts": "21:28:01"}
[21:28:09] t=1018 tick#675 credits=14 stance=defend | jev 514 decisions p50=822ms
[21:28:10] t=1019 ALARM 敌军逼近 -> counter 9 vs 6 -> [81, 121]
[21:28:10] {"kind": "action", "what": "attack_move", "name": null, "qty": null, "ts": "21:28:10"}
[21:28:18] t=1027 RETREAT HTNK(38%)
[21:28:18] {"kind": "action", "what": "move", "name": null, "qty": null, "ts": "21:28:18"}
[21:28:19] t=1028 ALARM 敌军逼近 -> counter 8 vs 6 -> [81, 121]
[21:28:19] {"kind": "action", "what": "attack_move", "name": null, "qty": null, "ts": "21:28:19"}
[21:28:24] t=1033 RETREAT DOG(38%)
[21:28:24] {"kind": "action", "what": "move", "name": null, "qty": null, "ts": "21:28:24"}
[21:28:27] t=1036 RETREAT DOG(7%)
[21:28:27] {"kind": "action", "what": "move", "name": null, "qty": null, "ts": "21:28:27"}
[21:28:28] t=1037 ALARM 单位损失 -> TURTLE (5 v 6, 守塔阵不打野战)
[21:28:28] {"kind": "action", "what": "attack_move", "name": null, "qty": null, "ts": "21:28:28"}
[21:28:28] t=1037 RETREAT DOG(37%)
[21:28:28] {"kind": "action", "what": "move", "name": null, "qty": null, "ts": "21:28:28"}
[21:28:34] t=1043 RETREAT E2(3%)
[21:28:34] {"kind": "action", "what": "move", "name": null, "qty": null, "ts": "21:28:34"}
[21:28:37] t=1046 ALARM 敌军逼近 -> TURTLE (4 v 5, 守塔阵不打野战)
[21:28:37] {"kind": "action", "what": "attack_move", "name": null, "qty": null, "ts": "21:28:37"}
[21:28:40] t=1049 RETREAT HTNK(39%)
[21:28:40] {"kind": "action", "what": "move", "name": null, "qty": null, "ts": "21:28:40"}
[21:28:46] t=1055 ALARM 敌军逼近 -> TURTLE (3 v 4, 守塔阵不打野战)
[21:28:46] {"kind": "action", "what": "attack_move", "name": null, "qty": null, "ts": "21:28:46"}
[21:28:46] t=1055 tick#700 credits=0 stance=defend | jev 514 decisions p50=822ms
[21:28:55] t=1064 ALARM 敌军逼近 -> counter 3 vs 2 -> [80, 122]
[21:28:55] {"kind": "action", "what": "attack_move", "name": null, "qty": null, "ts": "21:28:55"}
[21:29:05] t=1073 jev INF DOG (conf 0.22)
[21:29:05] t=1073 jev VEH HTK (conf 0.87)
[21:29:05] {"kind": "action", "what": "produce", "name": "DOG", "qty": 1, "ts": "21:29:05"}
[21:29:05] {"kind": "action", "what": "produce", "name": "HTK", "qty": 1, "ts": "21:29:05"}
[21:29:05] t=1073 MOVE defend-rally@base(2)
[21:29:05] {"kind": "action", "what": "attack_move", "name": null, "qty": null, "ts": "21:29:05"}
[21:29:17] t=1085 MOVE defend-rally@base(2)
[21:29:17] {"kind": "action", "what": "attack_move", "name": null, "qty": null, "ts": "21:29:17"}
[21:29:25] t=1093 tick#725 credits=0 stance=defend | jev 528 decisions p50=823ms
[21:29:31] t=1099 MOVE defend-rally@base(2)
[21:29:31] {"kind": "action", "what": "attack_move", "name": null, "qty": null, "ts": "21:29:31"}
[21:29:33] t=1102 SCOUT tank->mirror [130, 83]
[21:29:33] {"kind": "action", "what": "attack_move", "name": null, "qty": null, "ts": "21:29:33"}
[21:29:43] t=1111 MOVE defend-rally@base(2)
[21:29:43] {"kind": "action", "what": "attack_move", "name": null, "qty": null, "ts": "21:29:43"}
[21:29:56] t=1124 MOVE defend-rally@base(2)
[21:29:56] {"kind": "action", "what": "attack_move", "name": null, "qty": null, "ts": "21:29:56"}
[21:30:02] t=1130 tick#750 credits=0 stance=defend | jev 553 decisions p50=834ms
[21:30:10] t=1138 MOVE defend-rally@base(2)
[21:30:10] {"kind": "action", "what": "attack_move", "name": null, "qty": null, "ts": "21:30:10"}
[21:30:23] t=1151 MOVE defend-rally@base(2)
[21:30:23] {"kind": "action", "what": "attack_move", "name": null, "qty": null, "ts": "21:30:23"}
[21:30:36] t=1164 MOVE defend-rally@base(2)
[21:30:36] {"kind": "action", "what": "attack_move", "name": null, "qty": null, "ts": "21:30:36"}
[21:30:40] t=1169 tick#775 credits=0 stance=defend | jev 578 decisions p50=843ms
[21:30:49] t=1178 MOVE defend-rally@base(2)
[21:30:49] {"kind": "action", "what": "attack_move", "name": null, "qty": null, "ts": "21:30:49"}
[21:31:01] t=1190 MOVE defend-rally@base(2)
[21:31:01] {"kind": "action", "what": "attack_move", "name": null, "qty": null, "ts": "21:31:01"}
[21:31:13] t=1202 jev INF DOG (conf 0.20)
[21:31:13] {"kind": "action", "what": "produce", "name": "DOG", "qty": 1, "ts": "21:31:13"}
[21:31:14] jev budget exhausted: max calls reached: 600 (继续纯确定性运行)
[21:31:14] t=1203 MOVE defend-rally@base(2)
[21:31:14] {"kind": "action", "what": "attack_move", "name": null, "qty": null, "ts": "21:31:14"}
[21:31:16] jev budget exhausted: max calls reached: 600 (继续纯确定性运行)
[21:31:17] jev budget exhausted: max calls reached: 600 (继续纯确定性运行)
[21:31:17] t=1206 tick#800 credits=0 stance=defend | jev 600 decisions p50=844ms
[21:31:19] jev budget exhausted: max calls reached: 600 (继续纯确定性运行)
[21:31:20] jev budget exhausted: max calls reached: 600 (继续纯确定性运行)
[21:31:22] jev budget exhausted: max calls reached: 600 (继续纯确定性运行)
[21:31:23] jev budget exhausted: max calls reached: 600 (继续纯确定性运行)
[21:31:25] jev budget exhausted: max calls reached: 600 (继续纯确定性运行)
[21:31:26] jev budget exhausted: max calls reached: 600 (继续纯确定性运行)
[21:31:26] t=1215 MOVE defend-rally@base(2)
[21:31:26] {"kind": "action", "what": "attack_move", "name": null, "qty": null, "ts": "21:31:26"}
[21:31:28] jev budget exhausted: max calls reached: 600 (继续纯确定性运行)
[21:31:29] jev budget exhausted: max calls reached: 600 (继续纯确定性运行)
[21:31:31] jev budget exhausted: max calls reached: 600 (继续纯确定性运行)
[21:31:32] jev budget exhausted: max calls reached: 600 (继续纯确定性运行)
[21:31:34] jev budget exhausted: max calls reached: 600 (继续纯确定性运行)
[21:31:35] jev budget exhausted: max calls reached: 600 (继续纯确定性运行)
[21:31:37] jev budget exhausted: max calls reached: 600 (继续纯确定性运行)
[21:31:38] jev budget exhausted: max calls reached: 600 (继续纯确定性运行)
[21:31:38] t=1227 MOVE defend-rally@base(2)
[21:31:38] {"kind": "action", "what": "attack_move", "name": null, "qty": null, "ts": "21:31:38"}
[21:31:40] jev budget exhausted: max calls reached: 600 (继续纯确定性运行)
[21:31:41] jev budget exhausted: max calls reached: 600 (继续纯确定性运行)
[21:31:43] jev budget exhausted: max calls reached: 600 (继续纯确定性运行)
[21:31:44] jev budget exhausted: max calls reached: 600 (继续纯确定性运行)
[21:31:46] jev budget exhausted: max calls reached: 600 (继续纯确定性运行)
[21:31:47] t=1236 RETREAT E2(0%)
[21:31:47] {"kind": "action", "what": "move", "name": null, "qty": null, "ts": "21:31:47"}
[21:31:47] jev budget exhausted: max calls reached: 600 (继续纯确定性运行)
[21:31:49] jev budget exhausted: max calls reached: 600 (继续纯确定性运行)
[21:31:50] jev budget exhausted: max calls reached: 600 (继续纯确定性运行)
[21:31:52] jev budget exhausted: max calls reached: 600 (继续纯确定性运行)
[21:31:52] t=1241 MOVE defend-rally@base(2)
[21:31:52] {"kind": "action", "what": "attack_move", "name": null, "qty": null, "ts": "21:31:52"}
[21:31:53] jev budget exhausted: max calls reached: 600 (继续纯确定性运行)
[21:31:55] jev budget exhausted: max calls reached: 600 (继续纯确定性运行)
[21:31:55] t=1244 tick#825 credits=0 stance=defend | jev 600 decisions p50=844ms
[21:31:56] jev budget exhausted: max calls reached: 600 (继续纯确定性运行)
[21:31:58] jev budget exhausted: max calls reached: 600 (继续纯确定性运行)
[21:31:59] t=1248 ALARM 敌军逼近 -> TURTLE (4 v 9, 守塔阵不打野战)
[21:31:59] {"kind": "action", "what": "attack_move", "name": null, "qty": null, "ts": "21:31:59"}
[21:32:08] t=1257 ALARM 敌军逼近 -> TURTLE (4 v 10, 守塔阵不打野战)
[21:32:08] {"kind": "action", "what": "attack_move", "name": null, "qty": null, "ts": "21:32:08"}
[21:32:17] t=1266 ALARM 敌军逼近 -> TURTLE (4 v 11, 守塔阵不打野战)
[21:32:17] {"kind": "action", "what": "attack_move", "name": null, "qty": null, "ts": "21:32:17"}
[21:32:26] t=1275 ALARM 单位损失 -> TURTLE (5 v 10, 守塔阵不打野战)
[21:32:26] {"kind": "action", "what": "attack_move", "name": null, "qty": null, "ts": "21:32:26"}
[21:32:28] t=1277 AA HTK x2 (enemy air)
[21:32:28] {"kind": "action", "what": "produce", "name": "HTK", "qty": 2, "ts": "21:32:28"}
[21:32:32] t=1281 tick#850 credits=499 stance=defend | jev 600 decisions p50=844ms
[21:32:34] t=1283 SCOUT tank->mirror [130, 83]
[21:32:34] {"kind": "action", "what": "attack_move", "name": null, "qty": null, "ts": "21:32:34"}
[21:32:35] t=1284 ALARM 敌军逼近 -> TURTLE (7 v 11, 守塔阵不打野战)
[21:32:35] {"kind": "action", "what": "attack_move", "name": null, "qty": null, "ts": "21:32:35"}
[21:32:38] t=1287 RETREAT HTK(32%)
[21:32:38] {"kind": "action", "what": "move", "name": null, "qty": null, "ts": "21:32:38"}
[21:32:44] t=1293 ALARM 敌军逼近 -> TURTLE (6 v 9, 守塔阵不打野战)
[21:32:44] {"kind": "action", "what": "attack_move", "name": null, "qty": null, "ts": "21:32:44"}
[21:32:47] t=1296 RETREAT HTK(32%)
[21:32:47] {"kind": "action", "what": "move", "name": null, "qty": null, "ts": "21:32:47"}
[21:32:53] t=1302 ALARM 敌军逼近 -> TURTLE (5 v 7, 守塔阵不打野战)
[21:32:53] {"kind": "action", "what": "attack_move", "name": null, "qty": null, "ts": "21:32:53"}
[21:33:02] t=1311 ALARM 敌军逼近 -> TURTLE (5 v 8, 守塔阵不打野战)
[21:33:02] {"kind": "action", "what": "attack_move", "name": null, "qty": null, "ts": "21:33:02"}
[21:33:10] t=1319 tick#875 credits=0 stance=defend | jev 600 decisions p50=844ms
[21:33:11] t=1320 ALARM 苏联矿石精炼场被攻击 -> TURTLE (5 v 7, 守塔阵不打野战)
[21:33:11] {"kind": "action", "what": "attack_move", "name": null, "qty": null, "ts": "21:33:11"}
[21:33:19] t=1328 RETREAT HTNK(24%)
[21:33:19] {"kind": "action", "what": "move", "name": null, "qty": null, "ts": "21:33:19"}
[21:33:20] t=1329 ALARM 单位损失 -> TURTLE (5 v 5, 守塔阵不打野战)
[21:33:20] {"kind": "action", "what": "attack_move", "name": null, "qty": null, "ts": "21:33:20"}
[21:33:29] t=1338 ALARM 敌军逼近 -> counter 6 vs 5 -> [80, 119]
[21:33:29] {"kind": "action", "what": "attack_move", "name": null, "qty": null, "ts": "21:33:29"}
[21:33:38] t=1347 ALARM 敌军逼近 -> counter 5 vs 2 -> [80, 119]
[21:33:38] {"kind": "action", "what": "attack_move", "name": null, "qty": null, "ts": "21:33:38"}
[21:33:38] t=1347 RETREAT HTK(35%)
[21:33:38] {"kind": "action", "what": "move", "name": null, "qty": null, "ts": "21:33:38"}
[21:33:41] t=1350 RETREAT HTNK(39%)
[21:33:41] {"kind": "action", "what": "move", "name": null, "qty": null, "ts": "21:33:41"}
[21:33:47] t=1356 ALARM 敌军逼近 -> counter 5 vs 1 -> [80, 119]
[21:33:47] {"kind": "action", "what": "attack_move", "name": null, "qty": null, "ts": "21:33:47"}
[21:33:47] t=1356 tick#900 credits=6 stance=defend | jev 600 decisions p50=844ms
[21:33:50] jev budget exhausted: max calls reached: 600 (继续纯确定性运行)
[21:33:52] jev budget exhausted: max calls reached: 600 (继续纯确定性运行)
[21:33:53] jev budget exhausted: max calls reached: 600 (继续纯确定性运行)
[21:33:55] jev budget exhausted: max calls reached: 600 (继续纯确定性运行)
[21:33:56] jev budget exhausted: max calls reached: 600 (继续纯确定性运行)
[21:33:56] t=1365 MOVE defend-rally@base(2)
[21:33:56] {"kind": "action", "what": "attack_move", "name": null, "qty": null, "ts": "21:33:56"}
[21:33:58] jev budget exhausted: max calls reached: 600 (继续纯确定性运行)
[21:33:59] jev budget exhausted: max calls reached: 600 (继续纯确定性运行)
[21:34:01] jev budget exhausted: max calls reached: 600 (继续纯确定性运行)
[21:34:02] jev budget exhausted: max calls reached: 600 (继续纯确定性运行)
[21:34:04] jev budget exhausted: max calls reached: 600 (继续纯确定性运行)
[21:34:05] jev budget exhausted: max calls reached: 600 (继续纯确定性运行)
[21:34:07] jev budget exhausted: max calls reached: 600 (继续纯确定性运行)
[21:34:08] jev budget exhausted: max calls reached: 600 (继续纯确定性运行)
[21:34:08] t=1377 MOVE defend-rally@base(2)
[21:34:08] {"kind": "action", "what": "attack_move", "name": null, "qty": null, "ts": "21:34:08"}
[21:34:10] jev budget exhausted: max calls reached: 600 (继续纯确定性运行)
[21:34:11] jev budget exhausted: max calls reached: 600 (继续纯确定性运行)
[21:34:13] jev budget exhausted: max calls reached: 600 (继续纯确定性运行)
[21:34:14] jev budget exhausted: max calls reached: 600 (继续纯确定性运行)
[21:34:16] jev budget exhausted: max calls reached: 600 (继续纯确定性运行)
[21:34:17] jev budget exhausted: max calls reached: 600 (继续纯确定性运行)
[21:34:19] jev budget exhausted: max calls reached: 600 (继续纯确定性运行)
[21:34:20] jev budget exhausted: max calls reached: 600 (继续纯确定性运行)
[21:34:20] t=1389 MOVE defend-rally@base(2)
[21:34:20] {"kind": "action", "what": "attack_move", "name": null, "qty": null, "ts": "21:34:20"}
[21:34:22] jev budget exhausted: max calls reached: 600 (继续纯确定性运行)
[21:34:23] jev budget exhausted: max calls reached: 600 (继续纯确定性运行)
[21:34:25] jev budget exhausted: max calls reached: 600 (继续纯确定性运行)
[21:34:25] t=1394 tick#925 credits=6 stance=defend | jev 600 decisions p50=844ms
[21:34:26] jev budget exhausted: max calls reached: 600 (继续纯确定性运行)
[21:34:28] jev budget exhausted: max calls reached: 600 (继续纯确定性运行)
[21:34:29] jev budget exhausted: max calls reached: 600 (继续纯确定性运行)
[21:34:31] jev budget exhausted: max calls reached: 600 (继续纯确定性运行)
[21:34:32] jev budget exhausted: max calls reached: 600 (继续纯确定性运行)
[21:34:32] t=1401 MOVE defend-rally@base(2)
[21:34:32] {"kind": "action", "what": "attack_move", "name": null, "qty": null, "ts": "21:34:32"}
[21:34:34] jev budget exhausted: max calls reached: 600 (继续纯确定性运行)
[21:34:35] jev budget exhausted: max calls reached: 600 (继续纯确定性运行)
[21:34:37] jev budget exhausted: max calls reached: 600 (继续纯确定性运行)
[21:34:38] jev budget exhausted: max calls reached: 600 (继续纯确定性运行)
[21:34:40] jev budget exhausted: max calls reached: 600 (继续纯确定性运行)
[21:34:41] jev budget exhausted: max calls reached: 600 (继续纯确定性运行)
[21:34:43] jev budget exhausted: max calls reached: 600 (继续纯确定性运行)
[21:34:44] jev budget exhausted: max calls reached: 600 (继续纯确定性运行)
[21:34:44] t=1413 MOVE defend-rally@base(2)
[21:34:44] {"kind": "action", "what": "attack_move", "name": null, "qty": null, "ts": "21:34:44"}
[21:34:46] jev budget exhausted: max calls reached: 600 (继续纯确定性运行)
[21:34:47] jev budget exhausted: max calls reached: 600 (继续纯确定性运行)
[21:34:49] jev budget exhausted: max calls reached: 600 (继续纯确定性运行)
[21:34:50] jev budget exhausted: max calls reached: 600 (继续纯确定性运行)
[21:34:52] jev budget exhausted: max calls reached: 600 (继续纯确定性运行)
[21:34:53] jev budget exhausted: max calls reached: 600 (继续纯确定性运行)
[21:34:55] jev budget exhausted: max calls reached: 600 (继续纯确定性运行)
[21:34:56] jev budget exhausted: max calls reached: 600 (继续纯确定性运行)
[21:34:56] t=1425 MOVE defend-rally@base(2)
[21:34:56] {"kind": "action", "what": "attack_move", "name": null, "qty": null, "ts": "21:34:56"}
[21:34:58] jev budget exhausted: max calls reached: 600 (继续纯确定性运行)
[21:34:59] jev budget exhausted: max calls reached: 600 (继续纯确定性运行)
[21:35:01] jev budget exhausted: max calls reached: 600 (继续纯确定性运行)
[21:35:02] jev budget exhausted: max calls reached: 600 (继续纯确定性运行)
[21:35:02] t=1431 tick#950 credits=231 stance=defend | jev 600 decisions p50=844ms
[21:35:04] jev budget exhausted: max calls reached: 600 (继续纯确定性运行)
[21:35:05] jev budget exhausted: max calls reached: 600 (继续纯确定性运行)
[21:35:07] jev budget exhausted: max calls reached: 600 (继续纯确定性运行)
[21:35:08] jev budget exhausted: max calls reached: 600 (继续纯确定性运行)
[21:35:08] t=1437 MOVE defend-rally@base(2)
[21:35:08] {"kind": "action", "what": "attack_move", "name": null, "qty": null, "ts": "21:35:08"}
[21:35:10] jev budget exhausted: max calls reached: 600 (继续纯确定性运行)
[21:35:11] jev budget exhausted: max calls reached: 600 (继续纯确定性运行)
[21:35:13] jev budget exhausted: max calls reached: 600 (继续纯确定性运行)
[21:35:14] jev budget exhausted: max calls reached: 600 (继续纯确定性运行)
[21:35:16] jev budget exhausted: max calls reached: 600 (继续纯确定性运行)
[21:35:17] jev budget exhausted: max calls reached: 600 (继续纯确定性运行)
[21:35:19] jev budget exhausted: max calls reached: 600 (继续纯确定性运行)
[21:35:21] jev budget exhausted: max calls reached: 600 (继续纯确定性运行)
[21:35:21] t=1450 MOVE defend-rally@base(2)
[21:35:21] {"kind": "action", "what": "attack_move", "name": null, "qty": null, "ts": "21:35:21"}
[21:35:22] jev budget exhausted: max calls reached: 600 (继续纯确定性运行)
[21:35:23] jev budget exhausted: max calls reached: 600 (继续纯确定性运行)
[21:35:25] jev budget exhausted: max calls reached: 600 (继续纯确定性运行)
[21:35:26] jev budget exhausted: max calls reached: 600 (继续纯确定性运行)
[21:35:28] jev budget exhausted: max calls reached: 600 (继续纯确定性运行)
[21:35:29] jev budget exhausted: max calls reached: 600 (继续纯确定性运行)
[21:35:31] jev budget exhausted: max calls reached: 600 (继续纯确定性运行)
[21:35:32] jev budget exhausted: max calls reached: 600 (继续纯确定性运行)
[21:35:34] t=1463 SCOUT tank->mirror [130, 83]
[21:35:34] {"kind": "action", "what": "attack_move", "name": null, "qty": null, "ts": "21:35:34"}
[21:35:34] jev budget exhausted: max calls reached: 600 (继续纯确定性运行)
[21:35:34] t=1463 MOVE defend-rally@base(2)
[21:35:34] {"kind": "action", "what": "attack_move", "name": null, "qty": null, "ts": "21:35:34"}
[21:35:35] jev budget exhausted: max calls reached: 600 (继续纯确定性运行)
[21:35:37] jev budget exhausted: max calls reached: 600 (继续纯确定性运行)
[21:35:38] jev budget exhausted: max calls reached: 600 (继续纯确定性运行)
[21:35:40] jev budget exhausted: max calls reached: 600 (继续纯确定性运行)
[21:35:40] t=1469 tick#975 credits=456 stance=defend | jev 600 decisions p50=844ms
[21:35:41] jev budget exhausted: max calls reached: 600 (继续纯确定性运行)
[21:35:43] jev budget exhausted: max calls reached: 600 (继续纯确定性运行)
[21:35:44] jev budget exhausted: max calls reached: 600 (继续纯确定性运行)
[21:35:46] jev budget exhausted: max calls reached: 600 (继续纯确定性运行)
[21:35:47] jev budget exhausted: max calls reached: 600 (继续纯确定性运行)
[21:35:47] t=1476 MOVE defend-rally@base(2)
[21:35:47] {"kind": "action", "what": "attack_move", "name": null, "qty": null, "ts": "21:35:47"}
[21:35:49] jev budget exhausted: max calls reached: 600 (继续纯确定性运行)
[21:35:50] jev budget exhausted: max calls reached: 600 (继续纯确定性运行)
[21:35:52] jev budget exhausted: max calls reached: 600 (继续纯确定性运行)
[21:35:53] jev budget exhausted: max calls reached: 600 (继续纯确定性运行)
[21:35:55] jev budget exhausted: max calls reached: 600 (继续纯确定性运行)
[21:35:56] jev budget exhausted: max calls reached: 600 (继续纯确定性运行)
[21:35:58] jev budget exhausted: max calls reached: 600 (继续纯确定性运行)
[21:35:59] jev budget exhausted: max calls reached: 600 (继续纯确定性运行)
[21:35:59] t=1488 MOVE defend-rally@base(2)
[21:35:59] {"kind": "action", "what": "attack_move", "name": null, "qty": null, "ts": "21:35:59"}
[21:36:01] jev budget exhausted: max calls reached: 600 (继续纯确定性运行)
[21:36:02] jev budget exhausted: max calls reached: 600 (继续纯确定性运行)
[21:36:04] jev budget exhausted: max calls reached: 600 (继续纯确定性运行)
[21:36:05] jev budget exhausted: max calls reached: 600 (继续纯确定性运行)
[21:36:07] jev budget exhausted: max calls reached: 600 (继续纯确定性运行)
[21:36:08] jev budget exhausted: max calls reached: 600 (继续纯确定性运行)
[21:36:10] jev budget exhausted: max calls reached: 600 (继续纯确定性运行)
[21:36:11] jev budget exhausted: max calls reached: 600 (继续纯确定性运行)
[21:36:11] t=1500 MOVE defend-rally@base(2)
[21:36:11] {"kind": "action", "what": "attack_move", "name": null, "qty": null, "ts": "21:36:11"}
[21:36:13] jev budget exhausted: max calls reached: 600 (继续纯确定性运行)
[21:36:14] jev budget exhausted: max calls reached: 600 (继续纯确定性运行)
[21:36:16] jev budget exhausted: max calls reached: 600 (继续纯确定性运行)
[21:36:17] jev budget exhausted: max calls reached: 600 (继续纯确定性运行)
[21:36:17] t=1506 tick#1000 credits=456 stance=defend | jev 600 decisions p50=844ms
[21:36:19] jev budget exhausted: max calls reached: 600 (继续纯确定性运行)
[21:36:20] jev budget exhausted: max calls reached: 600 (继续纯确定性运行)
[21:36:22] jev budget exhausted: max calls reached: 600 (继续纯确定性运行)
[21:36:23] jev budget exhausted: max calls reached: 600 (继续纯确定性运行)
[21:36:23] t=1512 MOVE defend-rally@base(2)
[21:36:23] {"kind": "action", "what": "attack_move", "name": null, "qty": null, "ts": "21:36:23"}
[21:36:25] jev budget exhausted: max calls reached: 600 (继续纯确定性运行)
[21:36:26] jev budget exhausted: max calls reached: 600 (继续纯确定性运行)
[21:36:28] jev budget exhausted: max calls reached: 600 (继续纯确定性运行)
[21:36:29] jev budget exhausted: max calls reached: 600 (继续纯确定性运行)
[21:36:31] jev budget exhausted: max calls reached: 600 (继续纯确定性运行)
[21:36:32] jev budget exhausted: max calls reached: 600 (继续纯确定性运行)
[21:36:34] jev budget exhausted: max calls reached: 600 (继续纯确定性运行)
[21:36:35] jev budget exhausted: max calls reached: 600 (继续纯确定性运行)
[21:36:35] t=1524 MOVE defend-rally@base(2)
[21:36:35] {"kind": "action", "what": "attack_move", "name": null, "qty": null, "ts": "21:36:35"}
[21:36:37] jev budget exhausted: max calls reached: 600 (继续纯确定性运行)
[21:36:38] jev budget exhausted: max calls reached: 600 (继续纯确定性运行)
[21:36:40] jev budget exhausted: max calls reached: 600 (继续纯确定性运行)
[21:36:41] jev budget exhausted: max calls reached: 600 (继续纯确定性运行)
[21:36:43] jev budget exhausted: max calls reached: 600 (继续纯确定性运行)
[21:36:44] jev budget exhausted: max calls reached: 600 (继续纯确定性运行)
[21:36:46] jev budget exhausted: max calls reached: 600 (继续纯确定性运行)
[21:36:47] jev budget exhausted: max calls reached: 600 (继续纯确定性运行)
[21:36:47] t=1536 MOVE defend-rally@base(2)
[21:36:47] {"kind": "action", "what": "attack_move", "name": null, "qty": null, "ts": "21:36:47"}
[21:36:49] t=1538 RETREAT E2(0%)
[21:36:49] {"kind": "action", "what": "move", "name": null, "qty": null, "ts": "21:36:49"}
[21:36:49] jev budget exhausted: max calls reached: 600 (继续纯确定性运行)
[21:36:50] jev budget exhausted: max calls reached: 600 (继续纯确定性运行)
[21:36:52] jev budget exhausted: max calls reached: 600 (继续纯确定性运行)
[21:36:53] jev budget exhausted: max calls reached: 600 (继续纯确定性运行)
[21:36:55] jev budget exhausted: max calls reached: 600 (继续纯确定性运行)
[21:36:55] t=1544 tick#1025 credits=681 stance=defend | jev 600 decisions p50=844ms
[21:36:56] jev budget exhausted: max calls reached: 600 (继续纯确定性运行)
[21:36:58] jev budget exhausted: max calls reached: 600 (继续纯确定性运行)
[21:36:59] jev budget exhausted: max calls reached: 600 (继续纯确定性运行)
[21:36:59] t=1548 MOVE defend-rally@base(2)
[21:36:59] {"kind": "action", "what": "attack_move", "name": null, "qty": null, "ts": "21:36:59"}
[21:37:01] jev budget exhausted: max calls reached: 600 (继续纯确定性运行)
[21:37:02] t=1551 AA HTK x2 (enemy air)
[21:37:02] {"kind": "action", "what": "produce", "name": "HTK", "qty": 2, "ts": "21:37:02"}
[21:37:02] jev budget exhausted: max calls reached: 600 (继续纯确定性运行)
[21:37:04] jev budget exhausted: max calls reached: 600 (继续纯确定性运行)
[21:37:05] jev budget exhausted: max calls reached: 600 (继续纯确定性运行)
[21:37:07] jev budget exhausted: max calls reached: 600 (继续纯确定性运行)
[21:37:08] jev budget exhausted: max calls reached: 600 (继续纯确定性运行)
[21:37:10] jev budget exhausted: max calls reached: 600 (继续纯确定性运行)
[21:37:11] jev budget exhausted: max calls reached: 600 (继续纯确定性运行)
[21:37:11] t=1560 MOVE defend-rally@base(3)
[21:37:11] {"kind": "action", "what": "attack_move", "name": null, "qty": null, "ts": "21:37:11"}
[21:37:13] jev budget exhausted: max calls reached: 600 (继续纯确定性运行)
[21:37:14] jev budget exhausted: max calls reached: 600 (继续纯确定性运行)
[21:37:16] jev budget exhausted: max calls reached: 600 (继续纯确定性运行)
[21:37:17] jev budget exhausted: max calls reached: 600 (继续纯确定性运行)
[21:37:19] jev budget exhausted: max calls reached: 600 (继续纯确定性运行)
[21:37:20] jev budget exhausted: max calls reached: 600 (继续纯确定性运行)
[21:37:22] jev budget exhausted: max calls reached: 600 (继续纯确定性运行)
[21:37:23] jev budget exhausted: max calls reached: 600 (继续纯确定性运行)
[21:37:23] t=1572 MOVE defend-rally@base(3)
[21:37:23] {"kind": "action", "what": "attack_move", "name": null, "qty": null, "ts": "21:37:23"}
[21:37:25] jev budget exhausted: max calls reached: 600 (继续纯确定性运行)
[21:37:26] t=1575 ALARM 敌军逼近 -> TURTLE (6 v 14, 守塔阵不打野战)
[21:37:26] {"kind": "action", "what": "attack_move", "name": null, "qty": null, "ts": "21:37:26"}
[21:37:32] t=1581 tick#1050 credits=0 stance=defend | jev 600 decisions p50=844ms
[21:37:35] t=1584 ALARM 敌军逼近 -> TURTLE (6 v 14, 守塔阵不打野战)
[21:37:35] {"kind": "action", "what": "attack_move", "name": null, "qty": null, "ts": "21:37:35"}
[21:37:44] t=1593 ALARM 敌军逼近 -> TURTLE (6 v 15, 守塔阵不打野战)
[21:37:44] {"kind": "action", "what": "attack_move", "name": null, "qty": null, "ts": "21:37:44"}
[21:37:53] t=1602 ALARM 苏联战车工厂被攻击 -> TURTLE (7 v 14, 守塔阵不打野战)
[21:37:53] {"kind": "action", "what": "attack_move", "name": null, "qty": null, "ts": "21:37:53"}
[21:37:53] t=1602 OPENING BUILD NAREFN
[21:37:53] {"kind": "action", "what": "produce", "name": "NAREFN", "qty": 1, "ts": "21:37:53"}
[21:37:56] t=1605 RETREAT E2(0%)
[21:37:56] {"kind": "action", "what": "move", "name": null, "qty": null, "ts": "21:37:56"}
[21:38:02] t=1611 ALARM 苏联矿石精炼场被攻击 -> TURTLE (6 v 11, 守塔阵不打野战)
[21:38:02] {"kind": "action", "what": "attack_move", "name": null, "qty": null, "ts": "21:38:02"}
[21:38:10] t=1619 tick#1075 credits=0 stance=defend | jev 600 decisions p50=844ms
[21:38:11] t=1620 ALARM 磁能反应炉被攻击 -> TURTLE (6 v 10, 守塔阵不打野战)
[21:38:11] {"kind": "action", "what": "attack_move", "name": null, "qty": null, "ts": "21:38:11"}
[21:38:20] t=1629 ALARM 苏联战车工厂被攻击 -> TURTLE (6 v 8, 守塔阵不打野战)
[21:38:20] {"kind": "action", "what": "attack_move", "name": null, "qty": null, "ts": "21:38:20"}
[21:38:20] t=1629 RETREAT HTNK(24%)
[21:38:20] {"kind": "action", "what": "move", "name": null, "qty": null, "ts": "21:38:20"}
[21:38:28] t=1637 RETREAT E2(16%)
[21:38:28] {"kind": "action", "what": "move", "name": null, "qty": null, "ts": "21:38:28"}
[21:38:29] t=1638 ALARM 单位损失 -> counter 9 vs 7 -> [70, 117]
[21:38:29] {"kind": "action", "what": "attack_move", "name": null, "qty": null, "ts": "21:38:29"}
[21:38:31] t=1640 RETREAT E2(21%)
[21:38:31] {"kind": "action", "what": "move", "name": null, "qty": null, "ts": "21:38:31"}
[21:38:34] t=1643 SCOUT tank->mirror [130, 83]
[21:38:34] {"kind": "action", "what": "attack_move", "name": null, "qty": null, "ts": "21:38:34"}
[21:38:37] t=1646 RETREAT E2(32%)
[21:38:37] {"kind": "action", "what": "move", "name": null, "qty": null, "ts": "21:38:37"}
[21:38:38] t=1647 ALARM 敌军逼近 -> TURTLE (7 v 7, 守塔阵不打野战)
[21:38:38] {"kind": "action", "what": "attack_move", "name": null, "qty": null, "ts": "21:38:38"}
[21:38:43] t=1652 RETREAT HTNK(39%)
[21:38:43] {"kind": "action", "what": "move", "name": null, "qty": null, "ts": "21:38:43"}
[21:38:47] t=1656 ALARM 哨戒炮被攻击 -> TURTLE (7 v 7, 守塔阵不打野战)
[21:38:47] {"kind": "action", "what": "attack_move", "name": null, "qty": null, "ts": "21:38:47"}
[21:38:47] t=1656 tick#1100 credits=0 stance=defend | jev 600 decisions p50=844ms
[21:38:56] t=1665 ALARM 敌军逼近 -> TURTLE (7 v 7, 守塔阵不打野战)
[21:38:56] {"kind": "action", "what": "attack_move", "name": null, "qty": null, "ts": "21:38:56"}
[21:39:05] t=1674 ALARM 磁能反应炉被攻击 -> TURTLE (7 v 7, 守塔阵不打野战)
[21:39:05] {"kind": "action", "what": "attack_move", "name": null, "qty": null, "ts": "21:39:05"}
[21:39:14] t=1683 ALARM 磁能反应炉被攻击 -> TURTLE (7 v 8, 守塔阵不打野战)
[21:39:14] {"kind": "action", "what": "attack_move", "name": null, "qty": null, "ts": "21:39:14"}
[21:39:23] t=1692 ALARM 磁能反应炉被攻击 -> TURTLE (7 v 7, 守塔阵不打野战)
[21:39:23] {"kind": "action", "what": "attack_move", "name": null, "qty": null, "ts": "21:39:23"}
[21:39:25] t=1694 tick#1125 credits=0 stance=defend | jev 600 decisions p50=844ms
[21:39:32] t=1701 ALARM 苏联建造场被攻击 -> TURTLE (7 v 9, 守塔阵不打野战)
[21:39:32] {"kind": "action", "what": "attack_move", "name": null, "qty": null, "ts": "21:39:32"}
[21:39:37] jev budget exhausted: max calls reached: 600 (继续纯确定性运行)
[21:39:38] jev budget exhausted: max calls reached: 600 (继续纯确定性运行)
[21:39:41] t=1710 ALARM 磁能反应炉被攻击 -> TURTLE (11 v 10, 守塔阵不打野战)
[21:39:44] jev budget exhausted: max calls reached: 600 (继续纯确定性运行)
[21:39:50] t=1719 ALARM 磁能反应炉被攻击 -> TURTLE (7 v 7, 守塔阵不打野战)
[21:39:56] jev budget exhausted: max calls reached: 600 (继续纯确定性运行)
[21:39:59] t=1728 ALARM 磁能反应炉被攻击 -> TURTLE (2 v 8, 守塔阵不打野战)
[21:40:02] t=1731 tick#1150 credits=0 stance=defend | jev 600 decisions p50=844ms
[21:40:04] jev budget exhausted: max calls reached: 600 (继续纯确定性运行)
[21:40:08] jev budget exhausted: max calls reached: 600 (继续纯确定性运行)
[21:40:10] t=1739 ALARM 磁能反应炉被攻击 -> TURTLE (2 v 9, 守塔阵不打野战)
[21:40:11] jev budget exhausted: max calls reached: 600 (继续纯确定性运行)
[21:40:19] jev budget exhausted: max calls reached: 600 (继续纯确定性运行)
[21:40:20] jev budget exhausted: max calls reached: 600 (继续纯确定性运行)
[21:40:22] jev budget exhausted: max calls reached: 600 (继续纯确定性运行)
[21:40:23] jev budget exhausted: max calls reached: 600 (继续纯确定性运行)
[21:40:25] jev budget exhausted: max calls reached: 600 (继续纯确定性运行)
[21:40:28] jev budget exhausted: max calls reached: 600 (继续纯确定性运行)
[21:40:29] jev budget exhausted: max calls reached: 600 (继续纯确定性运行)
[21:40:32] jev budget exhausted: max calls reached: 600 (继续纯确定性运行)
[21:40:37] jev budget exhausted: max calls reached: 600 (继续纯确定性运行)
[21:40:40] jev budget exhausted: max calls reached: 600 (继续纯确定性运行)
[21:40:40] t=1769 tick#1175 credits=0 stance=defend | jev 600 decisions p50=844ms
[21:40:41] jev budget exhausted: max calls reached: 600 (继续纯确定性运行)
[21:40:44] jev budget exhausted: max calls reached: 600 (继续纯确定性运行)
[21:40:47] jev budget exhausted: max calls reached: 600 (继续纯确定性运行)
[21:40:49] jev budget exhausted: max calls reached: 600 (继续纯确定性运行)
[21:40:50] jev budget exhausted: max calls reached: 600 (继续纯确定性运行)
[21:40:52] jev budget exhausted: max calls reached: 600 (继续纯确定性运行)
[21:40:53] jev budget exhausted: max calls reached: 600 (继续纯确定性运行)
[21:40:55] jev budget exhausted: max calls reached: 600 (继续纯确定性运行)
[21:40:56] jev budget exhausted: max calls reached: 600 (继续纯确定性运行)
[21:40:58] jev budget exhausted: max calls reached: 600 (继续纯确定性运行)
[21:40:59] jev budget exhausted: max calls reached: 600 (继续纯确定性运行)
[21:41:01] jev budget exhausted: max calls reached: 600 (继续纯确定性运行)
[21:41:02] jev budget exhausted: max calls reached: 600 (继续纯确定性运行)
[21:41:04] jev budget exhausted: max calls reached: 600 (继续纯确定性运行)
[21:41:05] jev budget exhausted: max calls reached: 600 (继续纯确定性运行)
[21:41:07] jev budget exhausted: max calls reached: 600 (继续纯确定性运行)
[21:41:08] jev budget exhausted: max calls reached: 600 (继续纯确定性运行)
[21:41:11] jev budget exhausted: max calls reached: 600 (继续纯确定性运行)
[21:41:13] jev budget exhausted: max calls reached: 600 (继续纯确定性运行)
[21:41:16] jev budget exhausted: max calls reached: 600 (继续纯确定性运行)
[21:41:17] t=1806 tick#1200 credits=0 stance=defend | jev 600 decisions p50=844ms
[21:41:19] jev budget exhausted: max calls reached: 600 (继续纯确定性运行)
[21:41:20] jev budget exhausted: max calls reached: 600 (继续纯确定性运行)
[21:41:23] jev budget exhausted: max calls reached: 600 (继续纯确定性运行)
[21:41:25] jev budget exhausted: max calls reached: 600 (继续纯确定性运行)
[21:41:28] jev budget exhausted: max calls reached: 600 (继续纯确定性运行)
[21:41:31] jev budget exhausted: max calls reached: 600 (继续纯确定性运行)
[21:41:32] jev budget exhausted: max calls reached: 600 (继续纯确定性运行)
[21:41:35] jev budget exhausted: max calls reached: 600 (继续纯确定性运行)
[21:41:37] jev budget exhausted: max calls reached: 600 (继续纯确定性运行)
[21:41:40] jev budget exhausted: max calls reached: 600 (继续纯确定性运行)
[21:41:43] jev budget exhausted: max calls reached: 600 (继续纯确定性运行)
[21:41:44] jev budget exhausted: max calls reached: 600 (继续纯确定性运行)
[21:41:47] jev budget exhausted: max calls reached: 600 (继续纯确定性运行)
[21:41:49] jev budget exhausted: max calls reached: 600 (继续纯确定性运行)
[21:41:50] jev budget exhausted: max calls reached: 600 (继续纯确定性运行)
[21:41:52] jev budget exhausted: max calls reached: 600 (继续纯确定性运行)
[21:41:53] jev budget exhausted: max calls reached: 600 (继续纯确定性运行)
[21:41:55] jev budget exhausted: max calls reached: 600 (继续纯确定性运行)
[21:41:55] t=1844 tick#1225 credits=0 stance=defend | jev 600 decisions p50=844ms
[21:41:56] jev budget exhausted: max calls reached: 600 (继续纯确定性运行)
[21:41:58] jev budget exhausted: max calls reached: 600 (继续纯确定性运行)
[21:41:59] jev budget exhausted: max calls reached: 600 (继续纯确定性运行)
[21:42:01] jev budget exhausted: max calls reached: 600 (继续纯确定性运行)
[21:42:02] jev budget exhausted: max calls reached: 600 (继续纯确定性运行)
[21:42:04] jev budget exhausted: max calls reached: 600 (继续纯确定性运行)
[21:42:05] jev budget exhausted: max calls reached: 600 (继续纯确定性运行)
[21:42:07] jev budget exhausted: max calls reached: 600 (继续纯确定性运行)
[21:42:08] jev budget exhausted: max calls reached: 600 (继续纯确定性运行)
[21:42:10] jev budget exhausted: max calls reached: 600 (继续纯确定性运行)
[21:42:11] jev budget exhausted: max calls reached: 600 (继续纯确定性运行)
[21:42:13] jev budget exhausted: max calls reached: 600 (继续纯确定性运行)
[21:42:14] jev budget exhausted: max calls reached: 600 (继续纯确定性运行)
[21:42:16] jev budget exhausted: max calls reached: 600 (继续纯确定性运行)
[21:42:17] jev budget exhausted: max calls reached: 600 (继续纯确定性运行)
[21:42:19] jev budget exhausted: max calls reached: 600 (继续纯确定性运行)
[21:42:20] jev budget exhausted: max calls reached: 600 (继续纯确定性运行)
[21:42:22] jev budget exhausted: max calls reached: 600 (继续纯确定性运行)
[21:42:23] jev budget exhausted: max calls reached: 600 (继续纯确定性运行)
[21:42:25] jev budget exhausted: max calls reached: 600 (继续纯确定性运行)
[21:42:26] jev budget exhausted: max calls reached: 600 (继续纯确定性运行)
[21:42:28] jev budget exhausted: max calls reached: 600 (继续纯确定性运行)
[21:42:29] jev budget exhausted: max calls reached: 600 (继续纯确定性运行)
[21:42:31] jev budget exhausted: max calls reached: 600 (继续纯确定性运行)
[21:42:32] jev budget exhausted: max calls reached: 600 (继续纯确定性运行)
[21:42:32] t=1881 tick#1250 credits=0 stance=defend | jev 600 decisions p50=844ms
[21:42:34] jev budget exhausted: max calls reached: 600 (继续纯确定性运行)
[21:42:35] jev budget exhausted: max calls reached: 600 (继续纯确定性运行)
[21:42:37] jev budget exhausted: max calls reached: 600 (继续纯确定性运行)
[21:42:38] jev budget exhausted: max calls reached: 600 (继续纯确定性运行)
[21:42:40] jev budget exhausted: max calls reached: 600 (继续纯确定性运行)
[21:42:41] jev budget exhausted: max calls reached: 600 (继续纯确定性运行)
[21:42:43] jev budget exhausted: max calls reached: 600 (继续纯确定性运行)
[21:42:44] jev budget exhausted: max calls reached: 600 (继续纯确定性运行)
[21:42:46] jev budget exhausted: max calls reached: 600 (继续纯确定性运行)
[21:42:47] jev budget exhausted: max calls reached: 600 (继续纯确定性运行)
[21:42:49] jev budget exhausted: max calls reached: 600 (继续纯确定性运行)
[21:42:50] jev budget exhausted: max calls reached: 600 (继续纯确定性运行)
[21:42:52] jev budget exhausted: max calls reached: 600 (继续纯确定性运行)
[21:42:53] jev budget exhausted: max calls reached: 600 (继续纯确定性运行)
[21:42:55] jev budget exhausted: max calls reached: 600 (继续纯确定性运行)
[21:42:56] jev budget exhausted: max calls reached: 600 (继续纯确定性运行)
[21:42:58] jev budget exhausted: max calls reached: 600 (继续纯确定性运行)
[21:42:59] jev budget exhausted: max calls reached: 600 (继续纯确定性运行)
[21:43:01] jev budget exhausted: max calls reached: 600 (继续纯确定性运行)
[21:43:02] jev budget exhausted: max calls reached: 600 (继续纯确定性运行)
[21:43:04] jev budget exhausted: max calls reached: 600 (继续纯确定性运行)
[21:43:05] jev budget exhausted: max calls reached: 600 (继续纯确定性运行)
[21:43:07] jev budget exhausted: max calls reached: 600 (继续纯确定性运行)
[21:43:08] jev budget exhausted: max calls reached: 600 (继续纯确定性运行)
[21:43:10] jev budget exhausted: max calls reached: 600 (继续纯确定性运行)
[21:43:10] t=1919 tick#1275 credits=0 stance=defend | jev 600 decisions p50=844ms
[21:43:11] jev budget exhausted: max calls reached: 600 (继续纯确定性运行)
[21:43:13] jev budget exhausted: max calls reached: 600 (继续纯确定性运行)
[21:43:14] jev budget exhausted: max calls reached: 600 (继续纯确定性运行)
[21:43:16] jev budget exhausted: max calls reached: 600 (继续纯确定性运行)
[21:43:17] jev budget exhausted: max calls reached: 600 (继续纯确定性运行)
[21:43:19] jev budget exhausted: max calls reached: 600 (继续纯确定性运行)
[21:43:20] jev budget exhausted: max calls reached: 600 (继续纯确定性运行)
[21:43:22] jev budget exhausted: max calls reached: 600 (继续纯确定性运行)
[21:43:23] jev budget exhausted: max calls reached: 600 (继续纯确定性运行)
[21:43:25] jev budget exhausted: max calls reached: 600 (继续纯确定性运行)
[21:43:26] jev budget exhausted: max calls reached: 600 (继续纯确定性运行)
[21:43:28] jev budget exhausted: max calls reached: 600 (继续纯确定性运行)
[21:43:29] jev budget exhausted: max calls reached: 600 (继续纯确定性运行)
[21:43:31] jev budget exhausted: max calls reached: 600 (继续纯确定性运行)
[21:43:32] jev budget exhausted: max calls reached: 600 (继续纯确定性运行)
[21:43:34] jev budget exhausted: max calls reached: 600 (继续纯确定性运行)
[21:43:35] jev budget exhausted: max calls reached: 600 (继续纯确定性运行)
[21:43:37] jev budget exhausted: max calls reached: 600 (继续纯确定性运行)
[21:43:38] jev budget exhausted: max calls reached: 600 (继续纯确定性运行)
[21:43:40] jev budget exhausted: max calls reached: 600 (继续纯确定性运行)
[21:43:41] jev budget exhausted: max calls reached: 600 (继续纯确定性运行)
[21:43:43] jev budget exhausted: max calls reached: 600 (继续纯确定性运行)
[21:43:44] jev budget exhausted: max calls reached: 600 (继续纯确定性运行)
[21:43:46] jev budget exhausted: max calls reached: 600 (继续纯确定性运行)
[21:43:47] jev budget exhausted: max calls reached: 600 (继续纯确定性运行)
[21:43:47] t=1956 tick#1300 credits=0 stance=defend | jev 600 decisions p50=844ms
[21:43:49] jev budget exhausted: max calls reached: 600 (继续纯确定性运行)
[21:43:50] jev budget exhausted: max calls reached: 600 (继续纯确定性运行)
[21:43:52] jev budget exhausted: max calls reached: 600 (继续纯确定性运行)
[21:43:53] jev budget exhausted: max calls reached: 600 (继续纯确定性运行)
[21:43:55] jev budget exhausted: max calls reached: 600 (继续纯确定性运行)
[21:43:56] jev budget exhausted: max calls reached: 600 (继续纯确定性运行)
[21:43:58] jev budget exhausted: max calls reached: 600 (继续纯确定性运行)
[21:43:59] jev budget exhausted: max calls reached: 600 (继续纯确定性运行)
[21:44:01] jev budget exhausted: max calls reached: 600 (继续纯确定性运行)
[21:44:02] jev budget exhausted: max calls reached: 600 (继续纯确定性运行)
[21:44:04] jev budget exhausted: max calls reached: 600 (继续纯确定性运行)
[21:44:05] jev budget exhausted: max calls reached: 600 (继续纯确定性运行)
[21:44:07] jev budget exhausted: max calls reached: 600 (继续纯确定性运行)
[21:44:08] jev budget exhausted: max calls reached: 600 (继续纯确定性运行)
[21:44:10] jev budget exhausted: max calls reached: 600 (继续纯确定性运行)
[21:44:11] jev budget exhausted: max calls reached: 600 (继续纯确定性运行)
[21:44:13] jev budget exhausted: max calls reached: 600 (继续纯确定性运行)
[21:44:14] jev budget exhausted: max calls reached: 600 (继续纯确定性运行)
[21:44:16] jev budget exhausted: max calls reached: 600 (继续纯确定性运行)
[21:44:17] jev budget exhausted: max calls reached: 600 (继续纯确定性运行)
[21:44:19] jev budget exhausted: max calls reached: 600 (继续纯确定性运行)
[21:44:20] jev budget exhausted: max calls reached: 600 (继续纯确定性运行)
[21:44:22] jev budget exhausted: max calls reached: 600 (继续纯确定性运行)
[21:44:23] jev budget exhausted: max calls reached: 600 (继续纯确定性运行)
[21:44:25] jev budget exhausted: max calls reached: 600 (继续纯确定性运行)
[21:44:25] t=1994 tick#1325 credits=0 stance=defend | jev 600 decisions p50=844ms
[21:44:26] jev budget exhausted: max calls reached: 600 (继续纯确定性运行)
[21:44:28] jev budget exhausted: max calls reached: 600 (继续纯确定性运行)
[21:44:29] jev budget exhausted: max calls reached: 600 (继续纯确定性运行)
[21:44:31] jev budget exhausted: max calls reached: 600 (继续纯确定性运行)
[21:44:32] jev budget exhausted: max calls reached: 600 (继续纯确定性运行)
[21:44:34] jev budget exhausted: max calls reached: 600 (继续纯确定性运行)
[21:44:35] jev budget exhausted: max calls reached: 600 (继续纯确定性运行)
[21:44:37] jev budget exhausted: max calls reached: 600 (继续纯确定性运行)
[21:44:38] jev budget exhausted: max calls reached: 600 (继续纯确定性运行)
[21:44:40] jev budget exhausted: max calls reached: 600 (继续纯确定性运行)
[21:44:41] jev budget exhausted: max calls reached: 600 (继续纯确定性运行)
[21:44:43] jev budget exhausted: max calls reached: 600 (继续纯确定性运行)
[21:44:44] jev budget exhausted: max calls reached: 600 (继续纯确定性运行)
[21:44:46] jev budget exhausted: max calls reached: 600 (继续纯确定性运行)
[21:44:47] jev budget exhausted: max calls reached: 600 (继续纯确定性运行)
[21:44:49] jev budget exhausted: max calls reached: 600 (继续纯确定性运行)
[21:44:50] jev budget exhausted: max calls reached: 600 (继续纯确定性运行)
[21:44:52] jev budget exhausted: max calls reached: 600 (继续纯确定性运行)
[21:44:53] jev budget exhausted: max calls reached: 600 (继续纯确定性运行)
[21:44:55] jev budget exhausted: max calls reached: 600 (继续纯确定性运行)
[21:44:56] jev budget exhausted: max calls reached: 600 (继续纯确定性运行)
[21:44:58] jev budget exhausted: max calls reached: 600 (继续纯确定性运行)
[21:44:59] jev budget exhausted: max calls reached: 600 (继续纯确定性运行)
[21:45:01] jev budget exhausted: max calls reached: 600 (继续纯确定性运行)
[21:45:02] jev budget exhausted: max calls reached: 600 (继续纯确定性运行)
[21:45:02] t=2031 tick#1350 credits=0 stance=defend | jev 600 decisions p50=844ms
[21:45:04] jev budget exhausted: max calls reached: 600 (继续纯确定性运行)
[21:45:05] jev budget exhausted: max calls reached: 600 (继续纯确定性运行)
[21:45:07] jev budget exhausted: max calls reached: 600 (继续纯确定性运行)
[21:45:08] jev budget exhausted: max calls reached: 600 (继续纯确定性运行)
[21:45:10] jev budget exhausted: max calls reached: 600 (继续纯确定性运行)
[21:45:11] jev budget exhausted: max calls reached: 600 (继续纯确定性运行)
[21:45:13] jev budget exhausted: max calls reached: 600 (继续纯确定性运行)
[21:45:14] jev budget exhausted: max calls reached: 600 (继续纯确定性运行)
[21:45:16] jev budget exhausted: max calls reached: 600 (继续纯确定性运行)
[21:45:17] jev budget exhausted: max calls reached: 600 (继续纯确定性运行)
[21:45:19] jev budget exhausted: max calls reached: 600 (继续纯确定性运行)
[21:45:20] jev budget exhausted: max calls reached: 600 (继续纯确定性运行)
[21:45:22] jev budget exhausted: max calls reached: 600 (继续纯确定性运行)
[21:45:23] jev budget exhausted: max calls reached: 600 (继续纯确定性运行)
[21:45:25] jev budget exhausted: max calls reached: 600 (继续纯确定性运行)
[21:45:26] jev budget exhausted: max calls reached: 600 (继续纯确定性运行)
[21:45:28] jev budget exhausted: max calls reached: 600 (继续纯确定性运行)
[21:45:29] jev budget exhausted: max calls reached: 600 (继续纯确定性运行)
[21:45:31] jev budget exhausted: max calls reached: 600 (继续纯确定性运行)
[21:45:32] jev budget exhausted: max calls reached: 600 (继续纯确定性运行)
[21:45:34] jev budget exhausted: max calls reached: 600 (继续纯确定性运行)
[21:45:36] jev budget exhausted: max calls reached: 600 (继续纯确定性运行)
[21:45:37] jev budget exhausted: max calls reached: 600 (继续纯确定性运行)
[21:45:38] jev budget exhausted: max calls reached: 600 (继续纯确定性运行)
[21:45:40] jev budget exhausted: max calls reached: 600 (继续纯确定性运行)
[21:45:40] t=2069 tick#1375 credits=0 stance=defend | jev 600 decisions p50=844ms
[21:45:42] jev budget exhausted: max calls reached: 600 (继续纯确定性运行)
[21:45:43] jev budget exhausted: max calls reached: 600 (继续纯确定性运行)
[21:45:45] jev budget exhausted: max calls reached: 600 (继续纯确定性运行)
[21:45:46] jev budget exhausted: max calls reached: 600 (继续纯确定性运行)
[21:45:48] jev budget exhausted: max calls reached: 600 (继续纯确定性运行)
[21:45:49] jev budget exhausted: max calls reached: 600 (继续纯确定性运行)
[21:45:51] jev budget exhausted: max calls reached: 600 (继续纯确定性运行)
[21:45:52] jev budget exhausted: max calls reached: 600 (继续纯确定性运行)
[21:45:54] jev budget exhausted: max calls reached: 600 (继续纯确定性运行)
[21:45:55] jev budget exhausted: max calls reached: 600 (继续纯确定性运行)
[21:45:57] jev budget exhausted: max calls reached: 600 (继续纯确定性运行)
[21:45:58] jev budget exhausted: max calls reached: 600 (继续纯确定性运行)
[21:46:00] jev budget exhausted: max calls reached: 600 (继续纯确定性运行)
[21:46:01] jev budget exhausted: max calls reached: 600 (继续纯确定性运行)
[21:46:03] jev budget exhausted: max calls reached: 600 (继续纯确定性运行)
[21:46:04] jev budget exhausted: max calls reached: 600 (继续纯确定性运行)
[21:46:06] jev budget exhausted: max calls reached: 600 (继续纯确定性运行)
[21:46:18] t=2106 tick#1400 credits=0 stance=defend | jev 600 decisions p50=844ms
[21:46:36] jev budget exhausted: max calls reached: 600 (继续纯确定性运行)
[21:46:37] jev budget exhausted: max calls reached: 600 (继续纯确定性运行)
[21:46:39] t=2127 ALARM 苏联兵营被攻击 -> TURTLE (4 v 18, 守塔阵不打野战)
[21:46:48] t=2136 ALARM 苏联兵营被攻击 -> TURTLE (3 v 18, 守塔阵不打野战)
[21:46:55] t=2144 tick#1425 credits=181 stance=defend | jev 600 decisions p50=844ms
[21:46:57] t=2145 ALARM 苏联兵营被攻击 -> TURTLE (2 v 18, 守塔阵不打野战)
[21:47:06] t=2154 ALARM 防空炮被攻击 -> TURTLE (3 v 18, 守塔阵不打野战)
[2026-09-26 21:47:07] {"kind": "report", "result": "defeat", "t": 2156, "ticks": 1433, "crisis_ticks": 434, "stance": "defend", "jev": {"decisions": 600, "errors": 0, "input_tokens": 1588973, "output_tokens": 136771, "p50_ms": 844, "p95_ms": 1193}, "enemy_base": null, "ts": "2026-09-26 21:47:07"}
[21:47:08] REVIEW game#25 defeat → game-0025-review.md | changes=0
{
  "result": "defeat",
  "t": 2156,
  "ticks": 1433,
  "crisis_ticks": 434,
  "stance": "defend",
  "jev": {
    "decisions": 600,
    "errors": 0,
    "input_tokens": 1588973,
    "output_tokens": 136771,
    "p50_ms": 844,
    "p95_ms": 1193
  },
  "enemy_base": null,
  "ts": "2026-09-26 21:47:07",
  "review": {
    "game_no": 25,
    "rootcause": "no_target",
    "auto_tuned": 0
  }
}
