[13:24:50] 进局中(全自动)...
[13:25:13] {"kind": "start", "policy": "ra2web-jev-player/1.0", "maxDecisions": 1200, "micro": {"events": [{"kind": "micro", "t": 7, "what": "start"}], "loopN": 1, "on": true, "outcome": null, "stall": false}, "ts": "13:25:13"}
[13:25:13] === ra2web-jev-player start (tick=1.5s, max_decisions=1200) ===
[13:25:13] t=7 DEPLOY mcv
[13:25:13] {"kind": "action", "what": "deploy", "ids": [1042], "ts": "13:25:13"}
[13:25:13] {"kind": "action", "what": "deploy", "name": null, "qty": null, "ts": "13:25:13"}
[13:25:14] t=13 POWER plant (reserve 0)
[13:25:14] {"kind": "action", "what": "produce", "name": "NAPOWR", "qty": 1, "ts": "13:25:14"}
[13:25:15] t=13 jev STANCE defend->develop (conf 0.92)
[13:25:26] {"kind": "action", "what": "produce", "name": "NAREFN", "qty": 1, "ts": "13:25:26"}
[13:25:26] t=61 OPENING BUILD NAREFN
[13:25:49] t=150 tick#25 credits=7400 stance=develop | jev 25 decisions p50=714ms
[13:25:50] {"kind": "action", "what": "produce", "name": "NAHAND", "qty": 1, "ts": "13:25:50"}
[13:25:50] t=156 OPENING BUILD NAHAND
[13:25:56] t=180 DEFLINE NALASR (have 0)
[13:25:56] {"kind": "action", "what": "produce", "name": "NALASR", "qty": 1, "ts": "13:25:56"}
[13:25:56] {"kind": "action", "what": "produce", "name": "NAWEAP", "qty": 1, "ts": "13:25:56"}
[13:25:56] t=180 OPENING BUILD NAWEAP
[13:25:57] t=180 jev INF DOG (conf 0.33)
[13:25:57] {"kind": "action", "what": "produce", "name": "DOG", "qty": 1, "ts": "13:25:57"}
[13:25:59] t=192 SCOUT dog->mirror [66, 121]
[13:25:59] {"kind": "action", "what": "attack_move", "name": null, "qty": null, "ts": "13:25:59"}
[13:26:02] t=204 DEFLINE NALASR (have 1)
[13:26:04] t=210 DEFLINE NALASR (have 1)
[13:26:05] t=216 DEFLINE NALASR (have 1)
[13:26:07] t=222 DEFLINE NALASR (have 1)
[13:26:08] t=228 DEFLINE NALASR (have 1)
[13:26:10] t=234 DEFLINE NALASR (have 1)
[13:26:11] t=240 DEFLINE NALASR (have 1)
[13:26:13] t=246 DEFLINE NALASR (have 1)
[13:26:14] t=252 DEFLINE NALASR (have 1)
[13:26:16] t=258 DEFLINE NALASR (have 1)
[13:26:17] t=264 DEFLINE NALASR (have 1)
[13:26:19] t=270 DEFLINE NALASR (have 1)
[13:26:20] t=276 DEFLINE NALASR (have 1)
[13:26:22] t=282 ECON harv#2
[13:26:22] t=282 TANK HTNK x4
[13:26:22] t=282 INSURE AA building
[13:26:22] {"kind": "action", "what": "produce", "name": "HARV", "qty": 1, "ts": "13:26:22"}
[13:26:22] {"kind": "action", "what": "produce", "name": "HTNK", "qty": 4, "ts": "13:26:22"}
[13:26:22] {"kind": "action", "what": "produce", "name": "NAFLAK", "qty": 1, "ts": "13:26:22"}
[13:26:23] t=282 jev BUILD NAPOWR (conf 0.37)
[13:26:23] {"kind": "action", "what": "produce", "name": "NAPOWR", "qty": 1, "ts": "13:26:23"}
[13:26:27] t=300 tick#50 credits=5184 stance=develop | jev 50 decisions p50=723ms
[13:26:34] t=330 jev BUILD NAREFN (conf 0.38)
[13:26:34] {"kind": "action", "what": "produce", "name": "NAREFN", "qty": 1, "ts": "13:26:34"}
[13:26:40] t=354 DEFLINE NALASR (have 1)
[13:26:40] {"kind": "action", "what": "produce", "name": "NALASR", "qty": 1, "ts": "13:26:40"}
[13:26:46] t=378 SCOUT #1092->[14, 149] (敌影)
[13:26:46] {"kind": "action", "what": "attack_move", "name": null, "qty": null, "ts": "13:26:46"}
[13:26:49] t=390 ENEMY BASE spotted @[71, 114]
[13:26:49] t=390 jev INF E2 HOLD (预算保护 gate=False e2=0)
[13:26:49] t=390 jev STANCE defend->develop (conf 0.54)
[13:26:58] t=426 jev INF SHK (conf 0.10)
[13:26:58] {"kind": "action", "what": "produce", "name": "SHK", "qty": 1, "ts": "13:26:58"}
[13:27:01] t=437 ALARM 敌军逼近 -> TURTLE (1 v 6, 守塔阵不打野战)
[13:27:01] {"kind": "action", "what": "attack_move", "name": null, "qty": null, "ts": "13:27:01"}
[13:27:04] t=449 jev INF DOG (conf 0.41)
[13:27:04] {"kind": "action", "what": "produce", "name": "DOG", "qty": 1, "ts": "13:27:04"}
[13:27:04] t=449 tick#75 credits=559 stance=defend | jev 75 decisions p50=725ms
[13:27:09] t=467 MOVE assault x2 -> (71,114)
[13:27:09] {"kind": "action", "what": "attack_move", "name": null, "qty": null, "ts": "13:27:09"}
[13:27:11] t=479 ALARM 敌军逼近 -> TURTLE (3 v 5, 守塔阵不打野战)
[13:27:11] {"kind": "action", "what": "attack_move", "name": null, "qty": null, "ts": "13:27:11"}
[13:27:18] t=503 jev INF SHK (conf 0.11)
[13:27:19] t=509 MOVE raid x2 -> (71,114)
[13:27:19] {"kind": "action", "what": "attack_move", "name": null, "qty": null, "ts": "13:27:19"}
[13:27:21] t=515 jev INF E2 (conf 0.16)
[13:27:21] {"kind": "action", "what": "produce", "name": "E2", "qty": 1, "ts": "13:27:21"}
[13:27:21] t=515 MOVE assault x1 -> (71,114)
[13:27:21] {"kind": "action", "what": "attack_move", "name": null, "qty": null, "ts": "13:27:21"}
[13:27:24] t=527 jev INF E2 (conf 0.15)
[13:27:26] t=539 HARASS DRON x2 (have 0)
[13:27:26] t=539 TANK HTNK x1
[13:27:26] {"kind": "action", "what": "produce", "name": "DRON", "qty": 2, "ts": "13:27:26"}
[13:27:26] {"kind": "action", "what": "produce", "name": "HTNK", "qty": 1, "ts": "13:27:26"}
[13:27:27] t=539 jev STANCE defend->rush (conf 0.80)
[13:27:32] t=563 ESCORT 坦克#1142 -> 护航矿车@[126, 103]
[13:27:32] {"kind": "action", "what": "attack_move", "name": null, "qty": null, "ts": "13:27:32"}
[13:27:33] t=563 jev INF E2 (conf 0.09)
[13:27:34] t=569 jev INF SHK (conf 0.14)
[13:27:34] {"kind": "action", "what": "produce", "name": "SHK", "qty": 1, "ts": "13:27:34"}
[13:27:34] t=569 ATTACK (tanks=6)
[13:27:34] t=569 MOVE raid x2 -> (70,117); assault x3 -> (70,117); guard x2 -> (137,82)
[13:27:34] {"kind": "action", "what": "attack_move", "name": null, "qty": null, "ts": "13:27:34"}
[13:27:35] {"kind": "action", "what": "attack_move", "name": null, "qty": null, "ts": "13:27:35"}
[13:27:35] {"kind": "action", "what": "attack_move", "name": null, "qty": null, "ts": "13:27:35"}
[13:27:36] t=575 jev STANCE attack->rush (conf 0.52)
[13:27:36] t=575 ATTACK (tanks=6)
[13:27:37] t=581 jev STANCE attack->rush (conf 0.61)
[13:27:37] t=581 ATTACK (tanks=6)
[13:27:38] t=587 RETREAT HTNK(37%)
[13:27:38] {"kind": "action", "what": "move", "name": null, "qty": null, "ts": "13:27:38"}
[13:27:39] t=587 jev STANCE attack->rush (conf 0.55)
[13:27:39] t=587 ATTACK (tanks=6)
[13:27:39] t=587 MOVE raid x2 -> (86,121)
[13:27:39] {"kind": "action", "what": "attack_move", "name": null, "qty": null, "ts": "13:27:39"}
[13:27:40] t=593 jev INF SHK (conf 0.21)
[13:27:40] t=593 jev STANCE attack->rush (conf 0.58)
[13:27:40] t=593 ATTACK (tanks=6)
[13:27:41] t=599 ALARM 单位损失 -> 攻势保持（塔阵守家, 前线 8 个单位继续进攻）
[13:27:42] t=599 jev INF SHK (conf 0.22)
[13:27:42] t=599 tick#100 credits=1164 stance=attack | jev 100 decisions p50=726ms
[13:27:43] t=605 TANK HTNK x1
[13:27:43] t=605 jev INF SHK (conf 0.20)
[13:27:43] t=605 jev VEH HTNK (conf 0.36)
[13:27:43] t=605 jev STANCE attack->rush (conf 0.57)
[13:27:43] t=605 ATTACK (tanks=6)
[13:27:43] t=605 MOVE raid x2 -> (87,121)
[13:27:43] {"kind": "action", "what": "attack_move", "name": null, "qty": null, "ts": "13:27:43"}
[13:27:44] t=611 TANK HTNK x1
[13:27:45] t=611 jev INF SHK (conf 0.23)
[13:27:45] t=611 jev VEH HTNK (conf 0.35)
[13:27:45] t=611 jev STANCE attack->rush (conf 0.57)
[13:27:45] t=611 ATTACK (tanks=6)
[13:27:46] t=617 ALARM 单位损失 -> 攻势保持（塔阵守家, 前线 7 个单位继续进攻）
[13:27:46] t=617 HARASS DRON x2 (have 0)
[13:27:46] t=617 jev INF SHK (conf 0.29)
[13:27:46] t=617 jev VEH HTNK (conf 0.44)
[13:27:46] t=617 jev STANCE attack->rush (conf 0.59)
[13:27:46] t=617 MOVE raid x2 -> (86,120)
[13:27:46] {"kind": "action", "what": "attack_move", "name": null, "qty": null, "ts": "13:27:46"}
[13:27:47] t=623 HARASS DRON x2 (have 0)
[13:27:48] t=623 jev INF SHK (conf 0.22)
[13:27:48] t=623 jev VEH HTNK (conf 0.46)
[13:27:48] t=623 MOVE raid x2 -> (85,120); assault x4 -> (70,117)
[13:27:48] {"kind": "action", "what": "attack_move", "name": null, "qty": null, "ts": "13:27:48"}
[13:27:48] {"kind": "action", "what": "attack_move", "name": null, "qty": null, "ts": "13:27:48"}
[13:27:49] t=629 HARASS DRON x2 (have 0)
[13:27:49] t=629 jev INF SHK (conf 0.19)
[13:27:49] t=629 jev VEH HTNK (conf 0.43)
[13:27:49] t=629 MOVE raid x2 -> (85,121)
[13:27:49] {"kind": "action", "what": "attack_move", "name": null, "qty": null, "ts": "13:27:49"}
[13:27:50] t=635 HARASS DRON x2 (have 0)
[13:27:50] t=635 RETREAT HTNK(19%)
[13:27:50] {"kind": "action", "what": "move", "name": null, "qty": null, "ts": "13:27:50"}
[13:27:51] t=635 jev INF SHK (conf 0.23)
[13:27:51] t=635 jev VEH HTNK (conf 0.43)
[13:27:51] t=635 MOVE raid x2 -> (70,117)
[13:27:51] {"kind": "action", "what": "attack_move", "name": null, "qty": null, "ts": "13:27:51"}
[13:27:52] t=641 ALARM 单位损失 -> 攻势保持（塔阵守家, 前线 6 个单位继续进攻）
[13:27:52] t=641 HARASS DRON x2 (have 0)
[13:27:52] {"kind": "action", "what": "produce", "name": "DRON", "qty": 2, "ts": "13:27:52"}
[13:27:52] t=641 jev INF SHK (conf 0.19)
[13:27:54] t=647 jev INF SHK HOLD (预算保护 gate=False e2=1)
[13:27:55] t=653 jev INF SHK (conf 0.15)
[13:27:57] t=659 jev INF SHK (conf 0.17)
[13:27:58] t=665 jev INF SHK (conf 0.13)
[13:27:59] t=671 TANK HTNK x1
[13:27:59] {"kind": "action", "what": "produce", "name": "HTNK", "qty": 1, "ts": "13:27:59"}
[13:28:00] t=671 jev INF SHK (conf 0.15)
[13:28:00] {"kind": "action", "what": "produce", "name": "SHK", "qty": 1, "ts": "13:28:00"}
[13:28:00] t=671 MOVE assault x5 -> (70,117)
[13:28:00] {"kind": "action", "what": "attack_move", "name": null, "qty": null, "ts": "13:28:00"}
[13:28:06] t=695 jev INF SHK (conf 0.18)
[13:28:07] t=701 ESCORT 坦克#1322 -> 护航矿车@[125, 103]
[13:28:07] {"kind": "action", "what": "attack_move", "name": null, "qty": null, "ts": "13:28:07"}
[13:28:08] t=701 jev INF SHK (conf 0.18)
[13:28:08] t=701 MOVE raid x2 -> (90,118)
[13:28:08] {"kind": "action", "what": "attack_move", "name": null, "qty": null, "ts": "13:28:08"}
[13:28:08] t=707 RETREAT SHK(2%)
[13:28:08] {"kind": "action", "what": "move", "name": null, "qty": null, "ts": "13:28:08"}
[13:28:09] t=707 jev INF SHK (conf 0.21)
[13:28:09] t=707 MOVE raid x2 -> (90,112)
[13:28:09] {"kind": "action", "what": "attack_move", "name": null, "qty": null, "ts": "13:28:09"}
[13:28:10] t=713 ALARM 单位损失 -> 攻势保持（塔阵守家, 前线 9 个单位继续进攻）
[13:28:10] t=713 TANK HTNK x2
[13:28:10] t=713 jev BUILD NAWEAP HOLD (资金闸门: 坦克优先, cash=2210)
[13:28:10] t=713 jev INF SHK (conf 0.15)
[13:28:10] t=713 jev VEH HTNK (conf 0.40)
[13:28:10] t=713 ATTACK (tanks=6)
[13:28:10] t=713 MOVE raid x2 -> (91,105); guard x2 -> (137,82)
[13:28:10] {"kind": "action", "what": "attack_move", "name": null, "qty": null, "ts": "13:28:10"}
[13:28:11] {"kind": "action", "what": "attack_move", "name": null, "qty": null, "ts": "13:28:11"}
[13:28:11] t=719 ALARM 单位损失 -> 攻势保持（塔阵守家, 前线 8 个单位继续进攻）
[13:28:11] t=719 TANK HTNK x2
[13:28:12] t=719 jev INF E2 (conf 0.13)
[13:28:12] t=719 jev VEH HTNK (conf 0.44)
[13:28:12] t=719 jev STANCE attack->rush (conf 0.48)
[13:28:12] {"kind": "action", "what": "produce", "name": "E2", "qty": 1, "ts": "13:28:12"}
[13:28:12] t=719 ATTACK (tanks=6)
[13:28:12] t=719 MOVE raid x2 -> (95,102); assault x3 -> (70,117)
[13:28:12] {"kind": "action", "what": "attack_move", "name": null, "qty": null, "ts": "13:28:12"}
[13:28:12] {"kind": "action", "what": "attack_move", "name": null, "qty": null, "ts": "13:28:12"}
[13:28:13] t=725 ALARM 单位损失 -> 攻势保持（塔阵守家, 前线 7 个单位继续进攻）
[13:28:13] t=725 HARASS DRON x2 (have 1)
[13:28:13] t=725 TANK HTNK x1
[13:28:13] t=725 jev VEH HTNK (conf 0.53)
[13:28:13] t=725 MOVE raid x2 -> (100,101)
[13:28:13] {"kind": "action", "what": "attack_move", "name": null, "qty": null, "ts": "13:28:13"}
[13:28:14] t=731 HARASS DRON x2 (have 1)
[13:28:14] t=731 TANK HTNK x1
[13:28:15] t=731 jev BUILD NAWEAP HOLD (资金闸门: 坦克优先, cash=2120)
[13:28:15] t=731 jev VEH HTNK (conf 0.46)
[13:28:16] t=737 HARASS DRON x2 (have 1)
[13:28:16] t=737 TANK HTNK x1
[13:28:16] t=737 RETREAT SHK(6%)
[13:28:16] {"kind": "action", "what": "move", "name": null, "qty": null, "ts": "13:28:16"}
[13:28:17] t=737 jev BUILD NAWEAP HOLD (资金闸门: 坦克优先, cash=2120)
[13:28:17] t=737 jev VEH HTNK (conf 0.48)
[13:28:17] t=737 MOVE raid x2 -> (89,108)
[13:28:17] {"kind": "action", "what": "attack_move", "name": null, "qty": null, "ts": "13:28:17"}
[13:28:17] t=743 ALARM 单位损失 -> 攻势保持（塔阵守家, 前线 7 个单位继续进攻）
[13:28:17] t=743 HARASS DRON x2 (have 1)
[13:28:17] t=743 TANK HTNK x1
[13:28:17] {"kind": "action", "what": "produce", "name": "DRON", "qty": 2, "ts": "13:28:17"}
[13:28:18] t=743 jev BUILD NAWEAP HOLD (资金闸门: 坦克优先, cash=2120)
[13:28:18] t=743 jev INF E2 (conf 0.11)
[13:28:18] t=743 MOVE raid x2 -> (91,105)
[13:28:18] {"kind": "action", "what": "attack_move", "name": null, "qty": null, "ts": "13:28:18"}
[13:28:19] t=749 ALARM 单位损失 -> 攻势保持（塔阵守家, 前线 5 个单位继续进攻）
[13:28:20] t=749 jev INF E2 (conf 0.08)
[13:28:20] t=749 MOVE raid x2 -> (89,106)
[13:28:20] {"kind": "action", "what": "attack_move", "name": null, "qty": null, "ts": "13:28:20"}
[13:28:20] t=749 tick#125 credits=1961 stance=attack | jev 125 decisions p50=726ms
[13:28:20] t=755 AIR-DEFENSE 2nd AA
[13:28:20] {"kind": "action", "what": "produce", "name": "NAFLAK", "qty": 1, "ts": "13:28:20"}
[13:28:21] t=755 jev INF DOG (conf 0.16)
[13:28:21] {"kind": "action", "what": "produce", "name": "DOG", "qty": 1, "ts": "13:28:21"}
[13:28:21] t=755 MOVE raid x2 -> (90,107)
[13:28:21] {"kind": "action", "what": "attack_move", "name": null, "qty": null, "ts": "13:28:21"}
[13:28:22] t=761 ALARM 单位损失 -> 攻势保持（塔阵守家, 前线 5 个单位继续进攻）
[13:28:22] t=761 MOVE raid x2 -> (94,103)
[13:28:22] {"kind": "action", "what": "attack_move", "name": null, "qty": null, "ts": "13:28:22"}
[13:28:24] t=767 jev INF DOG (conf 0.17)
[13:28:24] t=767 MOVE raid x2 -> (99,102); assault x3 -> (70,117)
[13:28:24] {"kind": "action", "what": "attack_move", "name": null, "qty": null, "ts": "13:28:24"}
[13:28:24] {"kind": "action", "what": "attack_move", "name": null, "qty": null, "ts": "13:28:24"}
[13:28:25] t=772 ALARM 单位损失 -> 攻势保持（塔阵守家, 前线 5 个单位继续进攻）
[13:28:25] t=772 AA HTK x2 (enemy air)
[13:28:25] t=772 RETREAT HTNK(37%)
[13:28:25] {"kind": "action", "what": "produce", "name": "HTK", "qty": 2, "ts": "13:28:25"}
[13:28:25] {"kind": "action", "what": "move", "name": null, "qty": null, "ts": "13:28:25"}
[13:28:26] t=772 jev INF DOG (conf 0.14)
[13:28:26] t=772 MOVE raid x2 -> (102,98)
[13:28:26] {"kind": "action", "what": "attack_move", "name": null, "qty": null, "ts": "13:28:26"}
[13:28:26] t=778 ALARM 单位损失 -> 攻势保持（塔阵守家, 前线 5 个单位继续进攻）
[13:28:27] t=778 jev INF DOG (conf 0.22)
[13:28:27] t=778 jev STANCE attack->defend (conf 0.57)
[13:28:27] t=778 MOVE raid x2 -> (104,99)
[13:28:27] {"kind": "action", "what": "attack_move", "name": null, "qty": null, "ts": "13:28:27"}
[13:28:28] t=784 ALARM 单位损失 -> TURTLE (3 v 21, 守塔阵不打野战)
[13:28:28] {"kind": "action", "what": "attack_move", "name": null, "qty": null, "ts": "13:28:28"}
[13:28:28] t=784 RETREAT SHK(27%)
[13:28:28] {"kind": "action", "what": "move", "name": null, "qty": null, "ts": "13:28:28"}
[13:28:29] t=784 jev INF DOG (conf 0.21)
[13:28:30] t=790 jev INF DOG (conf 0.27)
[13:28:32] t=802 RETREAT HTNK(9%)
[13:28:32] {"kind": "action", "what": "move", "name": null, "qty": null, "ts": "13:28:32"}
[13:28:34] t=808 SCOUT #1541->[14, 149] (敌影)
[13:28:34] {"kind": "action", "what": "attack_move", "name": null, "qty": null, "ts": "13:28:34"}
[13:28:34] t=808 jev INF DOG (conf 0.24)
[13:28:36] t=814 jev INF DOG (conf 0.23)
[13:28:37] t=820 ALARM 单位损失 -> TURTLE (3 v 22, 守塔阵不打野战)
[13:28:37] {"kind": "action", "what": "attack_move", "name": null, "qty": null, "ts": "13:28:37"}
[13:28:37] t=820 SCOUT #1629->[14, 149] (敌影)
[13:28:37] {"kind": "action", "what": "attack_move", "name": null, "qty": null, "ts": "13:28:37"}
[13:28:38] t=820 jev INF DOG (conf 0.19)
[13:28:39] t=826 jev INF DOG (conf 0.25)
[13:28:40] t=832 HARASS DRON x2 (have 0)
[13:28:40] t=832 AA HTK x2 (enemy air)
[13:28:40] t=832 jev INF DOG (conf 0.11)
[13:28:40] t=832 jev VEH HTNK (conf 0.31)
[13:28:40] {"kind": "action", "what": "produce", "name": "HTNK", "qty": 1, "ts": "13:28:40"}
[13:28:42] t=838 jev INF DOG (conf 0.15)
[13:28:43] t=844 SCOUT #1635->[14, 149] (敌影)
[13:28:43] {"kind": "action", "what": "attack_move", "name": null, "qty": null, "ts": "13:28:43"}
[13:28:44] t=844 jev INF SHK (conf 0.11)
[13:28:44] {"kind": "action", "what": "produce", "name": "SHK", "qty": 1, "ts": "13:28:44"}
[13:28:45] t=850 MOVE assault x1 -> (70,117)
[13:28:45] {"kind": "action", "what": "attack_move", "name": null, "qty": null, "ts": "13:28:45"}
[13:28:46] t=856 ALARM 敌军逼近 -> TURTLE (1 v 22, 守塔阵不打野战)
[13:28:46] {"kind": "action", "what": "attack_move", "name": null, "qty": null, "ts": "13:28:46"}
[13:28:49] t=868 jev INF DOG (conf 0.16)
[13:28:49] {"kind": "action", "what": "produce", "name": "DOG", "qty": 1, "ts": "13:28:49"}
[13:28:50] t=874 HARASS DRON x2 (have 0)
[13:28:50] {"kind": "action", "what": "produce", "name": "DRON", "qty": 2, "ts": "13:28:50"}
[13:28:53] t=880 jev INF DOG (conf 0.14)
[13:28:54] t=886 jev INF DOG (conf 0.21)
[13:28:54] t=886 MOVE raid x2 -> (113,87)
[13:28:54] {"kind": "action", "what": "attack_move", "name": null, "qty": null, "ts": "13:28:54"}
[13:28:55] t=892 ALARM 单位损失 -> TURTLE (6 v 21, 守塔阵不打野战)
[13:28:55] {"kind": "action", "what": "attack_move", "name": null, "qty": null, "ts": "13:28:55"}
[13:28:55] t=892 ESCORT 坦克#1541 -> 护航矿车@[129, 107]
[13:28:55] {"kind": "action", "what": "attack_move", "name": null, "qty": null, "ts": "13:28:55"}
[13:28:56] t=892 jev INF DOG (conf 0.18)
[13:28:57] t=898 jev INF DOG (conf 0.20)
[13:28:57] t=898 tick#150 credits=234 stance=defend | jev 150 decisions p50=726ms
[13:28:58] t=904 jev INF DOG (conf 0.20)
[13:28:58] t=904 jev VEH DRON (conf 0.29)
[13:29:00] t=910 jev INF E2 HOLD (预算保护 gate=False e2=1)
[13:29:00] t=910 jev VEH DRON (conf 0.27)
[13:29:01] t=916 jev INF DOG (conf 0.18)
[13:29:01] t=916 jev VEH DRON (conf 0.23)
[13:29:03] t=922 jev INF E2 HOLD (预算保护 gate=False e2=1)
[13:29:03] t=922 jev VEH DRON (conf 0.29)
[13:29:03] t=922 MOVE raid x2 -> (112,118); assault x2 -> (70,117)
[13:29:03] {"kind": "action", "what": "attack_move", "name": null, "qty": null, "ts": "13:29:03"}
[13:29:03] {"kind": "action", "what": "attack_move", "name": null, "qty": null, "ts": "13:29:03"}
[13:29:04] t=928 jev INF DOG (conf 0.14)
[13:29:04] t=928 jev VEH HTNK (conf 0.29)
[13:29:04] t=928 MOVE raid x2 -> (112,125)
[13:29:05] {"kind": "action", "what": "attack_move", "name": null, "qty": null, "ts": "13:29:05"}
[13:29:06] t=934 jev INF E2 HOLD (预算保护 gate=False e2=1)
[13:29:06] t=934 jev VEH HTNK (conf 0.25)
[13:29:06] {"kind": "action", "what": "produce", "name": "HTNK", "qty": 1, "ts": "13:29:06"}
[13:29:06] t=934 MOVE raid x2 -> (112,131)
[13:29:06] {"kind": "action", "what": "attack_move", "name": null, "qty": null, "ts": "13:29:06"}
[13:29:07] t=940 jev INF SHK HOLD (预算保护 gate=False e2=1)
[13:29:07] t=940 MOVE raid x2 -> (114,134)
[13:29:07] {"kind": "action", "what": "attack_move", "name": null, "qty": null, "ts": "13:29:07"}
[13:29:09] t=946 MOVE raid x2 -> (113,133)
[13:29:09] {"kind": "action", "what": "attack_move", "name": null, "qty": null, "ts": "13:29:09"}
[13:29:10] t=952 ALARM 单位损失 -> TURTLE (5 v 20, 守塔阵不打野战)
[13:29:10] {"kind": "action", "what": "attack_move", "name": null, "qty": null, "ts": "13:29:10"}
[13:29:11] t=952 jev INF DOG (conf 0.21)
[13:29:16] t=976 jev INF DOG (conf 0.21)
[13:29:17] {"kind": "action", "what": "produce", "name": "DOG", "qty": 1, "ts": "13:29:17"}
[13:29:18] t=982 MOVE raid x2 -> (115,132); assault x3 -> (70,117)
[13:29:18] {"kind": "action", "what": "attack_move", "name": null, "qty": null, "ts": "13:29:18"}
[13:29:18] {"kind": "action", "what": "attack_move", "name": null, "qty": null, "ts": "13:29:18"}
[13:29:19] t=988 MOVE raid x2 -> (89,107)
[13:29:20] {"kind": "action", "what": "attack_move", "name": null, "qty": null, "ts": "13:29:20"}
[13:29:21] t=994 jev INF DOG (conf 0.22)
[13:29:21] t=994 MOVE raid x2 -> (93,104)
[13:29:21] {"kind": "action", "what": "attack_move", "name": null, "qty": null, "ts": "13:29:21"}
[13:29:23] t=1000 jev INF DOG (conf 0.23)
[13:29:23] t=1000 MOVE raid x2 -> (98,102)
[13:29:23] {"kind": "action", "what": "attack_move", "name": null, "qty": null, "ts": "13:29:23"}
[13:29:24] t=1006 jev INF DOG (conf 0.31)
[13:29:24] t=1006 MOVE raid x2 -> (102,98)
[13:29:24] {"kind": "action", "what": "attack_move", "name": null, "qty": null, "ts": "13:29:24"}
[13:29:26] t=1012 jev INF DOG (conf 0.28)
[13:29:26] t=1012 MOVE raid x2 -> (103,92)
[13:29:26] {"kind": "action", "what": "attack_move", "name": null, "qty": null, "ts": "13:29:26"}
[13:29:26] t=1018 ALARM 单位损失 -> TURTLE (7 v 20, 守塔阵不打野战)
[13:29:26] {"kind": "action", "what": "attack_move", "name": null, "qty": null, "ts": "13:29:26"}
[13:29:27] t=1018 jev INF DOG (conf 0.24)
[13:29:28] t=1024 TANK HTNK x1
[13:29:28] t=1024 ESCORT 坦克#1736 -> 护航矿车@[129, 105]
[13:29:28] {"kind": "action", "what": "attack_move", "name": null, "qty": null, "ts": "13:29:28"}
[13:29:29] t=1024 jev INF DOG (conf 0.17)
[13:29:29] t=1024 jev VEH HTNK (conf 0.17)
[13:29:29] t=1030 TANK HTNK x1
[13:29:30] t=1030 jev INF DOG (conf 0.17)
[13:29:30] t=1030 jev VEH HTNK (conf 0.28)
[13:29:31] t=1036 TANK HTNK x1
[13:29:31] t=1036 jev INF DOG (conf 0.17)
[13:29:31] t=1036 jev VEH HTNK (conf 0.22)
[13:29:32] {"kind": "action", "what": "produce", "name": "HTNK", "qty": 1, "ts": "13:29:32"}
[13:29:33] t=1042 jev INF SHK (conf 0.23)
[13:29:33] {"kind": "action", "what": "produce", "name": "SHK", "qty": 1, "ts": "13:29:33"}
[13:29:34] t=1048 MOVE raid x2 -> (70,117); assault x4 -> (70,117)
[13:29:35] {"kind": "action", "what": "attack_move", "name": null, "qty": null, "ts": "13:29:35"}
[13:29:35] {"kind": "action", "what": "attack_move", "name": null, "qty": null, "ts": "13:29:35"}
[13:29:35] t=1048 tick#175 credits=946 stance=defend | jev 175 decisions p50=725ms
[13:29:39] t=1066 jev INF DOG (conf 0.24)
[13:29:40] t=1072 ALARM 单位损失 -> TURTLE (7 v 18, 守塔阵不打野战)
[13:29:40] {"kind": "action", "what": "attack_move", "name": null, "qty": null, "ts": "13:29:40"}
[13:29:41] t=1072 jev INF DOG (conf 0.35)
[13:29:42] t=1078 jev INF DOG (conf 0.31)
[13:29:42] {"kind": "action", "what": "produce", "name": "DOG", "qty": 1, "ts": "13:29:42"}
[13:29:48] t=1102 MOVE assault x3 -> (70,117)
[13:29:48] {"kind": "action", "what": "attack_move", "name": null, "qty": null, "ts": "13:29:48"}
[13:30:01] t=1155 MOVE assault x3 -> (70,117)
[13:30:02] {"kind": "action", "what": "attack_move", "name": null, "qty": null, "ts": "13:30:02"}
[13:30:05] t=1167 jev INF DOG (conf 0.23)
[13:30:05] t=1167 jev VEH HTNK (conf 0.24)
[13:30:05] {"kind": "action", "what": "produce", "name": "HTNK", "qty": 1, "ts": "13:30:05"}
[13:30:05] t=1167 MOVE raid x2 -> (70,117)
[13:30:05] {"kind": "action", "what": "attack_move", "name": null, "qty": null, "ts": "13:30:05"}
[13:30:06] t=1173 jev INF DOG (conf 0.16)
[13:30:07] t=1179 jev INF DOG (conf 0.28)
[13:30:08] {"kind": "action", "what": "produce", "name": "DOG", "qty": 1, "ts": "13:30:08"}
[13:30:10] t=1191 ESCORT 坦克#1789 -> 护航矿车@[128, 105]
[13:30:10] {"kind": "action", "what": "attack_move", "name": null, "qty": null, "ts": "13:30:10"}
[13:30:12] t=1197 tick#200 credits=0 stance=defend | jev 200 decisions p50=726ms
[13:30:14] t=1203 MOVE assault x4 -> (70,117)
[13:30:14] {"kind": "action", "what": "attack_move", "name": null, "qty": null, "ts": "13:30:14"}
[13:30:14] t=1209 ALARM 单位损失 -> TURTLE (9 v 18, 守塔阵不打野战)
[13:30:14] {"kind": "action", "what": "attack_move", "name": null, "qty": null, "ts": "13:30:14"}
[13:30:15] t=1209 jev INF E2 HOLD (预算保护 gate=False e2=0)
[13:30:16] t=1215 RETREAT SHK(35%)
[13:30:16] {"kind": "action", "what": "move", "name": null, "qty": null, "ts": "13:30:16"}
[13:30:17] t=1215 jev BUILD NAHAND HOLD (资金闸门: 坦克优先, cash=557)
[13:30:17] t=1215 jev INF E2 HOLD (预算保护 gate=False e2=0)
[13:30:18] t=1221 jev INF E2 HOLD (预算保护 gate=False e2=0)
[13:30:20] t=1227 jev INF E2 HOLD (预算保护 gate=False e2=0)
[13:30:21] t=1233 jev INF E2 HOLD (预算保护 gate=False e2=0)
[13:30:23] t=1239 jev INF E2 HOLD (预算保护 gate=False e2=0)
[13:30:23] t=1239 jev VEH HTNK (conf 0.32)
[13:30:24] t=1245 jev INF E2 HOLD (预算保护 gate=False e2=0)
[13:30:24] t=1245 jev VEH HTNK (conf 0.36)
[13:30:26] t=1251 jev INF E2 HOLD (预算保护 gate=False e2=0)
[13:30:26] t=1251 jev VEH HTNK (conf 0.38)
[13:30:26] t=1251 MOVE assault x3 -> (70,117)
[13:30:26] {"kind": "action", "what": "attack_move", "name": null, "qty": null, "ts": "13:30:26"}
[13:30:27] t=1257 jev INF E2 HOLD (预算保护 gate=False e2=0)
[13:30:27] t=1257 jev VEH HTNK (conf 0.35)
[13:30:29] t=1263 jev INF E2 HOLD (预算保护 gate=False e2=0)
[13:30:29] t=1263 jev VEH HTNK (conf 0.35)
[13:30:30] t=1269 jev INF E2 HOLD (预算保护 gate=False e2=0)
[13:30:30] t=1269 jev VEH HTNK (conf 0.38)
[13:30:30] {"kind": "action", "what": "produce", "name": "HTNK", "qty": 1, "ts": "13:30:30"}
[13:30:32] t=1275 jev INF E2 HOLD (预算保护 gate=False e2=0)
[13:30:35] t=1287 MOVE raid x2 -> (70,117)
[13:30:35] {"kind": "action", "what": "attack_move", "name": null, "qty": null, "ts": "13:30:35"}
[13:30:38] t=1305 ALARM 单位损失 -> TURTLE (8 v 16, 守塔阵不打野战)
[13:30:38] {"kind": "action", "what": "attack_move", "name": null, "qty": null, "ts": "13:30:38"}
[13:30:41] t=1311 jev INF E2 HOLD (预算保护 gate=False e2=0)
[13:30:42] t=1317 jev INF E2 HOLD (预算保护 gate=False e2=0)
[13:30:44] t=1323 jev INF E2 HOLD (预算保护 gate=False e2=0)
[13:30:44] t=1329 RETREAT HTNK(38%)
[13:30:44] {"kind": "action", "what": "move", "name": null, "qty": null, "ts": "13:30:44"}
[13:30:45] t=1329 jev BUILD NAREFN HOLD (资金闸门: 坦克优先, cash=25)
[13:30:45] t=1329 jev INF SHK HOLD (预算保护 gate=False e2=0)
[13:30:46] t=1335 MOVE assault x2 -> (70,117)
[13:30:47] {"kind": "action", "what": "attack_move", "name": null, "qty": null, "ts": "13:30:47"}
[13:30:47] t=1341 ESCORT 坦克#1760 -> 护航矿车@[127, 105]
[13:30:47] {"kind": "action", "what": "attack_move", "name": null, "qty": null, "ts": "13:30:47"}
[13:30:49] t=1347 ALARM 单位损失 -> TURTLE (6 v 13, 守塔阵不打野战)
[13:30:49] {"kind": "action", "what": "attack_move", "name": null, "qty": null, "ts": "13:30:49"}
[13:30:49] t=1347 RETREAT HTNK(30%)
[13:30:49] {"kind": "action", "what": "move", "name": null, "qty": null, "ts": "13:30:49"}
[13:30:50] t=1347 tick#225 credits=0 stance=defend | jev 225 decisions p50=727ms
[13:31:06] t=1413 MOVE raid x2 -> (70,117)
[13:31:06] {"kind": "action", "what": "attack_move", "name": null, "qty": null, "ts": "13:31:06"}
[13:31:09] t=1425 jev INF E2 HOLD (预算保护 gate=False e2=0)
[13:31:09] t=1425 jev VEH HTNK (conf 0.26)
[13:31:09] {"kind": "action", "what": "produce", "name": "HTNK", "qty": 1, "ts": "13:31:09"}
[13:31:09] t=1425 MOVE assault x1 -> (70,117)
[13:31:09] {"kind": "action", "what": "attack_move", "name": null, "qty": null, "ts": "13:31:09"}
[13:31:17] t=1461 ESCORT 坦克#2053 -> 护航矿车@[128, 105]
[13:31:17] {"kind": "action", "what": "attack_move", "name": null, "qty": null, "ts": "13:31:17"}
[13:31:23] t=1479 MOVE assault x1 -> (70,117)
[13:31:23] {"kind": "action", "what": "attack_move", "name": null, "qty": null, "ts": "13:31:23"}
[13:31:26] t=1497 RETREAT HTNK(22%)
[13:31:26] t=1497 RETREAT HTNK(35%)
[13:31:26] {"kind": "action", "what": "move", "name": null, "qty": null, "ts": "13:31:26"}
[13:31:26] {"kind": "action", "what": "move", "name": null, "qty": null, "ts": "13:31:26"}
[13:31:27] t=1497 tick#250 credits=0 stance=defend | jev 250 decisions p50=728ms
[13:31:28] t=1503 ALARM 单位损失 -> TURTLE (5 v 10, 守塔阵不打野战)
[13:31:28] {"kind": "action", "what": "attack_move", "name": null, "qty": null, "ts": "13:31:28"}
[13:31:33] t=1520 jev INF E2 HOLD (预算保护 gate=False e2=0)
[13:31:36] t=1532 MOVE assault x1 -> (70,117)
[13:31:36] {"kind": "action", "what": "attack_move", "name": null, "qty": null, "ts": "13:31:36"}
[13:31:48] t=1580 MOVE assault x1 -> (70,117)
[13:31:48] {"kind": "action", "what": "attack_move", "name": null, "qty": null, "ts": "13:31:48"}
[13:31:49] t=1586 ALARM 单位损失 -> TURTLE (4 v 10, 守塔阵不打野战)
[13:31:49] {"kind": "action", "what": "attack_move", "name": null, "qty": null, "ts": "13:31:49"}
[13:32:00] t=1628 jev INF E2 HOLD (预算保护 gate=False e2=0)
[13:32:05] t=1646 tick#275 credits=0 stance=defend | jev 275 decisions p50=727ms
[13:32:21] t=1712 jev INF E2 HOLD (预算保护 gate=False e2=0)
[13:32:23] t=1718 jev INF E2 HOLD (预算保护 gate=False e2=0)
[13:32:23] t=1718 jev VEH HTNK (conf 0.29)
[13:32:23] {"kind": "action", "what": "produce", "name": "HTNK", "qty": 1, "ts": "13:32:23"}
[13:32:23] t=1718 MOVE assault x1 -> (70,117)
[13:32:23] {"kind": "action", "what": "attack_move", "name": null, "qty": null, "ts": "13:32:23"}
[13:32:36] t=1772 MOVE assault x1 -> (70,117)
[13:32:36] {"kind": "action", "what": "attack_move", "name": null, "qty": null, "ts": "13:32:36"}
[13:32:38] t=1784 ALARM 单位损失 -> TURTLE (4 v 9, 守塔阵不打野战)
[13:32:38] {"kind": "action", "what": "attack_move", "name": null, "qty": null, "ts": "13:32:38"}
[13:32:42] t=1796 tick#300 credits=0 stance=defend | jev 300 decisions p50=727ms
[13:33:20] t=1945 tick#325 credits=0 stance=defend | jev 325 decisions p50=728ms
[13:33:21] t=1951 jev INF E2 HOLD (预算保护 gate=False e2=0)
[13:33:23] t=1957 jev INF E2 HOLD (预算保护 gate=False e2=0)
[13:33:24] t=1963 jev INF E2 HOLD (预算保护 gate=False e2=0)
[13:33:24] t=1963 jev VEH HTNK (conf 0.29)
[13:33:24] {"kind": "action", "what": "produce", "name": "HTNK", "qty": 1, "ts": "13:33:24"}
[13:33:24] t=1963 MOVE assault x1 -> (70,117)
[13:33:24] {"kind": "action", "what": "attack_move", "name": null, "qty": null, "ts": "13:33:24"}
[13:33:38] t=2017 MOVE assault x1 -> (70,117)
[13:33:38] {"kind": "action", "what": "attack_move", "name": null, "qty": null, "ts": "13:33:38"}
[13:33:50] t=2071 RETREAT HTNK(32%)
[13:33:50] {"kind": "action", "what": "move", "name": null, "qty": null, "ts": "13:33:50"}
[13:33:51] t=2071 jev INF SHK (conf 0.21)
[13:33:51] {"kind": "action", "what": "produce", "name": "SHK", "qty": 1, "ts": "13:33:51"}
[13:33:51] t=2071 MOVE assault x1 -> (70,117)
[13:33:51] {"kind": "action", "what": "attack_move", "name": null, "qty": null, "ts": "13:33:51"}
[13:33:55] t=2089 ALARM 单位损失 -> TURTLE (4 v 8, 守塔阵不打野战)
[13:33:55] {"kind": "action", "what": "attack_move", "name": null, "qty": null, "ts": "13:33:55"}
[13:33:57] t=2095 jev INF E2 HOLD (预算保护 gate=False e2=0)
[13:33:57] t=2095 tick#350 credits=390 stance=defend | jev 350 decisions p50=729ms
[13:33:59] t=2101 jev VEH HTNK (conf 0.26)
[13:33:59] {"kind": "action", "what": "produce", "name": "HTNK", "qty": 1, "ts": "13:33:59"}
[13:34:05] t=2125 MOVE assault x2 -> (70,117)
[13:34:05] {"kind": "action", "what": "attack_move", "name": null, "qty": null, "ts": "13:34:05"}
[13:34:18] t=2179 MOVE assault x2 -> (70,117)
[13:34:18] {"kind": "action", "what": "attack_move", "name": null, "qty": null, "ts": "13:34:18"}
[13:34:23] t=2203 RETREAT HTNK(5%)
[13:34:23] {"kind": "action", "what": "move", "name": null, "qty": null, "ts": "13:34:23"}
[13:34:25] t=2209 ALARM 单位损失 -> TURTLE (5 v 8, 守塔阵不打野战)
[13:34:25] {"kind": "action", "what": "attack_move", "name": null, "qty": null, "ts": "13:34:25"}
[13:34:27] t=2215 jev INF E2 HOLD (预算保护 gate=False e2=0)
[13:34:33] t=2239 MOVE assault x1 -> (70,117)
[13:34:33] {"kind": "action", "what": "attack_move", "name": null, "qty": null, "ts": "13:34:33"}
[13:34:35] t=2245 tick#375 credits=0 stance=defend | jev 375 decisions p50=729ms
[13:34:41] t=2275 HARASS DRON x2 (have 0)
[13:34:41] {"kind": "action", "what": "produce", "name": "DRON", "qty": 2, "ts": "13:34:41"}
[13:34:47] t=2293 MOVE raid x2 -> (70,117); assault x1 -> (70,117)
[13:34:47] {"kind": "action", "what": "attack_move", "name": null, "qty": null, "ts": "13:34:47"}
[13:34:47] {"kind": "action", "what": "attack_move", "name": null, "qty": null, "ts": "13:34:47"}
[13:34:47] t=2299 RETREAT SHK(33%)
[13:34:47] {"kind": "action", "what": "move", "name": null, "qty": null, "ts": "13:34:47"}
[13:34:48] t=2299 jev INF E2 HOLD (预算保护 gate=False e2=0)
[13:34:49] t=2305 ALARM 单位损失 -> TURTLE (7 v 8, 守塔阵不打野战)
[13:34:49] {"kind": "action", "what": "attack_move", "name": null, "qty": null, "ts": "13:34:49"}
[13:34:49] t=2305 ESCORT 坦克#2413 -> 护航矿车@[120, 115]
[13:34:49] {"kind": "action", "what": "attack_move", "name": null, "qty": null, "ts": "13:34:49"}
[13:34:50] t=2305 jev VEH HTNK (conf 0.24)
[13:34:50] {"kind": "action", "what": "produce", "name": "HTNK", "qty": 1, "ts": "13:34:50"}
[13:34:59] t=2340 MOVE assault x1 -> (70,117)
[13:34:59] {"kind": "action", "what": "attack_move", "name": null, "qty": null, "ts": "13:34:59"}
[13:35:02] t=2352 jev INF E2 HOLD (预算保护 gate=False e2=0)
[13:35:03] t=2358 jev INF E2 HOLD (预算保护 gate=False e2=0)
[13:35:12] t=2394 MOVE assault x1 -> (70,117)
[13:35:12] {"kind": "action", "what": "attack_move", "name": null, "qty": null, "ts": "13:35:12"}
[13:35:12] t=2394 tick#400 credits=0 stance=defend | jev 400 decisions p50=728ms
[13:35:14] t=2406 RETREAT HTNK(20%)
[13:35:14] {"kind": "action", "what": "move", "name": null, "qty": null, "ts": "13:35:14"}
[13:35:15] {"kind": "action", "what": "produce", "name": "NAWEAP", "qty": 1, "ts": "13:35:15"}
[13:35:15] t=2406 OPENING BUILD NAWEAP
[13:35:17] t=2412 MOVE raid x2 -> (70,117)
[13:35:17] {"kind": "action", "what": "attack_move", "name": null, "qty": null, "ts": "13:35:17"}
[13:35:20] t=2430 ESCORT 坦克#2413 -> 护航矿车@[127, 105]
[13:35:20] {"kind": "action", "what": "attack_move", "name": null, "qty": null, "ts": "13:35:20"}
[13:35:24] t=2442 MOVE assault x1 -> (70,117)
[13:35:24] {"kind": "action", "what": "attack_move", "name": null, "qty": null, "ts": "13:35:24"}
[13:35:25] t=2448 ALARM 单位损失 -> TURTLE (5 v 6, 守塔阵不打野战)
[13:35:25] {"kind": "action", "what": "attack_move", "name": null, "qty": null, "ts": "13:35:25"}
[13:35:34] t=2484 AA HTK x2 (enemy air)
[13:35:34] {"kind": "action", "what": "produce", "name": "HTK", "qty": 2, "ts": "13:35:34"}
[13:35:36] t=2490 jev INF E2 HOLD (预算保护 gate=False e2=0)
[13:35:37] t=2496 ALARM 单位损失 -> TURTLE (6 v 6, 守塔阵不打野战)
[13:35:37] {"kind": "action", "what": "attack_move", "name": null, "qty": null, "ts": "13:35:37"}
[13:35:45] t=2526 MOVE assault x1 -> (70,117)
[13:35:45] {"kind": "action", "what": "attack_move", "name": null, "qty": null, "ts": "13:35:45"}
[13:35:48] t=2538 MOVE raid x2 -> (70,117)
[13:35:48] {"kind": "action", "what": "attack_move", "name": null, "qty": null, "ts": "13:35:48"}
[13:35:50] t=2544 tick#425 credits=0 stance=defend | jev 425 decisions p50=729ms
[13:35:56] t=2574 ALARM 单位损失 -> TURTLE (5 v 6, 守塔阵不打野战)
[13:35:56] {"kind": "action", "what": "attack_move", "name": null, "qty": null, "ts": "13:35:56"}
[13:36:05] t=2603 MOVE assault x1 -> (70,117)
[13:36:05] {"kind": "action", "what": "attack_move", "name": null, "qty": null, "ts": "13:36:05"}
[13:36:06] t=2609 jev INF E2 HOLD (预算保护 gate=False e2=0)
[13:36:18] t=2657 MOVE raid x2 -> (70,117)
[13:36:18] {"kind": "action", "what": "attack_move", "name": null, "qty": null, "ts": "13:36:18"}
[13:36:21] t=2669 jev INF SHK HOLD (预算保护 gate=False e2=0)
[13:36:23] t=2681 ESCORT 坦克#2531 -> 护航矿车@[128, 105]
[13:36:23] {"kind": "action", "what": "attack_move", "name": null, "qty": null, "ts": "13:36:23"}
[13:36:24] t=2681 jev VEH DRON (conf 0.19)
[13:36:24] {"kind": "action", "what": "produce", "name": "DRON", "qty": 1, "ts": "13:36:24"}
[13:36:24] t=2681 MOVE assault x1 -> (70,117)
[13:36:24] {"kind": "action", "what": "attack_move", "name": null, "qty": null, "ts": "13:36:24"}
[13:36:26] t=2693 RETREAT HTNK(37%)
[13:36:26] {"kind": "action", "what": "move", "name": null, "qty": null, "ts": "13:36:26"}
[13:36:27] t=2693 tick#450 credits=0 stance=defend | jev 450 decisions p50=729ms
[13:36:31] t=2711 ALARM 单位损失 -> TURTLE (6 v 9, 守塔阵不打野战)
[13:36:31] {"kind": "action", "what": "attack_move", "name": null, "qty": null, "ts": "13:36:31"}
[13:36:48] t=2777 MOVE raid x2 -> (70,117)
[13:36:48] {"kind": "action", "what": "attack_move", "name": null, "qty": null, "ts": "13:36:48"}
[13:37:05] t=2843 tick#475 credits=0 stance=defend | jev 475 decisions p50=729ms
[13:37:08] t=2861 HARASS DRON x2 (have 1)
[13:37:09] {"kind": "action", "what": "produce", "name": "DRON", "qty": 2, "ts": "13:37:09"}
[13:37:09] t=2861 jev INF SHK HOLD (预算保护 gate=False e2=0)
[13:37:09] t=2861 MOVE assault x1 -> (70,117)
[13:37:09] {"kind": "action", "what": "attack_move", "name": null, "qty": null, "ts": "13:37:09"}
[13:37:11] t=2867 jev INF SHK HOLD (预算保护 gate=False e2=0)
[13:37:12] t=2873 jev INF SHK HOLD (预算保护 gate=False e2=0)
[13:37:14] t=2879 jev INF SHK HOLD (预算保护 gate=False e2=0)
[13:37:15] t=2885 jev INF SHK HOLD (预算保护 gate=False e2=0)
[13:37:16] t=2891 ESCORT 坦克#2630 -> 护航矿车@[120, 108]
[13:37:16] {"kind": "action", "what": "attack_move", "name": null, "qty": null, "ts": "13:37:16"}
[13:37:17] t=2891 jev INF SHK HOLD (预算保护 gate=False e2=0)
[13:37:17] t=2891 jev VEH HTNK (conf 0.52)
[13:37:17] {"kind": "action", "what": "produce", "name": "HTNK", "qty": 1, "ts": "13:37:17"}
[13:37:17] t=2891 ATTACK (tanks=6)
[13:37:17] t=2891 MOVE guard x2 -> (137,82)
[13:37:17] {"kind": "action", "what": "attack_move", "name": null, "qty": null, "ts": "13:37:17"}
[13:37:20] t=2903 MOVE raid x2 -> (70,117)
[13:37:20] {"kind": "action", "what": "attack_move", "name": null, "qty": null, "ts": "13:37:20"}
[13:37:23] t=2915 MOVE assault x1 -> (70,117)
[13:37:23] {"kind": "action", "what": "attack_move", "name": null, "qty": null, "ts": "13:37:23"}
[13:37:35] t=2962 MOVE assault x1 -> (70,117)
[13:37:35] {"kind": "action", "what": "attack_move", "name": null, "qty": null, "ts": "13:37:35"}
[13:37:42] t=2992 tick#500 credits=0 stance=attack | jev 500 decisions p50=728ms
[13:37:46] t=3010 ESCORT 坦克#2507 -> 护航矿车@[120, 106]
[13:37:46] {"kind": "action", "what": "attack_move", "name": null, "qty": null, "ts": "13:37:46"}
[13:37:47] t=3010 MOVE assault x1 -> (70,117)
[13:37:47] {"kind": "action", "what": "attack_move", "name": null, "qty": null, "ts": "13:37:47"}
[13:37:48] t=3016 jev VEH HTNK (conf 0.46)
[13:37:48] t=3016 jev STANCE attack->defend (conf 0.45)
[13:37:48] {"kind": "action", "what": "produce", "name": "HTNK", "qty": 1, "ts": "13:37:48"}
[13:37:48] t=3016 ATTACK (tanks=7)
[13:37:48] t=3016 MOVE guard x2 -> (137,82)
[13:37:48] {"kind": "action", "what": "attack_move", "name": null, "qty": null, "ts": "13:37:48"}
[13:37:50] t=3022 jev INF SHK HOLD (预算保护 gate=False e2=0)
[13:37:50] t=3022 jev STANCE attack->defend (conf 0.46)
[13:37:50] t=3022 ATTACK (tanks=7)
[13:37:51] t=3028 jev STANCE attack->defend (conf 0.45)
[13:37:51] t=3028 ATTACK (tanks=7)
[13:37:51] t=3028 MOVE raid x3 -> (70,117)
[13:37:51] {"kind": "action", "what": "attack_move", "name": null, "qty": null, "ts": "13:37:51"}
[13:37:53] t=3034 jev STANCE attack->defend (conf 0.47)
[13:37:53] t=3034 ATTACK (tanks=7)
[13:37:54] t=3040 jev STANCE attack->defend (conf 0.49)
[13:37:54] t=3040 ATTACK (tanks=7)
[13:37:57] t=3052 jev STANCE attack->defend (conf 0.47)
[13:37:57] t=3052 ATTACK (tanks=7)
[13:37:59] t=3058 jev INF SHK HOLD (预算保护 gate=False e2=0)
[13:37:59] t=3058 jev STANCE attack->defend (conf 0.45)
[13:37:59] t=3058 ATTACK (tanks=7)
[13:37:59] t=3058 MOVE assault x1 -> (70,117)
[13:37:59] {"kind": "action", "what": "attack_move", "name": null, "qty": null, "ts": "13:37:59"}
[13:38:00] t=3064 jev INF SHK HOLD (预算保护 gate=False e2=0)
[13:38:00] t=3064 jev STANCE attack->defend (conf 0.45)
[13:38:00] t=3064 ATTACK (tanks=7)
[13:38:02] t=3070 jev VEH HTNK (conf 0.42)
[13:38:03] t=3076 jev VEH HTNK (conf 0.39)
[13:38:05] t=3082 jev VEH HTNK (conf 0.44)
[13:38:05] t=3082 jev STANCE attack->defend (conf 0.45)
[13:38:05] t=3082 ATTACK (tanks=8)
[13:38:06] t=3088 jev VEH HTNK (conf 0.38)
[13:38:08] t=3094 jev VEH HTNK (conf 0.45)
[13:38:09] t=3100 jev VEH HTNK (conf 0.44)
[13:38:09] t=3100 jev STANCE attack->defend (conf 0.47)
[13:38:09] t=3100 ATTACK (tanks=8)
[13:38:11] t=3106 jev VEH HTNK (conf 0.41)
[13:38:12] t=3112 jev VEH HTNK (conf 0.49)
[13:38:12] t=3112 MOVE assault x2 -> (70,117)
[13:38:12] {"kind": "action", "what": "attack_move", "name": null, "qty": null, "ts": "13:38:12"}
[13:38:14] t=3118 jev VEH HTNK (conf 0.43)
[13:38:14] {"kind": "action", "what": "produce", "name": "HTNK", "qty": 1, "ts": "13:38:14"}
[13:38:15] t=3124 jev STANCE attack->defend (conf 0.45)
[13:38:15] t=3124 ATTACK (tanks=8)
[13:38:16] t=3130 ESCORT 坦克#2701 -> 护航矿车@[118, 136]
[13:38:16] {"kind": "action", "what": "attack_move", "name": null, "qty": null, "ts": "13:38:16"}
[13:38:18] t=3136 MOVE raid x3 -> (71,123)
[13:38:18] {"kind": "action", "what": "attack_move", "name": null, "qty": null, "ts": "13:38:18"}
[13:38:19] t=3142 ALARM 单位损失 -> 攻势保持（塔阵守家, 前线 10 个单位继续进攻）
[13:38:20] t=3142 jev STANCE attack->defend (conf 0.45)
[13:38:20] t=3142 ATTACK (tanks=7)
[13:38:20] t=3142 MOVE raid x2 -> (73,123); guard x2 -> (137,82)
[13:38:20] {"kind": "action", "what": "attack_move", "name": null, "qty": null, "ts": "13:38:20"}
[13:38:20] {"kind": "action", "what": "attack_move", "name": null, "qty": null, "ts": "13:38:20"}
[13:38:20] t=3142 tick#525 credits=0 stance=attack | jev 525 decisions p50=727ms
[13:38:21] t=3148 MOVE raid x2 -> (74,122)
[13:38:21] {"kind": "action", "what": "attack_move", "name": null, "qty": null, "ts": "13:38:21"}
[13:38:23] t=3154 MOVE raid x2 -> (77,125)
[13:38:23] {"kind": "action", "what": "attack_move", "name": null, "qty": null, "ts": "13:38:23"}
[13:38:24] t=3160 MOVE raid x2 -> (70,117); assault x2 -> (70,117)
[13:38:24] {"kind": "action", "what": "attack_move", "name": null, "qty": null, "ts": "13:38:24"}
[13:38:24] {"kind": "action", "what": "attack_move", "name": null, "qty": null, "ts": "13:38:24"}
[13:38:33] t=3196 jev STANCE attack->defend (conf 0.46)
[13:38:33] t=3196 ATTACK (tanks=7)
[13:38:36] t=3208 jev STANCE attack->defend (conf 0.45)
[13:38:36] t=3208 ATTACK (tanks=8)
[13:38:36] t=3208 MOVE raid x3 -> (84,125); assault x2 -> (70,117)
[13:38:36] {"kind": "action", "what": "attack_move", "name": null, "qty": null, "ts": "13:38:36"}
[13:38:36] {"kind": "action", "what": "attack_move", "name": null, "qty": null, "ts": "13:38:36"}
[13:38:37] t=3214 ALARM 单位损失 -> 攻势保持（塔阵守家, 前线 10 个单位继续进攻）
[13:38:38] t=3214 jev STANCE attack->defend (conf 0.49)
[13:38:38] t=3214 ATTACK (tanks=7)
[13:38:38] t=3214 MOVE raid x2 -> (86,125)
[13:38:38] {"kind": "action", "what": "attack_move", "name": null, "qty": null, "ts": "13:38:38"}
[13:38:39] t=3220 MOVE raid x2 -> (87,124)
[13:38:39] {"kind": "action", "what": "attack_move", "name": null, "qty": null, "ts": "13:38:39"}
[13:38:41] t=3226 jev STANCE attack->defend (conf 0.46)
[13:38:41] t=3226 ATTACK (tanks=7)
[13:38:42] t=3232 MOVE assault x2 -> (67,118)
[13:38:42] {"kind": "action", "what": "attack_move", "name": null, "qty": null, "ts": "13:38:42"}
[13:38:44] t=3238 MOVE raid x3 -> (67,118)
[13:38:44] {"kind": "action", "what": "attack_move", "name": null, "qty": null, "ts": "13:38:44"}
[13:38:46] t=3250 ALARM 单位损失 -> 攻势保持（塔阵守家, 前线 10 个单位继续进攻）
[13:38:49] t=3262 TANK HTNK x1
[13:38:49] {"kind": "action", "what": "produce", "name": "HTNK", "qty": 1, "ts": "13:38:49"}
[13:38:50] t=3262 jev INF SHK (conf 0.25)
[13:38:50] {"kind": "action", "what": "produce", "name": "SHK", "qty": 1, "ts": "13:38:50"}
[13:38:50] t=3262 MOVE guard x2 -> (137,82)
[13:38:50] {"kind": "action", "what": "attack_move", "name": null, "qty": null, "ts": "13:38:50"}
[13:38:51] t=3268 RETREAT HTNK(38%)
[13:38:51] {"kind": "action", "what": "move", "name": null, "qty": null, "ts": "13:38:51"}
[13:38:53] t=3274 MOVE raid x3 -> (75,120); assault x2 -> (75,120)
[13:38:53] {"kind": "action", "what": "attack_move", "name": null, "qty": null, "ts": "13:38:53"}
[13:38:53] {"kind": "action", "what": "attack_move", "name": null, "qty": null, "ts": "13:38:53"}
[13:38:54] t=3280 ALARM 单位损失 -> 攻势保持（塔阵守家, 前线 10 个单位继续进攻）
[13:38:55] t=3286 ALARM 单位损失 -> 攻势保持（塔阵守家, 前线 10 个单位继续进攻）
[13:38:56] t=3286 jev INF E2 HOLD (预算保护 gate=False e2=0)
[13:38:56] t=3286 jev VEH DRON (conf 0.32)
[13:38:56] {"kind": "action", "what": "produce", "name": "DRON", "qty": 1, "ts": "13:38:56"}
[13:38:57] t=3292 ESCORT 坦克#2507 -> 护航矿车@[120, 106]
[13:38:57] t=3292 RETREAT HTNK(34%)
[13:38:57] {"kind": "action", "what": "attack_move", "name": null, "qty": null, "ts": "13:38:57"}
[13:38:57] {"kind": "action", "what": "move", "name": null, "qty": null, "ts": "13:38:57"}
[13:38:57] t=3292 tick#550 credits=0 stance=attack | jev 550 decisions p50=725ms
[13:38:58] t=3298 ALARM 单位损失 -> 攻势保持（塔阵守家, 前线 9 个单位继续进攻）
[13:39:06] t=3328 MOVE assault x3 -> (75,120)
[13:39:06] {"kind": "action", "what": "attack_move", "name": null, "qty": null, "ts": "13:39:06"}
[13:39:19] t=3376 MOVE assault x3 -> (75,120)
[13:39:19] {"kind": "action", "what": "attack_move", "name": null, "qty": null, "ts": "13:39:19"}
[13:39:23] t=3394 MOVE raid x2 -> (75,120)
[13:39:23] {"kind": "action", "what": "attack_move", "name": null, "qty": null, "ts": "13:39:23"}
[13:39:25] t=3406 RETREAT HTNK(13%)
[13:39:25] {"kind": "action", "what": "move", "name": null, "qty": null, "ts": "13:39:25"}
[13:39:27] t=3412 ALARM 单位损失 -> 攻势保持（塔阵守家, 前线 8 个单位继续进攻）
[13:39:27] t=3412 ESCORT 坦克#2870 -> 护航矿车@[115, 137]
[13:39:27] {"kind": "action", "what": "attack_move", "name": null, "qty": null, "ts": "13:39:27"}
[13:39:27] t=3412 jev INF E2 HOLD (预算保护 gate=False e2=0)
[13:39:27] t=3412 jev STANCE attack->defend (conf 0.47)
[13:39:29] t=3418 jev VEH HTNK (conf 0.30)
[13:39:29] {"kind": "action", "what": "produce", "name": "HTNK", "qty": 1, "ts": "13:39:29"}
[13:39:32] t=3430 MOVE assault x3 -> (75,120)
[13:39:32] {"kind": "action", "what": "attack_move", "name": null, "qty": null, "ts": "13:39:32"}
[13:39:34] t=3442 ALARM 单位损失 -> counter 8 vs 6 -> [134, 79]
[13:39:34] {"kind": "action", "what": "attack_move", "name": null, "qty": null, "ts": "13:39:34"}
[13:39:35] t=3442 tick#575 credits=0 stance=defend | jev 575 decisions p50=725ms
[13:39:36] t=3448 RETREAT HTNK(11%)
[13:39:36] {"kind": "action", "what": "move", "name": null, "qty": null, "ts": "13:39:36"}
[13:39:44] t=3478 MOVE assault x2 -> (75,120)
[13:39:44] {"kind": "action", "what": "attack_move", "name": null, "qty": null, "ts": "13:39:44"}
[13:39:54] t=3520 ALARM 单位损失 -> counter 7 vs 5 -> [134, 79]
[13:39:54] {"kind": "action", "what": "attack_move", "name": null, "qty": null, "ts": "13:39:54"}
[13:39:59] t=3537 jev INF SHK HOLD (预算保护 gate=False e2=0)
[13:39:59] t=3537 jev VEH DRON (conf 0.38)
[13:39:59] {"kind": "action", "what": "produce", "name": "DRON", "qty": 1, "ts": "13:39:59"}
[13:40:02] t=3549 jev VEH DRON (conf 0.33)
[13:40:02] t=3549 MOVE raid x2 -> (75,120); assault x2 -> (75,120)
[13:40:02] {"kind": "action", "what": "attack_move", "name": null, "qty": null, "ts": "13:40:02"}
[13:40:02] {"kind": "action", "what": "attack_move", "name": null, "qty": null, "ts": "13:40:02"}
[13:40:03] t=3555 ESCORT 坦克#3192 -> 护航矿车@[120, 107]
[13:40:03] {"kind": "action", "what": "attack_move", "name": null, "qty": null, "ts": "13:40:03"}
[13:40:03] t=3555 jev VEH DRON (conf 0.36)
[13:40:05] t=3561 jev VEH DRON (conf 0.40)
[13:40:06] t=3567 jev VEH DRON (conf 0.38)
[13:40:08] t=3573 jev VEH DRON (conf 0.30)
[13:40:09] t=3579 jev VEH HTNK (conf 0.37)
[13:40:09] {"kind": "action", "what": "produce", "name": "HTNK", "qty": 1, "ts": "13:40:09"}
[13:40:12] t=3591 tick#600 credits=0 stance=defend | jev 600 decisions p50=725ms
[13:40:14] t=3597 MOVE assault x2 -> (75,120)
[13:40:14] {"kind": "action", "what": "attack_move", "name": null, "qty": null, "ts": "13:40:14"}
[13:40:27] t=3651 MOVE assault x2 -> (75,120)
[13:40:27] {"kind": "action", "what": "attack_move", "name": null, "qty": null, "ts": "13:40:27"}
[13:40:32] t=3669 MOVE raid x2 -> (75,120)
[13:40:32] {"kind": "action", "what": "attack_move", "name": null, "qty": null, "ts": "13:40:32"}
[13:40:33] t=3675 ESCORT 坦克#3192 -> 护航矿车@[119, 137]
[13:40:33] {"kind": "action", "what": "attack_move", "name": null, "qty": null, "ts": "13:40:33"}
[13:40:39] t=3699 MOVE assault x2 -> (75,120)
[13:40:39] {"kind": "action", "what": "attack_move", "name": null, "qty": null, "ts": "13:40:39"}
[13:40:47] t=3729 MOVE raid x2 -> (69,122); assault x2 -> (69,122)
[13:40:47] {"kind": "action", "what": "attack_move", "name": null, "qty": null, "ts": "13:40:47"}
[13:40:47] {"kind": "action", "what": "attack_move", "name": null, "qty": null, "ts": "13:40:47"}
[13:40:50] t=3741 tick#625 credits=0 stance=defend | jev 625 decisions p50=723ms
[13:40:57] t=3771 TANK HTNK x1
[13:40:57] {"kind": "action", "what": "produce", "name": "HTNK", "qty": 1, "ts": "13:40:57"}
[13:40:57] t=3771 jev INF SHK (conf 0.14)
[13:40:57] {"kind": "action", "what": "produce", "name": "SHK", "qty": 1, "ts": "13:40:57"}
[13:40:57] t=3771 ATTACK (tanks=6)
[13:40:57] t=3771 MOVE guard x2 -> (137,82)
[13:40:57] {"kind": "action", "what": "attack_move", "name": null, "qty": null, "ts": "13:40:57"}
[13:41:00] t=3783 MOVE assault x1 -> (69,122)
[13:41:00] {"kind": "action", "what": "attack_move", "name": null, "qty": null, "ts": "13:41:00"}
[13:41:04] t=3801 ESCORT 坦克#2507 -> 护航矿车@[120, 107]
[13:41:04] {"kind": "action", "what": "attack_move", "name": null, "qty": null, "ts": "13:41:04"}
[13:41:06] t=3807 jev VEH HTNK (conf 0.48)
[13:41:08] t=3813 jev INF E2 HOLD (预算保护 gate=False e2=0)
[13:41:08] t=3813 jev VEH HTNK (conf 0.50)
[13:41:09] t=3819 jev INF E2 HOLD (预算保护 gate=False e2=0)
[13:41:09] t=3819 jev VEH HTNK (conf 0.39)
[13:41:11] t=3825 jev VEH HTNK (conf 0.44)
[13:41:12] t=3831 jev INF E2 HOLD (预算保护 gate=False e2=0)
[13:41:12] t=3831 jev VEH HTNK (conf 0.45)
[13:41:12] t=3831 MOVE assault x3 -> (69,122)
[13:41:12] {"kind": "action", "what": "attack_move", "name": null, "qty": null, "ts": "13:41:12"}
[13:41:14] t=3837 jev VEH HTNK (conf 0.41)
[13:41:15] t=3843 jev INF E2 HOLD (预算保护 gate=False e2=0)
[13:41:15] t=3843 jev VEH HTNK (conf 0.50)
[13:41:17] t=3849 jev INF E2 HOLD (预算保护 gate=False e2=0)
[13:41:17] t=3849 jev VEH HTNK (conf 0.44)
[13:41:18] t=3855 jev VEH HTNK (conf 0.46)
[13:41:18] t=3855 MOVE raid x2 -> (69,122)
[13:41:18] {"kind": "action", "what": "attack_move", "name": null, "qty": null, "ts": "13:41:18"}
[13:41:20] t=3861 jev INF E2 HOLD (预算保护 gate=False e2=0)
[13:41:20] t=3861 jev VEH HTNK (conf 0.46)
[13:41:21] t=3867 jev INF E2 HOLD (预算保护 gate=False e2=0)
[13:41:21] t=3867 jev VEH HTNK (conf 0.53)
[13:41:23] t=3873 jev VEH HTNK (conf 0.44)
[13:41:23] {"kind": "action", "what": "produce", "name": "HTNK", "qty": 1, "ts": "13:41:23"}
[13:41:24] t=3879 MOVE raid x2 -> (67,115); assault x3 -> (67,115)
[13:41:24] {"kind": "action", "what": "attack_move", "name": null, "qty": null, "ts": "13:41:24"}
[13:41:25] {"kind": "action", "what": "attack_move", "name": null, "qty": null, "ts": "13:41:25"}
[13:41:25] t=3885 ALARM 单位损失 -> 攻势保持（塔阵守家, 前线 9 个单位继续进攻）
[13:41:27] t=3891 tick#650 credits=0 stance=attack | jev 650 decisions p50=722ms
[2026-09-29 13:41:34] {"kind": "report", "result": "victory", "t": 3921, "ticks": 655, "crisis_ticks": 68, "stance": "attack", "jev": {"decisions": 654, "errors": 0, "input_tokens": 2115688, "output_tokens": 164569, "p50_ms": 722, "p95_ms": 791}, "enemy_base": [67, 115], "ts": "2026-09-29 13:41:34"}
[13:41:35] REVIEW game#40 victory → game-0040-review.md | changes=0
{
  "result": "victory",
  "t": 3921,
  "ticks": 655,
  "crisis_ticks": 68,
  "stance": "attack",
  "jev": {
    "decisions": 654,
    "errors": 0,
    "input_tokens": 2115688,
    "output_tokens": 164569,
    "p50_ms": 722,
    "p95_ms": 791
  },
  "enemy_base": [
    67,
    115
  ],
  "ts": "2026-09-29 13:41:34",
  "review": {
    "game_no": 40,
    "rootcause": "starve",
    "auto_tuned": 0
  }
}
